10-02 01:57:35.576   768   789 W android.hardware.thermal@2.0-service.mtk: parseMsg:name.c_str():BATTERY
10-02 01:57:35.576   768   789 W android.hardware.thermal@2.0-service.mtk: parseMsg:tz notify:BATTERY
10-02 01:57:35.576   768   789 I android.hardware.thermal@2.0-service.mtk: Wait to accept a connection
10-02 01:57:35.578   768   789 I android.hardware.thermal@2.0-impl: Sending notification:  Type: BATTERY Name: BATTERY CurrentValue: 38 ThrottlingStatus: NONE
10-02 01:57:35.578   768   789 I android.hardware.thermal@2.0-impl: sendThermalChangedCallback
10-02 01:57:35.578   768   789 I android.hardware.thermal@2.0-impl: Sending notification:  Type: SKIN Name: SKIN CurrentValue: 30.471 ThrottlingStatus: NONE
10-02 01:57:35.578   768   789 I android.hardware.thermal@2.0-impl: sendThermalChangedCallback
10-02 01:57:36.462  3898  3898 I update_engine_client: [INFO:update_engine_client_android.cc(95)] onStatusUpdate(UPDATE_STATUS_DOWNLOADING (3), 0.670993)
10-02 01:57:37.834   533   533 I servicemanager: Could not find vendor.mediatek.hardware.mtkradioex.modem.IMtkRadioExModem/slot1 in the VINTF manifest.
10-02 01:57:37.834   534   534 I hwservicemanager: getTransport: Cannot find entry vendor.mediatek.hardware.mtkradioex@3.0::IMtkRadioEx/mtkCap1 in either framework or device VINTF manifest.
10-02 01:57:37.835   534   534 I hwservicemanager: getTransport: Cannot find entry vendor.mediatek.hardware.mtkradioex@2.0::IMtkRadioEx/mtkCap1 in either framework or device VINTF manifest.
10-02 01:57:38.498  1035  1035 I update_engine: [INFO:partition_writer_factory_android.cc(35)] Virtual AB Compression Enabled, using VABC Partition Writer for `system_dlkm`
10-02 01:57:38.500  1035  1035 I update_engine: [INFO:vabc_partition_writer.cc(109)] Virtual AB Compression with XOR is disabled.
10-02 01:57:38.506  1035  1035 W update_engine: [libfs_mgr]Warning: unknown flag: resize
10-02 01:57:38.514  1035  1035 I update_engine: Successfully unmapped snapshot system_dlkm_a
10-02 01:57:38.567  1035  1035 I update_engine: [libfs_mgr]Created logical partition system_dlkm_a-base on device /dev/block/dm-8
10-02 01:57:38.577   768   789 W android.hardware.thermal@2.0-service.mtk: parseMsg: Get from client TYPE=thermal_hal_notify NAME=SKIN
10-02 01:57:38.577   768   789 W android.hardware.thermal@2.0-service.mtk: parseMsg:name.c_str():SKIN
10-02 01:57:38.577   768   789 W android.hardware.thermal@2.0-service.mtk: parseMsg:tz notify:SKIN
10-02 01:57:38.577   768   789 I android.hardware.thermal@2.0-service.mtk: Wait to accept a connection
10-02 01:57:38.578   768   789 I android.hardware.thermal@2.0-impl: Sending notification:  Type: SKIN Name: SKIN CurrentValue: 30.471 ThrottlingStatus: NONE
10-02 01:57:38.578   768   789 I android.hardware.thermal@2.0-impl: sendThermalChangedCallback
10-02 01:57:38.580   768   789 W android.hardware.thermal@2.0-service.mtk: parseMsg: Get from client TYPE=thermal_hal_notify NAME=BATTERY
10-02 01:57:38.580   768   789 W android.hardware.thermal@2.0-service.mtk: parseMsg:name.c_str():BATTERY
10-02 01:57:38.580   768   789 W android.hardware.thermal@2.0-service.mtk: parseMsg:tz notify:BATTERY
10-02 01:57:38.580   768   789 I android.hardware.thermal@2.0-service.mtk: Wait to accept a connection
10-02 01:57:38.583   768   789 I android.hardware.thermal@2.0-impl: Sending notification:  Type: BATTERY Name: BATTERY CurrentValue: 38 ThrottlingStatus: NONE
10-02 01:57:38.583   768   789 I android.hardware.thermal@2.0-impl: sendThermalChangedCallback
10-02 01:57:38.622  1035  1035 I update_engine: Mapped COW device for system_dlkm_a at /dev/block/dm-9
10-02 01:57:38.669  1035  1035 I update_engine: [INFO:delta_performer.cc(113)] Completed 548/825 operations (66%), 708100096/1045418277 bytes downloaded (67%), overall progress 66%
10-02 01:57:38.728  1035  1035 I update_engine: [INFO:partition_writer_factory_android.cc(41)] Virtual AB Compression disabled, using Partition Writer for `tee`
10-02 01:57:38.731  1035  1035 I update_engine: [INFO:partition_writer.cc(169)] Opening /dev/block/by-name/tee_a partition without O_DSYNC
10-02 01:57:38.739  1035  1035 I update_engine: [INFO:partition_writer.cc(103)] Caching writes.
10-02 01:57:38.741  1035  1035 I update_engine: [INFO:partition_writer.cc(181)] Applying 2 operations to partition "tee"
10-02 01:57:38.858  1035  1035 I update_engine: [INFO:partition_writer_factory_android.cc(41)] Virtual AB Compression disabled, using Partition Writer for `vbmeta`
10-02 01:57:38.860  1035  1035 I update_engine: [INFO:partition_writer.cc(169)] Opening /dev/block/by-name/vbmeta_a partition without O_DSYNC
10-02 01:57:38.865  1035  1035 I update_engine: [INFO:partition_writer.cc(103)] Caching writes.
10-02 01:57:38.867  1035  1035 I update_engine: [INFO:partition_writer.cc(181)] Applying 1 operations to partition "vbmeta"
10-02 01:57:38.875  1035  1035 I update_engine: [INFO:partition_writer_factory_android.cc(41)] Virtual AB Compression disabled, using Partition Writer for `vbmeta_system`
10-02 01:57:38.877  1035  1035 I update_engine: [INFO:partition_writer.cc(169)] Opening /dev/block/by-name/vbmeta_system_a partition without O_DSYNC
10-02 01:57:38.882  1035  1035 I update_engine: [INFO:partition_writer.cc(103)] Caching writes.
10-02 01:57:38.884  1035  1035 I update_engine: [INFO:partition_writer.cc(181)] Applying 1 operations to partition "vbmeta_system"
10-02 01:57:38.892  1035  1035 I update_engine: [INFO:partition_writer_factory_android.cc(41)] Virtual AB Compression disabled, using Partition Writer for `vbmeta_vendor`
10-02 01:57:38.894  1035  1035 I update_engine: [INFO:partition_writer.cc(169)] Opening /dev/block/by-name/vbmeta_vendor_a partition without O_DSYNC
10-02 01:57:38.900  1035  1035 I update_engine: [INFO:partition_writer.cc(103)] Caching writes.
10-02 01:57:38.902  1035  1035 I update_engine: [INFO:partition_writer.cc(181)] Applying 1 operations to partition "vbmeta_vendor"
10-02 01:57:38.911  1035  1035 I update_engine: [INFO:partition_writer_factory_android.cc(35)] Virtual AB Compression Enabled, using VABC Partition Writer for `vendor`
10-02 01:57:38.913  1035  1035 I update_engine: [INFO:vabc_partition_writer.cc(109)] Virtual AB Compression with XOR is disabled.
10-02 01:57:38.916  1035  1035 W update_engine: [libfs_mgr]Warning: unknown flag: resize
10-02 01:57:38.919  1035  1035 I update_engine: Successfully unmapped snapshot vendor_a
10-02 01:57:38.955  1035  1035 I update_engine: [libfs_mgr]Created logical partition vendor_a-base on device /dev/block/dm-10
10-02 01:57:38.984  1035  1035 I update_engine: Mapped COW device for vendor_a at /dev/block/dm-12
10-02 01:57:39.051  3898  3898 I update_engine_client: [INFO:update_engine_client_android.cc(95)] onStatusUpdate(UPDATE_STATUS_DOWNLOADING (3), 0.681007)
10-02 01:57:41.580   768   789 W android.hardware.thermal@2.0-service.mtk: parseMsg: Get from client TYPE=thermal_hal_notify NAME=SKIN
10-02 01:57:41.581   768   789 W android.hardware.thermal@2.0-service.mtk: parseMsg:name.c_str():SKIN
10-02 01:57:41.581   768   789 W android.hardware.thermal@2.0-service.mtk: parseMsg:tz notify:SKIN
10-02 01:57:41.581   768   789 W android.hardware.thermal@2.0-service.mtk: parseMsg: Get from client TYPE=thermal_hal_notify NAME=BATTERY
10-02 01:57:41.581   768   789 W android.hardware.thermal@2.0-service.mtk: parseMsg:name.c_str():BATTERY
10-02 01:57:41.581   768   789 W android.hardware.thermal@2.0-service.mtk: parseMsg:tz notify:BATTERY
10-02 01:57:41.581   768   789 I android.hardware.thermal@2.0-service.mtk: Wait to accept a connection
10-02 01:57:41.583   768   789 I android.hardware.thermal@2.0-impl: Sending notification:  Type: BATTERY Name: BATTERY CurrentValue: 38 ThrottlingStatus: NONE
10-02 01:57:41.584   768   789 I android.hardware.thermal@2.0-impl: sendThermalChangedCallback
10-02 01:57:41.584   768   789 I android.hardware.thermal@2.0-impl: Sending notification:  Type: SKIN Name: SKIN CurrentValue: 30.566 ThrottlingStatus: NONE
10-02 01:57:41.584   768   789 I android.hardware.thermal@2.0-impl: sendThermalChangedCallback
10-02 01:57:41.838   533   533 I servicemanager: Could not find vendor.mediatek.hardware.mtkradioex.modem.IMtkRadioExModem/slot1 in the VINTF manifest.
10-02 01:57:41.838   534   534 I hwservicemanager: getTransport: Cannot find entry vendor.mediatek.hardware.mtkradioex@3.0::IMtkRadioEx/mtkCap1 in either framework or device VINTF manifest.
10-02 01:57:41.839   534   534 I hwservicemanager: getTransport: Cannot find entry vendor.mediatek.hardware.mtkradioex@2.0::IMtkRadioEx/mtkCap1 in either framework or device VINTF manifest.
10-02 01:57:44.214  1162  1186 D AES     : AEEIOCTL_GET/SET_SF_STATE IOCTL,cmd= 1074294797, lParam=0. 
10-02 01:57:44.214  1162  1186 D AES     : AEEIOCTL_RT_MON_Kick IOCTL,cmd= 2147774474, lParam=300. 
10-02 01:57:44.407  1375  1375 D KeyguardUpdateMonitor: received broadcast android.intent.action.BATTERY_CHANGED
10-02 01:57:44.407  1375  1375 D KeyguardUpdateMonitor: handleBatteryUpdate
10-02 01:57:44.407  1375  2436 D PowerUI : can't show warning due to - plugged: true status unknown: false
10-02 01:57:44.414  1375  1375 D KeyguardUpdateMonitor: received broadcast android.intent.action.BATTERY_CHANGED
10-02 01:57:44.414  1375  1375 D KeyguardUpdateMonitor: handleBatteryUpdate
10-02 01:57:44.414  1375  1761 D PowerUI : can't show warning due to - plugged: true status unknown: false
10-02 01:57:44.581   768   789 W android.hardware.thermal@2.0-service.mtk: parseMsg: Get from client TYPE=thermal_hal_notify NAME=SKIN
10-02 01:57:44.582   768   789 W android.hardware.thermal@2.0-service.mtk: parseMsg:name.c_str():SKIN
10-02 01:57:44.582   768   789 W android.hardware.thermal@2.0-service.mtk: parseMsg:tz notify:SKIN
10-02 01:57:44.582   768   789 I android.hardware.thermal@2.0-service.mtk: Wait to accept a connection
10-02 01:57:44.582   768   789 I android.hardware.thermal@2.0-impl: Sending notification:  Type: SKIN Name: SKIN CurrentValue: 30.566 ThrottlingStatus: NONE
10-02 01:57:44.582   768   789 I android.hardware.thermal@2.0-impl: sendThermalChangedCallback
10-02 01:57:44.583   768   789 W android.hardware.thermal@2.0-service.mtk: parseMsg: Get from client TYPE=thermal_hal_notify NAME=BATTERY
10-02 01:57:44.583   768   789 W android.hardware.thermal@2.0-service.mtk: parseMsg:name.c_str():BATTERY
10-02 01:57:44.583   768   789 W android.hardware.thermal@2.0-service.mtk: parseMsg:tz notify:BATTERY
10-02 01:57:44.583   768   789 I android.hardware.thermal@2.0-service.mtk: Wait to accept a connection
10-02 01:57:44.585   768   789 I android.hardware.thermal@2.0-impl: Sending notification:  Type: BATTERY Name: BATTERY CurrentValue: 38 ThrottlingStatus: NONE
10-02 01:57:44.585   768   789 I android.hardware.thermal@2.0-impl: sendThermalChangedCallback
10-02 01:57:45.404  1375  1375 D KeyguardUpdateMonitor: received broadcast android.intent.action.BATTERY_CHANGED
10-02 01:57:45.405  1375  2366 D PowerUI : can't show warning due to - plugged: true status unknown: false
10-02 01:57:45.405  1375  1375 D KeyguardUpdateMonitor: handleBatteryUpdate
10-02 01:57:45.419  1375  1375 D KeyguardUpdateMonitor: received broadcast android.intent.action.BATTERY_CHANGED
10-02 01:57:45.419  1375  2367 D PowerUI : can't show warning due to - plugged: true status unknown: false
10-02 01:57:45.419  1375  1375 D KeyguardUpdateMonitor: handleBatteryUpdate
10-02 01:57:45.429  1375  1375 D KeyguardUpdateMonitor: received broadcast android.intent.action.BATTERY_CHANGED
10-02 01:57:45.429  1375  1375 D KeyguardUpdateMonitor: handleBatteryUpdate
10-02 01:57:45.429  1375  2735 D PowerUI : can't show warning due to - plugged: true status unknown: false
10-02 01:57:45.440  1375  1375 D KeyguardUpdateMonitor: received broadcast android.intent.action.BATTERY_CHANGED
10-02 01:57:45.440  1375  2734 D PowerUI : can't show warning due to - plugged: true status unknown: false
10-02 01:57:45.440  1375  1375 D KeyguardUpdateMonitor: handleBatteryUpdate
10-02 01:57:45.842   533   533 I servicemanager: Could not find vendor.mediatek.hardware.mtkradioex.modem.IMtkRadioExModem/slot1 in the VINTF manifest.
10-02 01:57:45.842   534   534 I hwservicemanager: getTransport: Cannot find entry vendor.mediatek.hardware.mtkradioex@3.0::IMtkRadioEx/mtkCap1 in either framework or device VINTF manifest.
10-02 01:57:45.843   534   534 I hwservicemanager: getTransport: Cannot find entry vendor.mediatek.hardware.mtkradioex@2.0::IMtkRadioEx/mtkCap1 in either framework or device VINTF manifest.
10-02 01:57:47.583   768   789 W android.hardware.thermal@2.0-service.mtk: parseMsg: Get from client TYPE=thermal_hal_notify NAME=SKIN
10-02 01:57:47.583   768   789 W android.hardware.thermal@2.0-service.mtk: parseMsg:name.c_str():SKIN
10-02 01:57:47.583   768   789 W android.hardware.thermal@2.0-service.mtk: parseMsg:tz notify:SKIN
10-02 01:57:47.583   768   789 W android.hardware.thermal@2.0-service.mtk: parseMsg: Get from client TYPE=thermal_hal_notify NAME=BATTERY
10-02 01:57:47.583   768   789 W android.hardware.thermal@2.0-service.mtk: parseMsg:name.c_str():BATTERY
10-02 01:57:47.583   768   789 W android.hardware.thermal@2.0-service.mtk: parseMsg:tz notify:BATTERY
10-02 01:57:47.583   768   789 I android.hardware.thermal@2.0-service.mtk: Wait to accept a connection
10-02 01:57:47.586   768   789 I android.hardware.thermal@2.0-impl: Sending notification:  Type: BATTERY Name: BATTERY CurrentValue: 38 ThrottlingStatus: NONE
10-02 01:57:47.586   768   789 I android.hardware.thermal@2.0-impl: sendThermalChangedCallback
10-02 01:57:47.586   768   789 I android.hardware.thermal@2.0-impl: Sending notification:  Type: SKIN Name: SKIN CurrentValue: 30.566 ThrottlingStatus: NONE
10-02 01:57:47.586   768   789 I android.hardware.thermal@2.0-impl: sendThermalChangedCallback
10-02 01:57:49.074  3898  3898 I update_engine_client: [INFO:update_engine_client_android.cc(95)] onStatusUpdate(UPDATE_STATUS_DOWNLOADING (3), 0.689643)
10-02 01:57:49.848   533   533 I servicemanager: Could not find vendor.mediatek.hardware.mtkradioex.modem.IMtkRadioExModem/slot1 in the VINTF manifest.
10-02 01:57:49.848   534   534 I hwservicemanager: getTransport: Cannot find entry vendor.mediatek.hardware.mtkradioex@3.0::IMtkRadioEx/mtkCap1 in either framework or device VINTF manifest.
10-02 01:57:49.849   534   534 I hwservicemanager: getTransport: Cannot find entry vendor.mediatek.hardware.mtkradioex@2.0::IMtkRadioEx/mtkCap1 in either framework or device VINTF manifest.
10-02 01:57:50.584   768   789 W android.hardware.thermal@2.0-service.mtk: parseMsg: Get from client TYPE=thermal_hal_notify NAME=SKIN
10-02 01:57:50.584   768   789 W android.hardware.thermal@2.0-service.mtk: parseMsg:name.c_str():SKIN
10-02 01:57:50.584   768   789 W android.hardware.thermal@2.0-service.mtk: parseMsg:tz notify:SKIN
10-02 01:57:50.584   768   789 W android.hardware.thermal@2.0-service.mtk: parseMsg: Get from client TYPE=thermal_hal_notify NAME=BATTERY
10-02 01:57:50.585   768   789 W android.hardware.thermal@2.0-service.mtk: parseMsg:name.c_str():BATTERY
10-02 01:57:50.585   768   789 W android.hardware.thermal@2.0-service.mtk: parseMsg:tz notify:BATTERY
10-02 01:57:50.585   768   789 I android.hardware.thermal@2.0-service.mtk: Wait to accept a connection
10-02 01:57:50.588   768   789 I android.hardware.thermal@2.0-impl: Sending notification:  Type: BATTERY Name: BATTERY CurrentValue: 38 ThrottlingStatus: NONE
10-02 01:57:50.588   768   789 I android.hardware.thermal@2.0-impl: sendThermalChangedCallback
10-02 01:57:50.588   768   789 I android.hardware.thermal@2.0-impl: Sending notification:  Type: SKIN Name: SKIN CurrentValue: 30.566 ThrottlingStatus: NONE
10-02 01:57:50.588   768   789 I android.hardware.thermal@2.0-impl: sendThermalChangedCallback
10-02 01:57:52.477   776   794 D power@timer: [mtkPowerTimer] visRead:0
10-02 01:57:53.585   768   789 W android.hardware.thermal@2.0-service.mtk: parseMsg: Get from client TYPE=thermal_hal_notify NAME=SKIN
10-02 01:57:53.585   768   789 W android.hardware.thermal@2.0-service.mtk: parseMsg:name.c_str():SKIN
10-02 01:57:53.585   768   789 W android.hardware.thermal@2.0-service.mtk: parseMsg:tz notify:SKIN
10-02 01:57:53.585   768   789 W android.hardware.thermal@2.0-service.mtk: parseMsg: Get from client TYPE=thermal_hal_notify NAME=BATTERY
10-02 01:57:53.585   768   789 W android.hardware.thermal@2.0-service.mtk: parseMsg:name.c_str():BATTERY
10-02 01:57:53.585   768   789 W android.hardware.thermal@2.0-service.mtk: parseMsg:tz notify:BATTERY
10-02 01:57:53.585   768   789 I android.hardware.thermal@2.0-service.mtk: Wait to accept a connection
10-02 01:57:53.588   768   789 I android.hardware.thermal@2.0-impl: Sending notification:  Type: BATTERY Name: BATTERY CurrentValue: 38 ThrottlingStatus: NONE
10-02 01:57:53.588   768   789 I android.hardware.thermal@2.0-impl: sendThermalChangedCallback
10-02 01:57:53.588   768   789 I android.hardware.thermal@2.0-impl: Sending notification:  Type: SKIN Name: SKIN CurrentValue: 30.66 ThrottlingStatus: NONE
10-02 01:57:53.588   768   789 I android.hardware.thermal@2.0-impl: sendThermalChangedCallback
10-02 01:57:53.854   533   533 I servicemanager: Could not find vendor.mediatek.hardware.mtkradioex.modem.IMtkRadioExModem/slot1 in the VINTF manifest.
10-02 01:57:53.854   534   534 I hwservicemanager: getTransport: Cannot find entry vendor.mediatek.hardware.mtkradioex@3.0::IMtkRadioEx/mtkCap1 in either framework or device VINTF manifest.
10-02 01:57:53.855   534   534 I hwservicemanager: getTransport: Cannot find entry vendor.mediatek.hardware.mtkradioex@2.0::IMtkRadioEx/mtkCap1 in either framework or device VINTF manifest.
10-02 01:57:54.574  3898  3898 I update_engine_client: [INFO:update_engine_client_android.cc(95)] onStatusUpdate(UPDATE_STATUS_DOWNLOADING (3), 0.699657)
10-02 01:57:54.581  1035  1035 I update_engine: [INFO:delta_performer.cc(113)] Completed 585/825 operations (70%), 731807744/1045418277 bytes downloaded (70%), overall progress 70%
10-02 01:57:56.585   768   789 W android.hardware.thermal@2.0-service.mtk: parseMsg: Get from client TYPE=thermal_hal_notify NAME=SKIN
10-02 01:57:56.585   768   789 W android.hardware.thermal@2.0-service.mtk: parseMsg:name.c_str():SKIN
10-02 01:57:56.586   768   789 W android.hardware.thermal@2.0-service.mtk: parseMsg:tz notify:SKIN
10-02 01:57:56.586   768   789 W android.hardware.thermal@2.0-service.mtk: parseMsg: Get from client TYPE=thermal_hal_notify NAME=BATTERY
10-02 01:57:56.586   768   789 W android.hardware.thermal@2.0-service.mtk: parseMsg:name.c_str():BATTERY
10-02 01:57:56.586   768   789 W android.hardware.thermal@2.0-service.mtk: parseMsg:tz notify:BATTERY
10-02 01:57:56.586   768   789 I android.hardware.thermal@2.0-service.mtk: Wait to accept a connection
10-02 01:57:56.588   768   789 I android.hardware.thermal@2.0-impl: Sending notification:  Type: BATTERY Name: BATTERY CurrentValue: 38 ThrottlingStatus: NONE
10-02 01:57:56.588   768   789 I android.hardware.thermal@2.0-impl: sendThermalChangedCallback
10-02 01:57:56.588   768   789 I android.hardware.thermal@2.0-impl: Sending notification:  Type: SKIN Name: SKIN CurrentValue: 30.566 ThrottlingStatus: NONE
10-02 01:57:56.588   768   789 I android.hardware.thermal@2.0-impl: sendThermalChangedCallback
10-02 01:57:57.858   533   533 I servicemanager: Could not find vendor.mediatek.hardware.mtkradioex.modem.IMtkRadioExModem/slot1 in the VINTF manifest.
10-02 01:57:57.858   534   534 I hwservicemanager: getTransport: Cannot find entry vendor.mediatek.hardware.mtkradioex@3.0::IMtkRadioEx/mtkCap1 in either framework or device VINTF manifest.
10-02 01:57:57.859   534   534 I hwservicemanager: getTransport: Cannot find entry vendor.mediatek.hardware.mtkradioex@2.0::IMtkRadioEx/mtkCap1 in either framework or device VINTF manifest.
10-02 01:57:58.527  3898  3898 I update_engine_client: [INFO:update_engine_client_android.cc(95)] onStatusUpdate(UPDATE_STATUS_DOWNLOADING (3), 0.709672)
10-02 01:57:59.586   768   789 W android.hardware.thermal@2.0-service.mtk: parseMsg: Get from client TYPE=thermal_hal_notify NAME=SKIN
10-02 01:57:59.586   768   789 W android.hardware.thermal@2.0-service.mtk: parseMsg:name.c_str():SKIN
10-02 01:57:59.586   768   789 W android.hardware.thermal@2.0-service.mtk: parseMsg:tz notify:SKIN
10-02 01:57:59.586   768   789 W android.hardware.thermal@2.0-service.mtk: parseMsg: Get from client TYPE=thermal_hal_notify NAME=BATTERY
10-02 01:57:59.586   768   789 W android.hardware.thermal@2.0-service.mtk: parseMsg:name.c_str():BATTERY
10-02 01:57:59.586   768   789 W android.hardware.thermal@2.0-service.mtk: parseMsg:tz notify:BATTERY
10-02 01:57:59.586   768   789 I android.hardware.thermal@2.0-service.mtk: Wait to accept a connection
10-02 01:57:59.589   768   789 I android.hardware.thermal@2.0-impl: Sending notification:  Type: BATTERY Name: BATTERY CurrentValue: 38 ThrottlingStatus: NONE
10-02 01:57:59.589   768   789 I android.hardware.thermal@2.0-impl: sendThermalChangedCallback
10-02 01:57:59.589   768   789 I android.hardware.thermal@2.0-impl: Sending notification:  Type: SKIN Name: SKIN CurrentValue: 30.566 ThrottlingStatus: NONE
10-02 01:57:59.589   768   789 I android.hardware.thermal@2.0-impl: sendThermalChangedCallback
10-02 01:58:01.862   533   533 I servicemanager: Could not find vendor.mediatek.hardware.mtkradioex.modem.IMtkRadioExModem/slot1 in the VINTF manifest.
10-02 01:58:01.862   534   534 I hwservicemanager: getTransport: Cannot find entry vendor.mediatek.hardware.mtkradioex@3.0::IMtkRadioEx/mtkCap1 in either framework or device VINTF manifest.
10-02 01:58:01.863   534   534 I hwservicemanager: getTransport: Cannot find entry vendor.mediatek.hardware.mtkradioex@2.0::IMtkRadioEx/mtkCap1 in either framework or device VINTF manifest.
10-02 01:58:02.586   768   789 W android.hardware.thermal@2.0-service.mtk: parseMsg: Get from client TYPE=thermal_hal_notify NAME=SKIN
10-02 01:58:02.587   768   789 W android.hardware.thermal@2.0-service.mtk: parseMsg:name.c_str():SKIN
10-02 01:58:02.587   768   789 W android.hardware.thermal@2.0-service.mtk: parseMsg:tz notify:SKIN
10-02 01:58:02.587   768   789 I android.hardware.thermal@2.0-service.mtk: Wait to accept a connection
10-02 01:58:02.587   768   789 I android.hardware.thermal@2.0-impl: Sending notification:  Type: SKIN Name: SKIN CurrentValue: 30.566 ThrottlingStatus: NONE
10-02 01:58:02.587   768   789 I android.hardware.thermal@2.0-impl: sendThermalChangedCallback
10-02 01:58:02.587   768   789 W android.hardware.thermal@2.0-service.mtk: parseMsg: Get from client TYPE=thermal_hal_notify NAME=BATTERY
10-02 01:58:02.587   768   789 W android.hardware.thermal@2.0-service.mtk: parseMsg:name.c_str():BATTERY
10-02 01:58:02.587   768   789 W android.hardware.thermal@2.0-service.mtk: parseMsg:tz notify:BATTERY
10-02 01:58:02.587   768   789 I android.hardware.thermal@2.0-service.mtk: Wait to accept a connection
10-02 01:58:02.590   768   789 I android.hardware.thermal@2.0-impl: Sending notification:  Type: BATTERY Name: BATTERY CurrentValue: 38 ThrottlingStatus: NONE
10-02 01:58:02.590   768   789 I android.hardware.thermal@2.0-impl: sendThermalChangedCallback
10-02 01:58:02.709  3898  3898 I update_engine_client: [INFO:update_engine_client_android.cc(95)] onStatusUpdate(UPDATE_STATUS_DOWNLOADING (3), 0.719686)
10-02 01:58:05.160  1375  1375 D KeyguardUpdateMonitor: received broadcast android.intent.action.BATTERY_CHANGED
10-02 01:58:05.160  1375  1375 D KeyguardUpdateMonitor: handleBatteryUpdate
10-02 01:58:05.160  1375  2435 D PowerUI : can't show warning due to - plugged: true status unknown: false
10-02 01:58:05.167  1375  1375 D KeyguardUpdateMonitor: received broadcast android.intent.action.BATTERY_CHANGED
10-02 01:58:05.167  1375  1375 D KeyguardUpdateMonitor: handleBatteryUpdate
10-02 01:58:05.167  1375  2736 D PowerUI : can't show warning due to - plugged: true status unknown: false
10-02 01:58:05.588   768   789 W android.hardware.thermal@2.0-service.mtk: parseMsg: Get from client TYPE=thermal_hal_notify NAME=SKIN
10-02 01:58:05.588   768   789 W android.hardware.thermal@2.0-service.mtk: parseMsg:name.c_str():SKIN
10-02 01:58:05.588   768   789 W android.hardware.thermal@2.0-service.mtk: parseMsg:tz notify:SKIN
10-02 01:58:05.588   768   789 W android.hardware.thermal@2.0-service.mtk: parseMsg: Get from client TYPE=thermal_hal_notify NAME=BATTERY
10-02 01:58:05.588   768   789 W android.hardware.thermal@2.0-service.mtk: parseMsg:name.c_str():BATTERY
10-02 01:58:05.588   768   789 W android.hardware.thermal@2.0-service.mtk: parseMsg:tz notify:BATTERY
10-02 01:58:05.588   768   789 I android.hardware.thermal@2.0-service.mtk: Wait to accept a connection
10-02 01:58:05.590   768   789 I android.hardware.thermal@2.0-impl: Sending notification:  Type: BATTERY Name: BATTERY CurrentValue: 38 ThrottlingStatus: NONE
10-02 01:58:05.590   768   789 I android.hardware.thermal@2.0-impl: sendThermalChangedCallback
10-02 01:58:05.590   768   789 I android.hardware.thermal@2.0-impl: Sending notification:  Type: SKIN Name: SKIN CurrentValue: 30.66 ThrottlingStatus: NONE
10-02 01:58:05.591   768   789 I android.hardware.thermal@2.0-impl: sendThermalChangedCallback
10-02 01:58:05.869   533   533 I servicemanager: Could not find vendor.mediatek.hardware.mtkradioex.modem.IMtkRadioExModem/slot1 in the VINTF manifest.
10-02 01:58:05.870   534   534 I hwservicemanager: getTransport: Cannot find entry vendor.mediatek.hardware.mtkradioex@3.0::IMtkRadioEx/mtkCap1 in either framework or device VINTF manifest.
10-02 01:58:05.871   534   534 I hwservicemanager: getTransport: Cannot find entry vendor.mediatek.hardware.mtkradioex@2.0::IMtkRadioEx/mtkCap1 in either framework or device VINTF manifest.
10-02 01:58:07.390  3898  3898 I update_engine_client: [INFO:update_engine_client_android.cc(95)] onStatusUpdate(UPDATE_STATUS_DOWNLOADING (3), 0.729701)
10-02 01:58:08.588   768   789 W android.hardware.thermal@2.0-service.mtk: parseMsg: Get from client TYPE=thermal_hal_notify NAME=SKIN
10-02 01:58:08.588   768   789 W android.hardware.thermal@2.0-service.mtk: parseMsg:name.c_str():SKIN
10-02 01:58:08.588   768   789 W android.hardware.thermal@2.0-service.mtk: parseMsg:tz notify:SKIN
10-02 01:58:08.588   768   789 W android.hardware.thermal@2.0-service.mtk: parseMsg: Get from client TYPE=thermal_hal_notify NAME=BATTERY
10-02 01:58:08.588   768   789 W android.hardware.thermal@2.0-service.mtk: parseMsg:name.c_str():BATTERY
10-02 01:58:08.588   768   789 W android.hardware.thermal@2.0-service.mtk: parseMsg:tz notify:BATTERY
10-02 01:58:08.588   768   789 I android.hardware.thermal@2.0-service.mtk: Wait to accept a connection
10-02 01:58:08.591   768   789 I android.hardware.thermal@2.0-impl: Sending notification:  Type: BATTERY Name: BATTERY CurrentValue: 38 ThrottlingStatus: NONE
10-02 01:58:08.591   768   789 I android.hardware.thermal@2.0-impl: sendThermalChangedCallback
10-02 01:58:08.591   768   789 I android.hardware.thermal@2.0-impl: Sending notification:  Type: SKIN Name: SKIN CurrentValue: 30.66 ThrottlingStatus: NONE
10-02 01:58:08.591   768   789 I android.hardware.thermal@2.0-impl: sendThermalChangedCallback
10-02 01:58:09.874   533   533 I servicemanager: Could not find vendor.mediatek.hardware.mtkradioex.modem.IMtkRadioExModem/slot1 in the VINTF manifest.
10-02 01:58:09.874   534   534 I hwservicemanager: getTransport: Cannot find entry vendor.mediatek.hardware.mtkradioex@3.0::IMtkRadioEx/mtkCap1 in either framework or device VINTF manifest.
10-02 01:58:09.875   534   534 I hwservicemanager: getTransport: Cannot find entry vendor.mediatek.hardware.mtkradioex@2.0::IMtkRadioEx/mtkCap1 in either framework or device VINTF manifest.
10-02 01:58:11.518  3898  3898 I update_engine_client: [INFO:update_engine_client_android.cc(95)] onStatusUpdate(UPDATE_STATUS_DOWNLOADING (3), 0.739715)
10-02 01:58:11.589   768   789 W android.hardware.thermal@2.0-service.mtk: parseMsg: Get from client TYPE=thermal_hal_notify NAME=SKIN
10-02 01:58:11.589   768   789 W android.hardware.thermal@2.0-service.mtk: parseMsg:name.c_str():SKIN
10-02 01:58:11.589   768   789 W android.hardware.thermal@2.0-service.mtk: parseMsg:tz notify:SKIN
10-02 01:58:11.589   768   789 W android.hardware.thermal@2.0-service.mtk: parseMsg: Get from client TYPE=thermal_hal_notify NAME=BATTERY
10-02 01:58:11.589   768   789 W android.hardware.thermal@2.0-service.mtk: parseMsg:name.c_str():BATTERY
10-02 01:58:11.589   768   789 W android.hardware.thermal@2.0-service.mtk: parseMsg:tz notify:BATTERY
10-02 01:58:11.589   768   789 I android.hardware.thermal@2.0-service.mtk: Wait to accept a connection
10-02 01:58:11.592   768   789 I android.hardware.thermal@2.0-impl: Sending notification:  Type: BATTERY Name: BATTERY CurrentValue: 38 ThrottlingStatus: NONE
10-02 01:58:11.592   768   789 I android.hardware.thermal@2.0-impl: sendThermalChangedCallback
10-02 01:58:11.592   768   789 I android.hardware.thermal@2.0-impl: Sending notification:  Type: SKIN Name: SKIN CurrentValue: 30.754 ThrottlingStatus: NONE
10-02 01:58:11.592   768   789 I android.hardware.thermal@2.0-impl: sendThermalChangedCallback
10-02 01:58:13.878   533   533 I servicemanager: Could not find vendor.mediatek.hardware.mtkradioex.modem.IMtkRadioExModem/slot1 in the VINTF manifest.
10-02 01:58:13.879   534   534 I hwservicemanager: getTransport: Cannot find entry vendor.mediatek.hardware.mtkradioex@3.0::IMtkRadioEx/mtkCap1 in either framework or device VINTF manifest.
10-02 01:58:13.880   534   534 I hwservicemanager: getTransport: Cannot find entry vendor.mediatek.hardware.mtkradioex@2.0::IMtkRadioEx/mtkCap1 in either framework or device VINTF manifest.
10-02 01:58:14.215  1162  1186 D AES     : AEEIOCTL_GET/SET_SF_STATE IOCTL,cmd= 1074294797, lParam=0. 
10-02 01:58:14.215  1162  1186 D AES     : AEEIOCTL_RT_MON_Kick IOCTL,cmd= 2147774474, lParam=300. 
10-02 01:58:14.589   768   789 W android.hardware.thermal@2.0-service.mtk: parseMsg: Get from client TYPE=thermal_hal_notify NAME=SKIN
10-02 01:58:14.589   768   789 W android.hardware.thermal@2.0-service.mtk: parseMsg:name.c_str():SKIN
10-02 01:58:14.589   768   789 W android.hardware.thermal@2.0-service.mtk: parseMsg:tz notify:SKIN
10-02 01:58:14.589   768   789 W android.hardware.thermal@2.0-service.mtk: parseMsg: Get from client TYPE=thermal_hal_notify NAME=BATTERY
10-02 01:58:14.590   768   789 W android.hardware.thermal@2.0-service.mtk: parseMsg:name.c_str():BATTERY
10-02 01:58:14.590   768   789 W android.hardware.thermal@2.0-service.mtk: parseMsg:tz notify:BATTERY
10-02 01:58:14.590   768   789 I android.hardware.thermal@2.0-service.mtk: Wait to accept a connection
10-02 01:58:14.592   768   789 I android.hardware.thermal@2.0-impl: Sending notification:  Type: BATTERY Name: BATTERY CurrentValue: 38 ThrottlingStatus: NONE
10-02 01:58:14.592   768   789 I android.hardware.thermal@2.0-impl: sendThermalChangedCallback
10-02 01:58:14.592   768   789 I android.hardware.thermal@2.0-impl: Sending notification:  Type: SKIN Name: SKIN CurrentValue: 30.754 ThrottlingStatus: NONE
10-02 01:58:14.592   768   789 I android.hardware.thermal@2.0-impl: sendThermalChangedCallback
10-02 01:58:16.135  3898  3898 I update_engine_client: [INFO:update_engine_client_android.cc(95)] onStatusUpdate(UPDATE_STATUS_DOWNLOADING (3), 0.74973)
10-02 01:58:17.591   768   789 W android.hardware.thermal@2.0-service.mtk: parseMsg: Get from client TYPE=thermal_hal_notify NAME=SKIN
10-02 01:58:17.591   768   789 W android.hardware.thermal@2.0-service.mtk: parseMsg:name.c_str():SKIN
10-02 01:58:17.591   768   789 W android.hardware.thermal@2.0-service.mtk: parseMsg:tz notify:SKIN
10-02 01:58:17.591   768   789 W android.hardware.thermal@2.0-service.mtk: parseMsg: Get from client TYPE=thermal_hal_notify NAME=BATTERY
10-02 01:58:17.591   768   789 W android.hardware.thermal@2.0-service.mtk: parseMsg:name.c_str():BATTERY
10-02 01:58:17.591   768   789 W android.hardware.thermal@2.0-service.mtk: parseMsg:tz notify:BATTERY
10-02 01:58:17.591   768   789 I android.hardware.thermal@2.0-service.mtk: Wait to accept a connection
10-02 01:58:17.594   768   789 I android.hardware.thermal@2.0-impl: Sending notification:  Type: BATTERY Name: BATTERY CurrentValue: 38 ThrottlingStatus: NONE
10-02 01:58:17.594   768   789 I android.hardware.thermal@2.0-impl: sendThermalChangedCallback
10-02 01:58:17.594   768   789 I android.hardware.thermal@2.0-impl: Sending notification:  Type: SKIN Name: SKIN CurrentValue: 30.754 ThrottlingStatus: NONE
10-02 01:58:17.595   768   789 I android.hardware.thermal@2.0-impl: sendThermalChangedCallback
10-02 01:58:17.885   533   533 I servicemanager: Could not find vendor.mediatek.hardware.mtkradioex.modem.IMtkRadioExModem/slot1 in the VINTF manifest.
10-02 01:58:17.886   534   534 I hwservicemanager: getTransport: Cannot find entry vendor.mediatek.hardware.mtkradioex@3.0::IMtkRadioEx/mtkCap1 in either framework or device VINTF manifest.
10-02 01:58:17.886   534   534 I hwservicemanager: getTransport: Cannot find entry vendor.mediatek.hardware.mtkradioex@2.0::IMtkRadioEx/mtkCap1 in either framework or device VINTF manifest.
10-02 01:58:20.591   768   789 W android.hardware.thermal@2.0-service.mtk: parseMsg: Get from client TYPE=thermal_hal_notify NAME=SKIN
10-02 01:58:20.591   768   789 W android.hardware.thermal@2.0-service.mtk: parseMsg:name.c_str():SKIN
10-02 01:58:20.591   768   789 W android.hardware.thermal@2.0-service.mtk: parseMsg:tz notify:SKIN
10-02 01:58:20.591   768   789 I android.hardware.thermal@2.0-service.mtk: Wait to accept a connection
10-02 01:58:20.591   768   789 I android.hardware.thermal@2.0-impl: Sending notification:  Type: SKIN Name: SKIN CurrentValue: 30.754 ThrottlingStatus: NONE
10-02 01:58:20.592   768   789 I android.hardware.thermal@2.0-impl: sendThermalChangedCallback
10-02 01:58:20.592   768   789 W android.hardware.thermal@2.0-service.mtk: parseMsg: Get from client TYPE=thermal_hal_notify NAME=BATTERY
10-02 01:58:20.592   768   789 W android.hardware.thermal@2.0-service.mtk: parseMsg:name.c_str():BATTERY
10-02 01:58:20.592   768   789 W android.hardware.thermal@2.0-service.mtk: parseMsg:tz notify:BATTERY
10-02 01:58:20.592   768   789 I android.hardware.thermal@2.0-service.mtk: Wait to accept a connection
10-02 01:58:20.594   768   789 I android.hardware.thermal@2.0-impl: Sending notification:  Type: BATTERY Name: BATTERY CurrentValue: 38 ThrottlingStatus: NONE
10-02 01:58:20.594   768   789 I android.hardware.thermal@2.0-impl: sendThermalChangedCallback
10-02 01:58:21.815  3898  3898 I update_engine_client: [INFO:update_engine_client_android.cc(95)] onStatusUpdate(UPDATE_STATUS_DOWNLOADING (3), 0.759744)
10-02 01:58:21.891   533   533 I servicemanager: Could not find vendor.mediatek.hardware.mtkradioex.modem.IMtkRadioExModem/slot1 in the VINTF manifest.
10-02 01:58:21.892   534   534 I hwservicemanager: getTransport: Cannot find entry vendor.mediatek.hardware.mtkradioex@3.0::IMtkRadioEx/mtkCap1 in either framework or device VINTF manifest.
10-02 01:58:21.892   534   534 I hwservicemanager: getTransport: Cannot find entry vendor.mediatek.hardware.mtkradioex@2.0::IMtkRadioEx/mtkCap1 in either framework or device VINTF manifest.
10-02 01:58:23.592   768   789 W android.hardware.thermal@2.0-service.mtk: parseMsg: Get from client TYPE=thermal_hal_notify NAME=SKIN
10-02 01:58:23.592   768   789 W android.hardware.thermal@2.0-service.mtk: parseMsg:name.c_str():SKIN
10-02 01:58:23.592   768   789 W android.hardware.thermal@2.0-service.mtk: parseMsg:tz notify:SKIN
10-02 01:58:23.593   768   789 W android.hardware.thermal@2.0-service.mtk: parseMsg: Get from client TYPE=thermal_hal_notify NAME=BATTERY
10-02 01:58:23.593   768   789 W android.hardware.thermal@2.0-service.mtk: parseMsg:name.c_str():BATTERY
10-02 01:58:23.593   768   789 W android.hardware.thermal@2.0-service.mtk: parseMsg:tz notify:BATTERY
10-02 01:58:23.593   768   789 I android.hardware.thermal@2.0-service.mtk: Wait to accept a connection
10-02 01:58:23.595   768   789 I android.hardware.thermal@2.0-impl: Sending notification:  Type: BATTERY Name: BATTERY CurrentValue: 38 ThrottlingStatus: NONE
10-02 01:58:23.595   768   789 I android.hardware.thermal@2.0-impl: sendThermalChangedCallback
10-02 01:58:23.595   768   789 I android.hardware.thermal@2.0-impl: Sending notification:  Type: SKIN Name: SKIN CurrentValue: 30.754 ThrottlingStatus: NONE
10-02 01:58:23.595   768   789 I android.hardware.thermal@2.0-impl: sendThermalChangedCallback
10-02 01:58:24.656  1035  1035 I update_engine: [INFO:delta_performer.cc(113)] Completed 630/825 operations (76%), 800882688/1045418277 bytes downloaded (76%), overall progress 76%
10-02 01:58:25.166  1375  1375 D KeyguardUpdateMonitor: received broadcast android.intent.action.BATTERY_CHANGED
10-02 01:58:25.166  1375  1375 D KeyguardUpdateMonitor: handleBatteryUpdate
10-02 01:58:25.166  1375  2436 D PowerUI : can't show warning due to - plugged: true status unknown: false
10-02 01:58:25.838  3898  3898 I update_engine_client: [INFO:update_engine_client_android.cc(95)] onStatusUpdate(UPDATE_STATUS_DOWNLOADING (3), 0.769759)
10-02 01:58:25.894   533   533 I servicemanager: Could not find vendor.mediatek.hardware.mtkradioex.modem.IMtkRadioExModem/slot1 in the VINTF manifest.
10-02 01:58:25.894   534   534 I hwservicemanager: getTransport: Cannot find entry vendor.mediatek.hardware.mtkradioex@3.0::IMtkRadioEx/mtkCap1 in either framework or device VINTF manifest.
10-02 01:58:25.895   534   534 I hwservicemanager: getTransport: Cannot find entry vendor.mediatek.hardware.mtkradioex@2.0::IMtkRadioEx/mtkCap1 in either framework or device VINTF manifest.
10-02 01:58:26.593   768   789 W android.hardware.thermal@2.0-service.mtk: parseMsg: Get from client TYPE=thermal_hal_notify NAME=SKIN
10-02 01:58:26.593   768   789 W android.hardware.thermal@2.0-service.mtk: parseMsg:name.c_str():SKIN
10-02 01:58:26.593   768   789 W android.hardware.thermal@2.0-service.mtk: parseMsg:tz notify:SKIN
10-02 01:58:26.593   768   789 W android.hardware.thermal@2.0-service.mtk: parseMsg: Get from client TYPE=thermal_hal_notify NAME=BATTERY
10-02 01:58:26.593   768   789 W android.hardware.thermal@2.0-service.mtk: parseMsg:name.c_str():BATTERY
10-02 01:58:26.593   768   789 W android.hardware.thermal@2.0-service.mtk: parseMsg:tz notify:BATTERY
10-02 01:58:26.593   768   789 I android.hardware.thermal@2.0-service.mtk: Wait to accept a connection
10-02 01:58:26.596   768   789 I android.hardware.thermal@2.0-impl: Sending notification:  Type: BATTERY Name: BATTERY CurrentValue: 38 ThrottlingStatus: NONE
10-02 01:58:26.596   768   789 I android.hardware.thermal@2.0-impl: sendThermalChangedCallback
10-02 01:58:26.596   768   789 I android.hardware.thermal@2.0-impl: Sending notification:  Type: SKIN Name: SKIN CurrentValue: 30.754 ThrottlingStatus: NONE
10-02 01:58:26.596   768   789 I android.hardware.thermal@2.0-impl: sendThermalChangedCallback
10-02 01:58:29.594   768   789 W android.hardware.thermal@2.0-service.mtk: parseMsg: Get from client TYPE=thermal_hal_notify NAME=SKIN
10-02 01:58:29.594   768   789 W android.hardware.thermal@2.0-service.mtk: parseMsg:name.c_str():SKIN
10-02 01:58:29.594   768   789 W android.hardware.thermal@2.0-service.mtk: parseMsg:tz notify:SKIN
10-02 01:58:29.594   768   789 W android.hardware.thermal@2.0-service.mtk: parseMsg: Get from client TYPE=thermal_hal_notify NAME=BATTERY
10-02 01:58:29.594   768   789 W android.hardware.thermal@2.0-service.mtk: parseMsg:name.c_str():BATTERY
10-02 01:58:29.594   768   789 W android.hardware.thermal@2.0-service.mtk: parseMsg:tz notify:BATTERY
10-02 01:58:29.594   768   789 I android.hardware.thermal@2.0-service.mtk: Wait to accept a connection
10-02 01:58:29.596   768   789 I android.hardware.thermal@2.0-impl: Sending notification:  Type: BATTERY Name: BATTERY CurrentValue: 38 ThrottlingStatus: NONE
10-02 01:58:29.596   768   789 I android.hardware.thermal@2.0-impl: sendThermalChangedCallback
10-02 01:58:29.596   768   789 I android.hardware.thermal@2.0-impl: Sending notification:  Type: SKIN Name: SKIN CurrentValue: 30.754 ThrottlingStatus: NONE
10-02 01:58:29.596   768   789 I android.hardware.thermal@2.0-impl: sendThermalChangedCallback
10-02 01:58:29.900   533   533 I servicemanager: Could not find vendor.mediatek.hardware.mtkradioex.modem.IMtkRadioExModem/slot1 in the VINTF manifest.
10-02 01:58:29.900   534   534 I hwservicemanager: getTransport: Cannot find entry vendor.mediatek.hardware.mtkradioex@3.0::IMtkRadioEx/mtkCap1 in either framework or device VINTF manifest.
10-02 01:58:29.901   534   534 I hwservicemanager: getTransport: Cannot find entry vendor.mediatek.hardware.mtkradioex@2.0::IMtkRadioEx/mtkCap1 in either framework or device VINTF manifest.
10-02 01:58:30.034  3898  3898 I update_engine_client: [INFO:update_engine_client_android.cc(95)] onStatusUpdate(UPDATE_STATUS_DOWNLOADING (3), 0.779773)
10-02 01:58:32.594   768   789 W android.hardware.thermal@2.0-service.mtk: parseMsg: Get from client TYPE=thermal_hal_notify NAME=SKIN
10-02 01:58:32.594   768   789 W android.hardware.thermal@2.0-service.mtk: parseMsg:name.c_str():SKIN
10-02 01:58:32.594   768   789 W android.hardware.thermal@2.0-service.mtk: parseMsg:tz notify:SKIN
10-02 01:58:32.594   768   789 W android.hardware.thermal@2.0-service.mtk: parseMsg: Get from client TYPE=thermal_hal_notify NAME=BATTERY
10-02 01:58:32.594   768   789 W android.hardware.thermal@2.0-service.mtk: parseMsg:name.c_str():BATTERY
10-02 01:58:32.594   768   789 W android.hardware.thermal@2.0-service.mtk: parseMsg:tz notify:BATTERY
10-02 01:58:32.594   768   789 I android.hardware.thermal@2.0-service.mtk: Wait to accept a connection
10-02 01:58:32.597   768   789 I android.hardware.thermal@2.0-impl: Sending notification:  Type: BATTERY Name: BATTERY CurrentValue: 38 ThrottlingStatus: NONE
10-02 01:58:32.597   768   789 I android.hardware.thermal@2.0-impl: sendThermalChangedCallback
10-02 01:58:32.597   768   789 I android.hardware.thermal@2.0-impl: Sending notification:  Type: SKIN Name: SKIN CurrentValue: 30.754 ThrottlingStatus: NONE
10-02 01:58:32.597   768   789 I android.hardware.thermal@2.0-impl: sendThermalChangedCallback
10-02 01:58:33.906   533   533 I servicemanager: Could not find vendor.mediatek.hardware.mtkradioex.modem.IMtkRadioExModem/slot1 in the VINTF manifest.
10-02 01:58:33.907   534   534 I hwservicemanager: getTransport: Cannot find entry vendor.mediatek.hardware.mtkradioex@3.0::IMtkRadioEx/mtkCap1 in either framework or device VINTF manifest.
10-02 01:58:33.907   534   534 I hwservicemanager: getTransport: Cannot find entry vendor.mediatek.hardware.mtkradioex@2.0::IMtkRadioEx/mtkCap1 in either framework or device VINTF manifest.
10-02 01:58:35.595   768   789 W android.hardware.thermal@2.0-service.mtk: parseMsg: Get from client TYPE=thermal_hal_notify NAME=SKIN
10-02 01:58:35.595   768   789 W android.hardware.thermal@2.0-service.mtk: parseMsg:name.c_str():SKIN
10-02 01:58:35.595   768   789 W android.hardware.thermal@2.0-service.mtk: parseMsg:tz notify:SKIN
10-02 01:58:35.595   768   789 W android.hardware.thermal@2.0-service.mtk: parseMsg: Get from client TYPE=thermal_hal_notify NAME=BATTERY
10-02 01:58:35.595   768   789 W android.hardware.thermal@2.0-service.mtk: parseMsg:name.c_str():BATTERY
10-02 01:58:35.595   768   789 W android.hardware.thermal@2.0-service.mtk: parseMsg:tz notify:BATTERY
10-02 01:58:35.595   768   789 I android.hardware.thermal@2.0-service.mtk: Wait to accept a connection
10-02 01:58:35.597   768   789 I android.hardware.thermal@2.0-impl: Sending notification:  Type: BATTERY Name: BATTERY CurrentValue: 38 ThrottlingStatus: NONE
10-02 01:58:35.598   768   789 I android.hardware.thermal@2.0-impl: sendThermalChangedCallback
10-02 01:58:35.598   768   789 I android.hardware.thermal@2.0-impl: Sending notification:  Type: SKIN Name: SKIN CurrentValue: 30.754 ThrottlingStatus: NONE
10-02 01:58:35.598   768   789 I android.hardware.thermal@2.0-impl: sendThermalChangedCallback
10-02 01:58:35.880  3898  3898 I update_engine_client: [INFO:update_engine_client_android.cc(95)] onStatusUpdate(UPDATE_STATUS_DOWNLOADING (3), 0.789788)
10-02 01:58:37.910   533   533 I servicemanager: Could not find vendor.mediatek.hardware.mtkradioex.modem.IMtkRadioExModem/slot1 in the VINTF manifest.
10-02 01:58:37.910   534   534 I hwservicemanager: getTransport: Cannot find entry vendor.mediatek.hardware.mtkradioex@3.0::IMtkRadioEx/mtkCap1 in either framework or device VINTF manifest.
10-02 01:58:37.911   534   534 I hwservicemanager: getTransport: Cannot find entry vendor.mediatek.hardware.mtkradioex@2.0::IMtkRadioEx/mtkCap1 in either framework or device VINTF manifest.
10-02 01:58:38.596   768   789 W android.hardware.thermal@2.0-service.mtk: parseMsg: Get from client TYPE=thermal_hal_notify NAME=SKIN
10-02 01:58:38.596   768   789 W android.hardware.thermal@2.0-service.mtk: parseMsg:name.c_str():SKIN
10-02 01:58:38.596   768   789 W android.hardware.thermal@2.0-service.mtk: parseMsg:tz notify:SKIN
10-02 01:58:38.596   768   789 W android.hardware.thermal@2.0-service.mtk: parseMsg: Get from client TYPE=thermal_hal_notify NAME=BATTERY
10-02 01:58:38.596   768   789 W android.hardware.thermal@2.0-service.mtk: parseMsg:name.c_str():BATTERY
10-02 01:58:38.596   768   789 W android.hardware.thermal@2.0-service.mtk: parseMsg:tz notify:BATTERY
10-02 01:58:38.596   768   789 I android.hardware.thermal@2.0-service.mtk: Wait to accept a connection
10-02 01:58:38.599   768   789 I android.hardware.thermal@2.0-impl: Sending notification:  Type: BATTERY Name: BATTERY CurrentValue: 38 ThrottlingStatus: NONE
10-02 01:58:38.599   768   789 I android.hardware.thermal@2.0-impl: sendThermalChangedCallback
10-02 01:58:38.599   768   789 I android.hardware.thermal@2.0-impl: Sending notification:  Type: SKIN Name: SKIN CurrentValue: 30.754 ThrottlingStatus: NONE
10-02 01:58:38.599   768   789 I android.hardware.thermal@2.0-impl: sendThermalChangedCallback
10-02 01:58:40.931  3898  3898 I update_engine_client: [INFO:update_engine_client_android.cc(95)] onStatusUpdate(UPDATE_STATUS_DOWNLOADING (3), 0.799803)
10-02 01:58:41.596   768   789 W android.hardware.thermal@2.0-service.mtk: parseMsg: Get from client TYPE=thermal_hal_notify NAME=SKIN
10-02 01:58:41.596   768   789 W android.hardware.thermal@2.0-service.mtk: parseMsg:name.c_str():SKIN
10-02 01:58:41.596   768   789 W android.hardware.thermal@2.0-service.mtk: parseMsg:tz notify:SKIN
10-02 01:58:41.596   768   789 W android.hardware.thermal@2.0-service.mtk: parseMsg: Get from client TYPE=thermal_hal_notify NAME=BATTERY
10-02 01:58:41.596   768   789 W android.hardware.thermal@2.0-service.mtk: parseMsg:name.c_str():BATTERY
10-02 01:58:41.596   768   789 W android.hardware.thermal@2.0-service.mtk: parseMsg:tz notify:BATTERY
10-02 01:58:41.596   768   789 I android.hardware.thermal@2.0-service.mtk: Wait to accept a connection
10-02 01:58:41.599   768   789 I android.hardware.thermal@2.0-impl: Sending notification:  Type: BATTERY Name: BATTERY CurrentValue: 38 ThrottlingStatus: NONE
10-02 01:58:41.599   768   789 I android.hardware.thermal@2.0-impl: sendThermalChangedCallback
10-02 01:58:41.599   768   789 I android.hardware.thermal@2.0-impl: Sending notification:  Type: SKIN Name: SKIN CurrentValue: 30.754 ThrottlingStatus: NONE
10-02 01:58:41.599   768   789 I android.hardware.thermal@2.0-impl: sendThermalChangedCallback
10-02 01:58:41.916   533   533 I servicemanager: Could not find vendor.mediatek.hardware.mtkradioex.modem.IMtkRadioExModem/slot1 in the VINTF manifest.
10-02 01:58:41.917   534   534 I hwservicemanager: getTransport: Cannot find entry vendor.mediatek.hardware.mtkradioex@3.0::IMtkRadioEx/mtkCap1 in either framework or device VINTF manifest.
10-02 01:58:41.917   534   534 I hwservicemanager: getTransport: Cannot find entry vendor.mediatek.hardware.mtkradioex@2.0::IMtkRadioEx/mtkCap1 in either framework or device VINTF manifest.
10-02 01:58:42.796  1035  1035 I update_engine: [INFO:delta_performer.cc(113)] Completed 660/825 operations (80%), 839237632/1045418277 bytes downloaded (80%), overall progress 80%
10-02 01:58:44.215  1162  1186 D AES     : AEEIOCTL_GET/SET_SF_STATE IOCTL,cmd= 1074294797, lParam=0. 
10-02 01:58:44.215  1162  1186 D AES     : AEEIOCTL_RT_MON_Kick IOCTL,cmd= 2147774474, lParam=300. 
10-02 01:58:44.409  1375  1375 D KeyguardUpdateMonitor: received broadcast android.intent.action.BATTERY_CHANGED
10-02 01:58:44.409  1375  1375 D KeyguardUpdateMonitor: handleBatteryUpdate
10-02 01:58:44.409  1375  1761 D PowerUI : can't show warning due to - plugged: true status unknown: false
10-02 01:58:44.416  1375  1375 D KeyguardUpdateMonitor: received broadcast android.intent.action.BATTERY_CHANGED
10-02 01:58:44.417  1375  1375 D KeyguardUpdateMonitor: handleBatteryUpdate
10-02 01:58:44.417  1375  2366 D PowerUI : can't show warning due to - plugged: true status unknown: false
10-02 01:58:44.597   768   789 W android.hardware.thermal@2.0-service.mtk: parseMsg: Get from client TYPE=thermal_hal_notify NAME=SKIN
10-02 01:58:44.597   768   789 W android.hardware.thermal@2.0-service.mtk: parseMsg:name.c_str():SKIN
10-02 01:58:44.597   768   789 W android.hardware.thermal@2.0-service.mtk: parseMsg:tz notify:SKIN
10-02 01:58:44.597   768   789 W android.hardware.thermal@2.0-service.mtk: parseMsg: Get from client TYPE=thermal_hal_notify NAME=BATTERY
10-02 01:58:44.597   768   789 W android.hardware.thermal@2.0-service.mtk: parseMsg:name.c_str():BATTERY
10-02 01:58:44.597   768   789 W android.hardware.thermal@2.0-service.mtk: parseMsg:tz notify:BATTERY
10-02 01:58:44.597   768   789 I android.hardware.thermal@2.0-service.mtk: Wait to accept a connection
10-02 01:58:44.599   768   789 I android.hardware.thermal@2.0-impl: Sending notification:  Type: BATTERY Name: BATTERY CurrentValue: 38 ThrottlingStatus: NONE
