10-02 01:55:17.548   768   789 I android.hardware.thermal@2.0-impl: sendThermalChangedCallback
10-02 01:55:17.650   533   533 I servicemanager: Could not find vendor.mediatek.hardware.mtkradioex.modem.IMtkRadioExModem/slot1 in the VINTF manifest.
10-02 01:55:17.651   534   534 I hwservicemanager: getTransport: Cannot find entry vendor.mediatek.hardware.mtkradioex@3.0::IMtkRadioEx/mtkCap1 in either framework or device VINTF manifest.
10-02 01:55:17.652   534   534 I hwservicemanager: getTransport: Cannot find entry vendor.mediatek.hardware.mtkradioex@2.0::IMtkRadioEx/mtkCap1 in either framework or device VINTF manifest.
10-02 01:55:18.333  3898  3898 I update_engine_client: [INFO:update_engine_client_android.cc(95)] onStatusUpdate(UPDATE_STATUS_DOWNLOADING (3), 0.380571)
10-02 01:55:20.545   768   789 W android.hardware.thermal@2.0-service.mtk: parseMsg: Get from client TYPE=thermal_hal_notify NAME=SKIN
10-02 01:55:20.545   768   789 W android.hardware.thermal@2.0-service.mtk: parseMsg:name.c_str():SKIN
10-02 01:55:20.545   768   789 W android.hardware.thermal@2.0-service.mtk: parseMsg:tz notify:SKIN
10-02 01:55:20.545   768   789 W android.hardware.thermal@2.0-service.mtk: parseMsg: Get from client TYPE=thermal_hal_notify NAME=BATTERY
10-02 01:55:20.545   768   789 W android.hardware.thermal@2.0-service.mtk: parseMsg:name.c_str():BATTERY
10-02 01:55:20.545   768   789 W android.hardware.thermal@2.0-service.mtk: parseMsg:tz notify:BATTERY
10-02 01:55:20.545   768   789 I android.hardware.thermal@2.0-service.mtk: Wait to accept a connection
10-02 01:55:20.548   768   789 I android.hardware.thermal@2.0-impl: Sending notification:  Type: BATTERY Name: BATTERY CurrentValue: 38 ThrottlingStatus: NONE
10-02 01:55:20.548   768   789 I android.hardware.thermal@2.0-impl: sendThermalChangedCallback
10-02 01:55:20.548   768   789 I android.hardware.thermal@2.0-impl: Sending notification:  Type: SKIN Name: SKIN CurrentValue: 30.094 ThrottlingStatus: NONE
10-02 01:55:20.548   768   789 I android.hardware.thermal@2.0-impl: sendThermalChangedCallback
10-02 01:55:21.654   533   533 I servicemanager: Could not find vendor.mediatek.hardware.mtkradioex.modem.IMtkRadioExModem/slot1 in the VINTF manifest.
10-02 01:55:21.654   534   534 I hwservicemanager: getTransport: Cannot find entry vendor.mediatek.hardware.mtkradioex@3.0::IMtkRadioEx/mtkCap1 in either framework or device VINTF manifest.
10-02 01:55:21.655   534   534 I hwservicemanager: getTransport: Cannot find entry vendor.mediatek.hardware.mtkradioex@2.0::IMtkRadioEx/mtkCap1 in either framework or device VINTF manifest.
10-02 01:55:22.559  3898  3898 I update_engine_client: [INFO:update_engine_client_android.cc(95)] onStatusUpdate(UPDATE_STATUS_DOWNLOADING (3), 0.390586)
10-02 01:55:23.545   768   789 W android.hardware.thermal@2.0-service.mtk: parseMsg: Get from client TYPE=thermal_hal_notify NAME=SKIN
10-02 01:55:23.545   768   789 W android.hardware.thermal@2.0-service.mtk: parseMsg:name.c_str():SKIN
10-02 01:55:23.545   768   789 W android.hardware.thermal@2.0-service.mtk: parseMsg:tz notify:SKIN
10-02 01:55:23.545   768   789 I android.hardware.thermal@2.0-service.mtk: Wait to accept a connection
10-02 01:55:23.546   768   789 I android.hardware.thermal@2.0-impl: Sending notification:  Type: SKIN Name: SKIN CurrentValue: 30.094 ThrottlingStatus: NONE
10-02 01:55:23.546   768   789 I android.hardware.thermal@2.0-impl: sendThermalChangedCallback
10-02 01:55:23.546   768   789 W android.hardware.thermal@2.0-service.mtk: parseMsg: Get from client TYPE=thermal_hal_notify NAME=BATTERY
10-02 01:55:23.546   768   789 W android.hardware.thermal@2.0-service.mtk: parseMsg:name.c_str():BATTERY
10-02 01:55:23.546   768   789 W android.hardware.thermal@2.0-service.mtk: parseMsg:tz notify:BATTERY
10-02 01:55:23.546   768   789 I android.hardware.thermal@2.0-service.mtk: Wait to accept a connection
10-02 01:55:23.549   768   789 I android.hardware.thermal@2.0-impl: Sending notification:  Type: BATTERY Name: BATTERY CurrentValue: 38 ThrottlingStatus: NONE
10-02 01:55:23.549   768   789 I android.hardware.thermal@2.0-impl: sendThermalChangedCallback
10-02 01:55:24.393  1375  1375 D KeyguardUpdateMonitor: received broadcast android.intent.action.BATTERY_CHANGED
10-02 01:55:24.393  1375  2735 D PowerUI : can't show warning due to - plugged: true status unknown: false
10-02 01:55:24.393  1375  1375 D KeyguardUpdateMonitor: handleBatteryUpdate
10-02 01:55:24.400  1375  1375 D KeyguardUpdateMonitor: received broadcast android.intent.action.BATTERY_CHANGED
10-02 01:55:24.400  1375  2734 D PowerUI : can't show warning due to - plugged: true status unknown: false
10-02 01:55:24.400  1375  1375 D KeyguardUpdateMonitor: handleBatteryUpdate
10-02 01:55:25.660   533   533 I servicemanager: Could not find vendor.mediatek.hardware.mtkradioex.modem.IMtkRadioExModem/slot1 in the VINTF manifest.
10-02 01:55:25.661   534   534 I hwservicemanager: getTransport: Cannot find entry vendor.mediatek.hardware.mtkradioex@3.0::IMtkRadioEx/mtkCap1 in either framework or device VINTF manifest.
10-02 01:55:25.661   534   534 I hwservicemanager: getTransport: Cannot find entry vendor.mediatek.hardware.mtkradioex@2.0::IMtkRadioEx/mtkCap1 in either framework or device VINTF manifest.
10-02 01:55:26.547   768   789 W android.hardware.thermal@2.0-service.mtk: parseMsg: Get from client TYPE=thermal_hal_notify NAME=SKIN
10-02 01:55:26.547   768   789 W android.hardware.thermal@2.0-service.mtk: parseMsg:name.c_str():SKIN
10-02 01:55:26.547   768   789 W android.hardware.thermal@2.0-service.mtk: parseMsg:tz notify:SKIN
10-02 01:55:26.547   768   789 I android.hardware.thermal@2.0-service.mtk: Wait to accept a connection
10-02 01:55:26.547   768   789 I android.hardware.thermal@2.0-impl: Sending notification:  Type: SKIN Name: SKIN CurrentValue: 30.094 ThrottlingStatus: NONE
10-02 01:55:26.547   768   789 I android.hardware.thermal@2.0-impl: sendThermalChangedCallback
10-02 01:55:26.548   768   789 W android.hardware.thermal@2.0-service.mtk: parseMsg: Get from client TYPE=thermal_hal_notify NAME=BATTERY
10-02 01:55:26.548   768   789 W android.hardware.thermal@2.0-service.mtk: parseMsg:name.c_str():BATTERY
10-02 01:55:26.548   768   789 W android.hardware.thermal@2.0-service.mtk: parseMsg:tz notify:BATTERY
10-02 01:55:26.548   768   789 I android.hardware.thermal@2.0-service.mtk: Wait to accept a connection
10-02 01:55:26.550   768   789 I android.hardware.thermal@2.0-impl: Sending notification:  Type: BATTERY Name: BATTERY CurrentValue: 38 ThrottlingStatus: NONE
10-02 01:55:26.550   768   789 I android.hardware.thermal@2.0-impl: sendThermalChangedCallback
10-02 01:55:26.648  3898  3898 I update_engine_client: [INFO:update_engine_client_android.cc(95)] onStatusUpdate(UPDATE_STATUS_DOWNLOADING (3), 0.4006)
10-02 01:55:29.549   768   789 W android.hardware.thermal@2.0-service.mtk: parseMsg: Get from client TYPE=thermal_hal_notify NAME=SKIN
10-02 01:55:29.549   768   789 W android.hardware.thermal@2.0-service.mtk: parseMsg:name.c_str():SKIN
10-02 01:55:29.549   768   789 W android.hardware.thermal@2.0-service.mtk: parseMsg:tz notify:SKIN
10-02 01:55:29.549   768   789 W android.hardware.thermal@2.0-service.mtk: parseMsg: Get from client TYPE=thermal_hal_notify NAME=BATTERY
10-02 01:55:29.549   768   789 W android.hardware.thermal@2.0-service.mtk: parseMsg:name.c_str():BATTERY
10-02 01:55:29.549   768   789 W android.hardware.thermal@2.0-service.mtk: parseMsg:tz notify:BATTERY
10-02 01:55:29.549   768   789 I android.hardware.thermal@2.0-service.mtk: Wait to accept a connection
10-02 01:55:29.552   768   789 I android.hardware.thermal@2.0-impl: Sending notification:  Type: BATTERY Name: BATTERY CurrentValue: 38 ThrottlingStatus: NONE
10-02 01:55:29.552   768   789 I android.hardware.thermal@2.0-impl: sendThermalChangedCallback
10-02 01:55:29.552   768   789 I android.hardware.thermal@2.0-impl: Sending notification:  Type: SKIN Name: SKIN CurrentValue: 30.094 ThrottlingStatus: NONE
10-02 01:55:29.552   768   789 I android.hardware.thermal@2.0-impl: sendThermalChangedCallback
10-02 01:55:29.629  1035  1035 I update_engine: [INFO:delta_performer.cc(113)] Completed 330/825 operations (40%), 426000384/1045418277 bytes downloaded (40%), overall progress 40%
10-02 01:55:29.666   533   533 I servicemanager: Could not find vendor.mediatek.hardware.mtkradioex.modem.IMtkRadioExModem/slot1 in the VINTF manifest.
10-02 01:55:29.667   534   534 I hwservicemanager: getTransport: Cannot find entry vendor.mediatek.hardware.mtkradioex@3.0::IMtkRadioEx/mtkCap1 in either framework or device VINTF manifest.
10-02 01:55:29.668   534   534 I hwservicemanager: getTransport: Cannot find entry vendor.mediatek.hardware.mtkradioex@2.0::IMtkRadioEx/mtkCap1 in either framework or device VINTF manifest.
10-02 01:55:31.206  3898  3898 I update_engine_client: [INFO:update_engine_client_android.cc(95)] onStatusUpdate(UPDATE_STATUS_DOWNLOADING (3), 0.410615)
10-02 01:55:32.550   768   789 W android.hardware.thermal@2.0-service.mtk: parseMsg: Get from client TYPE=thermal_hal_notify NAME=SKIN
10-02 01:55:32.550   768   789 W android.hardware.thermal@2.0-service.mtk: parseMsg:name.c_str():SKIN
10-02 01:55:32.550   768   789 W android.hardware.thermal@2.0-service.mtk: parseMsg:tz notify:SKIN
10-02 01:55:32.550   768   789 W android.hardware.thermal@2.0-service.mtk: parseMsg: Get from client TYPE=thermal_hal_notify NAME=BATTERY
10-02 01:55:32.550   768   789 W android.hardware.thermal@2.0-service.mtk: parseMsg:name.c_str():BATTERY
10-02 01:55:32.550   768   789 W android.hardware.thermal@2.0-service.mtk: parseMsg:tz notify:BATTERY
10-02 01:55:32.550   768   789 I android.hardware.thermal@2.0-service.mtk: Wait to accept a connection
10-02 01:55:32.552   768   789 I android.hardware.thermal@2.0-impl: Sending notification:  Type: BATTERY Name: BATTERY CurrentValue: 38 ThrottlingStatus: NONE
10-02 01:55:32.553   768   789 I android.hardware.thermal@2.0-impl: sendThermalChangedCallback
10-02 01:55:32.553   768   789 I android.hardware.thermal@2.0-impl: Sending notification:  Type: SKIN Name: SKIN CurrentValue: 30.188 ThrottlingStatus: NONE
10-02 01:55:32.553   768   789 I android.hardware.thermal@2.0-impl: sendThermalChangedCallback
10-02 01:55:33.670   533   533 I servicemanager: Could not find vendor.mediatek.hardware.mtkradioex.modem.IMtkRadioExModem/slot1 in the VINTF manifest.
10-02 01:55:33.670   534   534 I hwservicemanager: getTransport: Cannot find entry vendor.mediatek.hardware.mtkradioex@3.0::IMtkRadioEx/mtkCap1 in either framework or device VINTF manifest.
10-02 01:55:33.671   534   534 I hwservicemanager: getTransport: Cannot find entry vendor.mediatek.hardware.mtkradioex@2.0::IMtkRadioEx/mtkCap1 in either framework or device VINTF manifest.
10-02 01:55:35.550   768   789 W android.hardware.thermal@2.0-service.mtk: parseMsg: Get from client TYPE=thermal_hal_notify NAME=SKIN
10-02 01:55:35.550   768   789 W android.hardware.thermal@2.0-service.mtk: parseMsg:name.c_str():SKIN
10-02 01:55:35.550   768   789 W android.hardware.thermal@2.0-service.mtk: parseMsg:tz notify:SKIN
10-02 01:55:35.550   768   789 W android.hardware.thermal@2.0-service.mtk: parseMsg: Get from client TYPE=thermal_hal_notify NAME=BATTERY
10-02 01:55:35.550   768   789 W android.hardware.thermal@2.0-service.mtk: parseMsg:name.c_str():BATTERY
10-02 01:55:35.550   768   789 W android.hardware.thermal@2.0-service.mtk: parseMsg:tz notify:BATTERY
10-02 01:55:35.550   768   789 I android.hardware.thermal@2.0-service.mtk: Wait to accept a connection
10-02 01:55:35.553   768   789 I android.hardware.thermal@2.0-impl: Sending notification:  Type: BATTERY Name: BATTERY CurrentValue: 38 ThrottlingStatus: NONE
10-02 01:55:35.553   768   789 I android.hardware.thermal@2.0-impl: sendThermalChangedCallback
10-02 01:55:35.553   768   789 I android.hardware.thermal@2.0-impl: Sending notification:  Type: SKIN Name: SKIN CurrentValue: 30.188 ThrottlingStatus: NONE
10-02 01:55:35.553   768   789 I android.hardware.thermal@2.0-impl: sendThermalChangedCallback
10-02 01:55:36.123  3898  3898 I update_engine_client: [INFO:update_engine_client_android.cc(95)] onStatusUpdate(UPDATE_STATUS_DOWNLOADING (3), 0.420629)
10-02 01:55:37.678   533   533 I servicemanager: Could not find vendor.mediatek.hardware.mtkradioex.modem.IMtkRadioExModem/slot1 in the VINTF manifest.
10-02 01:55:37.679   534   534 I hwservicemanager: getTransport: Cannot find entry vendor.mediatek.hardware.mtkradioex@3.0::IMtkRadioEx/mtkCap1 in either framework or device VINTF manifest.
10-02 01:55:37.679   534   534 I hwservicemanager: getTransport: Cannot find entry vendor.mediatek.hardware.mtkradioex@2.0::IMtkRadioEx/mtkCap1 in either framework or device VINTF manifest.
10-02 01:55:38.551   768   789 W android.hardware.thermal@2.0-service.mtk: parseMsg: Get from client TYPE=thermal_hal_notify NAME=SKIN
10-02 01:55:38.551   768   789 W android.hardware.thermal@2.0-service.mtk: parseMsg:name.c_str():SKIN
10-02 01:55:38.551   768   789 W android.hardware.thermal@2.0-service.mtk: parseMsg:tz notify:SKIN
10-02 01:55:38.551   768   789 W android.hardware.thermal@2.0-service.mtk: parseMsg: Get from client TYPE=thermal_hal_notify NAME=BATTERY
10-02 01:55:38.551   768   789 W android.hardware.thermal@2.0-service.mtk: parseMsg:name.c_str():BATTERY
10-02 01:55:38.551   768   789 W android.hardware.thermal@2.0-service.mtk: parseMsg:tz notify:BATTERY
10-02 01:55:38.551   768   789 I android.hardware.thermal@2.0-service.mtk: Wait to accept a connection
10-02 01:55:38.554   768   789 I android.hardware.thermal@2.0-impl: Sending notification:  Type: BATTERY Name: BATTERY CurrentValue: 38 ThrottlingStatus: NONE
10-02 01:55:38.554   768   789 I android.hardware.thermal@2.0-impl: sendThermalChangedCallback
10-02 01:55:38.554   768   789 I android.hardware.thermal@2.0-impl: Sending notification:  Type: SKIN Name: SKIN CurrentValue: 30.188 ThrottlingStatus: NONE
10-02 01:55:38.554   768   789 I android.hardware.thermal@2.0-impl: sendThermalChangedCallback
10-02 01:55:40.169  3898  3898 I update_engine_client: [INFO:update_engine_client_android.cc(95)] onStatusUpdate(UPDATE_STATUS_DOWNLOADING (3), 0.430644)
10-02 01:55:41.551   768   789 W android.hardware.thermal@2.0-service.mtk: parseMsg: Get from client TYPE=thermal_hal_notify NAME=SKIN
10-02 01:55:41.551   768   789 W android.hardware.thermal@2.0-service.mtk: parseMsg:name.c_str():SKIN
10-02 01:55:41.551   768   789 W android.hardware.thermal@2.0-service.mtk: parseMsg:tz notify:SKIN
10-02 01:55:41.551   768   789 W android.hardware.thermal@2.0-service.mtk: parseMsg: Get from client TYPE=thermal_hal_notify NAME=BATTERY
10-02 01:55:41.551   768   789 W android.hardware.thermal@2.0-service.mtk: parseMsg:name.c_str():BATTERY
10-02 01:55:41.552   768   789 W android.hardware.thermal@2.0-service.mtk: parseMsg:tz notify:BATTERY
10-02 01:55:41.552   768   789 I android.hardware.thermal@2.0-service.mtk: Wait to accept a connection
10-02 01:55:41.554   768   789 I android.hardware.thermal@2.0-impl: Sending notification:  Type: BATTERY Name: BATTERY CurrentValue: 38 ThrottlingStatus: NONE
10-02 01:55:41.554   768   789 I android.hardware.thermal@2.0-impl: sendThermalChangedCallback
10-02 01:55:41.554   768   789 I android.hardware.thermal@2.0-impl: Sending notification:  Type: SKIN Name: SKIN CurrentValue: 30.188 ThrottlingStatus: NONE
10-02 01:55:41.554   768   789 I android.hardware.thermal@2.0-impl: sendThermalChangedCallback
10-02 01:55:41.684   533   533 I servicemanager: Could not find vendor.mediatek.hardware.mtkradioex.modem.IMtkRadioExModem/slot1 in the VINTF manifest.
10-02 01:55:41.685   534   534 I hwservicemanager: getTransport: Cannot find entry vendor.mediatek.hardware.mtkradioex@3.0::IMtkRadioEx/mtkCap1 in either framework or device VINTF manifest.
10-02 01:55:41.685   534   534 I hwservicemanager: getTransport: Cannot find entry vendor.mediatek.hardware.mtkradioex@2.0::IMtkRadioEx/mtkCap1 in either framework or device VINTF manifest.
10-02 01:55:44.210  3898  3898 I update_engine_client: [INFO:update_engine_client_android.cc(95)] onStatusUpdate(UPDATE_STATUS_DOWNLOADING (3), 0.440659)
10-02 01:55:44.211  1162  1186 D AES     : AEEIOCTL_GET/SET_SF_STATE IOCTL,cmd= 1074294797, lParam=0. 
10-02 01:55:44.211  1162  1186 D AES     : AEEIOCTL_RT_MON_Kick IOCTL,cmd= 2147774474, lParam=300. 
10-02 01:55:44.552   768   789 W android.hardware.thermal@2.0-service.mtk: parseMsg: Get from client TYPE=thermal_hal_notify NAME=SKIN
10-02 01:55:44.553   768   789 W android.hardware.thermal@2.0-service.mtk: parseMsg:name.c_str():SKIN
10-02 01:55:44.553   768   789 W android.hardware.thermal@2.0-service.mtk: parseMsg:tz notify:SKIN
10-02 01:55:44.553   768   789 W android.hardware.thermal@2.0-service.mtk: parseMsg: Get from client TYPE=thermal_hal_notify NAME=BATTERY
10-02 01:55:44.553   768   789 W android.hardware.thermal@2.0-service.mtk: parseMsg:name.c_str():BATTERY
10-02 01:55:44.553   768   789 W android.hardware.thermal@2.0-service.mtk: parseMsg:tz notify:BATTERY
10-02 01:55:44.553   768   789 I android.hardware.thermal@2.0-service.mtk: Wait to accept a connection
10-02 01:55:44.606   768   789 I android.hardware.thermal@2.0-impl: Sending notification:  Type: BATTERY Name: BATTERY CurrentValue: 38 ThrottlingStatus: NONE
10-02 01:55:44.607   768   789 I android.hardware.thermal@2.0-impl: sendThermalChangedCallback
10-02 01:55:44.607   768   789 I android.hardware.thermal@2.0-impl: Sending notification:  Type: SKIN Name: SKIN CurrentValue: 30.188 ThrottlingStatus: NONE
10-02 01:55:44.607   768   789 I android.hardware.thermal@2.0-impl: sendThermalChangedCallback
10-02 01:55:44.621   776   833 I libPowerHal: perfUserScnCheckAll
10-02 01:55:44.622   776   833 I libPowerHal: perfScnDumpAll cmd:0
10-02 01:55:44.622   776   833 I libPowerHal: ========================
10-02 01:55:44.622   776   833 I libPowerHal: ========================
10-02 01:55:44.640  1375  1375 D KeyguardUpdateMonitor: received broadcast android.intent.action.BATTERY_CHANGED
10-02 01:55:44.640  1375  1375 D KeyguardUpdateMonitor: handleBatteryUpdate
10-02 01:55:44.640  1375  2435 D PowerUI : can't show warning due to - plugged: true status unknown: false
10-02 01:55:44.884  1375  1375 D KeyguardUpdateMonitor: received broadcast android.intent.action.BATTERY_CHANGED
10-02 01:55:44.884  1375  1375 D KeyguardUpdateMonitor: handleBatteryUpdate
10-02 01:55:44.884  1375  2736 D PowerUI : can't show warning due to - plugged: true status unknown: false
10-02 01:55:44.917  1375  1375 D KeyguardUpdateMonitor: received broadcast android.intent.action.BATTERY_CHANGED
10-02 01:55:44.918  1375  1375 D KeyguardUpdateMonitor: handleBatteryUpdate
10-02 01:55:44.918  1375  2436 D PowerUI : can't show warning due to - plugged: true status unknown: false
10-02 01:55:44.925  1375  1375 D KeyguardUpdateMonitor: received broadcast android.intent.action.BATTERY_CHANGED
10-02 01:55:44.925  1375  1375 D KeyguardUpdateMonitor: handleBatteryUpdate
10-02 01:55:44.925  1375  1761 D PowerUI : can't show warning due to - plugged: true status unknown: false
10-02 01:55:44.932  1375  1375 D KeyguardUpdateMonitor: received broadcast android.intent.action.BATTERY_CHANGED
10-02 01:55:44.932  1375  1375 D KeyguardUpdateMonitor: handleBatteryUpdate
10-02 01:55:44.932  1375  2366 D PowerUI : can't show warning due to - plugged: true status unknown: false
10-02 01:55:45.690   533   533 I servicemanager: Could not find vendor.mediatek.hardware.mtkradioex.modem.IMtkRadioExModem/slot1 in the VINTF manifest.
10-02 01:55:45.691   534   534 I hwservicemanager: getTransport: Cannot find entry vendor.mediatek.hardware.mtkradioex@3.0::IMtkRadioEx/mtkCap1 in either framework or device VINTF manifest.
10-02 01:55:45.691   534   534 I hwservicemanager: getTransport: Cannot find entry vendor.mediatek.hardware.mtkradioex@2.0::IMtkRadioEx/mtkCap1 in either framework or device VINTF manifest.
10-02 01:55:47.554   768   789 W android.hardware.thermal@2.0-service.mtk: parseMsg: Get from client TYPE=thermal_hal_notify NAME=SKIN
10-02 01:55:47.554   768   789 W android.hardware.thermal@2.0-service.mtk: parseMsg:name.c_str():SKIN
10-02 01:55:47.554   768   789 W android.hardware.thermal@2.0-service.mtk: parseMsg:tz notify:SKIN
10-02 01:55:47.554   768   789 I android.hardware.thermal@2.0-service.mtk: Wait to accept a connection
10-02 01:55:47.554   768   789 I android.hardware.thermal@2.0-impl: Sending notification:  Type: SKIN Name: SKIN CurrentValue: 30.283 ThrottlingStatus: NONE
10-02 01:55:47.555   768   789 I android.hardware.thermal@2.0-impl: sendThermalChangedCallback
10-02 01:55:47.555   768   789 W android.hardware.thermal@2.0-service.mtk: parseMsg: Get from client TYPE=thermal_hal_notify NAME=BATTERY
10-02 01:55:47.555   768   789 W android.hardware.thermal@2.0-service.mtk: parseMsg:name.c_str():BATTERY
10-02 01:55:47.555   768   789 W android.hardware.thermal@2.0-service.mtk: parseMsg:tz notify:BATTERY
10-02 01:55:47.555   768   789 I android.hardware.thermal@2.0-service.mtk: Wait to accept a connection
10-02 01:55:47.557   768   789 I android.hardware.thermal@2.0-impl: Sending notification:  Type: BATTERY Name: BATTERY CurrentValue: 38 ThrottlingStatus: NONE
10-02 01:55:47.558   768   789 I android.hardware.thermal@2.0-impl: sendThermalChangedCallback
10-02 01:55:47.637  1162  1191 I UsageStatsService: User[0] Flushing usage stats to disk
10-02 01:55:49.696   533   533 I servicemanager: Could not find vendor.mediatek.hardware.mtkradioex.modem.IMtkRadioExModem/slot1 in the VINTF manifest.
10-02 01:55:49.697   534   534 I hwservicemanager: getTransport: Cannot find entry vendor.mediatek.hardware.mtkradioex@3.0::IMtkRadioEx/mtkCap1 in either framework or device VINTF manifest.
10-02 01:55:49.697   534   534 I hwservicemanager: getTransport: Cannot find entry vendor.mediatek.hardware.mtkradioex@2.0::IMtkRadioEx/mtkCap1 in either framework or device VINTF manifest.
10-02 01:55:49.880  3898  3898 I update_engine_client: [INFO:update_engine_client_android.cc(95)] onStatusUpdate(UPDATE_STATUS_DOWNLOADING (3), 0.450673)
10-02 01:55:50.555   768   789 W android.hardware.thermal@2.0-service.mtk: parseMsg: Get from client TYPE=thermal_hal_notify NAME=SKIN
10-02 01:55:50.555   768   789 W android.hardware.thermal@2.0-service.mtk: parseMsg:name.c_str():SKIN
10-02 01:55:50.555   768   789 W android.hardware.thermal@2.0-service.mtk: parseMsg:tz notify:SKIN
10-02 01:55:50.555   768   789 W android.hardware.thermal@2.0-service.mtk: parseMsg: Get from client TYPE=thermal_hal_notify NAME=BATTERY
10-02 01:55:50.555   768   789 W android.hardware.thermal@2.0-service.mtk: parseMsg:name.c_str():BATTERY
10-02 01:55:50.555   768   789 W android.hardware.thermal@2.0-service.mtk: parseMsg:tz notify:BATTERY
10-02 01:55:50.556   768   789 I android.hardware.thermal@2.0-service.mtk: Wait to accept a connection
10-02 01:55:50.558   768   789 I android.hardware.thermal@2.0-impl: Sending notification:  Type: BATTERY Name: BATTERY CurrentValue: 38 ThrottlingStatus: NONE
10-02 01:55:50.559   768   789 I android.hardware.thermal@2.0-impl: sendThermalChangedCallback
10-02 01:55:50.559   768   789 I android.hardware.thermal@2.0-impl: Sending notification:  Type: SKIN Name: SKIN CurrentValue: 30.283 ThrottlingStatus: NONE
10-02 01:55:50.559   768   789 I android.hardware.thermal@2.0-impl: sendThermalChangedCallback
10-02 01:55:52.357   776   794 D power@timer: [mtkPowerTimer] visRead:0
10-02 01:55:53.556   768   789 W android.hardware.thermal@2.0-service.mtk: parseMsg: Get from client TYPE=thermal_hal_notify NAME=SKIN
10-02 01:55:53.556   768   789 W android.hardware.thermal@2.0-service.mtk: parseMsg:name.c_str():SKIN
10-02 01:55:53.556   768   789 W android.hardware.thermal@2.0-service.mtk: parseMsg:tz notify:SKIN
10-02 01:55:53.556   768   789 W android.hardware.thermal@2.0-service.mtk: parseMsg: Get from client TYPE=thermal_hal_notify NAME=BATTERY
10-02 01:55:53.556   768   789 W android.hardware.thermal@2.0-service.mtk: parseMsg:name.c_str():BATTERY
10-02 01:55:53.556   768   789 W android.hardware.thermal@2.0-service.mtk: parseMsg:tz notify:BATTERY
10-02 01:55:53.556   768   789 I android.hardware.thermal@2.0-service.mtk: Wait to accept a connection
10-02 01:55:53.558   768   789 I android.hardware.thermal@2.0-impl: Sending notification:  Type: BATTERY Name: BATTERY CurrentValue: 38 ThrottlingStatus: NONE
10-02 01:55:53.559   768   789 I android.hardware.thermal@2.0-impl: sendThermalChangedCallback
10-02 01:55:53.559   768   789 I android.hardware.thermal@2.0-impl: Sending notification:  Type: SKIN Name: SKIN CurrentValue: 30.283 ThrottlingStatus: NONE
10-02 01:55:53.559   768   789 I android.hardware.thermal@2.0-impl: sendThermalChangedCallback
10-02 01:55:53.702   533   533 I servicemanager: Could not find vendor.mediatek.hardware.mtkradioex.modem.IMtkRadioExModem/slot1 in the VINTF manifest.
10-02 01:55:53.702   534   534 I hwservicemanager: getTransport: Cannot find entry vendor.mediatek.hardware.mtkradioex@3.0::IMtkRadioEx/mtkCap1 in either framework or device VINTF manifest.
10-02 01:55:53.703   534   534 I hwservicemanager: getTransport: Cannot find entry vendor.mediatek.hardware.mtkradioex@2.0::IMtkRadioEx/mtkCap1 in either framework or device VINTF manifest.
10-02 01:55:55.108  3898  3898 I update_engine_client: [INFO:update_engine_client_android.cc(95)] onStatusUpdate(UPDATE_STATUS_DOWNLOADING (3), 0.460688)
10-02 01:55:56.556   768   789 W android.hardware.thermal@2.0-service.mtk: parseMsg: Get from client TYPE=thermal_hal_notify NAME=SKIN
10-02 01:55:56.556   768   789 W android.hardware.thermal@2.0-service.mtk: parseMsg:name.c_str():SKIN
10-02 01:55:56.556   768   789 W android.hardware.thermal@2.0-service.mtk: parseMsg:tz notify:SKIN
10-02 01:55:56.556   768   789 W android.hardware.thermal@2.0-service.mtk: parseMsg: Get from client TYPE=thermal_hal_notify NAME=BATTERY
10-02 01:55:56.556   768   789 W android.hardware.thermal@2.0-service.mtk: parseMsg:name.c_str():BATTERY
10-02 01:55:56.557   768   789 W android.hardware.thermal@2.0-service.mtk: parseMsg:tz notify:BATTERY
10-02 01:55:56.557   768   789 I android.hardware.thermal@2.0-service.mtk: Wait to accept a connection
10-02 01:55:56.559   768   789 I android.hardware.thermal@2.0-impl: Sending notification:  Type: BATTERY Name: BATTERY CurrentValue: 38 ThrottlingStatus: NONE
10-02 01:55:56.559   768   789 I android.hardware.thermal@2.0-impl: sendThermalChangedCallback
10-02 01:55:56.559   768   789 I android.hardware.thermal@2.0-impl: Sending notification:  Type: SKIN Name: SKIN CurrentValue: 30.283 ThrottlingStatus: NONE
10-02 01:55:56.559   768   789 I android.hardware.thermal@2.0-impl: sendThermalChangedCallback
10-02 01:55:57.708   533   533 I servicemanager: Could not find vendor.mediatek.hardware.mtkradioex.modem.IMtkRadioExModem/slot1 in the VINTF manifest.
10-02 01:55:57.709   534   534 I hwservicemanager: getTransport: Cannot find entry vendor.mediatek.hardware.mtkradioex@3.0::IMtkRadioEx/mtkCap1 in either framework or device VINTF manifest.
10-02 01:55:57.710   534   534 I hwservicemanager: getTransport: Cannot find entry vendor.mediatek.hardware.mtkradioex@2.0::IMtkRadioEx/mtkCap1 in either framework or device VINTF manifest.
10-02 01:55:59.557   768   789 W android.hardware.thermal@2.0-service.mtk: parseMsg: Get from client TYPE=thermal_hal_notify NAME=SKIN
10-02 01:55:59.557   768   789 W android.hardware.thermal@2.0-service.mtk: parseMsg:name.c_str():SKIN
10-02 01:55:59.557   768   789 W android.hardware.thermal@2.0-service.mtk: parseMsg:tz notify:SKIN
10-02 01:55:59.557   768   789 W android.hardware.thermal@2.0-service.mtk: parseMsg: Get from client TYPE=thermal_hal_notify NAME=BATTERY
10-02 01:55:59.557   768   789 W android.hardware.thermal@2.0-service.mtk: parseMsg:name.c_str():BATTERY
10-02 01:55:59.557   768   789 W android.hardware.thermal@2.0-service.mtk: parseMsg:tz notify:BATTERY
10-02 01:55:59.557   768   789 I android.hardware.thermal@2.0-service.mtk: Wait to accept a connection
10-02 01:55:59.560   768   789 I android.hardware.thermal@2.0-impl: Sending notification:  Type: BATTERY Name: BATTERY CurrentValue: 38 ThrottlingStatus: NONE
10-02 01:55:59.560   768   789 I android.hardware.thermal@2.0-impl: sendThermalChangedCallback
10-02 01:55:59.560   768   789 I android.hardware.thermal@2.0-impl: Sending notification:  Type: SKIN Name: SKIN CurrentValue: 30.188 ThrottlingStatus: NONE
10-02 01:55:59.560   768   789 I android.hardware.thermal@2.0-impl: sendThermalChangedCallback
10-02 01:56:00.252  1035  1035 I update_engine: [INFO:delta_performer.cc(113)] Completed 381/825 operations (46%), 491307008/1045418277 bytes downloaded (46%), overall progress 46%
10-02 01:56:00.288  3898  3898 I update_engine_client: [INFO:update_engine_client_android.cc(95)] onStatusUpdate(UPDATE_STATUS_DOWNLOADING (3), 0.470702)
10-02 01:56:01.295  1375  1529 D Tile.InternetTile: handleSetListening true
10-02 01:56:01.296  1375  1529 D Tile.DndTile: handleSetListening true
10-02 01:56:01.296  1375  1375 D Tile.InternetTile: setIsAirplaneMode: icon = [visible=false,icon=2131232726,contentDescription=Airplane mode.]
10-02 01:56:01.296  1375  1375 D Tile.InternetTile: setConnectivityStatus: noDefaultNetwork = true,noValidatedNetwork = true,noNetworksAvailable = true
10-02 01:56:01.297  1162  1726 I WifiService: getConnectionInfo uid=10092
10-02 01:56:01.297  1162  1726 V WifiService: Clearing REDACT_FOR_NETWORK_SETTINGS for com.android.systemui(uid=10092)
10-02 01:56:01.297  1162  1726 V WifiService: Clearing REDACT_FOR_ACCESS_FINE_LOCATION for com.android.systemui(uid=10092)
10-02 01:56:01.298  1375  1529 D Tile.AlarmTile: handleSetListening true
10-02 01:56:01.298  1375  1375 D WifiSignalController: isWifi6: false,wifiVisible: false
10-02 01:56:01.298  1375  1375 D WifiSignalController: iconId: 17302897
10-02 01:56:01.298  1375  1529 D Tile.AirplaneModeTile: handleSetListening true
10-02 01:56:01.298  1375  1375 D Tile.InternetTile: setWifiIndicators: WifiIndicators[enabled=false,statusIcon=[visible=false,icon=17302897,contentDescription=Wifi disconnected.,No internet],qsIcon=,activityIn=false,activityOut=false,qsDescription=null,isTransient=false,statusLabel=null]
10-02 01:56:01.298  1375  1375 D Tile.InternetTile: setEthernetIndicators: icon = [visible=false,icon=0,contentDescription=Ethernet disconnected.]
10-02 01:56:01.298  1375  1375 D CallbackHandler: setListening SIGNAL, listener = InternetSignalCallback[mWifiInfo=WifiCallbackInfo[mAirplaneModeEnabled=false,mEnabled=false,mConnected=false,mWifiSignalIconId=0,mSsid=null,mActivityIn=false,mActivityOut=false,mWifiSignalContentDescription=null,mIsTransient=false,mNoDefaultNetwork=true,mNoValidatedNetwork=true,mNoNetworksAvailable=true],mCellularInfo=CellularCallbackInfo[mAirplaneModeEnabled=false,mDataSubscriptionName=null,mDataContentDescription=null,mMobileSignalIconId=0,mQsTypeIcon=0,mActivityIn=false,mActivityOut=false,mNoSim=false,mRoaming=false,mMultipleSubs=false,mNoDefaultNetwork=true,mNoValidatedNetwork=true,mNoNetworksAvailable=true],mEthernetInfo=EthernetCallbackInfo[mConnected=false,mEthernetSignalIconId=0,mEthernetContentDescription=Ethernet disconnected.]], listening = true
10-02 01:56:01.298  1375  1375 D Tile.InternetTile: setNoSims: show = false,simDetected = false
10-02 01:56:01.299  1375  1375 D CallbackHandler: handleMessage(MSG_ADD_REMOVE_SIGNAL), arg1 = 1, obj = InternetSignalCallback[mWifiInfo=WifiCallbackInfo[mAirplaneModeEnabled=false,mEnabled=false,mConnected=false,mWifiSignalIconId=0,mSsid=null,mActivityIn=false,mActivityOut=false,mWifiSignalContentDescription=null,mIsTransient=false,mNoDefaultNetwork=true,mNoValidatedNetwork=true,mNoNetworksAvailable=true],mCellularInfo=CellularCallbackInfo[mAirplaneModeEnabled=false,mDataSubscriptionName=null,mDataContentDescription=null,mMobileSignalIconId=0,mQsTypeIcon=0,mActivityIn=false,mActivityOut=false,mNoSim=false,mRoaming=false,mMultipleSubs=false,mNoDefaultNetwork=true,mNoValidatedNetwork=true,mNoNetworksAvailable=true],mEthernetInfo=EthernetCallbackInfo[mConnected=false,mEthernetSignalIconId=0,mEthernetContentDescription=Ethernet disconnected.]]
10-02 01:56:01.299  1375  1529 D Tile.DeviceControlsTile: handleSetListening true
10-02 01:56:01.299  1375  1529 D Tile.RotationLockTile: handleSetListening true
10-02 01:56:01.300  1375  1529 D Tile.BatterySaverTile: handleSetListening true
10-02 01:56:01.301  1375  1529 D Tile.CastTile: handleSetListening true
10-02 01:56:01.301  1375  1529 D Tile.CastTile: handleSetListening true
10-02 01:56:01.301  1375  1529 D Tile.ScreenRecordTile: handleSetListening true
10-02 01:56:01.301  1375  1529 D Tile.MicrophoneToggleTile: handleSetListening true
10-02 01:56:01.301  1375  1529 D Tile.BluetoothTile: handleSetListening true
10-02 01:56:01.302  1375  1529 D Tile.InternetTile: handleUpdateWifiState: WifiCallbackInfo = WifiCallbackInfo[mAirplaneModeEnabled=false,mEnabled=false,mConnected=false,mWifiSignalIconId=0,mSsid=null,mActivityIn=false,mActivityOut=false,mWifiSignalContentDescription=null,mIsTransient=false,mNoDefaultNetwork=true,mNoValidatedNetwork=true,mNoNetworksAvailable=true]
10-02 01:56:01.302  1162  1492 I WifiService: getConnectionInfo uid=10092
10-02 01:56:01.302  1375  1529 D Tile.InternetTile: handleUpdateWifiState: SignalState = SignalState[spec=internet,icon=ResourceIcon[resId=0x7f080628],iconSupplier=null,label=Internet,secondaryLabel=Networks unavailable,contentDescription=Internet,,Networks unavailable,stateDescription=,dualLabelContentDescription=Open Internet settings.,expandedAccessibilityClassName=android.widget.Switch,disabledByPolicy=false,dualTarget=true,isTransient=false,state=2,slash="isSlashed=false,rotation=6.0",sideViewCustomDrawable=null,value=false,forceExpandIcon=true,activityIn=false,activityOut=false]
10-02 01:56:01.302  1162  1492 V WifiService: Clearing REDACT_FOR_NETWORK_SETTINGS for com.android.systemui(uid=10092)
10-02 01:56:01.302  1162  1492 V WifiService: Clearing REDACT_FOR_ACCESS_FINE_LOCATION for com.android.systemui(uid=10092)
10-02 01:56:01.303  1375  1529 D Tile.InternetTile: handleUpdateWifiState: WifiCallbackInfo = WifiCallbackInfo[mAirplaneModeEnabled=false,mEnabled=false,mConnected=false,mWifiSignalIconId=0,mSsid=null,mActivityIn=false,mActivityOut=false,mWifiSignalContentDescription=null,mIsTransient=false,mNoDefaultNetwork=true,mNoValidatedNetwork=true,mNoNetworksAvailable=true]
10-02 01:56:01.303  1375  1529 D Tile.InternetTile: handleUpdateWifiState: SignalState = SignalState[spec=internet,icon=ResourceIcon[resId=0x7f080628],iconSupplier=null,label=Internet,secondaryLabel=Networks unavailable,contentDescription=Internet,,Networks unavailable,stateDescription=,dualLabelContentDescription=Open Internet settings.,expandedAccessibilityClassName=android.widget.Switch,disabledByPolicy=false,dualTarget=true,isTransient=false,state=2,slash="isSlashed=false,rotation=6.0",sideViewCustomDrawable=null,value=false,forceExpandIcon=true,activityIn=false,activityOut=false]
10-02 01:56:01.303  1375  1375 D WifiSignalController: isWifi6: false,wifiVisible: false
10-02 01:56:01.303  1375  1375 D WifiSignalController: iconId: 17302897
10-02 01:56:01.303  1375  1375 D CallbackHandler: setListening SIGNAL, listener = com.android.systemui.qs.tiles.CastTile$1@79587e1, listening = true
10-02 01:56:01.304  1375  1375 D CallbackHandler: handleMessage(MSG_ADD_REMOVE_SIGNAL), arg1 = 1, obj = com.android.systemui.qs.tiles.CastTile$1@79587e1
10-02 01:56:01.304  1375  1529 D ControlsListingControllerImpl: Subscribing callback, service count: 0
10-02 01:56:01.308  1375  1529 D Tile.InternetTile: handleSetListening false
10-02 01:56:01.309  1375  1375 D CallbackHandler: setListening SIGNAL, listener = InternetSignalCallback[mWifiInfo=WifiCallbackInfo[mAirplaneModeEnabled=false,mEnabled=false,mConnected=false,mWifiSignalIconId=0,mSsid=null,mActivityIn=false,mActivityOut=false,mWifiSignalContentDescription=null,mIsTransient=false,mNoDefaultNetwork=true,mNoValidatedNetwork=true,mNoNetworksAvailable=true],mCellularInfo=CellularCallbackInfo[mAirplaneModeEnabled=false,mDataSubscriptionName=null,mDataContentDescription=null,mMobileSignalIconId=0,mQsTypeIcon=0,mActivityIn=false,mActivityOut=false,mNoSim=false,mRoaming=false,mMultipleSubs=false,mNoDefaultNetwork=true,mNoValidatedNetwork=true,mNoNetworksAvailable=true],mEthernetInfo=EthernetCallbackInfo[mConnected=false,mEthernetSignalIconId=0,mEthernetContentDescription=Ethernet disconnected.]], listening = false
10-02 01:56:01.309  1375  1375 D CallbackHandler: handleMessage(MSG_ADD_REMOVE_SIGNAL), arg1 = 0, obj = InternetSignalCallback[mWifiInfo=WifiCallbackInfo[mAirplaneModeEnabled=false,mEnabled=false,mConnected=false,mWifiSignalIconId=0,mSsid=null,mActivityIn=false,mActivityOut=false,mWifiSignalContentDescription=null,mIsTransient=false,mNoDefaultNetwork=true,mNoValidatedNetwork=true,mNoNetworksAvailable=true],mCellularInfo=CellularCallbackInfo[mAirplaneModeEnabled=false,mDataSubscriptionName=null,mDataContentDescription=null,mMobileSignalIconId=0,mQsTypeIcon=0,mActivityIn=false,mActivityOut=false,mNoSim=false,mRoaming=false,mMultipleSubs=false,mNoDefaultNetwork=true,mNoValidatedNetwork=true,mNoNetworksAvailable=true],mEthernetInfo=EthernetCallbackInfo[mConnected=false,mEthernetSignalIconId=0,mEthernetContentDescription=Ethernet disconnected.]]
10-02 01:56:01.310  1375  1529 D Tile.DndTile: handleSetListening false
10-02 01:56:01.311  1375  1529 D Tile.AlarmTile: handleSetListening false
10-02 01:56:01.311  1375  1529 D Tile.AirplaneModeTile: handleSetListening false
10-02 01:56:01.312  1375  1529 D Tile.DeviceControlsTile: handleSetListening false
10-02 01:56:01.312  1375  1529 D Tile.RotationLockTile: handleSetListening false
10-02 01:56:01.312  1375  1529 D Tile.BatterySaverTile: handleSetListening false
10-02 01:56:01.313  1375  1529 D Tile.CastTile: handleSetListening false
10-02 01:56:01.313  1375  1529 D Tile.CastTile: handleSetListening false
10-02 01:56:01.314  1375  1529 D Tile.ScreenRecordTile: handleSetListening false
10-02 01:56:01.314  1375  1375 D CallbackHandler: setListening SIGNAL, listener = com.android.systemui.qs.tiles.CastTile$1@79587e1, listening = false
10-02 01:56:01.314  1375  1529 D Tile.MicrophoneToggleTile: handleSetListening false
10-02 01:56:01.314  1375  1375 D CallbackHandler: handleMessage(MSG_ADD_REMOVE_SIGNAL), arg1 = 0, obj = com.android.systemui.qs.tiles.CastTile$1@79587e1
10-02 01:56:01.314  1375  1529 D Tile.BluetoothTile: handleSetListening false
10-02 01:56:01.315  1375  1529 D ControlsListingControllerImpl: Unsubscribing callback
10-02 01:56:01.714   533   533 I servicemanager: Could not find vendor.mediatek.hardware.mtkradioex.modem.IMtkRadioExModem/slot1 in the VINTF manifest.
10-02 01:56:01.714   534   534 I hwservicemanager: getTransport: Cannot find entry vendor.mediatek.hardware.mtkradioex@3.0::IMtkRadioEx/mtkCap1 in either framework or device VINTF manifest.
10-02 01:56:01.715   534   534 I hwservicemanager: getTransport: Cannot find entry vendor.mediatek.hardware.mtkradioex@2.0::IMtkRadioEx/mtkCap1 in either framework or device VINTF manifest.
10-02 01:56:02.558   768   789 W android.hardware.thermal@2.0-service.mtk: parseMsg: Get from client TYPE=thermal_hal_notify NAME=SKIN
10-02 01:56:02.558   768   789 W android.hardware.thermal@2.0-service.mtk: parseMsg:name.c_str():SKIN
10-02 01:56:02.558   768   789 W android.hardware.thermal@2.0-service.mtk: parseMsg:tz notify:SKIN
10-02 01:56:02.558   768   789 W android.hardware.thermal@2.0-service.mtk: parseMsg: Get from client TYPE=thermal_hal_notify NAME=BATTERY
10-02 01:56:02.558   768   789 W android.hardware.thermal@2.0-service.mtk: parseMsg:name.c_str():BATTERY
10-02 01:56:02.558   768   789 W android.hardware.thermal@2.0-service.mtk: parseMsg:tz notify:BATTERY
10-02 01:56:02.558   768   789 I android.hardware.thermal@2.0-service.mtk: Wait to accept a connection
10-02 01:56:02.560   768   789 I android.hardware.thermal@2.0-impl: Sending notification:  Type: BATTERY Name: BATTERY CurrentValue: 38 ThrottlingStatus: NONE
10-02 01:56:02.560   768   789 I android.hardware.thermal@2.0-impl: sendThermalChangedCallback
10-02 01:56:02.560   768   789 I android.hardware.thermal@2.0-impl: Sending notification:  Type: SKIN Name: SKIN CurrentValue: 30.188 ThrottlingStatus: NONE
10-02 01:56:02.560   768   789 I android.hardware.thermal@2.0-impl: sendThermalChangedCallback
10-02 01:56:04.890  1375  1375 D KeyguardUpdateMonitor: received broadcast android.intent.action.BATTERY_CHANGED
10-02 01:56:04.891  1375  1375 D KeyguardUpdateMonitor: handleBatteryUpdate
10-02 01:56:04.891  1375  2367 D PowerUI : can't show warning due to - plugged: true status unknown: false
10-02 01:56:04.896  1375  1375 D KeyguardUpdateMonitor: received broadcast android.intent.action.BATTERY_CHANGED
10-02 01:56:04.896  1375  1375 D KeyguardUpdateMonitor: handleBatteryUpdate
10-02 01:56:04.896  1375  2735 D PowerUI : can't show warning due to - plugged: true status unknown: false
10-02 01:56:04.930  3898  3898 I update_engine_client: [INFO:update_engine_client_android.cc(95)] onStatusUpdate(UPDATE_STATUS_DOWNLOADING (3), 0.480717)
10-02 01:56:05.558   768   789 W android.hardware.thermal@2.0-service.mtk: parseMsg: Get from client TYPE=thermal_hal_notify NAME=SKIN
10-02 01:56:05.558   768   789 W android.hardware.thermal@2.0-service.mtk: parseMsg:name.c_str():SKIN
10-02 01:56:05.558   768   789 W android.hardware.thermal@2.0-service.mtk: parseMsg:tz notify:SKIN
10-02 01:56:05.558   768   789 W android.hardware.thermal@2.0-service.mtk: parseMsg: Get from client TYPE=thermal_hal_notify NAME=BATTERY
10-02 01:56:05.558   768   789 W android.hardware.thermal@2.0-service.mtk: parseMsg:name.c_str():BATTERY
10-02 01:56:05.558   768   789 W android.hardware.thermal@2.0-service.mtk: parseMsg:tz notify:BATTERY
10-02 01:56:05.558   768   789 I android.hardware.thermal@2.0-service.mtk: Wait to accept a connection
10-02 01:56:05.561   768   789 I android.hardware.thermal@2.0-impl: Sending notification:  Type: BATTERY Name: BATTERY CurrentValue: 38 ThrottlingStatus: NONE
10-02 01:56:05.561   768   789 I android.hardware.thermal@2.0-impl: sendThermalChangedCallback
10-02 01:56:05.561   768   789 I android.hardware.thermal@2.0-impl: Sending notification:  Type: SKIN Name: SKIN CurrentValue: 30.188 ThrottlingStatus: NONE
10-02 01:56:05.561   768   789 I android.hardware.thermal@2.0-impl: sendThermalChangedCallback
10-02 01:56:05.718   533   533 I servicemanager: Could not find vendor.mediatek.hardware.mtkradioex.modem.IMtkRadioExModem/slot1 in the VINTF manifest.
10-02 01:56:05.718   534   534 I hwservicemanager: getTransport: Cannot find entry vendor.mediatek.hardware.mtkradioex@3.0::IMtkRadioEx/mtkCap1 in either framework or device VINTF manifest.
10-02 01:56:05.719   534   534 I hwservicemanager: getTransport: Cannot find entry vendor.mediatek.hardware.mtkradioex@2.0::IMtkRadioEx/mtkCap1 in either framework or device VINTF manifest.
10-02 01:56:08.559   768   789 W android.hardware.thermal@2.0-service.mtk: parseMsg: Get from client TYPE=thermal_hal_notify NAME=SKIN
10-02 01:56:08.559   768   789 W android.hardware.thermal@2.0-service.mtk: parseMsg:name.c_str():SKIN
10-02 01:56:08.559   768   789 W android.hardware.thermal@2.0-service.mtk: parseMsg:tz notify:SKIN
10-02 01:56:08.559   768   789 W android.hardware.thermal@2.0-service.mtk: parseMsg: Get from client TYPE=thermal_hal_notify NAME=BATTERY
10-02 01:56:08.559   768   789 W android.hardware.thermal@2.0-service.mtk: parseMsg:name.c_str():BATTERY
10-02 01:56:08.559   768   789 W android.hardware.thermal@2.0-service.mtk: parseMsg:tz notify:BATTERY
10-02 01:56:08.559   768   789 I android.hardware.thermal@2.0-service.mtk: Wait to accept a connection
10-02 01:56:08.561   768   789 I android.hardware.thermal@2.0-impl: Sending notification:  Type: BATTERY Name: BATTERY CurrentValue: 38 ThrottlingStatus: NONE
10-02 01:56:08.561   768   789 I android.hardware.thermal@2.0-impl: sendThermalChangedCallback
10-02 01:56:08.562   768   789 I android.hardware.thermal@2.0-impl: Sending notification:  Type: SKIN Name: SKIN CurrentValue: 30.283 ThrottlingStatus: NONE
10-02 01:56:08.562   768   789 I android.hardware.thermal@2.0-impl: sendThermalChangedCallback
10-02 01:56:09.565  3898  3898 I update_engine_client: [INFO:update_engine_client_android.cc(95)] onStatusUpdate(UPDATE_STATUS_DOWNLOADING (3), 0.490731)
10-02 01:56:09.724   533   533 I servicemanager: Could not find vendor.mediatek.hardware.mtkradioex.modem.IMtkRadioExModem/slot1 in the VINTF manifest.
10-02 01:56:09.725   534   534 I hwservicemanager: getTransport: Cannot find entry vendor.mediatek.hardware.mtkradioex@3.0::IMtkRadioEx/mtkCap1 in either framework or device VINTF manifest.
10-02 01:56:09.725   534   534 I hwservicemanager: getTransport: Cannot find entry vendor.mediatek.hardware.mtkradioex@2.0::IMtkRadioEx/mtkCap1 in either framework or device VINTF manifest.
10-02 01:56:11.559   768   789 W android.hardware.thermal@2.0-service.mtk: parseMsg: Get from client TYPE=thermal_hal_notify NAME=SKIN
10-02 01:56:11.559   768   789 W android.hardware.thermal@2.0-service.mtk: parseMsg:name.c_str():SKIN
10-02 01:56:11.559   768   789 W android.hardware.thermal@2.0-service.mtk: parseMsg:tz notify:SKIN
10-02 01:56:11.559   768   789 W android.hardware.thermal@2.0-service.mtk: parseMsg: Get from client TYPE=thermal_hal_notify NAME=BATTERY
10-02 01:56:11.559   768   789 W android.hardware.thermal@2.0-service.mtk: parseMsg:name.c_str():BATTERY
10-02 01:56:11.559   768   789 W android.hardware.thermal@2.0-service.mtk: parseMsg:tz notify:BATTERY
10-02 01:56:11.559   768   789 I android.hardware.thermal@2.0-service.mtk: Wait to accept a connection
10-02 01:56:11.562   768   789 I android.hardware.thermal@2.0-impl: Sending notification:  Type: BATTERY Name: BATTERY CurrentValue: 38 ThrottlingStatus: NONE
10-02 01:56:11.562   768   789 I android.hardware.thermal@2.0-impl: sendThermalChangedCallback
10-02 01:56:11.562   768   789 I android.hardware.thermal@2.0-impl: Sending notification:  Type: SKIN Name: SKIN CurrentValue: 30.283 ThrottlingStatus: NONE
10-02 01:56:11.562   768   789 I android.hardware.thermal@2.0-impl: sendThermalChangedCallback
10-02 01:56:13.655  3898  3898 I update_engine_client: [INFO:update_engine_client_android.cc(95)] onStatusUpdate(UPDATE_STATUS_DOWNLOADING (3), 0.500746)
10-02 01:56:13.731   533   533 I servicemanager: Could not find vendor.mediatek.hardware.mtkradioex.modem.IMtkRadioExModem/slot1 in the VINTF manifest.
10-02 01:56:13.731   534   534 I hwservicemanager: getTransport: Cannot find entry vendor.mediatek.hardware.mtkradioex@3.0::IMtkRadioEx/mtkCap1 in either framework or device VINTF manifest.
10-02 01:56:13.732   534   534 I hwservicemanager: getTransport: Cannot find entry vendor.mediatek.hardware.mtkradioex@2.0::IMtkRadioEx/mtkCap1 in either framework or device VINTF manifest.
10-02 01:56:14.212  1162  1186 D AES     : AEEIOCTL_GET/SET_SF_STATE IOCTL,cmd= 1074294797, lParam=0. 
10-02 01:56:14.212  1162  1186 D AES     : AEEIOCTL_RT_MON_Kick IOCTL,cmd= 2147774474, lParam=300. 
10-02 01:56:14.560   768   789 W android.hardware.thermal@2.0-service.mtk: parseMsg: Get from client TYPE=thermal_hal_notify NAME=SKIN
10-02 01:56:14.560   768   789 W android.hardware.thermal@2.0-service.mtk: parseMsg:name.c_str():SKIN
10-02 01:56:14.560   768   789 W android.hardware.thermal@2.0-service.mtk: parseMsg:tz notify:SKIN
10-02 01:56:14.560   768   789 W android.hardware.thermal@2.0-service.mtk: parseMsg: Get from client TYPE=thermal_hal_notify NAME=BATTERY
10-02 01:56:14.560   768   789 W android.hardware.thermal@2.0-service.mtk: parseMsg:name.c_str():BATTERY
10-02 01:56:14.560   768   789 W android.hardware.thermal@2.0-service.mtk: parseMsg:tz notify:BATTERY
10-02 01:56:14.560   768   789 I android.hardware.thermal@2.0-service.mtk: Wait to accept a connection
10-02 01:56:14.563   768   789 I android.hardware.thermal@2.0-impl: Sending notification:  Type: BATTERY Name: BATTERY CurrentValue: 38 ThrottlingStatus: NONE
10-02 01:56:14.563   768   789 I android.hardware.thermal@2.0-impl: sendThermalChangedCallback
10-02 01:56:14.563   768   789 I android.hardware.thermal@2.0-impl: Sending notification:  Type: SKIN Name: SKIN CurrentValue: 30.283 ThrottlingStatus: NONE
10-02 01:56:14.563   768   789 I android.hardware.thermal@2.0-impl: sendThermalChangedCallback
10-02 01:56:17.561   768   789 W android.hardware.thermal@2.0-service.mtk: parseMsg: Get from client TYPE=thermal_hal_notify NAME=SKIN
10-02 01:56:17.561   768   789 W android.hardware.thermal@2.0-service.mtk: parseMsg:name.c_str():SKIN
10-02 01:56:17.561   768   789 W android.hardware.thermal@2.0-service.mtk: parseMsg:tz notify:SKIN
10-02 01:56:17.561   768   789 W android.hardware.thermal@2.0-service.mtk: parseMsg: Get from client TYPE=thermal_hal_notify NAME=BATTERY
10-02 01:56:17.561   768   789 W android.hardware.thermal@2.0-service.mtk: parseMsg:name.c_str():BATTERY
10-02 01:56:17.561   768   789 W android.hardware.thermal@2.0-service.mtk: parseMsg:tz notify:BATTERY
10-02 01:56:17.561   768   789 I android.hardware.thermal@2.0-service.mtk: Wait to accept a connection
10-02 01:56:17.564   768   789 I android.hardware.thermal@2.0-impl: Sending notification:  Type: BATTERY Name: BATTERY CurrentValue: 38 ThrottlingStatus: NONE
10-02 01:56:17.564   768   789 I android.hardware.thermal@2.0-impl: sendThermalChangedCallback
10-02 01:56:17.564   768   789 I android.hardware.thermal@2.0-impl: Sending notification:  Type: SKIN Name: SKIN CurrentValue: 30.283 ThrottlingStatus: NONE
10-02 01:56:17.564   768   789 I android.hardware.thermal@2.0-impl: sendThermalChangedCallback
10-02 01:56:17.737   533   533 I servicemanager: Could not find vendor.mediatek.hardware.mtkradioex.modem.IMtkRadioExModem/slot1 in the VINTF manifest.
