10-02 01:58:44.599   768   789 I android.hardware.thermal@2.0-impl: sendThermalChangedCallback
10-02 01:58:44.600   768   789 I android.hardware.thermal@2.0-impl: Sending notification:  Type: SKIN Name: SKIN CurrentValue: 30.754 ThrottlingStatus: NONE
10-02 01:58:44.600   768   789 I android.hardware.thermal@2.0-impl: sendThermalChangedCallback
10-02 01:58:45.171  1375  1375 D KeyguardUpdateMonitor: received broadcast android.intent.action.BATTERY_CHANGED
10-02 01:58:45.171  1375  1375 D KeyguardUpdateMonitor: handleBatteryUpdate
10-02 01:58:45.171  1375  2367 D PowerUI : can't show warning due to - plugged: true status unknown: false
10-02 01:58:45.688  3898  3898 I update_engine_client: [INFO:update_engine_client_android.cc(95)] onStatusUpdate(UPDATE_STATUS_DOWNLOADING (3), 0.809817)
10-02 01:58:45.922   533   533 I servicemanager: Could not find vendor.mediatek.hardware.mtkradioex.modem.IMtkRadioExModem/slot1 in the VINTF manifest.
10-02 01:58:45.923   534   534 I hwservicemanager: getTransport: Cannot find entry vendor.mediatek.hardware.mtkradioex@3.0::IMtkRadioEx/mtkCap1 in either framework or device VINTF manifest.
10-02 01:58:45.923   534   534 I hwservicemanager: getTransport: Cannot find entry vendor.mediatek.hardware.mtkradioex@2.0::IMtkRadioEx/mtkCap1 in either framework or device VINTF manifest.
10-02 01:58:47.597   768   789 W android.hardware.thermal@2.0-service.mtk: parseMsg: Get from client TYPE=thermal_hal_notify NAME=SKIN
10-02 01:58:47.597   768   789 W android.hardware.thermal@2.0-service.mtk: parseMsg:name.c_str():SKIN
10-02 01:58:47.597   768   789 W android.hardware.thermal@2.0-service.mtk: parseMsg:tz notify:SKIN
10-02 01:58:47.597   768   789 W android.hardware.thermal@2.0-service.mtk: parseMsg: Get from client TYPE=thermal_hal_notify NAME=BATTERY
10-02 01:58:47.597   768   789 W android.hardware.thermal@2.0-service.mtk: parseMsg:name.c_str():BATTERY
10-02 01:58:47.597   768   789 W android.hardware.thermal@2.0-service.mtk: parseMsg:tz notify:BATTERY
10-02 01:58:47.598   768   789 I android.hardware.thermal@2.0-service.mtk: Wait to accept a connection
10-02 01:58:47.600   768   789 I android.hardware.thermal@2.0-impl: Sending notification:  Type: BATTERY Name: BATTERY CurrentValue: 38 ThrottlingStatus: NONE
10-02 01:58:47.600   768   789 I android.hardware.thermal@2.0-impl: sendThermalChangedCallback
10-02 01:58:47.600   768   789 I android.hardware.thermal@2.0-impl: Sending notification:  Type: SKIN Name: SKIN CurrentValue: 30.754 ThrottlingStatus: NONE
10-02 01:58:47.600   768   789 I android.hardware.thermal@2.0-impl: sendThermalChangedCallback
10-02 01:58:49.928   533   533 I servicemanager: Could not find vendor.mediatek.hardware.mtkradioex.modem.IMtkRadioExModem/slot1 in the VINTF manifest.
10-02 01:58:49.929   534   534 I hwservicemanager: getTransport: Cannot find entry vendor.mediatek.hardware.mtkradioex@3.0::IMtkRadioEx/mtkCap1 in either framework or device VINTF manifest.
10-02 01:58:49.930   534   534 I hwservicemanager: getTransport: Cannot find entry vendor.mediatek.hardware.mtkradioex@2.0::IMtkRadioEx/mtkCap1 in either framework or device VINTF manifest.
10-02 01:58:50.255  3898  3898 I update_engine_client: [INFO:update_engine_client_android.cc(95)] onStatusUpdate(UPDATE_STATUS_DOWNLOADING (3), 0.819832)
10-02 01:58:50.598   768   789 W android.hardware.thermal@2.0-service.mtk: parseMsg: Get from client TYPE=thermal_hal_notify NAME=SKIN
10-02 01:58:50.598   768   789 W android.hardware.thermal@2.0-service.mtk: parseMsg:name.c_str():SKIN
10-02 01:58:50.598   768   789 W android.hardware.thermal@2.0-service.mtk: parseMsg:tz notify:SKIN
10-02 01:58:50.598   768   789 W android.hardware.thermal@2.0-service.mtk: parseMsg: Get from client TYPE=thermal_hal_notify NAME=BATTERY
10-02 01:58:50.598   768   789 W android.hardware.thermal@2.0-service.mtk: parseMsg:name.c_str():BATTERY
10-02 01:58:50.598   768   789 W android.hardware.thermal@2.0-service.mtk: parseMsg:tz notify:BATTERY
10-02 01:58:50.598   768   789 I android.hardware.thermal@2.0-service.mtk: Wait to accept a connection
10-02 01:58:50.600   768   789 I android.hardware.thermal@2.0-impl: Sending notification:  Type: BATTERY Name: BATTERY CurrentValue: 38 ThrottlingStatus: NONE
10-02 01:58:50.601   768   789 I android.hardware.thermal@2.0-impl: sendThermalChangedCallback
10-02 01:58:50.601   768   789 I android.hardware.thermal@2.0-impl: Sending notification:  Type: SKIN Name: SKIN CurrentValue: 30.754 ThrottlingStatus: NONE
10-02 01:58:50.601   768   789 I android.hardware.thermal@2.0-impl: sendThermalChangedCallback
10-02 01:58:52.537   776   794 D power@timer: [mtkPowerTimer] visRead:0
10-02 01:58:53.598   768   789 W android.hardware.thermal@2.0-service.mtk: parseMsg: Get from client TYPE=thermal_hal_notify NAME=SKIN
10-02 01:58:53.598   768   789 W android.hardware.thermal@2.0-service.mtk: parseMsg:name.c_str():SKIN
10-02 01:58:53.598   768   789 W android.hardware.thermal@2.0-service.mtk: parseMsg:tz notify:SKIN
10-02 01:58:53.598   768   789 W android.hardware.thermal@2.0-service.mtk: parseMsg: Get from client TYPE=thermal_hal_notify NAME=BATTERY
10-02 01:58:53.598   768   789 W android.hardware.thermal@2.0-service.mtk: parseMsg:name.c_str():BATTERY
10-02 01:58:53.598   768   789 W android.hardware.thermal@2.0-service.mtk: parseMsg:tz notify:BATTERY
10-02 01:58:53.599   768   789 I android.hardware.thermal@2.0-service.mtk: Wait to accept a connection
10-02 01:58:53.601   768   789 I android.hardware.thermal@2.0-impl: Sending notification:  Type: BATTERY Name: BATTERY CurrentValue: 38 ThrottlingStatus: NONE
10-02 01:58:53.601   768   789 I android.hardware.thermal@2.0-impl: sendThermalChangedCallback
10-02 01:58:53.601   768   789 I android.hardware.thermal@2.0-impl: Sending notification:  Type: SKIN Name: SKIN CurrentValue: 30.754 ThrottlingStatus: NONE
10-02 01:58:53.601   768   789 I android.hardware.thermal@2.0-impl: sendThermalChangedCallback
10-02 01:58:53.935   533   533 I servicemanager: Could not find vendor.mediatek.hardware.mtkradioex.modem.IMtkRadioExModem/slot1 in the VINTF manifest.
10-02 01:58:53.935   534   534 I hwservicemanager: getTransport: Cannot find entry vendor.mediatek.hardware.mtkradioex@3.0::IMtkRadioEx/mtkCap1 in either framework or device VINTF manifest.
10-02 01:58:53.936   534   534 I hwservicemanager: getTransport: Cannot find entry vendor.mediatek.hardware.mtkradioex@2.0::IMtkRadioEx/mtkCap1 in either framework or device VINTF manifest.
10-02 01:58:55.013  3898  3898 I update_engine_client: [INFO:update_engine_client_android.cc(95)] onStatusUpdate(UPDATE_STATUS_DOWNLOADING (3), 0.829846)
10-02 01:58:56.599   768   789 W android.hardware.thermal@2.0-service.mtk: parseMsg: Get from client TYPE=thermal_hal_notify NAME=SKIN
10-02 01:58:56.599   768   789 W android.hardware.thermal@2.0-service.mtk: parseMsg:name.c_str():SKIN
10-02 01:58:56.599   768   789 W android.hardware.thermal@2.0-service.mtk: parseMsg:tz notify:SKIN
10-02 01:58:56.600   768   789 W android.hardware.thermal@2.0-service.mtk: parseMsg: Get from client TYPE=thermal_hal_notify NAME=BATTERY
10-02 01:58:56.600   768   789 W android.hardware.thermal@2.0-service.mtk: parseMsg:name.c_str():BATTERY
10-02 01:58:56.600   768   789 W android.hardware.thermal@2.0-service.mtk: parseMsg:tz notify:BATTERY
10-02 01:58:56.600   768   789 I android.hardware.thermal@2.0-service.mtk: Wait to accept a connection
10-02 01:58:56.603   768   789 I android.hardware.thermal@2.0-impl: Sending notification:  Type: BATTERY Name: BATTERY CurrentValue: 38 ThrottlingStatus: NONE
10-02 01:58:56.603   768   789 I android.hardware.thermal@2.0-impl: sendThermalChangedCallback
10-02 01:58:56.603   768   789 I android.hardware.thermal@2.0-impl: Sending notification:  Type: SKIN Name: SKIN CurrentValue: 30.754 ThrottlingStatus: NONE
10-02 01:58:56.603   768   789 I android.hardware.thermal@2.0-impl: sendThermalChangedCallback
10-02 01:58:57.938   533   533 I servicemanager: Could not find vendor.mediatek.hardware.mtkradioex.modem.IMtkRadioExModem/slot1 in the VINTF manifest.
10-02 01:58:57.938   534   534 I hwservicemanager: getTransport: Cannot find entry vendor.mediatek.hardware.mtkradioex@3.0::IMtkRadioEx/mtkCap1 in either framework or device VINTF manifest.
10-02 01:58:57.939   534   534 I hwservicemanager: getTransport: Cannot find entry vendor.mediatek.hardware.mtkradioex@2.0::IMtkRadioEx/mtkCap1 in either framework or device VINTF manifest.
10-02 01:58:59.600   768   789 W android.hardware.thermal@2.0-service.mtk: parseMsg: Get from client TYPE=thermal_hal_notify NAME=SKIN
10-02 01:58:59.600   768   789 W android.hardware.thermal@2.0-service.mtk: parseMsg:name.c_str():SKIN
10-02 01:58:59.600   768   789 W android.hardware.thermal@2.0-service.mtk: parseMsg:tz notify:SKIN
10-02 01:58:59.600   768   789 W android.hardware.thermal@2.0-service.mtk: parseMsg: Get from client TYPE=thermal_hal_notify NAME=BATTERY
10-02 01:58:59.600   768   789 W android.hardware.thermal@2.0-service.mtk: parseMsg:name.c_str():BATTERY
10-02 01:58:59.600   768   789 W android.hardware.thermal@2.0-service.mtk: parseMsg:tz notify:BATTERY
10-02 01:58:59.601   768   789 I android.hardware.thermal@2.0-service.mtk: Wait to accept a connection
10-02 01:58:59.603   768   789 I android.hardware.thermal@2.0-impl: Sending notification:  Type: BATTERY Name: BATTERY CurrentValue: 38 ThrottlingStatus: NONE
10-02 01:58:59.604   768   789 I android.hardware.thermal@2.0-impl: sendThermalChangedCallback
10-02 01:58:59.604   768   789 I android.hardware.thermal@2.0-impl: Sending notification:  Type: SKIN Name: SKIN CurrentValue: 30.754 ThrottlingStatus: NONE
10-02 01:58:59.604   768   789 I android.hardware.thermal@2.0-impl: sendThermalChangedCallback
10-02 01:58:59.772  3898  3898 I update_engine_client: [INFO:update_engine_client_android.cc(95)] onStatusUpdate(UPDATE_STATUS_DOWNLOADING (3), 0.839861)
10-02 01:59:01.942   533   533 I servicemanager: Could not find vendor.mediatek.hardware.mtkradioex.modem.IMtkRadioExModem/slot1 in the VINTF manifest.
10-02 01:59:01.942   534   534 I hwservicemanager: getTransport: Cannot find entry vendor.mediatek.hardware.mtkradioex@3.0::IMtkRadioEx/mtkCap1 in either framework or device VINTF manifest.
10-02 01:59:01.943   534   534 I hwservicemanager: getTransport: Cannot find entry vendor.mediatek.hardware.mtkradioex@2.0::IMtkRadioEx/mtkCap1 in either framework or device VINTF manifest.
10-02 01:59:02.601   768   789 W android.hardware.thermal@2.0-service.mtk: parseMsg: Get from client TYPE=thermal_hal_notify NAME=SKIN
10-02 01:59:02.601   768   789 W android.hardware.thermal@2.0-service.mtk: parseMsg:name.c_str():SKIN
10-02 01:59:02.601   768   789 W android.hardware.thermal@2.0-service.mtk: parseMsg:tz notify:SKIN
10-02 01:59:02.601   768   789 W android.hardware.thermal@2.0-service.mtk: parseMsg: Get from client TYPE=thermal_hal_notify NAME=BATTERY
10-02 01:59:02.601   768   789 W android.hardware.thermal@2.0-service.mtk: parseMsg:name.c_str():BATTERY
10-02 01:59:02.601   768   789 W android.hardware.thermal@2.0-service.mtk: parseMsg:tz notify:BATTERY
10-02 01:59:02.601   768   789 I android.hardware.thermal@2.0-service.mtk: Wait to accept a connection
10-02 01:59:02.604   768   789 I android.hardware.thermal@2.0-impl: Sending notification:  Type: BATTERY Name: BATTERY CurrentValue: 38 ThrottlingStatus: NONE
10-02 01:59:02.604   768   789 I android.hardware.thermal@2.0-impl: sendThermalChangedCallback
10-02 01:59:02.604   768   789 I android.hardware.thermal@2.0-impl: Sending notification:  Type: SKIN Name: SKIN CurrentValue: 30.754 ThrottlingStatus: NONE
10-02 01:59:02.604   768   789 I android.hardware.thermal@2.0-impl: sendThermalChangedCallback
10-02 01:59:04.126  3898  3898 I update_engine_client: [INFO:update_engine_client_android.cc(95)] onStatusUpdate(UPDATE_STATUS_DOWNLOADING (3), 0.849875)
10-02 01:59:05.176  1375  1375 D KeyguardUpdateMonitor: received broadcast android.intent.action.BATTERY_CHANGED
10-02 01:59:05.177  1375  2735 D PowerUI : can't show warning due to - plugged: true status unknown: false
10-02 01:59:05.177  1375  1375 D KeyguardUpdateMonitor: handleBatteryUpdate
10-02 01:59:05.183  1375  1375 D KeyguardUpdateMonitor: received broadcast android.intent.action.BATTERY_CHANGED
10-02 01:59:05.184  1375  2734 D PowerUI : can't show warning due to - plugged: true status unknown: false
10-02 01:59:05.184  1375  1375 D KeyguardUpdateMonitor: handleBatteryUpdate
10-02 01:59:05.601   768   789 W android.hardware.thermal@2.0-service.mtk: parseMsg: Get from client TYPE=thermal_hal_notify NAME=SKIN
10-02 01:59:05.601   768   789 W android.hardware.thermal@2.0-service.mtk: parseMsg:name.c_str():SKIN
10-02 01:59:05.601   768   789 W android.hardware.thermal@2.0-service.mtk: parseMsg:tz notify:SKIN
10-02 01:59:05.601   768   789 W android.hardware.thermal@2.0-service.mtk: parseMsg: Get from client TYPE=thermal_hal_notify NAME=BATTERY
10-02 01:59:05.602   768   789 W android.hardware.thermal@2.0-service.mtk: parseMsg:name.c_str():BATTERY
10-02 01:59:05.602   768   789 W android.hardware.thermal@2.0-service.mtk: parseMsg:tz notify:BATTERY
10-02 01:59:05.602   768   789 I android.hardware.thermal@2.0-service.mtk: Wait to accept a connection
10-02 01:59:05.604   768   789 I android.hardware.thermal@2.0-impl: Sending notification:  Type: BATTERY Name: BATTERY CurrentValue: 38 ThrottlingStatus: NONE
10-02 01:59:05.604   768   789 I android.hardware.thermal@2.0-impl: sendThermalChangedCallback
10-02 01:59:05.604   768   789 I android.hardware.thermal@2.0-impl: Sending notification:  Type: SKIN Name: SKIN CurrentValue: 30.754 ThrottlingStatus: NONE
10-02 01:59:05.604   768   789 I android.hardware.thermal@2.0-impl: sendThermalChangedCallback
10-02 01:59:05.948   533   533 I servicemanager: Could not find vendor.mediatek.hardware.mtkradioex.modem.IMtkRadioExModem/slot1 in the VINTF manifest.
10-02 01:59:05.949   534   534 I hwservicemanager: getTransport: Cannot find entry vendor.mediatek.hardware.mtkradioex@3.0::IMtkRadioEx/mtkCap1 in either framework or device VINTF manifest.
10-02 01:59:05.949   534   534 I hwservicemanager: getTransport: Cannot find entry vendor.mediatek.hardware.mtkradioex@2.0::IMtkRadioEx/mtkCap1 in either framework or device VINTF manifest.
10-02 01:59:08.509  3898  3898 I update_engine_client: [INFO:update_engine_client_android.cc(95)] onStatusUpdate(UPDATE_STATUS_DOWNLOADING (3), 0.85989)
10-02 01:59:08.602   768   789 W android.hardware.thermal@2.0-service.mtk: parseMsg: Get from client TYPE=thermal_hal_notify NAME=SKIN
10-02 01:59:08.602   768   789 W android.hardware.thermal@2.0-service.mtk: parseMsg:name.c_str():SKIN
10-02 01:59:08.602   768   789 W android.hardware.thermal@2.0-service.mtk: parseMsg:tz notify:SKIN
10-02 01:59:08.602   768   789 W android.hardware.thermal@2.0-service.mtk: parseMsg: Get from client TYPE=thermal_hal_notify NAME=BATTERY
10-02 01:59:08.602   768   789 W android.hardware.thermal@2.0-service.mtk: parseMsg:name.c_str():BATTERY
10-02 01:59:08.602   768   789 W android.hardware.thermal@2.0-service.mtk: parseMsg:tz notify:BATTERY
10-02 01:59:08.602   768   789 I android.hardware.thermal@2.0-service.mtk: Wait to accept a connection
10-02 01:59:08.605   768   789 I android.hardware.thermal@2.0-impl: Sending notification:  Type: BATTERY Name: BATTERY CurrentValue: 38 ThrottlingStatus: NONE
10-02 01:59:08.605   768   789 I android.hardware.thermal@2.0-impl: sendThermalChangedCallback
10-02 01:59:08.605   768   789 I android.hardware.thermal@2.0-impl: Sending notification:  Type: SKIN Name: SKIN CurrentValue: 30.754 ThrottlingStatus: NONE
10-02 01:59:08.605   768   789 I android.hardware.thermal@2.0-impl: sendThermalChangedCallback
10-02 01:59:09.955   533   533 I servicemanager: Could not find vendor.mediatek.hardware.mtkradioex.modem.IMtkRadioExModem/slot1 in the VINTF manifest.
10-02 01:59:09.956   534   534 I hwservicemanager: getTransport: Cannot find entry vendor.mediatek.hardware.mtkradioex@3.0::IMtkRadioEx/mtkCap1 in either framework or device VINTF manifest.
10-02 01:59:09.958   534   534 I hwservicemanager: getTransport: Cannot find entry vendor.mediatek.hardware.mtkradioex@2.0::IMtkRadioEx/mtkCap1 in either framework or device VINTF manifest.
10-02 01:59:11.602   768   789 W android.hardware.thermal@2.0-service.mtk: parseMsg: Get from client TYPE=thermal_hal_notify NAME=SKIN
10-02 01:59:11.602   768   789 W android.hardware.thermal@2.0-service.mtk: parseMsg:name.c_str():SKIN
10-02 01:59:11.603   768   789 W android.hardware.thermal@2.0-service.mtk: parseMsg:tz notify:SKIN
10-02 01:59:11.603   768   789 W android.hardware.thermal@2.0-service.mtk: parseMsg: Get from client TYPE=thermal_hal_notify NAME=BATTERY
10-02 01:59:11.603   768   789 W android.hardware.thermal@2.0-service.mtk: parseMsg:name.c_str():BATTERY
10-02 01:59:11.603   768   789 W android.hardware.thermal@2.0-service.mtk: parseMsg:tz notify:BATTERY
10-02 01:59:11.603   768   789 I android.hardware.thermal@2.0-service.mtk: Wait to accept a connection
10-02 01:59:11.605   768   789 I android.hardware.thermal@2.0-impl: Sending notification:  Type: BATTERY Name: BATTERY CurrentValue: 38 ThrottlingStatus: NONE
10-02 01:59:11.605   768   789 I android.hardware.thermal@2.0-impl: sendThermalChangedCallback
10-02 01:59:11.605   768   789 I android.hardware.thermal@2.0-impl: Sending notification:  Type: SKIN Name: SKIN CurrentValue: 30.754 ThrottlingStatus: NONE
10-02 01:59:11.605   768   789 I android.hardware.thermal@2.0-impl: sendThermalChangedCallback
10-02 01:59:12.170  3898  3898 I update_engine_client: [INFO:update_engine_client_android.cc(95)] onStatusUpdate(UPDATE_STATUS_DOWNLOADING (3), 0.869904)
10-02 01:59:13.212  1035  1035 I update_engine: [INFO:delta_performer.cc(113)] Completed 705/825 operations (85%), 910868480/1045418277 bytes downloaded (87%), overall progress 85%
10-02 01:59:13.964   533   533 I servicemanager: Could not find vendor.mediatek.hardware.mtkradioex.modem.IMtkRadioExModem/slot1 in the VINTF manifest.
10-02 01:59:13.964   534   534 I hwservicemanager: getTransport: Cannot find entry vendor.mediatek.hardware.mtkradioex@3.0::IMtkRadioEx/mtkCap1 in either framework or device VINTF manifest.
10-02 01:59:13.965   534   534 I hwservicemanager: getTransport: Cannot find entry vendor.mediatek.hardware.mtkradioex@2.0::IMtkRadioEx/mtkCap1 in either framework or device VINTF manifest.
10-02 01:59:14.216  1162  1186 D AES     : AEEIOCTL_GET/SET_SF_STATE IOCTL,cmd= 1074294797, lParam=0. 
10-02 01:59:14.216  1162  1186 D AES     : AEEIOCTL_RT_MON_Kick IOCTL,cmd= 2147774474, lParam=300. 
10-02 01:59:14.603   768   789 W android.hardware.thermal@2.0-service.mtk: parseMsg: Get from client TYPE=thermal_hal_notify NAME=SKIN
10-02 01:59:14.603   768   789 W android.hardware.thermal@2.0-service.mtk: parseMsg:name.c_str():SKIN
10-02 01:59:14.603   768   789 W android.hardware.thermal@2.0-service.mtk: parseMsg:tz notify:SKIN
10-02 01:59:14.603   768   789 W android.hardware.thermal@2.0-service.mtk: parseMsg: Get from client TYPE=thermal_hal_notify NAME=BATTERY
10-02 01:59:14.603   768   789 W android.hardware.thermal@2.0-service.mtk: parseMsg:name.c_str():BATTERY
10-02 01:59:14.603   768   789 W android.hardware.thermal@2.0-service.mtk: parseMsg:tz notify:BATTERY
10-02 01:59:14.603   768   789 I android.hardware.thermal@2.0-service.mtk: Wait to accept a connection
10-02 01:59:14.606   768   789 I android.hardware.thermal@2.0-impl: Sending notification:  Type: BATTERY Name: BATTERY CurrentValue: 38 ThrottlingStatus: NONE
10-02 01:59:14.606   768   789 I android.hardware.thermal@2.0-impl: sendThermalChangedCallback
10-02 01:59:14.606   768   789 I android.hardware.thermal@2.0-impl: Sending notification:  Type: SKIN Name: SKIN CurrentValue: 30.754 ThrottlingStatus: NONE
10-02 01:59:14.606   768   789 I android.hardware.thermal@2.0-impl: sendThermalChangedCallback
10-02 01:59:16.228  3898  3898 I update_engine_client: [INFO:update_engine_client_android.cc(95)] onStatusUpdate(UPDATE_STATUS_DOWNLOADING (3), 0.879919)
10-02 01:59:16.634  1375  1375 D KeyguardUpdateMonitor: received broadcast android.intent.action.BATTERY_CHANGED
10-02 01:59:16.635  1375  2435 D PowerUI : can't show warning due to - plugged: true status unknown: false
10-02 01:59:16.655  1375  1375 D KeyguardUpdateMonitor: handleBatteryUpdate
10-02 01:59:16.658  1375  1375 D KeyguardUpdateMonitor: received broadcast android.intent.action.BATTERY_CHANGED
10-02 01:59:16.658  1375  1375 D KeyguardUpdateMonitor: handleBatteryUpdate
10-02 01:59:16.659  1375  2736 D PowerUI : can't show warning due to - plugged: true status unknown: false
10-02 01:59:17.603   768   789 W android.hardware.thermal@2.0-service.mtk: parseMsg: Get from client TYPE=thermal_hal_notify NAME=SKIN
10-02 01:59:17.604   768   789 W android.hardware.thermal@2.0-service.mtk: parseMsg:name.c_str():SKIN
10-02 01:59:17.604   768   789 W android.hardware.thermal@2.0-service.mtk: parseMsg:tz notify:SKIN
10-02 01:59:17.604   768   789 W android.hardware.thermal@2.0-service.mtk: parseMsg: Get from client TYPE=thermal_hal_notify NAME=BATTERY
10-02 01:59:17.604   768   789 W android.hardware.thermal@2.0-service.mtk: parseMsg:name.c_str():BATTERY
10-02 01:59:17.604   768   789 W android.hardware.thermal@2.0-service.mtk: parseMsg:tz notify:BATTERY
10-02 01:59:17.604   768   789 I android.hardware.thermal@2.0-service.mtk: Wait to accept a connection
10-02 01:59:17.606   768   789 I android.hardware.thermal@2.0-impl: Sending notification:  Type: BATTERY Name: BATTERY CurrentValue: 38 ThrottlingStatus: NONE
10-02 01:59:17.607   768   789 I android.hardware.thermal@2.0-impl: sendThermalChangedCallback
10-02 01:59:17.607   768   789 I android.hardware.thermal@2.0-impl: Sending notification:  Type: SKIN Name: SKIN CurrentValue: 30.754 ThrottlingStatus: NONE
10-02 01:59:17.607   768   789 I android.hardware.thermal@2.0-impl: sendThermalChangedCallback
10-02 01:59:17.970   533   533 I servicemanager: Could not find vendor.mediatek.hardware.mtkradioex.modem.IMtkRadioExModem/slot1 in the VINTF manifest.
10-02 01:59:17.970   534   534 I hwservicemanager: getTransport: Cannot find entry vendor.mediatek.hardware.mtkradioex@3.0::IMtkRadioEx/mtkCap1 in either framework or device VINTF manifest.
10-02 01:59:17.971   534   534 I hwservicemanager: getTransport: Cannot find entry vendor.mediatek.hardware.mtkradioex@2.0::IMtkRadioEx/mtkCap1 in either framework or device VINTF manifest.
10-02 01:59:20.573  3898  3898 I update_engine_client: [INFO:update_engine_client_android.cc(95)] onStatusUpdate(UPDATE_STATUS_DOWNLOADING (3), 0.889933)
10-02 01:59:20.604   768   789 W android.hardware.thermal@2.0-service.mtk: parseMsg: Get from client TYPE=thermal_hal_notify NAME=SKIN
10-02 01:59:20.604   768   789 W android.hardware.thermal@2.0-service.mtk: parseMsg:name.c_str():SKIN
10-02 01:59:20.604   768   789 W android.hardware.thermal@2.0-service.mtk: parseMsg:tz notify:SKIN
10-02 01:59:20.604   768   789 W android.hardware.thermal@2.0-service.mtk: parseMsg: Get from client TYPE=thermal_hal_notify NAME=BATTERY
10-02 01:59:20.604   768   789 W android.hardware.thermal@2.0-service.mtk: parseMsg:name.c_str():BATTERY
10-02 01:59:20.604   768   789 W android.hardware.thermal@2.0-service.mtk: parseMsg:tz notify:BATTERY
10-02 01:59:20.604   768   789 I android.hardware.thermal@2.0-service.mtk: Wait to accept a connection
10-02 01:59:20.607   768   789 I android.hardware.thermal@2.0-impl: Sending notification:  Type: BATTERY Name: BATTERY CurrentValue: 38 ThrottlingStatus: NONE
10-02 01:59:20.607   768   789 I android.hardware.thermal@2.0-impl: sendThermalChangedCallback
10-02 01:59:20.607   768   789 I android.hardware.thermal@2.0-impl: Sending notification:  Type: SKIN Name: SKIN CurrentValue: 30.754 ThrottlingStatus: NONE
10-02 01:59:20.607   768   789 I android.hardware.thermal@2.0-impl: sendThermalChangedCallback
10-02 01:59:21.976   533   533 I servicemanager: Could not find vendor.mediatek.hardware.mtkradioex.modem.IMtkRadioExModem/slot1 in the VINTF manifest.
10-02 01:59:21.977   534   534 I hwservicemanager: getTransport: Cannot find entry vendor.mediatek.hardware.mtkradioex@3.0::IMtkRadioEx/mtkCap1 in either framework or device VINTF manifest.
10-02 01:59:21.977   534   534 I hwservicemanager: getTransport: Cannot find entry vendor.mediatek.hardware.mtkradioex@2.0::IMtkRadioEx/mtkCap1 in either framework or device VINTF manifest.
10-02 01:59:23.605   768   789 W android.hardware.thermal@2.0-service.mtk: parseMsg: Get from client TYPE=thermal_hal_notify NAME=SKIN
10-02 01:59:23.605   768   789 W android.hardware.thermal@2.0-service.mtk: parseMsg:name.c_str():SKIN
10-02 01:59:23.605   768   789 W android.hardware.thermal@2.0-service.mtk: parseMsg:tz notify:SKIN
10-02 01:59:23.605   768   789 W android.hardware.thermal@2.0-service.mtk: parseMsg: Get from client TYPE=thermal_hal_notify NAME=BATTERY
10-02 01:59:23.605   768   789 W android.hardware.thermal@2.0-service.mtk: parseMsg:name.c_str():BATTERY
10-02 01:59:23.605   768   789 W android.hardware.thermal@2.0-service.mtk: parseMsg:tz notify:BATTERY
10-02 01:59:23.605   768   789 I android.hardware.thermal@2.0-service.mtk: Wait to accept a connection
10-02 01:59:23.607   768   789 I android.hardware.thermal@2.0-impl: Sending notification:  Type: BATTERY Name: BATTERY CurrentValue: 38 ThrottlingStatus: NONE
10-02 01:59:23.607   768   789 I android.hardware.thermal@2.0-impl: sendThermalChangedCallback
10-02 01:59:23.607   768   789 I android.hardware.thermal@2.0-impl: Sending notification:  Type: SKIN Name: SKIN CurrentValue: 30.754 ThrottlingStatus: NONE
10-02 01:59:23.607   768   789 I android.hardware.thermal@2.0-impl: sendThermalChangedCallback
10-02 01:59:25.182  1375  1375 D KeyguardUpdateMonitor: received broadcast android.intent.action.BATTERY_CHANGED
10-02 01:59:25.182  1375  1375 D KeyguardUpdateMonitor: handleBatteryUpdate
10-02 01:59:25.183  1375  2436 D PowerUI : can't show warning due to - plugged: true status unknown: false
10-02 01:59:25.188  1375  1375 D KeyguardUpdateMonitor: received broadcast android.intent.action.BATTERY_CHANGED
10-02 01:59:25.188  1375  1761 D PowerUI : can't show warning due to - plugged: true status unknown: false
10-02 01:59:25.188  1375  1375 D KeyguardUpdateMonitor: handleBatteryUpdate
10-02 01:59:25.291  3898  3898 I update_engine_client: [INFO:update_engine_client_android.cc(95)] onStatusUpdate(UPDATE_STATUS_DOWNLOADING (3), 0.899948)
10-02 01:59:25.982   533   533 I servicemanager: Could not find vendor.mediatek.hardware.mtkradioex.modem.IMtkRadioExModem/slot1 in the VINTF manifest.
10-02 01:59:25.983   534   534 I hwservicemanager: getTransport: Cannot find entry vendor.mediatek.hardware.mtkradioex@3.0::IMtkRadioEx/mtkCap1 in either framework or device VINTF manifest.
10-02 01:59:25.984   534   534 I hwservicemanager: getTransport: Cannot find entry vendor.mediatek.hardware.mtkradioex@2.0::IMtkRadioEx/mtkCap1 in either framework or device VINTF manifest.
10-02 01:59:26.605   768   789 W android.hardware.thermal@2.0-service.mtk: parseMsg: Get from client TYPE=thermal_hal_notify NAME=SKIN
10-02 01:59:26.605   768   789 W android.hardware.thermal@2.0-service.mtk: parseMsg:name.c_str():SKIN
10-02 01:59:26.605   768   789 W android.hardware.thermal@2.0-service.mtk: parseMsg:tz notify:SKIN
10-02 01:59:26.605   768   789 W android.hardware.thermal@2.0-service.mtk: parseMsg: Get from client TYPE=thermal_hal_notify NAME=BATTERY
10-02 01:59:26.605   768   789 W android.hardware.thermal@2.0-service.mtk: parseMsg:name.c_str():BATTERY
10-02 01:59:26.605   768   789 W android.hardware.thermal@2.0-service.mtk: parseMsg:tz notify:BATTERY
10-02 01:59:26.605   768   789 I android.hardware.thermal@2.0-service.mtk: Wait to accept a connection
10-02 01:59:26.608   768   789 I android.hardware.thermal@2.0-impl: Sending notification:  Type: BATTERY Name: BATTERY CurrentValue: 38 ThrottlingStatus: NONE
10-02 01:59:26.608   768   789 I android.hardware.thermal@2.0-impl: sendThermalChangedCallback
10-02 01:59:26.608   768   789 I android.hardware.thermal@2.0-impl: Sending notification:  Type: SKIN Name: SKIN CurrentValue: 30.754 ThrottlingStatus: NONE
10-02 01:59:26.608   768   789 I android.hardware.thermal@2.0-impl: sendThermalChangedCallback
10-02 01:59:29.606   768   789 W android.hardware.thermal@2.0-service.mtk: parseMsg: Get from client TYPE=thermal_hal_notify NAME=SKIN
10-02 01:59:29.606   768   789 W android.hardware.thermal@2.0-service.mtk: parseMsg:name.c_str():SKIN
10-02 01:59:29.606   768   789 W android.hardware.thermal@2.0-service.mtk: parseMsg:tz notify:SKIN
10-02 01:59:29.606   768   789 W android.hardware.thermal@2.0-service.mtk: parseMsg: Get from client TYPE=thermal_hal_notify NAME=BATTERY
10-02 01:59:29.606   768   789 W android.hardware.thermal@2.0-service.mtk: parseMsg:name.c_str():BATTERY
10-02 01:59:29.606   768   789 W android.hardware.thermal@2.0-service.mtk: parseMsg:tz notify:BATTERY
10-02 01:59:29.606   768   789 I android.hardware.thermal@2.0-service.mtk: Wait to accept a connection
10-02 01:59:29.608   768   789 I android.hardware.thermal@2.0-impl: Sending notification:  Type: BATTERY Name: BATTERY CurrentValue: 38 ThrottlingStatus: NONE
10-02 01:59:29.609   768   789 I android.hardware.thermal@2.0-impl: sendThermalChangedCallback
10-02 01:59:29.609   768   789 I android.hardware.thermal@2.0-impl: Sending notification:  Type: SKIN Name: SKIN CurrentValue: 30.849 ThrottlingStatus: NONE
10-02 01:59:29.609   768   789 I android.hardware.thermal@2.0-impl: sendThermalChangedCallback
10-02 01:59:29.986   533   533 I servicemanager: Could not find vendor.mediatek.hardware.mtkradioex.modem.IMtkRadioExModem/slot1 in the VINTF manifest.
10-02 01:59:29.986   534   534 I hwservicemanager: getTransport: Cannot find entry vendor.mediatek.hardware.mtkradioex@3.0::IMtkRadioEx/mtkCap1 in either framework or device VINTF manifest.
10-02 01:59:29.987   534   534 I hwservicemanager: getTransport: Cannot find entry vendor.mediatek.hardware.mtkradioex@2.0::IMtkRadioEx/mtkCap1 in either framework or device VINTF manifest.
10-02 01:59:30.185  3898  3898 I update_engine_client: [INFO:update_engine_client_android.cc(95)] onStatusUpdate(UPDATE_STATUS_DOWNLOADING (3), 0.909962)
10-02 01:59:32.606   768   789 W android.hardware.thermal@2.0-service.mtk: parseMsg: Get from client TYPE=thermal_hal_notify NAME=SKIN
10-02 01:59:32.606   768   789 W android.hardware.thermal@2.0-service.mtk: parseMsg:name.c_str():SKIN
10-02 01:59:32.606   768   789 W android.hardware.thermal@2.0-service.mtk: parseMsg:tz notify:SKIN
10-02 01:59:32.606   768   789 W android.hardware.thermal@2.0-service.mtk: parseMsg: Get from client TYPE=thermal_hal_notify NAME=BATTERY
10-02 01:59:32.606   768   789 W android.hardware.thermal@2.0-service.mtk: parseMsg:name.c_str():BATTERY
10-02 01:59:32.606   768   789 W android.hardware.thermal@2.0-service.mtk: parseMsg:tz notify:BATTERY
10-02 01:59:32.606   768   789 I android.hardware.thermal@2.0-service.mtk: Wait to accept a connection
10-02 01:59:32.609   768   789 I android.hardware.thermal@2.0-impl: Sending notification:  Type: BATTERY Name: BATTERY CurrentValue: 38 ThrottlingStatus: NONE
10-02 01:59:32.609   768   789 I android.hardware.thermal@2.0-impl: sendThermalChangedCallback
10-02 01:59:32.609   768   789 I android.hardware.thermal@2.0-impl: Sending notification:  Type: SKIN Name: SKIN CurrentValue: 30.849 ThrottlingStatus: NONE
10-02 01:59:32.609   768   789 I android.hardware.thermal@2.0-impl: sendThermalChangedCallback
10-02 01:59:33.990   533   533 I servicemanager: Could not find vendor.mediatek.hardware.mtkradioex.modem.IMtkRadioExModem/slot1 in the VINTF manifest.
10-02 01:59:33.990   534   534 I hwservicemanager: getTransport: Cannot find entry vendor.mediatek.hardware.mtkradioex@3.0::IMtkRadioEx/mtkCap1 in either framework or device VINTF manifest.
10-02 01:59:33.991   534   534 I hwservicemanager: getTransport: Cannot find entry vendor.mediatek.hardware.mtkradioex@2.0::IMtkRadioEx/mtkCap1 in either framework or device VINTF manifest.
10-02 01:59:34.957  1035  1035 I update_engine: [INFO:delta_performer.cc(113)] Completed 743/825 operations (90%), 959676416/1045418277 bytes downloaded (91%), overall progress 90%
10-02 01:59:35.550  3898  3898 I update_engine_client: [INFO:update_engine_client_android.cc(95)] onStatusUpdate(UPDATE_STATUS_DOWNLOADING (3), 0.919977)
10-02 01:59:35.607   768   789 W android.hardware.thermal@2.0-service.mtk: parseMsg: Get from client TYPE=thermal_hal_notify NAME=SKIN
10-02 01:59:35.607   768   789 W android.hardware.thermal@2.0-service.mtk: parseMsg:name.c_str():SKIN
10-02 01:59:35.607   768   789 W android.hardware.thermal@2.0-service.mtk: parseMsg:tz notify:SKIN
10-02 01:59:35.607   768   789 W android.hardware.thermal@2.0-service.mtk: parseMsg: Get from client TYPE=thermal_hal_notify NAME=BATTERY
10-02 01:59:35.607   768   789 W android.hardware.thermal@2.0-service.mtk: parseMsg:name.c_str():BATTERY
10-02 01:59:35.607   768   789 W android.hardware.thermal@2.0-service.mtk: parseMsg:tz notify:BATTERY
10-02 01:59:35.607   768   789 I android.hardware.thermal@2.0-service.mtk: Wait to accept a connection
10-02 01:59:35.610   768   789 I android.hardware.thermal@2.0-impl: Sending notification:  Type: BATTERY Name: BATTERY CurrentValue: 38 ThrottlingStatus: NONE
10-02 01:59:35.610   768   789 I android.hardware.thermal@2.0-impl: sendThermalChangedCallback
10-02 01:59:35.610   768   789 I android.hardware.thermal@2.0-impl: Sending notification:  Type: SKIN Name: SKIN CurrentValue: 30.849 ThrottlingStatus: NONE
10-02 01:59:35.610   768   789 I android.hardware.thermal@2.0-impl: sendThermalChangedCallback
10-02 01:59:37.134  1162  1199 I WifiService: getSupportedFeatures uid=1000 returns 600000000
10-02 01:59:37.134  1162  1199 W BatteryExternalStatsWorker: error reading Bluetooth stats: 9
10-02 01:59:37.136  1617  1617 E PhoneInterfaceManager: [PhoneIntfMgr] queryModemActivityInfo: Empty response
10-02 01:59:37.136  1162  1726 W TelephonyManager: requestModemActivityInfo: Received an invalid ModemActivityInfo
10-02 01:59:37.136  1162  1726 W BatteryExternalStatsWorker: error reading modem stats:ERROR_INVALID_INFO_RECEIVED
10-02 01:59:37.138   598   598 W binder:598_1: type=1400 audit(0.0:637): avc: denied { read } for name="wakeup36" dev="sysfs" ino=57959 scontext=u:r:system_suspend:s0 tcontext=u:object_r:sysfs:s0 tclass=dir permissive=0
10-02 01:59:37.144   598   636 E android.system.suspend@1.0-service: Error opening kernel wakelock stats for: wakeup36 (../../devices/platform/odm/odm:charger/power_supply/mtk-slv-hvdiv-chg/wakeup36): Permission denied
10-02 01:59:37.142   598   598 W binder:598_1: type=1400 audit(0.0:638): avc: denied { read } for name="wakeup34" dev="sysfs" ino=57825 scontext=u:r:system_suspend:s0 tcontext=u:object_r:sysfs:s0 tclass=dir permissive=0
10-02 01:59:37.146   598   636 E android.system.suspend@1.0-service: Error opening kernel wakelock stats for: wakeup34 (../../devices/platform/odm/odm:charger/power_supply/mtk-slv-div-chg/wakeup34): Permission denied
10-02 01:59:37.142   598   598 W binder:598_1: type=1400 audit(0.0:639): avc: denied { read } for name="wakeup32" dev="sysfs" ino=57691 scontext=u:r:system_suspend:s0 tcontext=u:object_r:sysfs:s0 tclass=dir permissive=0
10-02 01:59:37.147   598   636 E android.system.suspend@1.0-service: Error opening kernel wakelock stats for: wakeup32 (../../devices/platform/odm/odm:charger/power_supply/mtk-slave-charger/wakeup32): Permission denied
10-02 01:59:37.142   598   598 W binder:598_1: type=1400 audit(0.0:640): avc: denied { read } for name="wakeup12" dev="sysfs" ino=51510 scontext=u:r:system_suspend:s0 tcontext=u:object_r:sysfs_batteryinfo:s0 tclass=dir permissive=0
10-02 01:59:37.148   598   636 E android.system.suspend@1.0-service: Error opening kernel wakelock stats for: wakeup12 (../../devices/platform/10024000.pwrap/10024000.pwrap:mt6359p/mt6359p-gauge/power_supply/mtk-gauge/wakeup12): Permission denied
10-02 01:59:37.150   598   598 W binder:598_1: type=1400 audit(0.0:641): avc: denied { read } for name="wakeup35" dev="sysfs" ino=57892 scontext=u:r:system_suspend:s0 tcontext=u:object_r:sysfs:s0 tclass=dir permissive=0
10-02 01:59:37.154   598   636 E android.system.suspend@1.0-service: Error opening kernel wakelock stats for: wakeup35 (../../devices/platform/odm/odm:charger/power_supply/mtk-mst-hvdiv-chg/wakeup35): Permission denied
10-02 01:59:37.155   598   636 E android.system.suspend@1.0-service: Error opening kernel wakelock stats for: wakeup33 (../../devices/platform/odm/odm:charger/power_supply/mtk-mst-div-chg/wakeup33): Permission denied
10-02 01:59:37.156   598   636 E android.system.suspend@1.0-service: Error opening kernel wakelock stats for: wakeup8 (../../devices/platform/11e04000.i2c/i2c-4/4-0028/wakeup/wakeup8): Permission denied
10-02 01:59:37.157   598   636 E android.system.suspend@1.0-service: Error opening kernel wakelock stats for: wakeup31 (../../devices/platform/odm/odm:charger/power_supply/mtk-master-charger/wakeup31): Permission denied
10-02 01:59:37.157   598   636 E android.system.suspend@1.0-service: Error opening kernel wakelock stats for: wakeup11 (../../devices/platform/10024000.pwrap/10024000.pwrap:mt6359p/mt6359p-gauge/power_supply/battery/wakeup11): Permission denied
10-02 01:59:37.993   533   533 I servicemanager: Could not find vendor.mediatek.hardware.mtkradioex.modem.IMtkRadioExModem/slot1 in the VINTF manifest.
10-02 01:59:37.994   534   534 I hwservicemanager: getTransport: Cannot find entry vendor.mediatek.hardware.mtkradioex@3.0::IMtkRadioEx/mtkCap1 in either framework or device VINTF manifest.
10-02 01:59:37.994   534   534 I hwservicemanager: getTransport: Cannot find entry vendor.mediatek.hardware.mtkradioex@2.0::IMtkRadioEx/mtkCap1 in either framework or device VINTF manifest.
10-02 01:59:38.608   768   789 W android.hardware.thermal@2.0-service.mtk: parseMsg: Get from client TYPE=thermal_hal_notify NAME=SKIN
10-02 01:59:38.608   768   789 W android.hardware.thermal@2.0-service.mtk: parseMsg:name.c_str():SKIN
10-02 01:59:38.608   768   789 W android.hardware.thermal@2.0-service.mtk: parseMsg:tz notify:SKIN
10-02 01:59:38.608   768   789 W android.hardware.thermal@2.0-service.mtk: parseMsg: Get from client TYPE=thermal_hal_notify NAME=BATTERY
10-02 01:59:38.608   768   789 W android.hardware.thermal@2.0-service.mtk: parseMsg:name.c_str():BATTERY
10-02 01:59:38.608   768   789 W android.hardware.thermal@2.0-service.mtk: parseMsg:tz notify:BATTERY
10-02 01:59:38.608   768   789 I android.hardware.thermal@2.0-service.mtk: Wait to accept a connection
10-02 01:59:38.612   768   789 I android.hardware.thermal@2.0-impl: Sending notification:  Type: BATTERY Name: BATTERY CurrentValue: 38 ThrottlingStatus: NONE
10-02 01:59:38.612   768   789 I android.hardware.thermal@2.0-impl: sendThermalChangedCallback
10-02 01:59:38.612   768   789 I android.hardware.thermal@2.0-impl: Sending notification:  Type: SKIN Name: SKIN CurrentValue: 30.849 ThrottlingStatus: NONE
10-02 01:59:38.612   768   789 I android.hardware.thermal@2.0-impl: sendThermalChangedCallback
10-02 01:59:40.825  3898  3898 I update_engine_client: [INFO:update_engine_client_android.cc(95)] onStatusUpdate(UPDATE_STATUS_DOWNLOADING (3), 0.929991)
10-02 01:59:41.609   768   789 W android.hardware.thermal@2.0-service.mtk: parseMsg: Get from client TYPE=thermal_hal_notify NAME=SKIN
10-02 01:59:41.609   768   789 W android.hardware.thermal@2.0-service.mtk: parseMsg:name.c_str():SKIN
10-02 01:59:41.609   768   789 W android.hardware.thermal@2.0-service.mtk: parseMsg:tz notify:SKIN
10-02 01:59:41.609   768   789 W android.hardware.thermal@2.0-service.mtk: parseMsg: Get from client TYPE=thermal_hal_notify NAME=BATTERY
10-02 01:59:41.609   768   789 W android.hardware.thermal@2.0-service.mtk: parseMsg:name.c_str():BATTERY
10-02 01:59:41.609   768   789 W android.hardware.thermal@2.0-service.mtk: parseMsg:tz notify:BATTERY
10-02 01:59:41.609   768   789 I android.hardware.thermal@2.0-service.mtk: Wait to accept a connection
10-02 01:59:41.611   768   789 I android.hardware.thermal@2.0-impl: Sending notification:  Type: BATTERY Name: BATTERY CurrentValue: 38 ThrottlingStatus: NONE
10-02 01:59:41.611   768   789 I android.hardware.thermal@2.0-impl: sendThermalChangedCallback
10-02 01:59:41.612   768   789 I android.hardware.thermal@2.0-impl: Sending notification:  Type: SKIN Name: SKIN CurrentValue: 30.849 ThrottlingStatus: NONE
10-02 01:59:41.612   768   789 I android.hardware.thermal@2.0-impl: sendThermalChangedCallback
10-02 01:59:41.999   533   533 I servicemanager: Could not find vendor.mediatek.hardware.mtkradioex.modem.IMtkRadioExModem/slot1 in the VINTF manifest.
10-02 01:59:42.000   534   534 I hwservicemanager: getTransport: Cannot find entry vendor.mediatek.hardware.mtkradioex@3.0::IMtkRadioEx/mtkCap1 in either framework or device VINTF manifest.
10-02 01:59:42.001   534   534 I hwservicemanager: getTransport: Cannot find entry vendor.mediatek.hardware.mtkradioex@2.0::IMtkRadioEx/mtkCap1 in either framework or device VINTF manifest.
10-02 01:59:44.216  1162  1186 D AES     : AEEIOCTL_GET/SET_SF_STATE IOCTL,cmd= 1074294797, lParam=0. 
10-02 01:59:44.216  1162  1186 D AES     : AEEIOCTL_RT_MON_Kick IOCTL,cmd= 2147774474, lParam=300. 
10-02 01:59:44.407  1375  1375 D KeyguardUpdateMonitor: received broadcast android.intent.action.BATTERY_CHANGED
10-02 01:59:44.407  1375  1375 D KeyguardUpdateMonitor: handleBatteryUpdate
10-02 01:59:44.407  1375  2366 D PowerUI : can't show warning due to - plugged: true status unknown: false
10-02 01:59:44.413  1375  1375 D KeyguardUpdateMonitor: received broadcast android.intent.action.BATTERY_CHANGED
10-02 01:59:44.413  1375  1375 D KeyguardUpdateMonitor: handleBatteryUpdate
10-02 01:59:44.413  1375  2367 D PowerUI : can't show warning due to - plugged: true status unknown: false
10-02 01:59:44.609   768   789 W android.hardware.thermal@2.0-service.mtk: parseMsg: Get from client TYPE=thermal_hal_notify NAME=SKIN
10-02 01:59:44.609   768   789 W android.hardware.thermal@2.0-service.mtk: parseMsg:name.c_str():SKIN
10-02 01:59:44.609   768   789 W android.hardware.thermal@2.0-service.mtk: parseMsg:tz notify:SKIN
10-02 01:59:44.609   768   789 I android.hardware.thermal@2.0-service.mtk: Wait to accept a connection
10-02 01:59:44.609   768   789 I android.hardware.thermal@2.0-impl: Sending notification:  Type: SKIN Name: SKIN CurrentValue: 30.849 ThrottlingStatus: NONE
10-02 01:59:44.610   768   789 I android.hardware.thermal@2.0-impl: sendThermalChangedCallback
10-02 01:59:44.610   768   789 W android.hardware.thermal@2.0-service.mtk: parseMsg: Get from client TYPE=thermal_hal_notify NAME=BATTERY
10-02 01:59:44.610   768   789 W android.hardware.thermal@2.0-service.mtk: parseMsg:name.c_str():BATTERY
10-02 01:59:44.610   768   789 W android.hardware.thermal@2.0-service.mtk: parseMsg:tz notify:BATTERY
10-02 01:59:44.610   768   789 I android.hardware.thermal@2.0-service.mtk: Wait to accept a connection
10-02 01:59:44.612   768   789 I android.hardware.thermal@2.0-impl: Sending notification:  Type: BATTERY Name: BATTERY CurrentValue: 38 ThrottlingStatus: NONE
10-02 01:59:44.612   768   789 I android.hardware.thermal@2.0-impl: sendThermalChangedCallback
10-02 01:59:45.188  1375  1375 D KeyguardUpdateMonitor: received broadcast android.intent.action.BATTERY_CHANGED
10-02 01:59:45.188  1375  1375 D KeyguardUpdateMonitor: handleBatteryUpdate
10-02 01:59:45.188  1375  2735 D PowerUI : can't show warning due to - plugged: true status unknown: false
10-02 01:59:45.194  1375  1375 D KeyguardUpdateMonitor: received broadcast android.intent.action.BATTERY_CHANGED
10-02 01:59:45.195  1375  2734 D PowerUI : can't show warning due to - plugged: true status unknown: false
10-02 01:59:45.195  1375  1375 D KeyguardUpdateMonitor: handleBatteryUpdate
10-02 01:59:45.858  3898  3898 I update_engine_client: [INFO:update_engine_client_android.cc(95)] onStatusUpdate(UPDATE_STATUS_DOWNLOADING (3), 0.940006)
10-02 01:59:45.921  1375  1375 D KeyguardUpdateMonitor: received broadcast android.intent.action.BATTERY_CHANGED
10-02 01:59:45.921  1375  1375 D KeyguardUpdateMonitor: handleBatteryUpdate
10-02 01:59:45.921  1375  2435 D PowerUI : can't show warning due to - plugged: true status unknown: false
10-02 01:59:45.927  1375  1375 D KeyguardUpdateMonitor: received broadcast android.intent.action.BATTERY_CHANGED
10-02 01:59:45.927  1375  1375 D KeyguardUpdateMonitor: handleBatteryUpdate
10-02 01:59:45.927  1375  2736 D PowerUI : can't show warning due to - plugged: true status unknown: false
10-02 01:59:46.006   533   533 I servicemanager: Could not find vendor.mediatek.hardware.mtkradioex.modem.IMtkRadioExModem/slot1 in the VINTF manifest.
10-02 01:59:46.006   534   534 I hwservicemanager: getTransport: Cannot find entry vendor.mediatek.hardware.mtkradioex@3.0::IMtkRadioEx/mtkCap1 in either framework or device VINTF manifest.
10-02 01:59:46.007   534   534 I hwservicemanager: getTransport: Cannot find entry vendor.mediatek.hardware.mtkradioex@2.0::IMtkRadioEx/mtkCap1 in either framework or device VINTF manifest.
10-02 01:59:47.610   768   789 W android.hardware.thermal@2.0-service.mtk: parseMsg: Get from client TYPE=thermal_hal_notify NAME=SKIN
10-02 01:59:47.610   768   789 W android.hardware.thermal@2.0-service.mtk: parseMsg:name.c_str():SKIN
10-02 01:59:47.610   768   789 W android.hardware.thermal@2.0-service.mtk: parseMsg:tz notify:SKIN
10-02 01:59:47.610   768   789 W android.hardware.thermal@2.0-service.mtk: parseMsg: Get from client TYPE=thermal_hal_notify NAME=BATTERY
10-02 01:59:47.610   768   789 W android.hardware.thermal@2.0-service.mtk: parseMsg:name.c_str():BATTERY
10-02 01:59:47.610   768   789 W android.hardware.thermal@2.0-service.mtk: parseMsg:tz notify:BATTERY
10-02 01:59:47.611   768   789 I android.hardware.thermal@2.0-service.mtk: Wait to accept a connection
10-02 01:59:47.613   768   789 I android.hardware.thermal@2.0-impl: Sending notification:  Type: BATTERY Name: BATTERY CurrentValue: 38 ThrottlingStatus: NONE
10-02 01:59:47.613   768   789 I android.hardware.thermal@2.0-impl: sendThermalChangedCallback
10-02 01:59:47.613   768   789 I android.hardware.thermal@2.0-impl: Sending notification:  Type: SKIN Name: SKIN CurrentValue: 30.849 ThrottlingStatus: NONE
10-02 01:59:47.613   768   789 I android.hardware.thermal@2.0-impl: sendThermalChangedCallback
10-02 01:59:49.833  3898  3898 I update_engine_client: [INFO:update_engine_client_android.cc(95)] onStatusUpdate(UPDATE_STATUS_DOWNLOADING (3), 0.950021)
10-02 01:59:50.010   533   533 I servicemanager: Could not find vendor.mediatek.hardware.mtkradioex.modem.IMtkRadioExModem/slot1 in the VINTF manifest.
10-02 01:59:50.010   534   534 I hwservicemanager: getTransport: Cannot find entry vendor.mediatek.hardware.mtkradioex@3.0::IMtkRadioEx/mtkCap1 in either framework or device VINTF manifest.
10-02 01:59:50.011   534   534 I hwservicemanager: getTransport: Cannot find entry vendor.mediatek.hardware.mtkradioex@2.0::IMtkRadioEx/mtkCap1 in either framework or device VINTF manifest.
10-02 01:59:50.611   768   789 W android.hardware.thermal@2.0-service.mtk: parseMsg: Get from client TYPE=thermal_hal_notify NAME=SKIN
10-02 01:59:50.611   768   789 W android.hardware.thermal@2.0-service.mtk: parseMsg:name.c_str():SKIN
10-02 01:59:50.611   768   789 W android.hardware.thermal@2.0-service.mtk: parseMsg:tz notify:SKIN
10-02 01:59:50.611   768   789 W android.hardware.thermal@2.0-service.mtk: parseMsg: Get from client TYPE=thermal_hal_notify NAME=BATTERY
10-02 01:59:50.611   768   789 W android.hardware.thermal@2.0-service.mtk: parseMsg:name.c_str():BATTERY
10-02 01:59:50.611   768   789 W android.hardware.thermal@2.0-service.mtk: parseMsg:tz notify:BATTERY
10-02 01:59:50.611   768   789 I android.hardware.thermal@2.0-service.mtk: Wait to accept a connection
10-02 01:59:50.614   768   789 I android.hardware.thermal@2.0-impl: Sending notification:  Type: BATTERY Name: BATTERY CurrentValue: 38 ThrottlingStatus: NONE
10-02 01:59:50.614   768   789 I android.hardware.thermal@2.0-impl: sendThermalChangedCallback
10-02 01:59:50.614   768   789 I android.hardware.thermal@2.0-impl: Sending notification:  Type: SKIN Name: SKIN CurrentValue: 30.849 ThrottlingStatus: NONE
10-02 01:59:50.614   768   789 I android.hardware.thermal@2.0-impl: sendThermalChangedCallback
10-02 01:59:52.598   776   794 D power@timer: [mtkPowerTimer] visRead:0
10-02 01:59:53.612   768   789 W android.hardware.thermal@2.0-service.mtk: parseMsg: Get from client TYPE=thermal_hal_notify NAME=SKIN
10-02 01:59:53.612   768   789 W android.hardware.thermal@2.0-service.mtk: parseMsg:name.c_str():SKIN
10-02 01:59:53.612   768   789 W android.hardware.thermal@2.0-service.mtk: parseMsg:tz notify:SKIN
10-02 01:59:53.612   768   789 W android.hardware.thermal@2.0-service.mtk: parseMsg: Get from client TYPE=thermal_hal_notify NAME=BATTERY
10-02 01:59:53.612   768   789 W android.hardware.thermal@2.0-service.mtk: parseMsg:name.c_str():BATTERY
10-02 01:59:53.612   768   789 W android.hardware.thermal@2.0-service.mtk: parseMsg:tz notify:BATTERY
10-02 01:59:53.612   768   789 I android.hardware.thermal@2.0-service.mtk: Wait to accept a connection
10-02 01:59:53.615   768   789 I android.hardware.thermal@2.0-impl: Sending notification:  Type: BATTERY Name: BATTERY CurrentValue: 38 ThrottlingStatus: NONE
10-02 01:59:53.615   768   789 I android.hardware.thermal@2.0-impl: sendThermalChangedCallback
10-02 01:59:53.615   768   789 I android.hardware.thermal@2.0-impl: Sending notification:  Type: SKIN Name: SKIN CurrentValue: 30.943 ThrottlingStatus: NONE
10-02 01:59:53.615   768   789 I android.hardware.thermal@2.0-impl: sendThermalChangedCallback
