10-02 01:52:57.459   534   534 I hwservicemanager: getTransport: Cannot find entry vendor.mediatek.hardware.mtkradioex@2.0::IMtkRadioEx/mtkCap1 in either framework or device VINTF manifest.
10-02 01:52:59.512   768   789 W android.hardware.thermal@2.0-service.mtk: parseMsg: Get from client TYPE=thermal_hal_notify NAME=SKIN
10-02 01:52:59.512   768   789 W android.hardware.thermal@2.0-service.mtk: parseMsg:name.c_str():SKIN
10-02 01:52:59.513   768   789 W android.hardware.thermal@2.0-service.mtk: parseMsg:tz notify:SKIN
10-02 01:52:59.513   768   789 W android.hardware.thermal@2.0-service.mtk: parseMsg: Get from client TYPE=thermal_hal_notify NAME=BATTERY
10-02 01:52:59.513   768   789 W android.hardware.thermal@2.0-service.mtk: parseMsg:name.c_str():BATTERY
10-02 01:52:59.513   768   789 W android.hardware.thermal@2.0-service.mtk: parseMsg:tz notify:BATTERY
10-02 01:52:59.513   768   789 I android.hardware.thermal@2.0-service.mtk: Wait to accept a connection
10-02 01:52:59.515   768   789 I android.hardware.thermal@2.0-impl: Sending notification:  Type: BATTERY Name: BATTERY CurrentValue: 38 ThrottlingStatus: NONE
10-02 01:52:59.515   768   789 I android.hardware.thermal@2.0-impl: sendThermalChangedCallback
10-02 01:52:59.515   768   789 I android.hardware.thermal@2.0-impl: Sending notification:  Type: SKIN Name: SKIN CurrentValue: 28.333 ThrottlingStatus: NONE
10-02 01:52:59.515   768   789 I android.hardware.thermal@2.0-impl: sendThermalChangedCallback
10-02 01:53:00.372  3898  3898 I update_engine_client: [INFO:update_engine_client_android.cc(95)] onStatusUpdate(UPDATE_STATUS_DOWNLOADING (3), 0.0500917)
10-02 01:53:01.463   533   533 I servicemanager: Could not find vendor.mediatek.hardware.mtkradioex.modem.IMtkRadioExModem/slot1 in the VINTF manifest.
10-02 01:53:01.463   534   534 I hwservicemanager: getTransport: Cannot find entry vendor.mediatek.hardware.mtkradioex@3.0::IMtkRadioEx/mtkCap1 in either framework or device VINTF manifest.
10-02 01:53:01.464   534   534 I hwservicemanager: getTransport: Cannot find entry vendor.mediatek.hardware.mtkradioex@2.0::IMtkRadioEx/mtkCap1 in either framework or device VINTF manifest.
10-02 01:53:02.136  1162  1199 I WifiService: getSupportedFeatures uid=1000 returns 600000000
10-02 01:53:02.136  1162  1199 W BatteryExternalStatsWorker: error reading Bluetooth stats: 9
10-02 01:53:02.138  1617  1617 E PhoneInterfaceManager: [PhoneIntfMgr] queryModemActivityInfo: Empty response
10-02 01:53:02.138  1162  1492 W TelephonyManager: requestModemActivityInfo: Received an invalid ModemActivityInfo
10-02 01:53:02.139  1162  1492 W BatteryExternalStatsWorker: error reading modem stats:ERROR_INVALID_INFO_RECEIVED
10-02 01:53:02.142   598   598 W binder:598_6: type=1400 audit(0.0:628): avc: denied { read } for name="wakeup36" dev="sysfs" ino=57959 scontext=u:r:system_suspend:s0 tcontext=u:object_r:sysfs:s0 tclass=dir permissive=0
10-02 01:53:02.146   598  1348 E android.system.suspend@1.0-service: Error opening kernel wakelock stats for: wakeup36 (../../devices/platform/odm/odm:charger/power_supply/mtk-slv-hvdiv-chg/wakeup36): Permission denied
10-02 01:53:02.148   598  1348 E android.system.suspend@1.0-service: Error opening kernel wakelock stats for: wakeup34 (../../devices/platform/odm/odm:charger/power_supply/mtk-slv-div-chg/wakeup34): Permission denied
10-02 01:53:02.142   598   598 W binder:598_6: type=1400 audit(0.0:629): avc: denied { read } for name="wakeup34" dev="sysfs" ino=57825 scontext=u:r:system_suspend:s0 tcontext=u:object_r:sysfs:s0 tclass=dir permissive=0
10-02 01:53:02.150   598  1348 E android.system.suspend@1.0-service: Error opening kernel wakelock stats for: wakeup32 (../../devices/platform/odm/odm:charger/power_supply/mtk-slave-charger/wakeup32): Permission denied
10-02 01:53:02.146   598   598 W binder:598_6: type=1400 audit(0.0:630): avc: denied { read } for name="wakeup32" dev="sysfs" ino=57691 scontext=u:r:system_suspend:s0 tcontext=u:object_r:sysfs:s0 tclass=dir permissive=0
10-02 01:53:02.151   598  1348 E android.system.suspend@1.0-service: Error opening kernel wakelock stats for: wakeup12 (../../devices/platform/10024000.pwrap/10024000.pwrap:mt6359p/mt6359p-gauge/power_supply/mtk-gauge/wakeup12): Permission denied
10-02 01:53:02.146   598   598 W binder:598_6: type=1400 audit(0.0:631): avc: denied { read } for name="wakeup12" dev="sysfs" ino=51510 scontext=u:r:system_suspend:s0 tcontext=u:object_r:sysfs_batteryinfo:s0 tclass=dir permissive=0
10-02 01:53:02.150   598   598 W binder:598_6: type=1400 audit(0.0:632): avc: denied { read } for name="wakeup35" dev="sysfs" ino=57892 scontext=u:r:system_suspend:s0 tcontext=u:object_r:sysfs:s0 tclass=dir permissive=0
10-02 01:53:02.157   598  1348 E android.system.suspend@1.0-service: Error opening kernel wakelock stats for: wakeup35 (../../devices/platform/odm/odm:charger/power_supply/mtk-mst-hvdiv-chg/wakeup35): Permission denied
10-02 01:53:02.158   598  1348 E android.system.suspend@1.0-service: Error opening kernel wakelock stats for: wakeup33 (../../devices/platform/odm/odm:charger/power_supply/mtk-mst-div-chg/wakeup33): Permission denied
10-02 01:53:02.159   598  1348 E android.system.suspend@1.0-service: Error opening kernel wakelock stats for: wakeup8 (../../devices/platform/11e04000.i2c/i2c-4/4-0028/wakeup/wakeup8): Permission denied
10-02 01:53:02.160   598  1348 E android.system.suspend@1.0-service: Error opening kernel wakelock stats for: wakeup31 (../../devices/platform/odm/odm:charger/power_supply/mtk-master-charger/wakeup31): Permission denied
10-02 01:53:02.160   598  1348 E android.system.suspend@1.0-service: Error opening kernel wakelock stats for: wakeup11 (../../devices/platform/10024000.pwrap/10024000.pwrap:mt6359p/mt6359p-gauge/power_supply/battery/wakeup11): Permission denied
10-02 01:53:02.513   768   789 W android.hardware.thermal@2.0-service.mtk: parseMsg: Get from client TYPE=thermal_hal_notify NAME=SKIN
10-02 01:53:02.513   768   789 W android.hardware.thermal@2.0-service.mtk: parseMsg:name.c_str():SKIN
10-02 01:53:02.513   768   789 W android.hardware.thermal@2.0-service.mtk: parseMsg:tz notify:SKIN
10-02 01:53:02.513   768   789 W android.hardware.thermal@2.0-service.mtk: parseMsg: Get from client TYPE=thermal_hal_notify NAME=BATTERY
10-02 01:53:02.513   768   789 W android.hardware.thermal@2.0-service.mtk: parseMsg:name.c_str():BATTERY
10-02 01:53:02.513   768   789 W android.hardware.thermal@2.0-service.mtk: parseMsg:tz notify:BATTERY
10-02 01:53:02.513   768   789 I android.hardware.thermal@2.0-service.mtk: Wait to accept a connection
10-02 01:53:02.516   768   789 I android.hardware.thermal@2.0-impl: Sending notification:  Type: BATTERY Name: BATTERY CurrentValue: 38 ThrottlingStatus: NONE
10-02 01:53:02.516   768   789 I android.hardware.thermal@2.0-impl: sendThermalChangedCallback
10-02 01:53:02.516   768   789 I android.hardware.thermal@2.0-impl: Sending notification:  Type: SKIN Name: SKIN CurrentValue: 28.412 ThrottlingStatus: NONE
10-02 01:53:02.516   768   789 I android.hardware.thermal@2.0-impl: sendThermalChangedCallback
10-02 01:53:04.212  1375  1375 D KeyguardUpdateMonitor: received broadcast android.intent.action.BATTERY_CHANGED
10-02 01:53:04.213  1375  1375 D KeyguardUpdateMonitor: handleBatteryUpdate
10-02 01:53:04.213  1375  1761 D PowerUI : can't show warning due to - plugged: true status unknown: false
10-02 01:53:04.728  3898  3898 I update_engine_client: [INFO:update_engine_client_android.cc(95)] onStatusUpdate(UPDATE_STATUS_DOWNLOADING (3), 0.0601062)
10-02 01:53:05.467   533   533 I servicemanager: Could not find vendor.mediatek.hardware.mtkradioex.modem.IMtkRadioExModem/slot1 in the VINTF manifest.
10-02 01:53:05.468   534   534 I hwservicemanager: getTransport: Cannot find entry vendor.mediatek.hardware.mtkradioex@3.0::IMtkRadioEx/mtkCap1 in either framework or device VINTF manifest.
10-02 01:53:05.468   534   534 I hwservicemanager: getTransport: Cannot find entry vendor.mediatek.hardware.mtkradioex@2.0::IMtkRadioEx/mtkCap1 in either framework or device VINTF manifest.
10-02 01:53:05.514   768   789 W android.hardware.thermal@2.0-service.mtk: parseMsg: Get from client TYPE=thermal_hal_notify NAME=SKIN
10-02 01:53:05.514   768   789 W android.hardware.thermal@2.0-service.mtk: parseMsg:name.c_str():SKIN
10-02 01:53:05.514   768   789 W android.hardware.thermal@2.0-service.mtk: parseMsg:tz notify:SKIN
10-02 01:53:05.514   768   789 W android.hardware.thermal@2.0-service.mtk: parseMsg: Get from client TYPE=thermal_hal_notify NAME=BATTERY
10-02 01:53:05.514   768   789 W android.hardware.thermal@2.0-service.mtk: parseMsg:name.c_str():BATTERY
10-02 01:53:05.514   768   789 W android.hardware.thermal@2.0-service.mtk: parseMsg:tz notify:BATTERY
10-02 01:53:05.514   768   789 I android.hardware.thermal@2.0-service.mtk: Wait to accept a connection
10-02 01:53:05.518   768   789 I android.hardware.thermal@2.0-impl: Sending notification:  Type: BATTERY Name: BATTERY CurrentValue: 38 ThrottlingStatus: NONE
10-02 01:53:05.518   768   789 I android.hardware.thermal@2.0-impl: sendThermalChangedCallback
10-02 01:53:05.518   768   789 I android.hardware.thermal@2.0-impl: Sending notification:  Type: SKIN Name: SKIN CurrentValue: 28.571 ThrottlingStatus: NONE
10-02 01:53:05.518   768   789 I android.hardware.thermal@2.0-impl: sendThermalChangedCallback
10-02 01:53:08.515   768   789 W android.hardware.thermal@2.0-service.mtk: parseMsg: Get from client TYPE=thermal_hal_notify NAME=SKIN
10-02 01:53:08.515   768   789 W android.hardware.thermal@2.0-service.mtk: parseMsg:name.c_str():SKIN
10-02 01:53:08.515   768   789 W android.hardware.thermal@2.0-service.mtk: parseMsg:tz notify:SKIN
10-02 01:53:08.516   768   789 W android.hardware.thermal@2.0-service.mtk: parseMsg: Get from client TYPE=thermal_hal_notify NAME=BATTERY
10-02 01:53:08.516   768   789 W android.hardware.thermal@2.0-service.mtk: parseMsg:name.c_str():BATTERY
10-02 01:53:08.516   768   789 W android.hardware.thermal@2.0-service.mtk: parseMsg:tz notify:BATTERY
10-02 01:53:08.516   768   789 I android.hardware.thermal@2.0-service.mtk: Wait to accept a connection
10-02 01:53:08.519   768   789 I android.hardware.thermal@2.0-impl: Sending notification:  Type: BATTERY Name: BATTERY CurrentValue: 38 ThrottlingStatus: NONE
10-02 01:53:08.519   768   789 I android.hardware.thermal@2.0-impl: sendThermalChangedCallback
10-02 01:53:08.519   768   789 I android.hardware.thermal@2.0-impl: Sending notification:  Type: SKIN Name: SKIN CurrentValue: 28.571 ThrottlingStatus: NONE
10-02 01:53:08.519   768   789 I android.hardware.thermal@2.0-impl: sendThermalChangedCallback
10-02 01:53:09.470   533   533 I servicemanager: Could not find vendor.mediatek.hardware.mtkradioex.modem.IMtkRadioExModem/slot1 in the VINTF manifest.
10-02 01:53:09.471   534   534 I hwservicemanager: getTransport: Cannot find entry vendor.mediatek.hardware.mtkradioex@3.0::IMtkRadioEx/mtkCap1 in either framework or device VINTF manifest.
10-02 01:53:09.472   534   534 I hwservicemanager: getTransport: Cannot find entry vendor.mediatek.hardware.mtkradioex@2.0::IMtkRadioEx/mtkCap1 in either framework or device VINTF manifest.
10-02 01:53:09.568  1035  1035 I update_engine: [INFO:delta_performer.cc(113)] Completed 89/825 operations (10%), 72040448/1045418277 bytes downloaded (6%), overall progress 8%
10-02 01:53:09.617  3898  3898 I update_engine_client: [INFO:update_engine_client_android.cc(95)] onStatusUpdate(UPDATE_STATUS_DOWNLOADING (3), 0.0701208)
10-02 01:53:11.516   768   789 W android.hardware.thermal@2.0-service.mtk: parseMsg: Get from client TYPE=thermal_hal_notify NAME=SKIN
10-02 01:53:11.516   768   789 W android.hardware.thermal@2.0-service.mtk: parseMsg:name.c_str():SKIN
10-02 01:53:11.516   768   789 W android.hardware.thermal@2.0-service.mtk: parseMsg:tz notify:SKIN
10-02 01:53:11.516   768   789 W android.hardware.thermal@2.0-service.mtk: parseMsg: Get from client TYPE=thermal_hal_notify NAME=BATTERY
10-02 01:53:11.516   768   789 W android.hardware.thermal@2.0-service.mtk: parseMsg:name.c_str():BATTERY
10-02 01:53:11.516   768   789 W android.hardware.thermal@2.0-service.mtk: parseMsg:tz notify:BATTERY
10-02 01:53:11.516   768   789 I android.hardware.thermal@2.0-service.mtk: Wait to accept a connection
10-02 01:53:11.518   768   789 I android.hardware.thermal@2.0-impl: Sending notification:  Type: BATTERY Name: BATTERY CurrentValue: 38 ThrottlingStatus: NONE
10-02 01:53:11.519   768   789 I android.hardware.thermal@2.0-impl: sendThermalChangedCallback
10-02 01:53:11.519   768   789 I android.hardware.thermal@2.0-impl: Sending notification:  Type: SKIN Name: SKIN CurrentValue: 28.65 ThrottlingStatus: NONE
10-02 01:53:11.519   768   789 I android.hardware.thermal@2.0-impl: sendThermalChangedCallback
10-02 01:53:13.474   533   533 I servicemanager: Could not find vendor.mediatek.hardware.mtkradioex.modem.IMtkRadioExModem/slot1 in the VINTF manifest.
10-02 01:53:13.474   534   534 I hwservicemanager: getTransport: Cannot find entry vendor.mediatek.hardware.mtkradioex@3.0::IMtkRadioEx/mtkCap1 in either framework or device VINTF manifest.
10-02 01:53:13.475   534   534 I hwservicemanager: getTransport: Cannot find entry vendor.mediatek.hardware.mtkradioex@2.0::IMtkRadioEx/mtkCap1 in either framework or device VINTF manifest.
10-02 01:53:14.208  1162  1186 D AES     : AEEIOCTL_GET/SET_SF_STATE IOCTL,cmd= 1074294797, lParam=0. 
10-02 01:53:14.209  1162  1186 D AES     : AEEIOCTL_RT_MON_Kick IOCTL,cmd= 2147774474, lParam=300. 
10-02 01:53:14.424  3898  3898 I update_engine_client: [INFO:update_engine_client_android.cc(95)] onStatusUpdate(UPDATE_STATUS_DOWNLOADING (3), 0.0801353)
10-02 01:53:14.516   768   789 W android.hardware.thermal@2.0-service.mtk: parseMsg: Get from client TYPE=thermal_hal_notify NAME=SKIN
10-02 01:53:14.516   768   789 W android.hardware.thermal@2.0-service.mtk: parseMsg:name.c_str():SKIN
10-02 01:53:14.516   768   789 W android.hardware.thermal@2.0-service.mtk: parseMsg:tz notify:SKIN
10-02 01:53:14.517   768   789 W android.hardware.thermal@2.0-service.mtk: parseMsg: Get from client TYPE=thermal_hal_notify NAME=BATTERY
10-02 01:53:14.517   768   789 W android.hardware.thermal@2.0-service.mtk: parseMsg:name.c_str():BATTERY
10-02 01:53:14.517   768   789 W android.hardware.thermal@2.0-service.mtk: parseMsg:tz notify:BATTERY
10-02 01:53:14.517   768   789 I android.hardware.thermal@2.0-service.mtk: Wait to accept a connection
10-02 01:53:14.519   768   789 I android.hardware.thermal@2.0-impl: Sending notification:  Type: BATTERY Name: BATTERY CurrentValue: 38 ThrottlingStatus: NONE
10-02 01:53:14.519   768   789 I android.hardware.thermal@2.0-impl: sendThermalChangedCallback
10-02 01:53:14.519   768   789 I android.hardware.thermal@2.0-impl: Sending notification:  Type: SKIN Name: SKIN CurrentValue: 28.65 ThrottlingStatus: NONE
10-02 01:53:14.519   768   789 I android.hardware.thermal@2.0-impl: sendThermalChangedCallback
10-02 01:53:15.471  1035  1035 I update_engine: [INFO:delta_performer.cc(113)] Completed 99/825 operations (12%), 86032384/1045418277 bytes downloaded (8%), overall progress 10%
10-02 01:53:17.478   533   533 I servicemanager: Could not find vendor.mediatek.hardware.mtkradioex.modem.IMtkRadioExModem/slot1 in the VINTF manifest.
10-02 01:53:17.478   534   534 I hwservicemanager: getTransport: Cannot find entry vendor.mediatek.hardware.mtkradioex@3.0::IMtkRadioEx/mtkCap1 in either framework or device VINTF manifest.
10-02 01:53:17.479   534   534 I hwservicemanager: getTransport: Cannot find entry vendor.mediatek.hardware.mtkradioex@2.0::IMtkRadioEx/mtkCap1 in either framework or device VINTF manifest.
10-02 01:53:17.517   768   789 W android.hardware.thermal@2.0-service.mtk: parseMsg: Get from client TYPE=thermal_hal_notify NAME=SKIN
10-02 01:53:17.517   768   789 W android.hardware.thermal@2.0-service.mtk: parseMsg:name.c_str():SKIN
10-02 01:53:17.517   768   789 W android.hardware.thermal@2.0-service.mtk: parseMsg:tz notify:SKIN
10-02 01:53:17.517   768   789 I android.hardware.thermal@2.0-service.mtk: Wait to accept a connection
10-02 01:53:17.517   768   789 I android.hardware.thermal@2.0-impl: Sending notification:  Type: SKIN Name: SKIN CurrentValue: 28.809 ThrottlingStatus: NONE
10-02 01:53:17.518   768   789 I android.hardware.thermal@2.0-impl: sendThermalChangedCallback
10-02 01:53:17.518   768   789 W android.hardware.thermal@2.0-service.mtk: parseMsg: Get from client TYPE=thermal_hal_notify NAME=BATTERY
10-02 01:53:17.518   768   789 W android.hardware.thermal@2.0-service.mtk: parseMsg:name.c_str():BATTERY
10-02 01:53:17.518   768   789 W android.hardware.thermal@2.0-service.mtk: parseMsg:tz notify:BATTERY
10-02 01:53:17.518   768   789 I android.hardware.thermal@2.0-service.mtk: Wait to accept a connection
10-02 01:53:17.520   768   789 I android.hardware.thermal@2.0-impl: Sending notification:  Type: BATTERY Name: BATTERY CurrentValue: 38 ThrottlingStatus: NONE
10-02 01:53:17.520   768   789 I android.hardware.thermal@2.0-impl: sendThermalChangedCallback
10-02 01:53:18.239  3898  3898 I update_engine_client: [INFO:update_engine_client_android.cc(95)] onStatusUpdate(UPDATE_STATUS_DOWNLOADING (3), 0.0901498)
10-02 01:53:20.518   768   789 W android.hardware.thermal@2.0-service.mtk: parseMsg: Get from client TYPE=thermal_hal_notify NAME=SKIN
10-02 01:53:20.519   768   789 W android.hardware.thermal@2.0-service.mtk: parseMsg:name.c_str():SKIN
10-02 01:53:20.519   768   789 W android.hardware.thermal@2.0-service.mtk: parseMsg:tz notify:SKIN
10-02 01:53:20.519   768   789 W android.hardware.thermal@2.0-service.mtk: parseMsg: Get from client TYPE=thermal_hal_notify NAME=BATTERY
10-02 01:53:20.519   768   789 W android.hardware.thermal@2.0-service.mtk: parseMsg:name.c_str():BATTERY
10-02 01:53:20.519   768   789 W android.hardware.thermal@2.0-service.mtk: parseMsg:tz notify:BATTERY
10-02 01:53:20.519   768   789 I android.hardware.thermal@2.0-service.mtk: Wait to accept a connection
10-02 01:53:20.521   768   789 I android.hardware.thermal@2.0-impl: Sending notification:  Type: BATTERY Name: BATTERY CurrentValue: 38 ThrottlingStatus: NONE
10-02 01:53:20.521   768   789 I android.hardware.thermal@2.0-impl: sendThermalChangedCallback
10-02 01:53:20.522   768   789 I android.hardware.thermal@2.0-impl: Sending notification:  Type: SKIN Name: SKIN CurrentValue: 28.888 ThrottlingStatus: NONE
10-02 01:53:20.522   768   789 I android.hardware.thermal@2.0-impl: sendThermalChangedCallback
10-02 01:53:21.484   533   533 I servicemanager: Could not find vendor.mediatek.hardware.mtkradioex.modem.IMtkRadioExModem/slot1 in the VINTF manifest.
10-02 01:53:21.485   534   534 I hwservicemanager: getTransport: Cannot find entry vendor.mediatek.hardware.mtkradioex@3.0::IMtkRadioEx/mtkCap1 in either framework or device VINTF manifest.
10-02 01:53:21.485   534   534 I hwservicemanager: getTransport: Cannot find entry vendor.mediatek.hardware.mtkradioex@2.0::IMtkRadioEx/mtkCap1 in either framework or device VINTF manifest.
10-02 01:53:22.265  3898  3898 I update_engine_client: [INFO:update_engine_client_android.cc(95)] onStatusUpdate(UPDATE_STATUS_DOWNLOADING (3), 0.100164)
10-02 01:53:23.519   768   789 W android.hardware.thermal@2.0-service.mtk: parseMsg: Get from client TYPE=thermal_hal_notify NAME=SKIN
10-02 01:53:23.519   768   789 W android.hardware.thermal@2.0-service.mtk: parseMsg:name.c_str():SKIN
10-02 01:53:23.519   768   789 W android.hardware.thermal@2.0-service.mtk: parseMsg:tz notify:SKIN
10-02 01:53:23.519   768   789 W android.hardware.thermal@2.0-service.mtk: parseMsg: Get from client TYPE=thermal_hal_notify NAME=BATTERY
10-02 01:53:23.519   768   789 W android.hardware.thermal@2.0-service.mtk: parseMsg:name.c_str():BATTERY
10-02 01:53:23.519   768   789 W android.hardware.thermal@2.0-service.mtk: parseMsg:tz notify:BATTERY
10-02 01:53:23.519   768   789 I android.hardware.thermal@2.0-service.mtk: Wait to accept a connection
10-02 01:53:23.522   768   789 I android.hardware.thermal@2.0-impl: Sending notification:  Type: BATTERY Name: BATTERY CurrentValue: 38 ThrottlingStatus: NONE
10-02 01:53:23.522   768   789 I android.hardware.thermal@2.0-impl: sendThermalChangedCallback
10-02 01:53:23.522   768   789 I android.hardware.thermal@2.0-impl: Sending notification:  Type: SKIN Name: SKIN CurrentValue: 28.968 ThrottlingStatus: NONE
10-02 01:53:23.522   768   789 I android.hardware.thermal@2.0-impl: sendThermalChangedCallback
10-02 01:53:24.218  1375  1375 D KeyguardUpdateMonitor: received broadcast android.intent.action.BATTERY_CHANGED
10-02 01:53:24.218  1375  2366 D PowerUI : can't show warning due to - plugged: true status unknown: false
10-02 01:53:24.218  1375  1375 D KeyguardUpdateMonitor: handleBatteryUpdate
10-02 01:53:24.224  1375  1375 D KeyguardUpdateMonitor: received broadcast android.intent.action.BATTERY_CHANGED
10-02 01:53:24.224  1375  1375 D KeyguardUpdateMonitor: handleBatteryUpdate
10-02 01:53:24.224  1375  2367 D PowerUI : can't show warning due to - plugged: true status unknown: false
10-02 01:53:25.491   533   533 I servicemanager: Could not find vendor.mediatek.hardware.mtkradioex.modem.IMtkRadioExModem/slot1 in the VINTF manifest.
10-02 01:53:25.492   534   534 I hwservicemanager: getTransport: Cannot find entry vendor.mediatek.hardware.mtkradioex@3.0::IMtkRadioEx/mtkCap1 in either framework or device VINTF manifest.
10-02 01:53:25.494   534   534 I hwservicemanager: getTransport: Cannot find entry vendor.mediatek.hardware.mtkradioex@2.0::IMtkRadioEx/mtkCap1 in either framework or device VINTF manifest.
10-02 01:53:26.519   768   789 W android.hardware.thermal@2.0-service.mtk: parseMsg: Get from client TYPE=thermal_hal_notify NAME=SKIN
10-02 01:53:26.520   768   789 W android.hardware.thermal@2.0-service.mtk: parseMsg:name.c_str():SKIN
10-02 01:53:26.520   768   789 W android.hardware.thermal@2.0-service.mtk: parseMsg:tz notify:SKIN
10-02 01:53:26.520   768   789 W android.hardware.thermal@2.0-service.mtk: parseMsg: Get from client TYPE=thermal_hal_notify NAME=BATTERY
10-02 01:53:26.520   768   789 W android.hardware.thermal@2.0-service.mtk: parseMsg:name.c_str():BATTERY
10-02 01:53:26.520   768   789 W android.hardware.thermal@2.0-service.mtk: parseMsg:tz notify:BATTERY
10-02 01:53:26.520   768   789 I android.hardware.thermal@2.0-service.mtk: Wait to accept a connection
10-02 01:53:26.522   768   789 I android.hardware.thermal@2.0-impl: Sending notification:  Type: BATTERY Name: BATTERY CurrentValue: 38 ThrottlingStatus: NONE
10-02 01:53:26.522   768   789 I android.hardware.thermal@2.0-impl: sendThermalChangedCallback
10-02 01:53:26.522   768   789 I android.hardware.thermal@2.0-impl: Sending notification:  Type: SKIN Name: SKIN CurrentValue: 29.047 ThrottlingStatus: NONE
10-02 01:53:26.522   768   789 I android.hardware.thermal@2.0-impl: sendThermalChangedCallback
10-02 01:53:26.604  3898  3898 I update_engine_client: [INFO:update_engine_client_android.cc(95)] onStatusUpdate(UPDATE_STATUS_DOWNLOADING (3), 0.110179)
10-02 01:53:29.499   533   533 I servicemanager: Could not find vendor.mediatek.hardware.mtkradioex.modem.IMtkRadioExModem/slot1 in the VINTF manifest.
10-02 01:53:29.499   534   534 I hwservicemanager: getTransport: Cannot find entry vendor.mediatek.hardware.mtkradioex@3.0::IMtkRadioEx/mtkCap1 in either framework or device VINTF manifest.
10-02 01:53:29.500   534   534 I hwservicemanager: getTransport: Cannot find entry vendor.mediatek.hardware.mtkradioex@2.0::IMtkRadioEx/mtkCap1 in either framework or device VINTF manifest.
10-02 01:53:29.521   768   789 W android.hardware.thermal@2.0-service.mtk: parseMsg: Get from client TYPE=thermal_hal_notify NAME=SKIN
10-02 01:53:29.521   768   789 W android.hardware.thermal@2.0-service.mtk: parseMsg:name.c_str():SKIN
10-02 01:53:29.521   768   789 W android.hardware.thermal@2.0-service.mtk: parseMsg:tz notify:SKIN
10-02 01:53:29.521   768   789 I android.hardware.thermal@2.0-service.mtk: Wait to accept a connection
10-02 01:53:29.521   768   789 I android.hardware.thermal@2.0-impl: Sending notification:  Type: SKIN Name: SKIN CurrentValue: 29.047 ThrottlingStatus: NONE
10-02 01:53:29.522   768   789 I android.hardware.thermal@2.0-impl: sendThermalChangedCallback
10-02 01:53:29.522   768   789 W android.hardware.thermal@2.0-service.mtk: parseMsg: Get from client TYPE=thermal_hal_notify NAME=BATTERY
10-02 01:53:29.522   768   789 W android.hardware.thermal@2.0-service.mtk: parseMsg:name.c_str():BATTERY
10-02 01:53:29.522   768   789 W android.hardware.thermal@2.0-service.mtk: parseMsg:tz notify:BATTERY
10-02 01:53:29.522   768   789 I android.hardware.thermal@2.0-service.mtk: Wait to accept a connection
10-02 01:53:29.524   768   789 I android.hardware.thermal@2.0-impl: Sending notification:  Type: BATTERY Name: BATTERY CurrentValue: 38 ThrottlingStatus: NONE
10-02 01:53:29.524   768   789 I android.hardware.thermal@2.0-impl: sendThermalChangedCallback
10-02 01:53:30.654  3898  3898 I update_engine_client: [INFO:update_engine_client_android.cc(95)] onStatusUpdate(UPDATE_STATUS_DOWNLOADING (3), 0.120193)
10-02 01:53:32.522   768   789 W android.hardware.thermal@2.0-service.mtk: parseMsg: Get from client TYPE=thermal_hal_notify NAME=SKIN
10-02 01:53:32.522   768   789 W android.hardware.thermal@2.0-service.mtk: parseMsg:name.c_str():SKIN
10-02 01:53:32.522   768   789 W android.hardware.thermal@2.0-service.mtk: parseMsg:tz notify:SKIN
10-02 01:53:32.522   768   789 W android.hardware.thermal@2.0-service.mtk: parseMsg: Get from client TYPE=thermal_hal_notify NAME=BATTERY
10-02 01:53:32.522   768   789 W android.hardware.thermal@2.0-service.mtk: parseMsg:name.c_str():BATTERY
10-02 01:53:32.522   768   789 W android.hardware.thermal@2.0-service.mtk: parseMsg:tz notify:BATTERY
10-02 01:53:32.522   768   789 I android.hardware.thermal@2.0-service.mtk: Wait to accept a connection
10-02 01:53:32.525   768   789 I android.hardware.thermal@2.0-impl: Sending notification:  Type: BATTERY Name: BATTERY CurrentValue: 38 ThrottlingStatus: NONE
10-02 01:53:32.525   768   789 I android.hardware.thermal@2.0-impl: sendThermalChangedCallback
10-02 01:53:32.525   768   789 I android.hardware.thermal@2.0-impl: Sending notification:  Type: SKIN Name: SKIN CurrentValue: 29.126 ThrottlingStatus: NONE
10-02 01:53:32.525   768   789 I android.hardware.thermal@2.0-impl: sendThermalChangedCallback
10-02 01:53:33.467  1035  1035 I update_engine: [INFO:partition_writer_factory_android.cc(41)] Virtual AB Compression disabled, using Partition Writer for `scp`
10-02 01:53:33.470  1035  1035 I update_engine: [INFO:partition_writer.cc(169)] Opening /dev/block/by-name/scp_a partition without O_DSYNC
10-02 01:53:33.479  1035  1035 I update_engine: [INFO:partition_writer.cc(103)] Caching writes.
10-02 01:53:33.483  1035  1035 I update_engine: [INFO:partition_writer.cc(181)] Applying 1 operations to partition "scp"
10-02 01:53:33.502   533   533 I servicemanager: Could not find vendor.mediatek.hardware.mtkradioex.modem.IMtkRadioExModem/slot1 in the VINTF manifest.
10-02 01:53:33.504   534   534 I hwservicemanager: getTransport: Cannot find entry vendor.mediatek.hardware.mtkradioex@3.0::IMtkRadioEx/mtkCap1 in either framework or device VINTF manifest.
10-02 01:53:33.505   534   534 I hwservicemanager: getTransport: Cannot find entry vendor.mediatek.hardware.mtkradioex@2.0::IMtkRadioEx/mtkCap1 in either framework or device VINTF manifest.
10-02 01:53:33.517  1035  1035 I update_engine: [INFO:partition_writer_factory_android.cc(41)] Virtual AB Compression disabled, using Partition Writer for `spmfw`
10-02 01:53:33.520  1035  1035 I update_engine: [INFO:partition_writer.cc(169)] Opening /dev/block/by-name/spmfw_a partition without O_DSYNC
10-02 01:53:33.527  1035  1035 I update_engine: [INFO:partition_writer.cc(103)] Caching writes.
10-02 01:53:33.530  1035  1035 I update_engine: [INFO:partition_writer.cc(181)] Applying 1 operations to partition "spmfw"
10-02 01:53:33.544  1035  1035 I update_engine: [INFO:partition_writer_factory_android.cc(41)] Virtual AB Compression disabled, using Partition Writer for `sspm`
10-02 01:53:33.547  1035  1035 I update_engine: [INFO:partition_writer.cc(169)] Opening /dev/block/by-name/sspm_a partition without O_DSYNC
10-02 01:53:33.555  1035  1035 I update_engine: [INFO:partition_writer.cc(103)] Caching writes.
10-02 01:53:33.559  1035  1035 I update_engine: [INFO:partition_writer.cc(181)] Applying 1 operations to partition "sspm"
10-02 01:53:33.609  1035  1035 I update_engine: [INFO:partition_writer_factory_android.cc(35)] Virtual AB Compression Enabled, using VABC Partition Writer for `system`
10-02 01:53:33.611  1035  1035 I update_engine: [INFO:vabc_partition_writer.cc(109)] Virtual AB Compression with XOR is disabled.
10-02 01:53:33.614  1035  1035 W update_engine: [libfs_mgr]Warning: unknown flag: resize
10-02 01:53:33.617  1035  1035 I update_engine: Successfully unmapped snapshot system_a
10-02 01:53:33.644  1035  1035 I update_engine: [libfs_mgr]Created logical partition system_a-base on device /dev/block/dm-5
10-02 01:53:33.674  1035  1035 I update_engine: Mapped COW device for system_a at /dev/block/dm-6
10-02 01:53:34.299  3898  3898 I update_engine_client: [INFO:update_engine_client_android.cc(95)] onStatusUpdate(UPDATE_STATUS_DOWNLOADING (3), 0.130208)
10-02 01:53:35.523   768   789 W android.hardware.thermal@2.0-service.mtk: parseMsg: Get from client TYPE=thermal_hal_notify NAME=SKIN
10-02 01:53:35.523   768   789 W android.hardware.thermal@2.0-service.mtk: parseMsg:name.c_str():SKIN
10-02 01:53:35.523   768   789 W android.hardware.thermal@2.0-service.mtk: parseMsg:tz notify:SKIN
10-02 01:53:35.523   768   789 W android.hardware.thermal@2.0-service.mtk: parseMsg: Get from client TYPE=thermal_hal_notify NAME=BATTERY
10-02 01:53:35.523   768   789 W android.hardware.thermal@2.0-service.mtk: parseMsg:name.c_str():BATTERY
10-02 01:53:35.523   768   789 W android.hardware.thermal@2.0-service.mtk: parseMsg:tz notify:BATTERY
10-02 01:53:35.523   768   789 I android.hardware.thermal@2.0-service.mtk: Wait to accept a connection
10-02 01:53:35.525   768   789 I android.hardware.thermal@2.0-impl: Sending notification:  Type: BATTERY Name: BATTERY CurrentValue: 38 ThrottlingStatus: NONE
10-02 01:53:35.526   768   789 I android.hardware.thermal@2.0-impl: sendThermalChangedCallback
10-02 01:53:35.526   768   789 I android.hardware.thermal@2.0-impl: Sending notification:  Type: SKIN Name: SKIN CurrentValue: 29.206 ThrottlingStatus: NONE
10-02 01:53:35.526   768   789 I android.hardware.thermal@2.0-impl: sendThermalChangedCallback
10-02 01:53:37.510   533   533 I servicemanager: Could not find vendor.mediatek.hardware.mtkradioex.modem.IMtkRadioExModem/slot1 in the VINTF manifest.
10-02 01:53:37.510   534   534 I hwservicemanager: getTransport: Cannot find entry vendor.mediatek.hardware.mtkradioex@3.0::IMtkRadioEx/mtkCap1 in either framework or device VINTF manifest.
10-02 01:53:37.511   534   534 I hwservicemanager: getTransport: Cannot find entry vendor.mediatek.hardware.mtkradioex@2.0::IMtkRadioEx/mtkCap1 in either framework or device VINTF manifest.
10-02 01:53:38.523   768   789 W android.hardware.thermal@2.0-service.mtk: parseMsg: Get from client TYPE=thermal_hal_notify NAME=SKIN
10-02 01:53:38.523   768   789 W android.hardware.thermal@2.0-service.mtk: parseMsg:name.c_str():SKIN
10-02 01:53:38.523   768   789 W android.hardware.thermal@2.0-service.mtk: parseMsg:tz notify:SKIN
10-02 01:53:38.523   768   789 W android.hardware.thermal@2.0-service.mtk: parseMsg: Get from client TYPE=thermal_hal_notify NAME=BATTERY
10-02 01:53:38.523   768   789 W android.hardware.thermal@2.0-service.mtk: parseMsg:name.c_str():BATTERY
10-02 01:53:38.523   768   789 W android.hardware.thermal@2.0-service.mtk: parseMsg:tz notify:BATTERY
10-02 01:53:38.523   768   789 I android.hardware.thermal@2.0-service.mtk: Wait to accept a connection
10-02 01:53:38.526   768   789 I android.hardware.thermal@2.0-impl: Sending notification:  Type: BATTERY Name: BATTERY CurrentValue: 38 ThrottlingStatus: NONE
10-02 01:53:38.526   768   789 I android.hardware.thermal@2.0-impl: sendThermalChangedCallback
10-02 01:53:38.526   768   789 I android.hardware.thermal@2.0-impl: Sending notification:  Type: SKIN Name: SKIN CurrentValue: 29.206 ThrottlingStatus: NONE
10-02 01:53:38.526   768   789 I android.hardware.thermal@2.0-impl: sendThermalChangedCallback
10-02 01:53:38.972  3898  3898 I update_engine_client: [INFO:update_engine_client_android.cc(95)] onStatusUpdate(UPDATE_STATUS_DOWNLOADING (3), 0.140223)
10-02 01:53:41.517   533   533 I servicemanager: Could not find vendor.mediatek.hardware.mtkradioex.modem.IMtkRadioExModem/slot1 in the VINTF manifest.
10-02 01:53:41.518   534   534 I hwservicemanager: getTransport: Cannot find entry vendor.mediatek.hardware.mtkradioex@3.0::IMtkRadioEx/mtkCap1 in either framework or device VINTF manifest.
10-02 01:53:41.520   534   534 I hwservicemanager: getTransport: Cannot find entry vendor.mediatek.hardware.mtkradioex@2.0::IMtkRadioEx/mtkCap1 in either framework or device VINTF manifest.
10-02 01:53:41.524   768   789 W android.hardware.thermal@2.0-service.mtk: parseMsg: Get from client TYPE=thermal_hal_notify NAME=SKIN
10-02 01:53:41.524   768   789 W android.hardware.thermal@2.0-service.mtk: parseMsg:name.c_str():SKIN
10-02 01:53:41.524   768   789 W android.hardware.thermal@2.0-service.mtk: parseMsg:tz notify:SKIN
10-02 01:53:41.524   768   789 W android.hardware.thermal@2.0-service.mtk: parseMsg: Get from client TYPE=thermal_hal_notify NAME=BATTERY
10-02 01:53:41.524   768   789 W android.hardware.thermal@2.0-service.mtk: parseMsg:name.c_str():BATTERY
10-02 01:53:41.524   768   789 W android.hardware.thermal@2.0-service.mtk: parseMsg:tz notify:BATTERY
10-02 01:53:41.525   768   789 I android.hardware.thermal@2.0-service.mtk: Wait to accept a connection
10-02 01:53:41.527   768   789 I android.hardware.thermal@2.0-impl: Sending notification:  Type: BATTERY Name: BATTERY CurrentValue: 38 ThrottlingStatus: NONE
10-02 01:53:41.528   768   789 I android.hardware.thermal@2.0-impl: sendThermalChangedCallback
10-02 01:53:41.528   768   789 I android.hardware.thermal@2.0-impl: Sending notification:  Type: SKIN Name: SKIN CurrentValue: 29.285 ThrottlingStatus: NONE
10-02 01:53:41.528   768   789 I android.hardware.thermal@2.0-impl: sendThermalChangedCallback
10-02 01:53:43.175  3898  3898 I update_engine_client: [INFO:update_engine_client_android.cc(95)] onStatusUpdate(UPDATE_STATUS_DOWNLOADING (3), 0.150237)
10-02 01:53:44.209  1162  1186 D AES     : AEEIOCTL_GET/SET_SF_STATE IOCTL,cmd= 1074294797, lParam=0. 
10-02 01:53:44.209  1162  1186 D AES     : AEEIOCTL_RT_MON_Kick IOCTL,cmd= 2147774474, lParam=300. 
10-02 01:53:44.377  1375  1375 D KeyguardUpdateMonitor: received broadcast android.intent.action.BATTERY_CHANGED
10-02 01:53:44.378  1375  2735 D PowerUI : can't show warning due to - plugged: true status unknown: false
10-02 01:53:44.378  1375  1375 D KeyguardUpdateMonitor: handleBatteryUpdate
10-02 01:53:44.388  1375  1375 D KeyguardUpdateMonitor: received broadcast android.intent.action.BATTERY_CHANGED
10-02 01:53:44.388  1375  1375 D KeyguardUpdateMonitor: handleBatteryUpdate
10-02 01:53:44.389  1375  2734 D PowerUI : can't show warning due to - plugged: true status unknown: false
10-02 01:53:44.395  1375  1375 D KeyguardUpdateMonitor: received broadcast android.intent.action.BATTERY_CHANGED
10-02 01:53:44.396  1375  1375 D KeyguardUpdateMonitor: handleBatteryUpdate
10-02 01:53:44.396  1375  2435 D PowerUI : can't show warning due to - plugged: true status unknown: false
10-02 01:53:44.404  1375  1375 D KeyguardUpdateMonitor: received broadcast android.intent.action.BATTERY_CHANGED
10-02 01:53:44.405  1375  1375 D KeyguardUpdateMonitor: handleBatteryUpdate
10-02 01:53:44.405  1375  2736 D PowerUI : can't show warning due to - plugged: true status unknown: false
10-02 01:53:44.415  1375  1375 D KeyguardUpdateMonitor: received broadcast android.intent.action.BATTERY_CHANGED
10-02 01:53:44.416  1375  1375 D KeyguardUpdateMonitor: handleBatteryUpdate
10-02 01:53:44.416  1375  2436 D PowerUI : can't show warning due to - plugged: true status unknown: false
10-02 01:53:44.525   768   789 W android.hardware.thermal@2.0-service.mtk: parseMsg: Get from client TYPE=thermal_hal_notify NAME=SKIN
10-02 01:53:44.525   768   789 W android.hardware.thermal@2.0-service.mtk: parseMsg:name.c_str():SKIN
10-02 01:53:44.525   768   789 W android.hardware.thermal@2.0-service.mtk: parseMsg:tz notify:SKIN
10-02 01:53:44.525   768   789 W android.hardware.thermal@2.0-service.mtk: parseMsg: Get from client TYPE=thermal_hal_notify NAME=BATTERY
10-02 01:53:44.525   768   789 W android.hardware.thermal@2.0-service.mtk: parseMsg:name.c_str():BATTERY
10-02 01:53:44.525   768   789 W android.hardware.thermal@2.0-service.mtk: parseMsg:tz notify:BATTERY
10-02 01:53:44.525   768   789 I android.hardware.thermal@2.0-service.mtk: Wait to accept a connection
10-02 01:53:44.527   768   789 I android.hardware.thermal@2.0-impl: Sending notification:  Type: BATTERY Name: BATTERY CurrentValue: 38 ThrottlingStatus: NONE
10-02 01:53:44.528   768   789 I android.hardware.thermal@2.0-impl: sendThermalChangedCallback
10-02 01:53:44.528   768   789 I android.hardware.thermal@2.0-impl: Sending notification:  Type: SKIN Name: SKIN CurrentValue: 29.285 ThrottlingStatus: NONE
10-02 01:53:44.528   768   789 I android.hardware.thermal@2.0-impl: sendThermalChangedCallback
10-02 01:53:45.471  1035  1035 I update_engine: [INFO:delta_performer.cc(113)] Completed 153/825 operations (18%), 161726464/1045418277 bytes downloaded (15%), overall progress 16%
10-02 01:53:45.525   533   533 I servicemanager: Could not find vendor.mediatek.hardware.mtkradioex.modem.IMtkRadioExModem/slot1 in the VINTF manifest.
10-02 01:53:45.526   534   534 I hwservicemanager: getTransport: Cannot find entry vendor.mediatek.hardware.mtkradioex@3.0::IMtkRadioEx/mtkCap1 in either framework or device VINTF manifest.
10-02 01:53:45.526   534   534 I hwservicemanager: getTransport: Cannot find entry vendor.mediatek.hardware.mtkradioex@2.0::IMtkRadioEx/mtkCap1 in either framework or device VINTF manifest.
10-02 01:53:47.526   768   789 W android.hardware.thermal@2.0-service.mtk: parseMsg: Get from client TYPE=thermal_hal_notify NAME=SKIN
10-02 01:53:47.526   768   789 W android.hardware.thermal@2.0-service.mtk: parseMsg:name.c_str():SKIN
10-02 01:53:47.526   768   789 W android.hardware.thermal@2.0-service.mtk: parseMsg:tz notify:SKIN
10-02 01:53:47.526   768   789 W android.hardware.thermal@2.0-service.mtk: parseMsg: Get from client TYPE=thermal_hal_notify NAME=BATTERY
10-02 01:53:47.526   768   789 W android.hardware.thermal@2.0-service.mtk: parseMsg:name.c_str():BATTERY
10-02 01:53:47.526   768   789 W android.hardware.thermal@2.0-service.mtk: parseMsg:tz notify:BATTERY
10-02 01:53:47.526   768   789 I android.hardware.thermal@2.0-service.mtk: Wait to accept a connection
10-02 01:53:47.529   768   789 I android.hardware.thermal@2.0-impl: Sending notification:  Type: BATTERY Name: BATTERY CurrentValue: 38 ThrottlingStatus: NONE
10-02 01:53:47.530   768   789 I android.hardware.thermal@2.0-impl: sendThermalChangedCallback
10-02 01:53:47.530   768   789 I android.hardware.thermal@2.0-impl: Sending notification:  Type: SKIN Name: SKIN CurrentValue: 29.365 ThrottlingStatus: NONE
10-02 01:53:47.530   768   789 I android.hardware.thermal@2.0-impl: sendThermalChangedCallback
10-02 01:53:47.908  3898  3898 I update_engine_client: [INFO:update_engine_client_android.cc(95)] onStatusUpdate(UPDATE_STATUS_DOWNLOADING (3), 0.160252)
10-02 01:53:49.531   533   533 I servicemanager: Could not find vendor.mediatek.hardware.mtkradioex.modem.IMtkRadioExModem/slot1 in the VINTF manifest.
10-02 01:53:49.532   534   534 I hwservicemanager: getTransport: Cannot find entry vendor.mediatek.hardware.mtkradioex@3.0::IMtkRadioEx/mtkCap1 in either framework or device VINTF manifest.
10-02 01:53:49.532   534   534 I hwservicemanager: getTransport: Cannot find entry vendor.mediatek.hardware.mtkradioex@2.0::IMtkRadioEx/mtkCap1 in either framework or device VINTF manifest.
10-02 01:53:50.526   768   789 W android.hardware.thermal@2.0-service.mtk: parseMsg: Get from client TYPE=thermal_hal_notify NAME=SKIN
10-02 01:53:50.526   768   789 W android.hardware.thermal@2.0-service.mtk: parseMsg:name.c_str():SKIN
10-02 01:53:50.526   768   789 W android.hardware.thermal@2.0-service.mtk: parseMsg:tz notify:SKIN
10-02 01:53:50.526   768   789 W android.hardware.thermal@2.0-service.mtk: parseMsg: Get from client TYPE=thermal_hal_notify NAME=BATTERY
10-02 01:53:50.526   768   789 W android.hardware.thermal@2.0-service.mtk: parseMsg:name.c_str():BATTERY
10-02 01:53:50.526   768   789 W android.hardware.thermal@2.0-service.mtk: parseMsg:tz notify:BATTERY
10-02 01:53:50.527   768   789 I android.hardware.thermal@2.0-service.mtk: Wait to accept a connection
10-02 01:53:50.529   768   789 I android.hardware.thermal@2.0-impl: Sending notification:  Type: BATTERY Name: BATTERY CurrentValue: 38 ThrottlingStatus: NONE
10-02 01:53:50.529   768   789 I android.hardware.thermal@2.0-impl: sendThermalChangedCallback
10-02 01:53:50.529   768   789 I android.hardware.thermal@2.0-impl: Sending notification:  Type: SKIN Name: SKIN CurrentValue: 29.365 ThrottlingStatus: NONE
10-02 01:53:50.529   768   789 I android.hardware.thermal@2.0-impl: sendThermalChangedCallback
10-02 01:53:52.238   776   794 D power@timer: [mtkPowerTimer] visRead:0
10-02 01:53:52.595  3898  3898 I update_engine_client: [INFO:update_engine_client_android.cc(95)] onStatusUpdate(UPDATE_STATUS_DOWNLOADING (3), 0.170266)
10-02 01:53:53.527   768   789 W android.hardware.thermal@2.0-service.mtk: parseMsg: Get from client TYPE=thermal_hal_notify NAME=SKIN
10-02 01:53:53.527   768   789 W android.hardware.thermal@2.0-service.mtk: parseMsg:name.c_str():SKIN
10-02 01:53:53.527   768   789 W android.hardware.thermal@2.0-service.mtk: parseMsg:tz notify:SKIN
10-02 01:53:53.527   768   789 W android.hardware.thermal@2.0-service.mtk: parseMsg: Get from client TYPE=thermal_hal_notify NAME=BATTERY
10-02 01:53:53.527   768   789 W android.hardware.thermal@2.0-service.mtk: parseMsg:name.c_str():BATTERY
10-02 01:53:53.527   768   789 W android.hardware.thermal@2.0-service.mtk: parseMsg:tz notify:BATTERY
10-02 01:53:53.527   768   789 I android.hardware.thermal@2.0-service.mtk: Wait to accept a connection
10-02 01:53:53.530   768   789 I android.hardware.thermal@2.0-impl: Sending notification:  Type: BATTERY Name: BATTERY CurrentValue: 38 ThrottlingStatus: NONE
10-02 01:53:53.530   768   789 I android.hardware.thermal@2.0-impl: sendThermalChangedCallback
10-02 01:53:53.530   768   789 I android.hardware.thermal@2.0-impl: Sending notification:  Type: SKIN Name: SKIN CurrentValue: 29.365 ThrottlingStatus: NONE
10-02 01:53:53.530   768   789 I android.hardware.thermal@2.0-impl: sendThermalChangedCallback
10-02 01:53:53.534   533   533 I servicemanager: Could not find vendor.mediatek.hardware.mtkradioex.modem.IMtkRadioExModem/slot1 in the VINTF manifest.
10-02 01:53:53.534   534   534 I hwservicemanager: getTransport: Cannot find entry vendor.mediatek.hardware.mtkradioex@3.0::IMtkRadioEx/mtkCap1 in either framework or device VINTF manifest.
10-02 01:53:53.535   534   534 I hwservicemanager: getTransport: Cannot find entry vendor.mediatek.hardware.mtkradioex@2.0::IMtkRadioEx/mtkCap1 in either framework or device VINTF manifest.
10-02 01:53:56.527   768   789 W android.hardware.thermal@2.0-service.mtk: parseMsg: Get from client TYPE=thermal_hal_notify NAME=SKIN
10-02 01:53:56.527   768   789 W android.hardware.thermal@2.0-service.mtk: parseMsg:name.c_str():SKIN
10-02 01:53:56.527   768   789 W android.hardware.thermal@2.0-service.mtk: parseMsg:tz notify:SKIN
10-02 01:53:56.528   768   789 W android.hardware.thermal@2.0-service.mtk: parseMsg: Get from client TYPE=thermal_hal_notify NAME=BATTERY
10-02 01:53:56.528   768   789 W android.hardware.thermal@2.0-service.mtk: parseMsg:name.c_str():BATTERY
10-02 01:53:56.528   768   789 W android.hardware.thermal@2.0-service.mtk: parseMsg:tz notify:BATTERY
10-02 01:53:56.528   768   789 I android.hardware.thermal@2.0-service.mtk: Wait to accept a connection
10-02 01:53:56.530   768   789 I android.hardware.thermal@2.0-impl: Sending notification:  Type: BATTERY Name: BATTERY CurrentValue: 38 ThrottlingStatus: NONE
10-02 01:53:56.530   768   789 I android.hardware.thermal@2.0-impl: sendThermalChangedCallback
10-02 01:53:56.530   768   789 I android.hardware.thermal@2.0-impl: Sending notification:  Type: SKIN Name: SKIN CurrentValue: 29.444 ThrottlingStatus: NONE
10-02 01:53:56.530   768   789 I android.hardware.thermal@2.0-impl: sendThermalChangedCallback
10-02 01:53:57.286  3898  3898 I update_engine_client: [INFO:update_engine_client_android.cc(95)] onStatusUpdate(UPDATE_STATUS_DOWNLOADING (3), 0.180281)
10-02 01:53:57.541   533   533 I servicemanager: Could not find vendor.mediatek.hardware.mtkradioex.modem.IMtkRadioExModem/slot1 in the VINTF manifest.
10-02 01:53:57.542   534   534 I hwservicemanager: getTransport: Cannot find entry vendor.mediatek.hardware.mtkradioex@3.0::IMtkRadioEx/mtkCap1 in either framework or device VINTF manifest.
10-02 01:53:57.543   534   534 I hwservicemanager: getTransport: Cannot find entry vendor.mediatek.hardware.mtkradioex@2.0::IMtkRadioEx/mtkCap1 in either framework or device VINTF manifest.
10-02 01:53:59.528   768   789 W android.hardware.thermal@2.0-service.mtk: parseMsg: Get from client TYPE=thermal_hal_notify NAME=SKIN
10-02 01:53:59.528   768   789 W android.hardware.thermal@2.0-service.mtk: parseMsg:name.c_str():SKIN
10-02 01:53:59.528   768   789 W android.hardware.thermal@2.0-service.mtk: parseMsg:tz notify:SKIN
10-02 01:53:59.528   768   789 W android.hardware.thermal@2.0-service.mtk: parseMsg: Get from client TYPE=thermal_hal_notify NAME=BATTERY
10-02 01:53:59.528   768   789 W android.hardware.thermal@2.0-service.mtk: parseMsg:name.c_str():BATTERY
10-02 01:53:59.528   768   789 W android.hardware.thermal@2.0-service.mtk: parseMsg:tz notify:BATTERY
10-02 01:53:59.528   768   789 I android.hardware.thermal@2.0-service.mtk: Wait to accept a connection
10-02 01:53:59.531   768   789 I android.hardware.thermal@2.0-impl: Sending notification:  Type: BATTERY Name: BATTERY CurrentValue: 38 ThrottlingStatus: NONE
10-02 01:53:59.531   768   789 I android.hardware.thermal@2.0-impl: sendThermalChangedCallback
10-02 01:53:59.531   768   789 I android.hardware.thermal@2.0-impl: Sending notification:  Type: SKIN Name: SKIN CurrentValue: 29.444 ThrottlingStatus: NONE
10-02 01:53:59.531   768   789 I android.hardware.thermal@2.0-impl: sendThermalChangedCallback
10-02 01:54:00.003  1162  1265 D AlarmManagerService: inside native alarm timerfd set Alarm Type = 2
10-02 01:54:00.003  1162  1265 D AlarmManagerService: inside native alarm timerfd set Alarm Type = 3
10-02 01:54:00.003  1162  1265 D AlarmManagerService: inside native alarm timerfd set Alarm Type = 2
10-02 01:54:00.003  1162  1265 D AlarmManagerService: inside native alarm timerfd set Alarm Type = 3
10-02 01:54:00.003  1162  1265 D AlarmManagerService: inside native alarm timerfd set Alarm Type = 2
10-02 01:54:00.003  1162  1265 D AlarmManagerService: inside native alarm timerfd set Alarm Type = 3
10-02 01:54:00.003  1162  1265 D AlarmManagerService: inside native alarm timerfd set Alarm Type = 2
10-02 01:54:00.003  1162  1265 D AlarmManagerService: inside native alarm timerfd set Alarm Type = 3
10-02 01:54:00.004  1162  1265 D AlarmManagerService: inside native alarm timerfd set Alarm Type = 2
10-02 01:54:00.004  1162  1265 D AlarmManagerService: inside native alarm timerfd set Alarm Type = 3
10-02 01:54:00.005  1162  1192 E PackageManager: Missing permissions state for com.android.systemui and user -1
10-02 01:54:00.005  1162  1265 D AlarmManagerService: inside native alarm timerfd set Alarm Type = 2
10-02 01:54:00.005  1162  1265 D AlarmManagerService: inside native alarm timerfd set Alarm Type = 3
10-02 01:54:00.006  1375  1375 D KeyguardUpdateMonitor: received broadcast android.intent.action.TIME_TICK
10-02 01:54:00.007  1375  1375 D KeyguardUpdateMonitor: handleTimeUpdate
10-02 01:54:01.546   533   533 I servicemanager: Could not find vendor.mediatek.hardware.mtkradioex.modem.IMtkRadioExModem/slot1 in the VINTF manifest.
10-02 01:54:01.546   534   534 I hwservicemanager: getTransport: Cannot find entry vendor.mediatek.hardware.mtkradioex@3.0::IMtkRadioEx/mtkCap1 in either framework or device VINTF manifest.
10-02 01:54:01.547   534   534 I hwservicemanager: getTransport: Cannot find entry vendor.mediatek.hardware.mtkradioex@2.0::IMtkRadioEx/mtkCap1 in either framework or device VINTF manifest.
10-02 01:54:01.766  3898  3898 I update_engine_client: [INFO:update_engine_client_android.cc(95)] onStatusUpdate(UPDATE_STATUS_DOWNLOADING (3), 0.190295)
10-02 01:54:02.529   768   789 W android.hardware.thermal@2.0-service.mtk: parseMsg: Get from client TYPE=thermal_hal_notify NAME=SKIN
10-02 01:54:02.529   768   789 W android.hardware.thermal@2.0-service.mtk: parseMsg:name.c_str():SKIN
10-02 01:54:02.529   768   789 W android.hardware.thermal@2.0-service.mtk: parseMsg:tz notify:SKIN
10-02 01:54:02.529   768   789 W android.hardware.thermal@2.0-service.mtk: parseMsg: Get from client TYPE=thermal_hal_notify NAME=BATTERY
10-02 01:54:02.529   768   789 W android.hardware.thermal@2.0-service.mtk: parseMsg:name.c_str():BATTERY
10-02 01:54:02.529   768   789 W android.hardware.thermal@2.0-service.mtk: parseMsg:tz notify:BATTERY
10-02 01:54:02.529   768   789 I android.hardware.thermal@2.0-service.mtk: Wait to accept a connection
