10-04 10:05:53.114   694  3051 I libPowerHal: [disableScenarioByHintId] Disable HindID : 21
10-04 10:05:53.114   694  3051 I libPowerHal: [disableScenarioByHintId] disableScenarioByHintId: HindID : 21
10-04 10:05:53.114   694  3051 I libPowerHal: [setClusterFreq]  set cpu_ctrl cpufreq: -1 -1 -1 -1 
10-04 10:05:53.115   694  3051 I libPowerHal: [PD] MTKPOWER_HINT_PROCESS_CREATE update cmd:1408300 param:40
10-04 10:05:53.115   694  3051 I libPowerHal: [PD] MTKPOWER_HINT_PROCESS_CREATE update cmd:300c000 param:0
10-04 10:05:53.115   694  3051 I libPowerHal: [setDvfsrcDevFreqOpp] opp:2, freq:2400000
10-04 10:05:53.115   694  3051 I libPowerHal: [PD] MTKPOWER_HINT_PROCESS_CREATE update cmd:1000000 param:2
10-04 10:05:53.115   694  3051 I libPowerHal: [PE] system_server update ONESHOT(set) cmd:3410300 param:21
10-04 10:05:53.115   657  4738 D r_submix: out_write() wrote 4096 bytes 1024 frames
10-04 10:05:53.116   694  3051 I libPowerHal: [perfLockRel] hdl:22, idx:2
10-04 10:05:53.116   694  3051 I SbeHandle: end_default_hold_time HindID : 21
10-04 10:05:53.116   694  3051 I libPowerHal: [disableScenarioByHintId] Disable HindID : 21
10-04 10:05:53.116   694  3051 I libPowerHal: [PD] system_server update ONESHOT(unset) cmd:3410300 param:21
10-04 10:05:53.137   657  4738 D r_submix: out_write() wrote 4096 bytes 1024 frames
10-04 10:05:53.158   657  4738 D r_submix: out_write() wrote 4096 bytes 1024 frames
10-04 10:05:53.180   657  4738 D r_submix: out_write() wrote 4096 bytes 1024 frames
10-04 10:05:53.201   657  4738 D r_submix: out_write() wrote 4096 bytes 1024 frames
10-04 10:05:53.222   657  4738 D r_submix: out_write() wrote 4096 bytes 1024 frames
10-04 10:05:53.244   657  4738 D r_submix: out_write() wrote 4096 bytes 1024 frames
10-04 10:05:53.265   657  4738 D r_submix: out_write() wrote 4096 bytes 1024 frames
10-04 10:05:53.286   657  4738 D r_submix: out_write() wrote 4096 bytes 1024 frames
10-04 10:05:53.308   657  4738 D r_submix: out_write() wrote 4096 bytes 1024 frames
10-04 10:05:53.329   657  4738 D r_submix: out_write() wrote 4096 bytes 1024 frames
10-04 10:05:53.350   657  4738 D r_submix: out_write() wrote 4096 bytes 1024 frames
10-04 10:05:53.372   657  4738 D r_submix: out_write() wrote 4096 bytes 1024 frames
10-04 10:05:53.393   657  4738 D r_submix: out_write() wrote 4096 bytes 1024 frames
10-04 10:05:53.414   657  4738 D r_submix: out_write() wrote 4096 bytes 1024 frames
10-04 10:05:53.436   657  4738 D r_submix: out_write() wrote 4096 bytes 1024 frames
10-04 10:05:53.457   657  4738 D r_submix: out_write() wrote 4096 bytes 1024 frames
10-04 10:05:53.478   657  4738 D r_submix: out_write() wrote 4096 bytes 1024 frames
10-04 10:05:53.500   657  4738 D r_submix: out_write() wrote 4096 bytes 1024 frames
10-04 10:05:53.505   687   729 I libPerfCtl: xgfGetFPS pid:2780 fps:-1
10-04 10:05:53.505   687   729 I libPerfCtl: xgfGetFPS pid:3069 fps:-1
10-04 10:05:53.505   687   729 I libPerfCtl: xgfGetFPS pid:4776 fps:-1
10-04 10:05:53.521   657  4738 D r_submix: out_write() wrote 4096 bytes 1024 frames
10-04 10:05:53.523  4660  4683 D CCodecBufferChannel: elapsed: mInputMetEos 0, hasPendingOutputsInClient 0, n 4
10-04 10:05:53.523  4660  4683 D PipelineWatcher: [0xb40000752cc7b7f8] elapsed: mFramesInPipeline 0, n 4
10-04 10:05:53.523  4660  4683 D CCodecBufferChannel: elapsed: mInputMetEos 0, hasPendingOutputsInClient 0, n 0
10-04 10:05:53.523  4660  4683 D PipelineWatcher: [0xb40000752cc7a4a8] elapsed: mFramesInPipeline 3, n 0
10-04 10:05:53.523  4660  4683 D PipelineWatcher: [0xb40000752cc7a4a8] elapsed: frameIndex = 23780 elapsed = 3ms
10-04 10:05:53.524  4660  4683 D PipelineWatcher: [0xb40000752cc7a4a8] elapsed: frameIndex = 23781 elapsed = 2ms
10-04 10:05:53.524  4660  4683 D PipelineWatcher: [0xb40000752cc7a4a8] elapsed: frameIndex = 23782 elapsed = 0ms
10-04 10:05:53.538   657  4702 D r_submix: read_frames 5708800, T_rec 118.933334s, p_vs_o   19611us
10-04 10:05:53.542   657  4738 D r_submix: out_write() wrote 4096 bytes 1024 frames
10-04 10:05:53.564   657  4738 D r_submix: out_write() wrote 4096 bytes 1024 frames
10-04 10:05:53.585   657  4738 D r_submix: out_write() wrote 4096 bytes 1024 frames
10-04 10:05:53.604   694  3051 I libPowerHal: [perfLockAcq] idx:1 hdl:23 hint:25 pid:694 tid:694 duration:10000 lock_user:mtkpower@1.0-se => ret_hdl:23
10-04 10:05:53.604   694  3051 I libPowerHal: [PE] MTKPOWER_HINT_APP_TOUCH update cmd:3408b00 param:1
10-04 10:05:53.604   694   725 E libPowerHal: [getCPUFreq] error cid:2, nClusterNum:2
10-04 10:05:53.606   657  4738 D r_submix: out_write() wrote 4096 bytes 1024 frames
10-04 10:05:53.606   694  3051 I libPowerHal: [perfLockAcq] idx:2 hdl:24 hint:-1 pid:694 tid:725 duration:200 lock_user:mtkpower@1.0-se => ret_hdl:24
10-04 10:05:53.606   694  3051 I libPowerHal: [setClusterFreq] mtkpower@1.0-se set cpufreq[0] min:1517000 max:-1 cpufreq[1] min:1666000 max:-1 
10-04 10:05:53.607   694  3051 I libPowerHal: [setClusterFreq]  set cpu_ctrl cpufreq: 1517000 -1 1666000 -1 
10-04 10:05:53.614   694  3051 I mtkpower@impl: [powerd_req] TIMER_MSG_PERF_LOCK_TIMEOUT hdl:19
10-04 10:05:53.614   694  3051 I libPowerHal: [perfLockRel] hdl:19, idx:0
10-04 10:05:53.628   657  4738 D r_submix: out_write() wrote 4096 bytes 1024 frames
10-04 10:05:53.636   694  3051 I libPowerHal: [perfLockRel] hdl:24, idx:2
10-04 10:05:53.636   694  3051 I libPowerHal: [setClusterFreq]  set cpu_ctrl cpufreq: -1 -1 -1 -1 
10-04 10:05:53.649   657  4738 D r_submix: out_write() wrote 4096 bytes 1024 frames
10-04 10:05:53.651  4660  4681 D PipelineWatcher: [0xb40000752cc7a4a8] pipelineFull: too many frames in pipeline (4)
10-04 10:05:53.654   732   732 I BufferQueueProducer: [com.example.android.systemupdatersample/com.example.android.systemupdatersample.ui.MainActivity#167](this:0xb400007a53df3f30,id:-1,api:0,p:-1,c:732) queueBuffer: fps=6.45 dur=1551.46 max=1399.11 min=9.15
10-04 10:05:53.658   732   732 I BufferQueueProducer: [VDS-scrcpy SINK](this:0xb400007a13f2b328,id:-1,api:1,p:732,c:732) queueBuffer: fps=26.77 dur=1569.04 max=1020.61 min=6.97
10-04 10:05:53.659   674   674 I hwcomposer: [HWCDisplay] setColorTransformForJob ccorr_state=0->0 hint=0 force_disable_color=0  
10-04 10:05:53.659   674   674 I hwcomposer: [HWCDisplay] [Display_0 (type:1)] fps:26.790918,dur:1567.70,max:1020.35,min:7.06  
10-04 10:05:53.660   674   868 D hwcomposer: (0:0) Layer+ (mva=0x0/sec=0/prot=0/fmt=2/alpha=0:0xff/blend=0001/dim=0/x=0 y=0 w=720 h=1280 s=736 -> x=0 y=0 w=720 h=1280/ext_layer=-1 ds=0 fbdc=1 is_mml=0) =
10-04 10:05:53.660   674   868 D hwcomposer: (0:1) Layer+ (mva=0x0/sec=0/prot=0/fmt=1/alpha=1:0xff/blend=0002/dim=0/x=0 y=0 w=24 h=1280 s=32 -> x=696 y=0 w=24 h=1280/ext_layer=-1 ds=0 fbdc=1 is_mml=0) =
10-04 10:05:53.660   674   868 D hwcomposer: (0:2) Layer+ (mva=0x0/sec=0/prot=0/fmt=1/alpha=1:0xff/blend=0002/dim=0/x=0 y=0 w=60 h=1280 s=64 -> x=0 y=0 w=60 h=1280/ext_layer=-1 ds=0 fbdc=1 is_mml=0) =
10-04 10:05:53.664   674   868 I hwcomposer: [DRMDEV] create blob id of color transform[success] mode=0 f=0 mat=1024    0    0    0   0 1024    0    0   0    0 1024    0   0    0    0 1024  
10-04 10:05:53.668   674   674 I hwcomposer: [HWCDisplay] setColorTransformForJob ccorr_state=0->0 hint=0 force_disable_color=0  
10-04 10:05:53.670   657  4738 D r_submix: out_write() wrote 4096 bytes 1024 frames
10-04 10:05:53.674   674   868 I hwcomposer: [DRMDEV] create blob id of color transform[success] mode=0 f=0 mat=1024    0    0    0   0 1024    0    0   0    0 1024    0   0    0    0 1024  
10-04 10:05:53.691   657  4738 D r_submix: out_write() wrote 4096 bytes 1024 frames
10-04 10:05:53.704   674   674 I hwcomposer: [HWCDisplay] setColorTransformForJob ccorr_state=0->0 hint=0 force_disable_color=0  
10-04 10:05:53.710   674   868 I hwcomposer: [DRMDEV] create blob id of color transform[success] mode=0 f=0 mat=1024    0    0    0   0 1024    0    0   0    0 1024    0   0    0    0 1024  
10-04 10:05:53.713   657  4738 D r_submix: out_write() wrote 4096 bytes 1024 frames
10-04 10:05:53.723   674   674 I hwcomposer: [HWCDisplay] setColorTransformForJob ccorr_state=0->0 hint=0 force_disable_color=0  
10-04 10:05:53.727   674   868 I hwcomposer: [DRMDEV] create blob id of color transform[success] mode=0 f=0 mat=1024    0    0    0   0 1024    0    0   0    0 1024    0   0    0    0 1024  
10-04 10:05:53.730   674   674 I hwcomposer: [HWCDisplay] setColorTransformForJob ccorr_state=0->0 hint=0 force_disable_color=0  
10-04 10:05:53.734   657  4738 D r_submix: out_write() wrote 4096 bytes 1024 frames
10-04 10:05:53.736   674   868 I hwcomposer: [DRMDEV] create blob id of color transform[success] mode=0 f=0 mat=1024    0    0    0   0 1024    0    0   0    0 1024    0   0    0    0 1024  
10-04 10:05:53.756   657  4738 D r_submix: out_write() wrote 4096 bytes 1024 frames
10-04 10:05:53.761   694  3051 I libPowerHal: [perfLockRel] hdl:23, idx:1
10-04 10:05:53.761   694  3051 I libPowerHal: [PD] MTKPOWER_HINT_APP_TOUCH update cmd:3408b00 param:0
10-04 10:05:53.777   657  4738 D r_submix: out_write() wrote 4096 bytes 1024 frames
10-04 10:05:53.798   657  4738 D r_submix: out_write() wrote 4096 bytes 1024 frames
10-04 10:05:53.803  1080  2732 V PlayerBase: baseStart() piid=159 deviceId=0
10-04 10:05:53.808  1080  2732 D AudioTrack: setVolume(35): 0xb4000076b9cea020, left = 0.501187, right = 0.501187
10-04 10:05:53.808  1080  2732 D AudioTrack: start(35): 0xb4000076b9cea020, prior state:STATE_STOPPED
10-04 10:05:53.809   701  2737 V AudioPolicyIntefaceImpl: startOutput()
10-04 10:05:53.809   701  2737 D APM_AudioPolicyManager: startOutput() output 69, stream 1, session 177
10-04 10:05:53.810   732   773 D SurfaceFlinger: [SF client] NEW(0xb400007963ce0a30) for (4776:com.example.android.systemupdatersample)
10-04 10:05:53.815   674   674 I hwcomposer: [HWCDisplay] setColorTransformForJob ccorr_state=0->0 hint=0 force_disable_color=0  
10-04 10:05:53.819   657  4738 D r_submix: out_write() wrote 4096 bytes 1024 frames
10-04 10:05:53.820   674   868 I hwcomposer: [DRMDEV] create blob id of color transform[success] mode=0 f=0 mat=1024    0    0    0   0 1024    0    0   0    0 1024    0   0    0    0 1024  
10-04 10:05:53.820  4776  4776 D VRI[MainActivity]: hardware acceleration = true, forceHwAccelerated = false
10-04 10:05:53.821   701  4700 D AudioFlinger_Threads: 0xb400007ddc401920: threadLoop_write write data to hw, mixerStatus 2, muted count 87
10-04 10:05:53.822  1080  4225 W WindowManager: Changing focus from Window{2794240 u0 com.example.android.systemupdatersample/com.example.android.systemupdatersample.ui.MainActivity} to Window{cd278ff u0 com.example.android.systemupdatersample/com.example.android.systemupdatersample.ui.MainActivity} displayId=0 Callers=com.android.server.wm.RootWindowContainer.updateFocusedWindowLocked:476 com.android.server.wm.WindowManagerService.updateFocusedWindowLocked:6061 com.android.server.wm.WindowManagerService.addWindow:1861 com.android.server.wm.Session.addToDisplayAsUser:215 
10-04 10:05:53.828  4776  4776 D InputTransport: Create ARC handle: 0x75c9cbc890
10-04 10:05:53.829  1080  4225 D CoreBackPreview: Window{cd278ff u0 com.example.android.systemupdatersample/com.example.android.systemupdatersample.ui.MainActivity}: Setting back callback OnBackInvokedCallbackInfo{mCallback=android.window.IOnBackInvokedCallback$Stub$Proxy@a197591, mPriority=0}
10-04 10:05:53.833   674   674 I hwcomposer: [HWCDisplay] setColorTransformForJob ccorr_state=0->0 hint=0 force_disable_color=0  
10-04 10:05:53.836   674   868 I hwcomposer: [DRMDEV] create blob id of color transform[success] mode=0 f=0 mat=1024    0    0    0   0 1024    0    0   0    0 1024    0   0    0    0 1024  
10-04 10:05:53.841   657  4738 D r_submix: out_write() wrote 4096 bytes 1024 frames
10-04 10:05:53.850   732  3196 I BufferQueueDebug: [com.example.android.systemupdatersample/com.example.android.systemupdatersample.ui.MainActivity#176](this:0xb400007a53df9a50,id:-1,api:0,p:-1,c:-1) BufferQueue core=(732:/system/bin/surfaceflinger)
10-04 10:05:53.851   674   674 I hwcomposer: [HWCDisplay] setColorTransformForJob ccorr_state=0->0 hint=0 force_disable_color=0  
10-04 10:05:53.853   674   868 I hwcomposer: [DRMDEV] create blob id of color transform[success] mode=0 f=0 mat=1024    0    0    0   0 1024    0    0   0    0 1024    0   0    0    0 1024  
10-04 10:05:53.855  4776  4776 D BufferQueueConsumer: [](id:12a800000001,api:0,p:-1,c:4776) connect: controlledByApp=false
10-04 10:05:53.856  4776  4796 D BufferQueueProducer: [VRI[MainActivity]#1(BLAST Consumer)1](id:12a800000001,api:1,p:4776,c:4776) connect: api=1 producerControlledByApp=true
10-04 10:05:53.862   657  4738 D r_submix: out_write() wrote 4096 bytes 1024 frames
10-04 10:05:53.867   674   674 I hwcomposer: [HWCDisplay] setColorTransformForJob ccorr_state=0->0 hint=0 force_disable_color=0  
10-04 10:05:53.870   674   868 I hwcomposer: [DRMDEV] create blob id of color transform[success] mode=0 f=0 mat=1024    0    0    0   0 1024    0    0   0    0 1024    0   0    0    0 1024  
10-04 10:05:53.880  4776  4796 D BLASTBufferQueue: [VRI[MainActivity]#1](f:0,a:1) acquireNextBufferLocked size=768x700 mFrameNumber=1 applyTransaction=true mTimestamp=826066598970(auto) mPendingTransactions.size=0 graphicBufferId=20512763805708 transform=7
10-04 10:05:53.880  4776  4796 W Parcel  : Expecting binder but got null!
10-04 10:05:53.883   674   674 I hwcomposer: [HWCDisplay] setColorTransformForJob ccorr_state=0->0 hint=0 force_disable_color=0  
10-04 10:05:53.883   657  4738 D r_submix: out_write() wrote 4096 bytes 1024 frames
10-04 10:05:53.886   674   868 I hwcomposer: [DRMDEV] create blob id of color transform[success] mode=0 f=0 mat=1024    0    0    0   0 1024    0    0   0    0 1024    0   0    0    0 1024  
10-04 10:05:53.892   732   732 D BufferStateLayer: com.example.android.systemupdatersample/com.example.android.systemupdatersample.ui.MainActivity#176 setBuffer frameId=1, bufferId=20512763805708 fenceId=218, w= 700, h=768
10-04 10:05:53.900   674   674 I hwcomposer: [HWCDisplay] setColorTransformForJob ccorr_state=0->0 hint=0 force_disable_color=0  
10-04 10:05:53.903   674   868 I hwcomposer: [DRMDEV] create blob id of color transform[success] mode=0 f=0 mat=1024    0    0    0   0 1024    0    0   0    0 1024    0   0    0    0 1024  
10-04 10:05:53.905   657  4738 D r_submix: out_write() wrote 4096 bytes 1024 frames
10-04 10:05:53.905   701  4700 D AF::Track: getNextBuffer, track(0xb400007c4b81a390) get null buffer, mState 6, mFillingUpStatus 3
10-04 10:05:53.910  1080  4794 D AudioTrack: stop(35): 0xb4000076b9cea020, prior state:STATE_ACTIVE
10-04 10:05:53.911  1080  4794 D AudioTrack: stop(35): 0xb4000076b9cea020 stop done
10-04 10:05:53.912  4660  4681 D PipelineWatcher: [0xb40000752cc7a4a8] pipelineFull: too many frames in pipeline (4)
10-04 10:05:53.916   674   674 I hwcomposer: [HWCDisplay] setColorTransformForJob ccorr_state=0->0 hint=0 force_disable_color=0  
10-04 10:05:53.919   674   868 I hwcomposer: [DRMDEV] create blob id of color transform[success] mode=0 f=0 mat=1024    0    0    0   0 1024    0    0   0    0 1024    0   0    0    0 1024  
10-04 10:05:53.924  4660  4681 D PipelineWatcher: [0xb40000752cc7a4a8] pipelineFull: too many frames in pipeline (4)
10-04 10:05:53.926   657  4738 D r_submix: out_write() wrote 4096 bytes 1024 frames
10-04 10:05:53.938   701  4700 D AudioFlinger_Threads: 0xb400007ddc401920:threadLoop_write write muted data to hw, mixerStatus 0 start, mId 69, mBytesWritten 397312
10-04 10:05:53.938   732   732 I BufferQueueProducer: [FramebufferSurface](this:0xb400007a03ccdf80,id:-1,api:1,p:732,c:732) queueBuffer: fps=8.12 dur=1846.99 max=1630.20 min=8.35
10-04 10:05:53.938   674   674 I hwcomposer: [HWCDisplay] setColorTransformForJob ccorr_state=0->0 hint=0 force_disable_color=0  
10-04 10:05:53.939   674   868 D hwcomposer: (0:1) Layer+ (mva=0x0/sec=0/prot=0/fmt=1/alpha=1:0x0b/blend=0002/dim=1/x=0 y=0 w=720 h=1280 s=0 -> x=0 y=0 w=720 h=1280/ext_layer=-1 ds=0 fbdc=0 is_mml=0) !
10-04 10:05:53.939   674   868 D hwcomposer: (0:3) Layer+ (mva=0x0/sec=0/prot=0/fmt=1/alpha=1:0xff/blend=0002/dim=0/x=0 y=0 w=720 h=1280 s=736 -> x=0 y=0 w=720 h=1280/ext_layer=-1 ds=142671872 fbdc=1 is_mml=0) =
10-04 10:05:53.939   674   868 I hwcomposer: [DRMDEV] create blob id of color transform[success] mode=0 f=0 mat=1024    0    0    0   0 1024    0    0   0    0 1024    0   0    0    0 1024  
10-04 10:05:53.947  4660  4681 D PipelineWatcher: [0xb40000752cc7a4a8] pipelineFull: too many frames in pipeline (4)
10-04 10:05:53.947   657  4738 D r_submix: out_write() wrote 4096 bytes 1024 frames
10-04 10:05:53.950   674   674 I hwcomposer: [HWCDisplay] setColorTransformForJob ccorr_state=0->0 hint=0 force_disable_color=0  
10-04 10:05:53.951   674   868 D hwcomposer: (0:1) Layer+ (mva=0x0/sec=0/prot=0/fmt=1/alpha=1:0x17/blend=0002/dim=1/x=0 y=0 w=720 h=1280 s=0 -> x=0 y=0 w=720 h=1280/ext_layer=-1 ds=0 fbdc=0 is_mml=0) !
10-04 10:05:53.953   674   868 I hwcomposer: [DRMDEV] create blob id of color transform[success] mode=0 f=0 mat=1024    0    0    0   0 1024    0    0   0    0 1024    0   0    0    0 1024  
10-04 10:05:53.967   674   674 I hwcomposer: [HWCDisplay] setColorTransformForJob ccorr_state=0->0 hint=0 force_disable_color=0  
10-04 10:05:53.967  4660  4681 D PipelineWatcher: [0xb40000752cc7a4a8] pipelineFull: too many frames in pipeline (4)
10-04 10:05:53.968   674   868 D hwcomposer: (0:1) Layer+ (mva=0x0/sec=0/prot=0/fmt=1/alpha=1:0x22/blend=0002/dim=1/x=0 y=0 w=720 h=1280 s=0 -> x=0 y=0 w=720 h=1280/ext_layer=-1 ds=0 fbdc=0 is_mml=0) !
10-04 10:05:53.969   657  4738 D r_submix: out_write() wrote 4096 bytes 1024 frames
10-04 10:05:53.970   674   868 I hwcomposer: [DRMDEV] create blob id of color transform[success] mode=0 f=0 mat=1024    0    0    0   0 1024    0    0   0    0 1024    0   0    0    0 1024  
10-04 10:05:53.984   674   674 I hwcomposer: [HWCDisplay] setColorTransformForJob ccorr_state=0->0 hint=0 force_disable_color=0  
10-04 10:05:53.984   674   868 D hwcomposer: (0:1) Layer+ (mva=0x0/sec=0/prot=0/fmt=1/alpha=1:0x2e/blend=0002/dim=1/x=0 y=0 w=720 h=1280 s=0 -> x=0 y=0 w=720 h=1280/ext_layer=-1 ds=0 fbdc=0 is_mml=0) !
10-04 10:05:53.986   674   868 I hwcomposer: [DRMDEV] create blob id of color transform[success] mode=0 f=0 mat=1024    0    0    0   0 1024    0    0   0    0 1024    0   0    0    0 1024  
10-04 10:05:53.990   657  4738 D r_submix: out_write() wrote 4096 bytes 1024 frames
10-04 10:05:54.002   674   674 I hwcomposer: [HWCDisplay] setColorTransformForJob ccorr_state=0->0 hint=0 force_disable_color=0  
10-04 10:05:54.003   674   868 D hwcomposer: (0:1) Layer+ (mva=0x0/sec=0/prot=0/fmt=1/alpha=1:0x3a/blend=0002/dim=1/x=0 y=0 w=720 h=1280 s=0 -> x=0 y=0 w=720 h=1280/ext_layer=-1 ds=0 fbdc=0 is_mml=0) !
10-04 10:05:54.003   674   868 I hwcomposer: [DRMDEV] create blob id of color transform[success] mode=0 f=0 mat=1024    0    0    0   0 1024    0    0   0    0 1024    0   0    0    0 1024  
10-04 10:05:54.011   657  4738 D r_submix: out_write() wrote 4096 bytes 1024 frames
10-04 10:05:54.012   701  4700 D AudioTrackShared: this(0xb400007beb8207d0), mCblk(0x7b1e629000), front(9), mIsOut 1, setStreamEndDone() FUTEX_WAKE
10-04 10:05:54.012   701  4700 D AudioFlinger_Threads: removeTracks_l(62): removing track on session 177
10-04 10:05:54.012   701  4700 V AudioPolicyIntefaceImpl: stopOutput()
10-04 10:05:54.012   701  4700 V AudioPolicyService: AudioCommandThread() adding stop output portId 35
10-04 10:05:54.013   701   940 V AudioPolicyService: AudioCommandThread() processing stop output portId 35
10-04 10:05:54.013   701   940 V AudioPolicyIntefaceImpl: doStopOutput
10-04 10:05:54.014   701   940 W AudioPolicyManagerCustomImpl: [MTK_APM_Route]setOutputDevices() mIoHandle 69 mId 31 device (0x8000)(0x8000) delayMs 170 force 0 size 6
10-04 10:05:54.018   674   674 I hwcomposer: [HWCDisplay] setColorTransformForJob ccorr_state=0->0 hint=0 force_disable_color=0  
10-04 10:05:54.019   674   868 D hwcomposer: (0:1) Layer+ (mva=0x0/sec=0/prot=0/fmt=1/alpha=1:0x45/blend=0002/dim=1/x=0 y=0 w=720 h=1280 s=0 -> x=0 y=0 w=720 h=1280/ext_layer=-1 ds=0 fbdc=0 is_mml=0) !
10-04 10:05:54.020   674   868 I hwcomposer: [DRMDEV] create blob id of color transform[success] mode=0 f=0 mat=1024    0    0    0   0 1024    0    0   0    0 1024    0   0    0    0 1024  
10-04 10:05:54.033   657  4738 D r_submix: out_write() wrote 4096 bytes 1024 frames
10-04 10:05:54.036   674   674 I hwcomposer: [HWCDisplay] setColorTransformForJob ccorr_state=0->0 hint=0 force_disable_color=0  
10-04 10:05:54.037   674   868 D hwcomposer: (0:1) Layer+ (mva=0x0/sec=0/prot=0/fmt=1/alpha=1:0x51/blend=0002/dim=1/x=0 y=0 w=720 h=1280 s=0 -> x=0 y=0 w=720 h=1280/ext_layer=-1 ds=0 fbdc=0 is_mml=0) !
10-04 10:05:54.037   674   868 I hwcomposer: [DRMDEV] create blob id of color transform[success] mode=0 f=0 mat=1024    0    0    0   0 1024    0    0   0    0 1024    0   0    0    0 1024  
10-04 10:05:54.049   674   674 I hwcomposer: [HWCDisplay] setColorTransformForJob ccorr_state=0->0 hint=0 force_disable_color=0  
10-04 10:05:54.049   674   868 D hwcomposer: (0:1) Layer+ (mva=0x0/sec=0/prot=0/fmt=1/alpha=1:0x5d/blend=0002/dim=1/x=0 y=0 w=720 h=1280 s=0 -> x=0 y=0 w=720 h=1280/ext_layer=-1 ds=0 fbdc=0 is_mml=0) !
10-04 10:05:54.053   674   868 I hwcomposer: [DRMDEV] create blob id of color transform[success] mode=0 f=0 mat=1024    0    0    0   0 1024    0    0   0    0 1024    0   0    0    0 1024  
10-04 10:05:54.054   657  4738 D r_submix: out_write() wrote 4096 bytes 1024 frames
10-04 10:05:54.067   674   674 I hwcomposer: [HWCDisplay] setColorTransformForJob ccorr_state=0->0 hint=0 force_disable_color=0  
10-04 10:05:54.068   674   868 D hwcomposer: (0:1) Layer+ (mva=0x0/sec=0/prot=0/fmt=1/alpha=1:0x68/blend=0002/dim=1/x=0 y=0 w=720 h=1280 s=0 -> x=0 y=0 w=720 h=1280/ext_layer=-1 ds=0 fbdc=0 is_mml=0) !
10-04 10:05:54.069   674   868 I hwcomposer: [DRMDEV] create blob id of color transform[success] mode=0 f=0 mat=1024    0    0    0   0 1024    0    0   0    0 1024    0   0    0    0 1024  
10-04 10:05:54.075   657  4738 D r_submix: out_write() wrote 4096 bytes 1024 frames
10-04 10:05:54.086   674   674 I hwcomposer: [HWCDisplay] setColorTransformForJob ccorr_state=0->0 hint=0 force_disable_color=0  
10-04 10:05:54.086   674   868 D hwcomposer: (0:1) Layer+ (mva=0x0/sec=0/prot=0/fmt=1/alpha=1:0x74/blend=0002/dim=1/x=0 y=0 w=720 h=1280 s=0 -> x=0 y=0 w=720 h=1280/ext_layer=-1 ds=0 fbdc=0 is_mml=0) !
10-04 10:05:54.086   674   868 I hwcomposer: [DRMDEV] create blob id of color transform[success] mode=0 f=0 mat=1024    0    0    0   0 1024    0    0   0    0 1024    0   0    0    0 1024  
10-04 10:05:54.097   657  4738 D r_submix: out_write() wrote 4096 bytes 1024 frames
10-04 10:05:54.103   674   674 I hwcomposer: [HWCDisplay] setColorTransformForJob ccorr_state=0->0 hint=0 force_disable_color=0  
10-04 10:05:54.104   674   868 D hwcomposer: (0:1) Layer+ (mva=0x0/sec=0/prot=0/fmt=1/alpha=1:0x7f/blend=0002/dim=1/x=0 y=0 w=720 h=1280 s=0 -> x=0 y=0 w=720 h=1280/ext_layer=-1 ds=0 fbdc=0 is_mml=0) !
10-04 10:05:54.105   674   868 I hwcomposer: [DRMDEV] create blob id of color transform[success] mode=0 f=0 mat=1024    0    0    0   0 1024    0    0   0    0 1024    0   0    0    0 1024  
10-04 10:05:54.116   674   674 I hwcomposer: [HWCDisplay] setColorTransformForJob ccorr_state=0->0 hint=0 force_disable_color=0  
10-04 10:05:54.117   674   868 D hwcomposer: (0:1) Layer+ (mva=0x0/sec=0/prot=0/fmt=1/alpha=1:0x8b/blend=0002/dim=1/x=0 y=0 w=720 h=1280 s=0 -> x=0 y=0 w=720 h=1280/ext_layer=-1 ds=0 fbdc=0 is_mml=0) !
10-04 10:05:54.118   657  4738 D r_submix: out_write() wrote 4096 bytes 1024 frames
10-04 10:05:54.120   674   868 I hwcomposer: [DRMDEV] create blob id of color transform[success] mode=0 f=0 mat=1024    0    0    0   0 1024    0    0   0    0 1024    0   0    0    0 1024  
10-04 10:05:54.138   674   674 I hwcomposer: [HWCDisplay] setColorTransformForJob ccorr_state=0->0 hint=0 force_disable_color=0  
10-04 10:05:54.139   674   868 D hwcomposer: (0:1) Layer+ (mva=0x0/sec=0/prot=0/fmt=1/alpha=1:0x96/blend=0002/dim=1/x=0 y=0 w=720 h=1280 s=0 -> x=0 y=0 w=720 h=1280/ext_layer=-1 ds=0 fbdc=0 is_mml=0) !
10-04 10:05:54.139   674   868 I hwcomposer: [DRMDEV] create blob id of color transform[success] mode=0 f=0 mat=1024    0    0    0   0 1024    0    0   0    0 1024    0   0    0    0 1024  
10-04 10:05:54.139   657  4738 D r_submix: out_write() wrote 4096 bytes 1024 frames
10-04 10:05:54.151   674   674 I hwcomposer: [HWCDisplay] setColorTransformForJob ccorr_state=0->0 hint=0 force_disable_color=0  
10-04 10:05:54.151   674   868 D hwcomposer: (0:1) Layer+ (mva=0x0/sec=0/prot=0/fmt=1/alpha=1:0x99/blend=0002/dim=1/x=0 y=0 w=720 h=1280 s=0 -> x=0 y=0 w=720 h=1280/ext_layer=-1 ds=0 fbdc=0 is_mml=0) !
10-04 10:05:54.153   674   868 I hwcomposer: [DRMDEV] create blob id of color transform[success] mode=0 f=0 mat=1024    0    0    0   0 1024    0    0   0    0 1024    0   0    0    0 1024  
10-04 10:05:54.161   657  4738 D r_submix: out_write() wrote 4096 bytes 1024 frames
10-04 10:05:54.168   674   674 I hwcomposer: [HWCDisplay] setColorTransformForJob ccorr_state=0->0 hint=0 force_disable_color=0  
10-04 10:05:54.168   674   868 D hwcomposer: (0:0) Layer+ (mva=0x0/sec=0/prot=0/fmt=2/alpha=0:0xff/blend=0001/dim=0/x=0 y=0 w=720 h=1280 s=736 -> x=0 y=0 w=720 h=1280/ext_layer=-1 ds=0 fbdc=1 is_mml=0) =
10-04 10:05:54.169   674   868 D hwcomposer: (0:2) Layer+ (mva=0x0/sec=0/prot=0/fmt=1/alpha=1:0xff/blend=0002/dim=0/x=0 y=0 w=692 h=768 s=704 -> x=28 y=256 w=692 h=768/ext_layer=-1 ds=0 fbdc=1 is_mml=0) =
10-04 10:05:54.169   674   868 I hwcomposer: [DRMDEV] create blob id of color transform[success] mode=0 f=0 mat=1024    0    0    0   0 1024    0    0   0    0 1024    0   0    0    0 1024  
10-04 10:05:54.182   657  4738 D r_submix: out_write() wrote 4096 bytes 1024 frames
10-04 10:05:54.189   674   674 I hwcomposer: [HWCDisplay] setColorTransformForJob ccorr_state=0->0 hint=0 force_disable_color=0  
10-04 10:05:54.190   674   868 I hwcomposer: [DRMDEV] create blob id of color transform[success] mode=0 f=0 mat=1024    0    0    0   0 1024    0    0   0    0 1024    0   0    0    0 1024  
10-04 10:05:54.199   674   674 I hwcomposer: [HWCDisplay] setColorTransformForJob ccorr_state=0->0 hint=0 force_disable_color=0  
10-04 10:05:54.203   674   868 I hwcomposer: [DRMDEV] create blob id of color transform[success] mode=0 f=0 mat=1024    0    0    0   0 1024    0    0   0    0 1024    0   0    0    0 1024  
10-04 10:05:54.204   657  4738 D r_submix: out_write() wrote 4096 bytes 1024 frames
10-04 10:05:54.218   674   674 I hwcomposer: [HWCDisplay] setColorTransformForJob ccorr_state=0->0 hint=0 force_disable_color=0  
10-04 10:05:54.219   674   868 I hwcomposer: [DRMDEV] create blob id of color transform[success] mode=0 f=0 mat=1024    0    0    0   0 1024    0    0   0    0 1024    0   0    0    0 1024  
10-04 10:05:54.225   657  4738 D r_submix: out_write() wrote 4096 bytes 1024 frames
10-04 10:05:54.235   674   674 I hwcomposer: [HWCDisplay] setColorTransformForJob ccorr_state=0->0 hint=0 force_disable_color=0  
10-04 10:05:54.237   674   868 I hwcomposer: [DRMDEV] create blob id of color transform[success] mode=0 f=0 mat=1024    0    0    0   0 1024    0    0   0    0 1024    0   0    0    0 1024  
10-04 10:05:54.246   657  4738 D r_submix: out_write() wrote 4096 bytes 1024 frames
10-04 10:05:54.250   674   674 I hwcomposer: [HWCDisplay] setColorTransformForJob ccorr_state=0->0 hint=0 force_disable_color=0  
10-04 10:05:54.253   674   868 I hwcomposer: [DRMDEV] create blob id of color transform[success] mode=0 f=0 mat=1024    0    0    0   0 1024    0    0   0    0 1024    0   0    0    0 1024  
10-04 10:05:54.268   657  4738 D r_submix: out_write() wrote 4096 bytes 1024 frames
10-04 10:05:54.272   674   674 I hwcomposer: [HWCDisplay] setColorTransformForJob ccorr_state=0->0 hint=0 force_disable_color=0  
10-04 10:05:54.273   674   868 I hwcomposer: [DRMDEV] create blob id of color transform[success] mode=0 f=0 mat=1024    0    0    0   0 1024    0    0   0    0 1024    0   0    0    0 1024  
10-04 10:05:54.283   674   674 I hwcomposer: [HWCDisplay] setColorTransformForJob ccorr_state=0->0 hint=0 force_disable_color=0  
10-04 10:05:54.286   674   868 I hwcomposer: [DRMDEV] create blob id of color transform[success] mode=0 f=0 mat=1024    0    0    0   0 1024    0    0   0    0 1024    0   0    0    0 1024  
10-04 10:05:54.289   657  4738 D r_submix: out_write() wrote 4096 bytes 1024 frames
10-04 10:05:54.301   674   674 I hwcomposer: [HWCDisplay] setColorTransformForJob ccorr_state=0->0 hint=0 force_disable_color=0  
10-04 10:05:54.303   674   868 I hwcomposer: [DRMDEV] create blob id of color transform[success] mode=0 f=0 mat=1024    0    0    0   0 1024    0    0   0    0 1024    0   0    0    0 1024  
10-04 10:05:54.310   657  4738 D r_submix: out_write() wrote 4096 bytes 1024 frames
10-04 10:05:54.320   674   674 I hwcomposer: [HWCDisplay] setColorTransformForJob ccorr_state=0->0 hint=0 force_disable_color=0  
10-04 10:05:54.321   674   868 I hwcomposer: [DRMDEV] create blob id of color transform[success] mode=0 f=0 mat=1024    0    0    0   0 1024    0    0   0    0 1024    0   0    0    0 1024  
10-04 10:05:54.332   657  4738 D r_submix: out_write() wrote 4096 bytes 1024 frames
10-04 10:05:54.336   674   674 I hwcomposer: [HWCDisplay] setColorTransformForJob ccorr_state=0->0 hint=0 force_disable_color=0  
10-04 10:05:54.337   674   868 I hwcomposer: [DRMDEV] create blob id of color transform[success] mode=0 f=0 mat=1024    0    0    0   0 1024    0    0   0    0 1024    0   0    0    0 1024  
10-04 10:05:54.352   674   674 I hwcomposer: [HWCDisplay] setColorTransformForJob ccorr_state=0->0 hint=0 force_disable_color=0  
10-04 10:05:54.352  4660  4681 D PipelineWatcher: [0xb40000752cc7a4a8] pipelineFull: too many frames in pipeline (4)
10-04 10:05:54.353   674   868 I hwcomposer: [DRMDEV] create blob id of color transform[success] mode=0 f=0 mat=1024    0    0    0   0 1024    0    0   0    0 1024    0   0    0    0 1024  
10-04 10:05:54.353   657  4738 D r_submix: out_write() wrote 4096 bytes 1024 frames
10-04 10:05:54.369   674   674 I hwcomposer: [HWCDisplay] setColorTransformForJob ccorr_state=0->0 hint=0 force_disable_color=0  
10-04 10:05:54.371   674   868 I hwcomposer: [DRMDEV] create blob id of color transform[success] mode=0 f=0 mat=1024    0    0    0   0 1024    0    0   0    0 1024    0   0    0    0 1024  
10-04 10:05:54.374   657  4738 D r_submix: out_write() wrote 4096 bytes 1024 frames
10-04 10:05:54.382   674   674 I hwcomposer: [HWCDisplay] setColorTransformForJob ccorr_state=0->0 hint=0 force_disable_color=0  
10-04 10:05:54.386   674   868 I hwcomposer: [DRMDEV] create blob id of color transform[success] mode=0 f=0 mat=1024    0    0    0   0 1024    0    0   0    0 1024    0   0    0    0 1024  
10-04 10:05:54.394  4660  4681 D PipelineWatcher: [0xb40000752cc7a4a8] pipelineFull: too many frames in pipeline (4)
10-04 10:05:54.396   657  4738 D r_submix: out_write() wrote 4096 bytes 1024 frames
10-04 10:05:54.400   674   674 I hwcomposer: [HWCDisplay] setColorTransformForJob ccorr_state=0->0 hint=0 force_disable_color=0  
10-04 10:05:54.403   674   868 I hwcomposer: [DRMDEV] create blob id of color transform[success] mode=0 f=0 mat=1024    0    0    0   0 1024    0    0   0    0 1024    0   0    0    0 1024  
10-04 10:05:54.416   674   674 I hwcomposer: [HWCDisplay] setColorTransformForJob ccorr_state=0->0 hint=0 force_disable_color=0  
10-04 10:05:54.417   657  4738 D r_submix: out_write() wrote 4096 bytes 1024 frames
10-04 10:05:54.419   674   868 I hwcomposer: [DRMDEV] create blob id of color transform[success] mode=0 f=0 mat=1024    0    0    0   0 1024    0    0   0    0 1024    0   0    0    0 1024  
10-04 10:05:54.435   674   674 I hwcomposer: [HWCDisplay] setColorTransformForJob ccorr_state=0->0 hint=0 force_disable_color=0  
10-04 10:05:54.436   674   868 I hwcomposer: [DRMDEV] create blob id of color transform[success] mode=0 f=0 mat=1024    0    0    0   0 1024    0    0   0    0 1024    0   0    0    0 1024  
10-04 10:05:54.438   657  4738 D r_submix: out_write() wrote 4096 bytes 1024 frames
10-04 10:05:54.453   674   674 I hwcomposer: [HWCDisplay] setColorTransformForJob ccorr_state=0->0 hint=0 force_disable_color=0  
10-04 10:05:54.454   674   868 D hwcomposer: (0:3) Layer+ (mva=0x0/sec=0/prot=0/fmt=1/alpha=1:0xff/blend=0002/dim=0/x=0 y=0 w=720 h=1280 s=736 -> x=0 y=0 w=720 h=1280/ext_layer=-1 ds=142671872 fbdc=1 is_mml=0) =
10-04 10:05:54.454   674   868 I hwcomposer: [DRMDEV] create blob id of color transform[success] mode=0 f=0 mat=1024    0    0    0   0 1024    0    0   0    0 1024    0   0    0    0 1024  
10-04 10:05:54.459   657  4738 D r_submix: out_write() wrote 4096 bytes 1024 frames
10-04 10:05:54.465   674   674 I hwcomposer: [HWCDisplay] setColorTransformForJob ccorr_state=0->0 hint=0 force_disable_color=0  
10-04 10:05:54.470   674   868 I hwcomposer: [DRMDEV] create blob id of color transform[success] mode=0 f=0 mat=1024    0    0    0   0 1024    0    0   0    0 1024    0   0    0    0 1024  
10-04 10:05:54.481   657  4738 D r_submix: out_write() wrote 4096 bytes 1024 frames
10-04 10:05:54.486   674   674 I hwcomposer: [HWCDisplay] setColorTransformForJob ccorr_state=0->0 hint=0 force_disable_color=0  
10-04 10:05:54.486   674   868 I hwcomposer: [DRMDEV] create blob id of color transform[success] mode=0 f=0 mat=1024    0    0    0   0 1024    0    0   0    0 1024    0   0    0    0 1024  
10-04 10:05:54.501   674   674 I hwcomposer: [HWCDisplay] setColorTransformForJob ccorr_state=0->0 hint=0 force_disable_color=0  
10-04 10:05:54.502   657  4738 D r_submix: out_write() wrote 4096 bytes 1024 frames
10-04 10:05:54.503   674   868 I hwcomposer: [DRMDEV] create blob id of color transform[success] mode=0 f=0 mat=1024    0    0    0   0 1024    0    0   0    0 1024    0   0    0    0 1024  
10-04 10:05:54.504   687   729 I libPerfCtl: xgfGetFPS pid:2780 fps:-1
10-04 10:05:54.504   687   729 I libPerfCtl: xgfGetFPS pid:3069 fps:-1
10-04 10:05:54.504   687   729 I libPerfCtl: xgfGetFPS pid:4776 fps:-1
10-04 10:05:54.518   674   674 I hwcomposer: [HWCDisplay] setColorTransformForJob ccorr_state=0->0 hint=0 force_disable_color=0  
10-04 10:05:54.519   674   868 I hwcomposer: [DRMDEV] create blob id of color transform[success] mode=0 f=0 mat=1024    0    0    0   0 1024    0    0   0    0 1024    0   0    0    0 1024  
10-04 10:05:54.523   657  4738 D r_submix: out_write() wrote 4096 bytes 1024 frames
10-04 10:05:54.536   674   674 I hwcomposer: [HWCDisplay] setColorTransformForJob ccorr_state=0->0 hint=0 force_disable_color=0  
10-04 10:05:54.537   674   868 I hwcomposer: [DRMDEV] create blob id of color transform[success] mode=0 f=0 mat=1024    0    0    0   0 1024    0    0   0    0 1024    0   0    0    0 1024  
10-04 10:05:54.543  4660  4681 D PipelineWatcher: [0xb40000752cc7a4a8] pipelineFull: too many frames in pipeline (4)
10-04 10:05:54.545   657  4738 D r_submix: out_write() wrote 4096 bytes 1024 frames
10-04 10:05:54.551   674   674 I hwcomposer: [HWCDisplay] setColorTransformForJob ccorr_state=0->0 hint=0 force_disable_color=0  
10-04 10:05:54.553   674   868 I hwcomposer: [DRMDEV] create blob id of color transform[success] mode=0 f=0 mat=1024    0    0    0   0 1024    0    0   0    0 1024    0   0    0    0 1024  
10-04 10:05:54.566   657  4738 D r_submix: out_write() wrote 4096 bytes 1024 frames
10-04 10:05:54.568   674   674 I hwcomposer: [HWCDisplay] setColorTransformForJob ccorr_state=0->0 hint=0 force_disable_color=0  
10-04 10:05:54.569  4660  4681 D PipelineWatcher: [0xb40000752cc7a4a8] pipelineFull: too many frames in pipeline (4)
10-04 10:05:54.569   674   868 I hwcomposer: [DRMDEV] create blob id of color transform[success] mode=0 f=0 mat=1024    0    0    0   0 1024    0    0   0    0 1024    0   0    0    0 1024  
10-04 10:05:54.587   674   674 I hwcomposer: [HWCDisplay] setColorTransformForJob ccorr_state=0->0 hint=0 force_disable_color=0  
10-04 10:05:54.588   657  4738 D r_submix: out_write() wrote 4096 bytes 1024 frames
10-04 10:05:54.588   674   868 I hwcomposer: [DRMDEV] create blob id of color transform[success] mode=0 f=0 mat=1024    0    0    0   0 1024    0    0   0    0 1024    0   0    0    0 1024  
10-04 10:05:54.599   674   674 I hwcomposer: [HWCDisplay] setColorTransformForJob ccorr_state=0->0 hint=0 force_disable_color=0  
10-04 10:05:54.603   674   868 I hwcomposer: [DRMDEV] create blob id of color transform[success] mode=0 f=0 mat=1024    0    0    0   0 1024    0    0   0    0 1024    0   0    0    0 1024  
10-04 10:05:54.609   657  4738 D r_submix: out_write() wrote 4096 bytes 1024 frames
10-04 10:05:54.621   674   674 I hwcomposer: [HWCDisplay] setColorTransformForJob ccorr_state=0->0 hint=0 force_disable_color=0  
10-04 10:05:54.623   674   868 I hwcomposer: [DRMDEV] create blob id of color transform[success] mode=0 f=0 mat=1024    0    0    0   0 1024    0    0   0    0 1024    0   0    0    0 1024  
10-04 10:05:54.626   657  4702 D r_submix: read_frames 5761024, T_rec 120.021332s, p_vs_o   18616us
10-04 10:05:54.630   657  4738 D r_submix: out_write() wrote 4096 bytes 1024 frames
10-04 10:05:54.632   674   674 I hwcomposer: [HWCDisplay] setColorTransformForJob ccorr_state=0->0 hint=0 force_disable_color=0  
10-04 10:05:54.636   674   868 I hwcomposer: [DRMDEV] create blob id of color transform[success] mode=0 f=0 mat=1024    0    0    0   0 1024    0    0   0    0 1024    0   0    0    0 1024  
10-04 10:05:54.651   674   674 I hwcomposer: [HWCDisplay] setColorTransformForJob ccorr_state=0->0 hint=0 force_disable_color=0  
10-04 10:05:54.651   657  4738 D r_submix: out_write() wrote 4096 bytes 1024 frames
10-04 10:05:54.652   674   868 D hwcomposer: (0:1) Layer+ (mva=0x0/sec=0/prot=0/fmt=1/alpha=1:0x99/blend=0002/dim=1/x=0 y=0 w=720 h=1280 s=0 -> x=0 y=0 w=720 h=1280/ext_layer=-1 ds=0 fbdc=0 is_mml=0) =
10-04 10:05:54.653   674   868 I hwcomposer: [DRMDEV] create blob id of color transform[success] mode=0 f=0 mat=1024    0    0    0   0 1024    0    0   0    0 1024    0   0    0    0 1024  
10-04 10:05:54.659   732   732 I BufferQueueProducer: [com.example.android.systemupdatersample/com.example.android.systemupdatersample.ui.MainActivity#167](this:0xb400007a53df3f30,id:-1,api:0,p:-1,c:732) queueBuffer: fps=55.73 dur=1004.85 max=84.00 min=8.39
10-04 10:05:54.668   732   732 I BufferQueueProducer: [VDS-scrcpy SINK](this:0xb400007a13f2b328,id:-1,api:1,p:732,c:732) queueBuffer: fps=55.48 dur=1009.45 max=85.38 min=6.96
10-04 10:05:54.669   682   682 D hdmi_cec: [HWCEC] send_message init:4, dest:0, opcode: 0x8f, size:0, body[0]=0x0
10-04 10:05:54.670   682   682 E hdmi_cec: [HWCEC] send_message fail. opcode: 0x8f, errno: 1
10-04 10:05:54.671   674   674 I hwcomposer: [HWCDisplay] setColorTransformForJob ccorr_state=0->0 hint=0 force_disable_color=0  
10-04 10:05:54.671   674   674 I hwcomposer: [HWCDisplay] [Display_0 (type:1)] fps:55.343697,dur:1011.86,max:85.06,min:7.28  
10-04 10:05:54.671   682   682 D hdmi_cec: [HWCEC] send_message init:4, dest:0, opcode: 0x8f, size:0, body[0]=0x0
10-04 10:05:54.671   682   682 E hdmi_cec: [HWCEC] send_message fail. opcode: 0x8f, errno: 1
10-04 10:05:54.672   674   868 D hwcomposer: (0:0) Layer+ (mva=0x0/sec=0/prot=0/fmt=2/alpha=0:0xff/blend=0001/dim=0/x=0 y=0 w=720 h=1280 s=736 -> x=0 y=0 w=720 h=1280/ext_layer=-1 ds=0 fbdc=1 is_mml=0) =
10-04 10:05:54.672   674   868 D hwcomposer: (0:2) Layer+ (mva=0x0/sec=0/prot=0/fmt=1/alpha=1:0xff/blend=0002/dim=0/x=0 y=0 w=692 h=768 s=704 -> x=28 y=256 w=692 h=768/ext_layer=-1 ds=0 fbdc=1 is_mml=0) =
10-04 10:05:54.673   674   868 I hwcomposer: [DRMDEV] create blob id of color transform[success] mode=0 f=0 mat=1024    0    0    0   0 1024    0    0   0    0 1024    0   0    0    0 1024  
10-04 10:05:54.673  1080  2753 W HdmiCecController: Failed to send <Give Device Power Status> 40:8F with errorCode=3
10-04 10:05:54.673   657  4738 D r_submix: out_write() wrote 4096 bytes 1024 frames
10-04 10:05:54.694   657  4738 D r_submix: out_write() wrote 4096 bytes 1024 frames
10-04 10:05:54.716   657  4738 D r_submix: out_write() wrote 4096 bytes 1024 frames
10-04 10:05:54.737   657  4738 D r_submix: out_write() wrote 4096 bytes 1024 frames
10-04 10:05:54.758   657  4738 D r_submix: out_write() wrote 4096 bytes 1024 frames
10-04 10:05:54.780   657  4738 D r_submix: out_write() wrote 4096 bytes 1024 frames
10-04 10:05:54.801   657  4738 D r_submix: out_write() wrote 4096 bytes 1024 frames
10-04 10:05:54.822   657  4738 D r_submix: out_write() wrote 4096 bytes 1024 frames
10-04 10:05:54.844   657  4738 D r_submix: out_write() wrote 4096 bytes 1024 frames
10-04 10:05:54.865   657  4738 D r_submix: out_write() wrote 4096 bytes 1024 frames
10-04 10:05:54.886   657  4738 D r_submix: out_write() wrote 4096 bytes 1024 frames
10-04 10:05:54.898  1080  3684 E TaskPersister: File error accessing recents directory (directory doesn't exist?).
10-04 10:05:54.908   657  4738 D r_submix: out_write() wrote 4096 bytes 1024 frames
10-04 10:05:54.929   657  4738 D r_submix: out_write() wrote 4096 bytes 1024 frames
10-04 10:05:54.950   657  4738 D r_submix: out_write() wrote 4096 bytes 1024 frames
10-04 10:05:54.958   732   861 W HWComposer: Ignoring duplicate VSYNC event from HWC for display 4627039422300187648 (t=827143762000)
10-04 10:05:54.958   674   872 I hwcomposer: [DRMDEV] (0:60) failed to waitNextVsync: -1  
10-04 10:05:54.963   674   872 I hwcomposer: [DRMDEV] (0:60) failed to waitNextVsync: -1  
10-04 10:05:54.972   657  4738 D r_submix: out_write() wrote 4096 bytes 1024 frames
10-04 10:05:54.980   674   872 I hwcomposer: [DRMDEV] (0:60) failed to waitNextVsync: -1  
10-04 10:05:54.993   657  4738 D r_submix: out_write() wrote 4096 bytes 1024 frames
10-04 10:05:54.997   674   872 I hwcomposer: [DRMDEV] (0:60) failed to waitNextVsync: -1  
10-04 10:05:55.014   674   872 I hwcomposer: [DRMDEV] (0:60) failed to waitNextVsync: -1  
10-04 10:05:55.014   657  4738 D r_submix: out_write() wrote 4096 bytes 1024 frames
10-04 10:05:55.030   674   872 I hwcomposer: [DRMDEV] (0:60) failed to waitNextVsync: -1  
10-04 10:05:55.036   657  4738 D r_submix: out_write() wrote 4096 bytes 1024 frames
10-04 10:05:55.047   674   872 I hwcomposer: [DRMDEV] (0:60) failed to waitNextVsync: -1  
10-04 10:05:55.057   657  4738 D r_submix: out_write() wrote 4096 bytes 1024 frames
10-04 10:05:55.078   657  4738 D r_submix: out_write() wrote 4096 bytes 1024 frames
10-04 10:05:55.100   657  4738 D r_submix: out_write() wrote 4096 bytes 1024 frames
10-04 10:05:55.121   657  4738 D r_submix: out_write() wrote 4096 bytes 1024 frames
10-04 10:05:55.142   657  4738 D r_submix: out_write() wrote 4096 bytes 1024 frames
10-04 10:05:55.164   657  4738 D r_submix: out_write() wrote 4096 bytes 1024 frames
10-04 10:05:55.185   657  4738 D r_submix: out_write() wrote 4096 bytes 1024 frames
10-04 10:05:55.206   657  4738 D r_submix: out_write() wrote 4096 bytes 1024 frames
10-04 10:05:55.228   657  4738 D r_submix: out_write() wrote 4096 bytes 1024 frames
10-04 10:05:55.249   657  4738 D r_submix: out_write() wrote 4096 bytes 1024 frames
10-04 10:05:55.270   657  4738 D r_submix: out_write() wrote 4096 bytes 1024 frames
10-04 10:05:55.292   657  4738 D r_submix: out_write() wrote 4096 bytes 1024 frames
10-04 10:05:55.313   657  4738 D r_submix: out_write() wrote 4096 bytes 1024 frames
10-04 10:05:55.334   657  4738 D r_submix: out_write() wrote 4096 bytes 1024 frames
10-04 10:05:55.356   657  4738 D r_submix: out_write() wrote 4096 bytes 1024 frames
10-04 10:05:55.377   657  4738 D r_submix: out_write() wrote 4096 bytes 1024 frames
10-04 10:05:55.398   657  4738 D r_submix: out_write() wrote 4096 bytes 1024 frames
10-04 10:05:55.420   657  4738 D r_submix: out_write() wrote 4096 bytes 1024 frames
10-04 10:05:55.423   674   872 I hwcomposer: [DRMDEV] (0:60) failed to waitNextVsync: -1  
10-04 10:05:55.430   674   872 I hwcomposer: [DRMDEV] (0:60) failed to waitNextVsync: -1  
10-04 10:05:55.441   657  4738 D r_submix: out_write() wrote 4096 bytes 1024 frames
10-04 10:05:55.447   674   872 I hwcomposer: [DRMDEV] (0:60) failed to waitNextVsync: -1  
10-04 10:05:55.453   732   732 I BufferQueueProducer: [com.example.android.systemupdatersample/com.example.android.systemupdatersample.ui.MainActivity#176](this:0xb400007a53df9a50,id:-1,api:0,p:-1,c:732) queueBuffer: fps=7.05 dur=1560.67 max=1377.05 min=16.33
10-04 10:05:55.459   732   732 I BufferQueueProducer: [FramebufferSurface](this:0xb400007a03ccdf80,id:-1,api:1,p:732,c:732) queueBuffer: fps=29.59 dur=1520.58 max=788.06 min=11.06
10-04 10:05:55.459   674   674 I hwcomposer: [HWCDisplay] setColorTransformForJob ccorr_state=0->0 hint=0 force_disable_color=0  
10-04 10:05:55.459   674   868 D hwcomposer: (0:0) Layer+ (mva=0x0/sec=0/prot=0/fmt=2/alpha=0:0xff/blend=0001/dim=0/x=0 y=0 w=720 h=1280 s=736 -> x=0 y=0 w=720 h=1280/ext_layer=-1 ds=0 fbdc=1 is_mml=0) =
10-04 10:05:55.459   674   868 D hwcomposer: (0:1) Layer+ (mva=0x0/sec=0/prot=0/fmt=1/alpha=1:0x99/blend=0002/dim=1/x=0 y=0 w=720 h=1280 s=0 -> x=0 y=0 w=720 h=1280/ext_layer=-1 ds=0 fbdc=0 is_mml=0) =
10-04 10:05:55.459   674   868 D hwcomposer: (0:2) Layer+ (mva=0x0/sec=0/prot=0/fmt=1/alpha=1:0xff/blend=0002/dim=0/x=0 y=0 w=692 h=768 s=704 -> x=28 y=256 w=692 h=768/ext_layer=-1 ds=0 fbdc=1 is_mml=0) =
10-04 10:05:55.460   674   868 D hwcomposer: (0:3) Layer+ (mva=0x0/sec=0/prot=0/fmt=1/alpha=1:0xff/blend=0002/dim=0/x=0 y=0 w=720 h=1280 s=736 -> x=0 y=0 w=720 h=1280/ext_layer=-1 ds=142671872 fbdc=1 is_mml=0) =
10-04 10:05:55.461   681   689 W android.hardware.thermal@2.0-service.mtk: parseMsg: Get from client TYPE=thermal_hal_notify NAME=SKIN
10-04 10:05:55.461   681   689 W android.hardware.thermal@2.0-service.mtk: parseMsg:name.c_str():SKIN
10-04 10:05:55.461   681   689 W android.hardware.thermal@2.0-service.mtk: parseMsg:tz notify:SKIN
10-04 10:05:55.461   681   689 W android.hardware.thermal@2.0-service.mtk: parseMsg: Get from client TYPE=thermal_hal_notify NAME=BATTERY
10-04 10:05:55.461   681   689 W android.hardware.thermal@2.0-service.mtk: parseMsg:name.c_str():BATTERY
10-04 10:05:55.461   681   689 W android.hardware.thermal@2.0-service.mtk: parseMsg:tz notify:BATTERY
10-04 10:05:55.461   681   689 I android.hardware.thermal@2.0-service.mtk: Wait to accept a connection
10-04 10:05:55.462   657  4738 D r_submix: out_write() wrote 4096 bytes 1024 frames
10-04 10:05:55.463   674   868 I hwcomposer: [DRMDEV] create blob id of color transform[success] mode=0 f=0 mat=1024    0    0    0   0 1024    0    0   0    0 1024    0   0    0    0 1024  
10-04 10:05:55.464   681   689 I android.hardware.thermal@2.0-impl: Sending notification:  Type: BATTERY Name: BATTERY CurrentValue: 39 ThrottlingStatus: NONE
10-04 10:05:55.465   681   689 I android.hardware.thermal@2.0-impl: sendThermalChangedCallback
10-04 10:05:55.465   674   872 I hwcomposer: [DRMDEV] (0:60) failed to waitNextVsync: -1  
10-04 10:05:55.465   681   689 I android.hardware.thermal@2.0-impl: Sending notification:  Type: SKIN Name: SKIN CurrentValue: 29.841 ThrottlingStatus: NONE
10-04 10:05:55.465   681   689 I android.hardware.thermal@2.0-impl: sendThermalChangedCallback
10-04 10:05:55.483   674   674 I hwcomposer: [HWCDisplay] setColorTransformForJob ccorr_state=0->0 hint=0 force_disable_color=0  
10-04 10:05:55.483   657  4738 D r_submix: out_write() wrote 4096 bytes 1024 frames
10-04 10:05:55.485   674   868 I hwcomposer: [DRMDEV] create blob id of color transform[success] mode=0 f=0 mat=1024    0    0    0   0 1024    0    0   0    0 1024    0   0    0    0 1024  
10-04 10:05:55.500   674   674 I hwcomposer: [HWCDisplay] setColorTransformForJob ccorr_state=0->0 hint=0 force_disable_color=0  
10-04 10:05:55.502   674   868 I hwcomposer: [DRMDEV] create blob id of color transform[success] mode=0 f=0 mat=1024    0    0    0   0 1024    0    0   0    0 1024    0   0    0    0 1024  
10-04 10:05:55.504   687   729 I libPerfCtl: xgfGetFPS pid:2780 fps:-1
10-04 10:05:55.504   687   729 I libPerfCtl: xgfGetFPS pid:3069 fps:-1
10-04 10:05:55.504   687   729 I libPerfCtl: xgfGetFPS pid:4776 fps:-1
10-04 10:05:55.505   657  4738 D r_submix: out_write() wrote 4096 bytes 1024 frames
10-04 10:05:55.526   657  4738 D r_submix: out_write() wrote 4096 bytes 1024 frames
10-04 10:05:55.529   674   674 I hwcomposer: [HWCDisplay] setColorTransformForJob ccorr_state=0->0 hint=0 force_disable_color=0  
10-04 10:05:55.530   674   868 I hwcomposer: [DRMDEV] create blob id of color transform[success] mode=0 f=0 mat=1024    0    0    0   0 1024    0    0   0    0 1024    0   0    0    0 1024  
10-04 10:05:55.540   674   674 I hwcomposer: [HWCDisplay] setColorTransformForJob ccorr_state=0->0 hint=0 force_disable_color=0  
10-04 10:05:55.545   674   868 I hwcomposer: [DRMDEV] create blob id of color transform[success] mode=0 f=0 mat=1024    0    0    0   0 1024    0    0   0    0 1024    0   0    0    0 1024  
10-04 10:05:55.547   657  4738 D r_submix: out_write() wrote 4096 bytes 1024 frames
10-04 10:05:55.552  4660  4681 D PipelineWatcher: [0xb40000752cc7a4a8] pipelineFull: too many frames in pipeline (4)
10-04 10:05:55.562   674   674 I hwcomposer: [HWCDisplay] setColorTransformForJob ccorr_state=0->0 hint=0 force_disable_color=0  
10-04 10:05:55.563   674   868 I hwcomposer: [DRMDEV] create blob id of color transform[success] mode=0 f=0 mat=1024    0    0    0   0 1024    0    0   0    0 1024    0   0    0    0 1024  
10-04 10:05:55.569   657  4738 D r_submix: out_write() wrote 4096 bytes 1024 frames
10-04 10:05:55.575   674   674 I hwcomposer: [HWCDisplay] setColorTransformForJob ccorr_state=0->0 hint=0 force_disable_color=0  
