10-04 10:05:51.947  3069  3069 D b/231312158:   id=local:4627039422300187648
10-04 10:05:51.947  3069  3069 D b/231312158:   rotation=0
10-04 10:05:51.947  3069  3069 D b/231312158:   fontScale=1.0
10-04 10:05:51.947  3069  3069 D b/231312158:   densityDpi=160
10-04 10:05:51.947  3069  3069 D b/231312158:   navigationMode=THREE_BUTTONS
10-04 10:05:51.947  3069  3069 D b/231312158:   currentSize=Point(1280, 720)
10-04 10:05:51.947  3069  3069 D b/231312158:   supportedBounds={WindowBounds{bounds=Rect(0, 0 - 720, 1280), insets=Rect(0, 24 - 0, 0), availableSize=Point(720, 1256)}, WindowBounds{bounds=Rect(0, 0 - 1280, 720), insets=Rect(0, 24 - 0, 0), availableSize=Point(1280, 696)}}
10-04 10:05:51.947  3069  3069 D b/231312158: 
10-04 10:05:51.947  3069  3069 D b/231312158: java.lang.Exception
10-04 10:05:51.947  3069  3069 D b/231312158: 	at com.android.launcher3.InvariantDeviceProfile.getDeviceProfile(InvariantDeviceProfile.java:645)
10-04 10:05:51.947  3069  3069 D b/231312158: 	at com.android.launcher3.taskbar.TaskbarActivityContext.getLatestDeviceProfile(TaskbarActivityContext.java:224)
10-04 10:05:51.947  3069  3069 D b/231312158: 	at com.android.launcher3.taskbar.TaskbarInsetsController.onTaskbarWindowHeightOrInsetsChanged(TaskbarInsetsController.kt:83)
10-04 10:05:51.947  3069  3069 D b/231312158: 	at com.android.launcher3.taskbar.TaskbarActivityContext.setTaskbarWindowHeight(TaskbarActivityContext.java:577)
10-04 10:05:51.947  3069  3069 D b/231312158: 	at com.android.launcher3.taskbar.TaskbarViewController.lambda$createIconAlignmentController$1$com-android-launcher3-taskbar-TaskbarViewController(TaskbarViewController.java:250)
10-04 10:05:51.947  3069  3069 D b/231312158: 	at com.android.launcher3.taskbar.TaskbarViewController$$ExternalSyntheticLambda4.onAnimationUpdate(Unknown Source:6)
10-04 10:05:51.947  3069  3069 D b/231312158: 	at android.animation.ValueAnimator.animateValue(ValueAnimator.java:1653)
10-04 10:05:51.947  3069  3069 D b/231312158: 	at android.animation.ValueAnimator.setCurrentFraction(ValueAnimator.java:775)
10-04 10:05:51.947  3069  3069 D b/231312158: 	at com.android.launcher3.anim.AnimatorPlaybackController$Holder.setProgress(AnimatorPlaybackController.java:386)
10-04 10:05:51.947  3069  3069 D b/231312158: 	at com.android.launcher3.anim.AnimatorPlaybackController.setPlayFraction(AnimatorPlaybackController.java:247)
10-04 10:05:51.947  3069  3069 D b/231312158: 	at com.android.launcher3.taskbar.TaskbarViewController.lambda$createIconAlignmentController$2(TaskbarViewController.java:286)
10-04 10:05:51.947  3069  3069 D b/231312158: 	at com.android.launcher3.taskbar.TaskbarViewController$$ExternalSyntheticLambda5.run(Unknown Source:2)
10-04 10:05:51.947  3069  3069 D b/231312158: 	at com.android.launcher3.taskbar.TaskbarViewController.createIconAlignmentController(TaskbarViewController.java:228)
10-04 10:05:51.947  3069  3069 D b/231312158: 	at com.android.launcher3.taskbar.TaskbarViewController.setLauncherIconAlignment(TaskbarViewController.java:215)
10-04 10:05:51.947  3069  3069 D b/231312158: 	at com.android.launcher3.taskbar.TaskbarLauncherStateController.updateIconAlignment(TaskbarLauncherStateController.java:420)
10-04 10:05:51.947  3069  3069 D b/231312158: 	at com.android.launcher3.taskbar.TaskbarLauncherStateController.onIconAlignmentRatioChanged(TaskbarLauncherStateController.java:409)
10-04 10:05:51.947  3069  3069 D b/231312158: 	at com.android.launcher3.taskbar.TaskbarLauncherStateController.onIconAlignmentRatioChangedForAppAndHomeTransition(TaskbarLauncherStateController.java:396)
10-04 10:05:51.947  3069  3069 D b/231312158: 	at com.android.launcher3.taskbar.TaskbarLauncherStateController.$r8$lambda$0K_nylSaaaHSF3-LjuIYkloYtUE(Unknown Source:0)
10-04 10:05:51.947  3069  3069 D b/231312158: 	at com.android.launcher3.taskbar.TaskbarLauncherStateController$$ExternalSyntheticLambda4.run(Unknown Source:2)
10-04 10:05:51.947  3069  3069 D b/231312158: 	at com.android.quickstep.AnimatedFloat.updateValue(AnimatedFloat.java:97)
10-04 10:05:51.947  3069  3069 D b/231312158: 	at com.android.quickstep.AnimatedFloat$1.setValue(AnimatedFloat.java:32)
10-04 10:05:51.947  3069  3069 D b/231312158: 	at com.android.quickstep.AnimatedFloat$1.setValue(AnimatedFloat.java:29)
10-04 10:05:51.947  3069  3069 D b/231312158: 	at android.animation.PropertyValuesHolder$FloatPropertyValuesHolder.setAnimatedValue(PropertyValuesHolder.java:1379)
10-04 10:05:51.947  3069  3069 D b/231312158: 	at android.animation.ObjectAnimator.animateValue(ObjectAnimator.java:990)
10-04 10:05:51.947  3069  3069 D b/231312158: 	at android.animation.ValueAnimator.animateBasedOnTime(ValueAnimator.java:1440)
10-04 10:05:51.947  3069  3069 D b/231312158: 	at android.animation.ValueAnimator.doAnimationFrame(ValueAnimator.java:1572)
10-04 10:05:51.947  3069  3069 D b/231312158: 	at android.animation.ValueAnimator.pulseAnimationFrame(ValueAnimator.java:1591)
10-04 10:05:51.947  3069  3069 D b/231312158: 	at android.animation.AnimatorSet.pulseFrame(AnimatorSet.java:1170)
10-04 10:05:51.947  3069  3069 D b/231312158: 	at android.animation.AnimatorSet.doAnimationFrame(AnimatorSet.java:1061)
10-04 10:05:51.947  3069  3069 D b/231312158: 	at android.animation.AnimationHandler.doAnimationFrame(AnimationHandler.java:307)
10-04 10:05:51.947  3069  3069 D b/231312158: 	at android.animation.AnimationHandler.-$$Nest$mdoAnimationFrame(Unknown Source:0)
10-04 10:05:51.947  3069  3069 D b/231312158: 	at android.animation.AnimationHandler$1.doFrame(AnimationHandler.java:86)
10-04 10:05:51.947  3069  3069 D b/231312158: 	at android.view.Choreographer$CallbackRecord.run(Choreographer.java:1311)
10-04 10:05:51.947  3069  3069 D b/231312158: 	at android.view.Choreographer$CallbackRecord.run(Choreographer.java:1321)
10-04 10:05:51.947  3069  3069 D b/231312158: 	at android.view.Choreographer.doCallbacks(Choreographer.java:956)
10-04 10:05:51.947  3069  3069 D b/231312158: 	at android.view.Choreographer.doFrame(Choreographer.java:859)
10-04 10:05:51.947  3069  3069 D b/231312158: 	at android.view.Choreographer$FrameDisplayEventReceiver.run(Choreographer.java:1296)
10-04 10:05:51.947  3069  3069 D b/231312158: 	at android.os.Handler.handleCallback(Handler.java:942)
10-04 10:05:51.947  3069  3069 D b/231312158: 	at android.os.Handler.dispatchMessage(Handler.java:99)
10-04 10:05:51.947  3069  3069 D b/231312158: 	at android.os.Looper.loopOnce(Looper.java:201)
10-04 10:05:51.947  3069  3069 D b/231312158: 	at android.os.Looper.loop(Looper.java:288)
10-04 10:05:51.947  3069  3069 D b/231312158: 	at android.app.ActivityThread.main(ActivityThread.java:7941)
10-04 10:05:51.947  3069  3069 D b/231312158: 	at java.lang.reflect.Method.invoke(Native Method)
10-04 10:05:51.947  3069  3069 D b/231312158: 	at com.android.internal.os.RuntimeInit$MethodAndArgsCaller.run(RuntimeInit.java:569)
10-04 10:05:51.947  3069  3069 D b/231312158: 	at com.android.internal.os.ZygoteInit.main(ZygoteInit.java:1015)
10-04 10:05:51.947   657  4738 D r_submix: out_write() wrote 4096 bytes 1024 frames
10-04 10:05:51.948  3069  3069 D b/231312158: getDeviceProfile -
10-04 10:05:51.948  3069  3069 D b/231312158: config: {1.0 ?mcc?mnc [en_US] ldltr sw720dp w1280dp h696dp 160dpi xlrg long land finger -keyb/v/h -nav/h winConfig={ mBounds=Rect(0, 0 - 1280, 720) mAppBounds=Rect(0, 0 - 1280, 720) mMaxBounds=Rect(0, 0 - 1280, 720) mDisplayRotation=ROTATION_0 mWindowingMode=fullscreen mDisplayWindowingMode=fullscreen mActivityType=undefined mAlwaysOnTop=undefined mRotation=ROTATION_0} as.2 s.19 fontWeightAdjustment=0}
10-04 10:05:51.948  3069  3069 D b/231312158: displayMetrics: DisplayMetrics{density=1.0, width=1280, height=720, scaledDensity=1.0, xdpi=345.872, ydpi=121.112}
10-04 10:05:51.948  3069  3069 D b/231312158: rotation: 0
10-04 10:05:51.948  3069  3069 D b/231312158: DisplayController.Info:
10-04 10:05:51.948  3069  3069 D b/231312158:   id=local:4627039422300187648
10-04 10:05:51.948  3069  3069 D b/231312158:   rotation=0
10-04 10:05:51.948  3069  3069 D b/231312158:   fontScale=1.0
10-04 10:05:51.948  3069  3069 D b/231312158:   densityDpi=160
10-04 10:05:51.948  3069  3069 D b/231312158:   navigationMode=THREE_BUTTONS
10-04 10:05:51.948  3069  3069 D b/231312158:   currentSize=Point(1280, 720)
10-04 10:05:51.948  3069  3069 D b/231312158:   supportedBounds={WindowBounds{bounds=Rect(0, 0 - 720, 1280), insets=Rect(0, 24 - 0, 0), availableSize=Point(720, 1256)}, WindowBounds{bounds=Rect(0, 0 - 1280, 720), insets=Rect(0, 24 - 0, 0), availableSize=Point(1280, 696)}}
10-04 10:05:51.948  3069  3069 D b/231312158: 
10-04 10:05:51.948  3069  3069 D b/231312158: java.lang.Exception
10-04 10:05:51.948  3069  3069 D b/231312158: 	at com.android.launcher3.InvariantDeviceProfile.getDeviceProfile(InvariantDeviceProfile.java:645)
10-04 10:05:51.948  3069  3069 D b/231312158: 	at com.android.launcher3.taskbar.TaskbarActivityContext.getLatestDeviceProfile(TaskbarActivityContext.java:224)
10-04 10:05:51.948  3069  3069 D b/231312158: 	at com.android.launcher3.taskbar.TaskbarInsetsController.onTaskbarWindowHeightOrInsetsChanged(TaskbarInsetsController.kt:83)
10-04 10:05:51.948  3069  3069 D b/231312158: 	at com.android.launcher3.taskbar.TaskbarActivityContext.setTaskbarWindowHeight(TaskbarActivityContext.java:577)
10-04 10:05:51.948  3069  3069 D b/231312158: 	at com.android.launcher3.taskbar.TaskbarViewController.lambda$createIconAlignmentController$1$com-android-launcher3-taskbar-TaskbarViewController(TaskbarViewController.java:250)
10-04 10:05:51.948  3069  3069 D b/231312158: 	at com.android.launcher3.taskbar.TaskbarViewController$$ExternalSyntheticLambda4.onAnimationUpdate(Unknown Source:6)
10-04 10:05:51.948  3069  3069 D b/231312158: 	at android.animation.ValueAnimator.animateValue(ValueAnimator.java:1653)
10-04 10:05:51.948  3069  3069 D b/231312158: 	at android.animation.ValueAnimator.setCurrentFraction(ValueAnimator.java:775)
10-04 10:05:51.948  3069  3069 D b/231312158: 	at com.android.launcher3.anim.AnimatorPlaybackController$Holder.setProgress(AnimatorPlaybackController.java:386)
10-04 10:05:51.948  3069  3069 D b/231312158: 	at com.android.launcher3.anim.AnimatorPlaybackController.setPlayFraction(AnimatorPlaybackController.java:247)
10-04 10:05:51.948  3069  3069 D b/231312158: 	at com.android.launcher3.taskbar.TaskbarViewController.setLauncherIconAlignment(TaskbarViewController.java:217)
10-04 10:05:51.948  3069  3069 D b/231312158: 	at com.android.launcher3.taskbar.TaskbarLauncherStateController.updateIconAlignment(TaskbarLauncherStateController.java:420)
10-04 10:05:51.948  3069  3069 D b/231312158: 	at com.android.launcher3.taskbar.TaskbarLauncherStateController.onIconAlignmentRatioChanged(TaskbarLauncherStateController.java:409)
10-04 10:05:51.948  3069  3069 D b/231312158: 	at com.android.launcher3.taskbar.TaskbarLauncherStateController.onIconAlignmentRatioChangedForAppAndHomeTransition(TaskbarLauncherStateController.java:396)
10-04 10:05:51.948  3069  3069 D b/231312158: 	at com.android.launcher3.taskbar.TaskbarLauncherStateController.$r8$lambda$0K_nylSaaaHSF3-LjuIYkloYtUE(Unknown Source:0)
10-04 10:05:51.948  3069  3069 D b/231312158: 	at com.android.launcher3.taskbar.TaskbarLauncherStateController$$ExternalSyntheticLambda4.run(Unknown Source:2)
10-04 10:05:51.948  3069  3069 D b/231312158: 	at com.android.quickstep.AnimatedFloat.updateValue(AnimatedFloat.java:97)
10-04 10:05:51.948  3069  3069 D b/231312158: 	at com.android.quickstep.AnimatedFloat$1.setValue(AnimatedFloat.java:32)
10-04 10:05:51.948  3069  3069 D b/231312158: 	at com.android.quickstep.AnimatedFloat$1.setValue(AnimatedFloat.java:29)
10-04 10:05:51.948  3069  3069 D b/231312158: 	at android.animation.PropertyValuesHolder$FloatPropertyValuesHolder.setAnimatedValue(PropertyValuesHolder.java:1379)
10-04 10:05:51.948  3069  3069 D b/231312158: 	at android.animation.ObjectAnimator.animateValue(ObjectAnimator.java:990)
10-04 10:05:51.948  3069  3069 D b/231312158: 	at android.animation.ValueAnimator.animateBasedOnTime(ValueAnimator.java:1440)
10-04 10:05:51.948  3069  3069 D b/231312158: 	at android.animation.ValueAnimator.doAnimationFrame(ValueAnimator.java:1572)
10-04 10:05:51.948  3069  3069 D b/231312158: 	at android.animation.ValueAnimator.pulseAnimationFrame(ValueAnimator.java:1591)
10-04 10:05:51.948  3069  3069 D b/231312158: 	at android.animation.AnimatorSet.pulseFrame(AnimatorSet.java:1170)
10-04 10:05:51.948  3069  3069 D b/231312158: 	at android.animation.AnimatorSet.doAnimationFrame(AnimatorSet.java:1061)
10-04 10:05:51.948  3069  3069 D b/231312158: 	at android.animation.AnimationHandler.doAnimationFrame(AnimationHandler.java:307)
10-04 10:05:51.948  3069  3069 D b/231312158: 	at android.animation.AnimationHandler.-$$Nest$mdoAnimationFrame(Unknown Source:0)
10-04 10:05:51.948  3069  3069 D b/231312158: 	at android.animation.AnimationHandler$1.doFrame(AnimationHandler.java:86)
10-04 10:05:51.948  3069  3069 D b/231312158: 	at android.view.Choreographer$CallbackRecord.run(Choreographer.java:1311)
10-04 10:05:51.948  3069  3069 D b/231312158: 	at android.view.Choreographer$CallbackRecord.run(Choreographer.java:1321)
10-04 10:05:51.948  3069  3069 D b/231312158: 	at android.view.Choreographer.doCallbacks(Choreographer.java:956)
10-04 10:05:51.948  3069  3069 D b/231312158: 	at android.view.Choreographer.doFrame(Choreographer.java:859)
10-04 10:05:51.948  3069  3069 D b/231312158: 	at android.view.Choreographer$FrameDisplayEventReceiver.run(Choreographer.java:1296)
10-04 10:05:51.948  3069  3069 D b/231312158: 	at android.os.Handler.handleCallback(Handler.java:942)
10-04 10:05:51.948  3069  3069 D b/231312158: 	at android.os.Handler.dispatchMessage(Handler.java:99)
10-04 10:05:51.948  3069  3069 D b/231312158: 	at android.os.Looper.loopOnce(Looper.java:201)
10-04 10:05:51.948  3069  3069 D b/231312158: 	at android.os.Looper.loop(Looper.java:288)
10-04 10:05:51.948  3069  3069 D b/231312158: 	at android.app.ActivityThread.main(ActivityThread.java:7941)
10-04 10:05:51.948  3069  3069 D b/231312158: 	at java.lang.reflect.Method.invoke(Native Method)
10-04 10:05:51.948  3069  3069 D b/231312158: 	at com.android.internal.os.RuntimeInit$MethodAndArgsCaller.run(RuntimeInit.java:569)
10-04 10:05:51.948  3069  3069 D b/231312158: 	at com.android.internal.os.ZygoteInit.main(ZygoteInit.java:1015)
10-04 10:05:51.949  1080  2838 I PowerHalWrapper: amsBoostNotify pid:4776,activity:com.example.android.systemupdatersample.ui.MainActivity, package:com.example.android.systemupdatersample, mProcessCreatePackcom.example.android.systemupdatersample 
10-04 10:05:51.949  1080  2838 I PowerHalWrapper: state: 1 
10-04 10:05:51.949  1080  2838 I mtkpower_client: [PowerHal_Wrap_notifyAppState] com.example.android.systemupdatersample/com.example.android.systemupdatersample.ui.MainActivity pid=4776 state:1
10-04 10:05:51.949  1080  2838 I game_scn: collectForegroundAppList packName=com.example.android.systemupdatersample, actName=com.example.android.systemupdatersample.ui.MainActivity, pid=4776, uid=10108, state:RESUMED
10-04 10:05:51.949  1080  2838 I PowerHalWrapper: amsBoostNotify AMS_BOOST_PROCESS_CREATE_BOOST:true 
10-04 10:05:51.949   687   687 I vendor.mediatek.hardware.mtkpower_applist-service.mediatek: packName: com.example.android.systemupdatersample actName: com.example.android.systemupdatersample.ui.MainActivity pid: 4776 uid: 10108 state: 1
10-04 10:05:51.949   687   687 I MTK_APPList: [notifyAPPstate] com.example.android.systemupdatersample/com.example.android.systemupdatersample.ui.MainActivity, pid=4776, uid=10108, state:RESUMED, fps:-1, win:0
10-04 10:05:51.949   687   687 I MTK_APPList: [notifyAPPstate] multi_resumed_app_count: 1
10-04 10:05:51.949   687   687 I MTK_APPList: [notifyAPPstate] multi_resumed_app_info[0] com.example.android.systemupdatersample/com.example.android.systemupdatersample.ui.MainActivity, pid:4776, fps:-1, isMultiWindow:0
10-04 10:05:51.949   687   687 I MTK_APPList: [getForegroundAPPCount] 1
10-04 10:05:51.949   687   687 I MTK_APPList: [notifyAPPstate] foreground:com.example.android.systemupdatersample, pid:4776, uid:10108
10-04 10:05:51.949   687   687 I MTK_APPList: [notifyNetdUID] 10108
10-04 10:05:51.950   687   687 I mtkpower_client: PowerHal_Wrap_setSysInfo, result:0
10-04 10:05:51.950   687   687 I MTK_APPList: [notifyAPPstate] pc:0, com.android.launcher3 => com.example.android.systemupdatersample
10-04 10:05:51.950   687   687 I mtkpower_client: PowerHal_Wrap_querySysInfo, data:1
10-04 10:05:51.950   732   732 D BufferStateLayer: Splash Screen com.example.android.systemupdatersample#162 setBuffer frameId=1, bufferId=11940009082930 fenceId=380, w= 720, h=1280
10-04 10:05:51.951   701  2737 D AudioPolicyService: APSMuteRec1 allowCapture[1] hasOp[1] canCaptureIfInCallOrCommunication[1] State[2] source[8] [0]/[1] uid[0] portId[28] isA11yOnTop[0] isAssistantOnTop[0] isSensitiveActive[0] isInCall[0] isInCommunication[0] rttCallActive[0] onlyHotwordActive[0] isTopOrLatestActive[0] isTopOrLatestSensitive[0] UIDTYPE[0]/[0]/[0]
10-04 10:05:51.951  3069  3069 D b/231312158: getDeviceProfile -
10-04 10:05:51.951  3069  3069 D b/231312158: config: {1.0 ?mcc?mnc [en_US] ldltr sw720dp w1280dp h696dp 160dpi xlrg long land finger -keyb/v/h -nav/h winConfig={ mBounds=Rect(0, 0 - 1280, 720) mAppBounds=Rect(0, 0 - 1280, 720) mMaxBounds=Rect(0, 0 - 1280, 720) mDisplayRotation=ROTATION_0 mWindowingMode=fullscreen mDisplayWindowingMode=fullscreen mActivityType=undefined mAlwaysOnTop=undefined mRotation=ROTATION_0} as.2 s.19 fontWeightAdjustment=0}
10-04 10:05:51.951  3069  3069 D b/231312158: displayMetrics: DisplayMetrics{density=1.0, width=1280, height=720, scaledDensity=1.0, xdpi=345.872, ydpi=121.112}
10-04 10:05:51.951  3069  3069 D b/231312158: rotation: 0
10-04 10:05:51.951  3069  3069 D b/231312158: DisplayController.Info:
10-04 10:05:51.951  3069  3069 D b/231312158:   id=local:4627039422300187648
10-04 10:05:51.951  3069  3069 D b/231312158:   rotation=0
10-04 10:05:51.951  3069  3069 D b/231312158:   fontScale=1.0
10-04 10:05:51.951  3069  3069 D b/231312158:   densityDpi=160
10-04 10:05:51.951  3069  3069 D b/231312158:   navigationMode=THREE_BUTTONS
10-04 10:05:51.951  3069  3069 D b/231312158:   currentSize=Point(1280, 720)
10-04 10:05:51.951  3069  3069 D b/231312158:   supportedBounds={WindowBounds{bounds=Rect(0, 0 - 720, 1280), insets=Rect(0, 24 - 0, 0), availableSize=Point(720, 1256)}, WindowBounds{bounds=Rect(0, 0 - 1280, 720), insets=Rect(0, 24 - 0, 0), availableSize=Point(1280, 696)}}
10-04 10:05:51.951  3069  3069 D b/231312158: 
10-04 10:05:51.951  3069  3069 D b/231312158: java.lang.Exception
10-04 10:05:51.951  3069  3069 D b/231312158: 	at com.android.launcher3.InvariantDeviceProfile.getDeviceProfile(InvariantDeviceProfile.java:645)
10-04 10:05:51.951  3069  3069 D b/231312158: 	at com.android.launcher3.taskbar.TaskbarActivityContext.getLatestDeviceProfile(TaskbarActivityContext.java:224)
10-04 10:05:51.951  3069  3069 D b/231312158: 	at com.android.launcher3.taskbar.TaskbarInsetsController.updateInsetsTouchability(TaskbarInsetsController.kt:145)
10-04 10:05:51.951  3069  3069 D b/231312158: 	at com.android.launcher3.taskbar.TaskbarDragLayerController$TaskbarDragLayerCallbacks.updateInsetsTouchability(TaskbarDragLayerController.java:163)
10-04 10:05:51.951  3069  3069 D b/231312158: 	at com.android.launcher3.taskbar.TaskbarDragLayer.onComputeTaskbarInsets(TaskbarDragLayer.java:85)
10-04 10:05:51.951  3069  3069 D b/231312158: 	at com.android.launcher3.taskbar.TaskbarDragLayer.$r8$lambda$X4JdMUITRNuuPAvcU0sUXt48mzM(Unknown Source:0)
10-04 10:05:51.951  3069  3069 D b/231312158: 	at com.android.launcher3.taskbar.TaskbarDragLayer$$ExternalSyntheticLambda0.onComputeInsets(Unknown Source:2)
10-04 10:05:51.951  3069  3069 D b/231312158: 	at com.android.systemui.shared.system.ViewTreeObserverWrapper.lambda$addOnComputeInsetsListener$0(ViewTreeObserverWrapper.java:50)
10-04 10:05:51.951  3069  3069 D b/231312158: 	at com.android.systemui.shared.system.ViewTreeObserverWrapper$$ExternalSyntheticLambda0.onComputeInternalInsets(Unknown Source:2)
10-04 10:05:51.951  3069  3069 D b/231312158: 	at android.view.ViewTreeObserver.dispatchOnComputeInternalInsets(ViewTreeObserver.java:1203)
10-04 10:05:51.951  3069  3069 D b/231312158: 	at android.view.ViewRootImpl.performTraversals(ViewRootImpl.java:3477)
10-04 10:05:51.951  3069  3069 D b/231312158: 	at android.view.ViewRootImpl.doTraversal(ViewRootImpl.java:2367)
10-04 10:05:51.951  3069  3069 D b/231312158: 	at android.view.ViewRootImpl$TraversalRunnable.run(ViewRootImpl.java:9227)
10-04 10:05:51.951  3069  3069 D b/231312158: 	at android.view.Choreographer$CallbackRecord.run(Choreographer.java:1313)
10-04 10:05:51.951  3069  3069 D b/231312158: 	at android.view.Choreographer$CallbackRecord.run(Choreographer.java:1321)
10-04 10:05:51.951  3069  3069 D b/231312158: 	at android.view.Choreographer.doCallbacks(Choreographer.java:956)
10-04 10:05:51.951  3069  3069 D b/231312158: 	at android.view.Choreographer.doFrame(Choreographer.java:870)
10-04 10:05:51.951  3069  3069 D b/231312158: 	at android.view.Choreographer$FrameDisplayEventReceiver.run(Choreographer.java:1296)
10-04 10:05:51.951  3069  3069 D b/231312158: 	at android.os.Handler.handleCallback(Handler.java:942)
10-04 10:05:51.951  3069  3069 D b/231312158: 	at android.os.Handler.dispatchMessage(Handler.java:99)
10-04 10:05:51.951  3069  3069 D b/231312158: 	at android.os.Looper.loopOnce(Looper.java:201)
10-04 10:05:51.951  3069  3069 D b/231312158: 	at android.os.Looper.loop(Looper.java:288)
10-04 10:05:51.951  3069  3069 D b/231312158: 	at android.app.ActivityThread.main(ActivityThread.java:7941)
10-04 10:05:51.951  3069  3069 D b/231312158: 	at java.lang.reflect.Method.invoke(Native Method)
10-04 10:05:51.951  3069  3069 D b/231312158: 	at com.android.internal.os.RuntimeInit$MethodAndArgsCaller.run(RuntimeInit.java:569)
10-04 10:05:51.951  3069  3069 D b/231312158: 	at com.android.internal.os.ZygoteInit.main(ZygoteInit.java:1015)
10-04 10:05:51.952   701  2737 D AudioPolicyService: APSMuteRec1 allowCapture[1] hasOp[1] canCaptureIfInCallOrCommunication[1] State[2] source[8] [0]/[1] uid[0] portId[28] isA11yOnTop[0] isAssistantOnTop[0] isSensitiveActive[0] isInCall[0] isInCommunication[0] rttCallActive[0] onlyHotwordActive[0] isTopOrLatestActive[0] isTopOrLatestSensitive[0] UIDTYPE[0]/[0]/[0]
10-04 10:05:51.952  4776  4776 D CompatibilityChangeReporter: Compat change id reported: 171979766; UID 10108; state: DISABLED
10-04 10:05:51.954  4776  4776 D ApplicationLoaders: Returning zygote-cached class loader: /system/framework/android.test.base.jar
10-04 10:05:51.963   674   674 I hwcomposer: [HWCDisplay] setColorTransformForJob ccorr_state=0->0 hint=0 force_disable_color=0  
10-04 10:05:51.963   657  4738 D r_submix: out_write() wrote 4096 bytes 1024 frames
10-04 10:05:51.964   701  4700 D AF::Track: getNextBuffer, track(0xb400007c4b81a390) get null buffer, mState 6, mFillingUpStatus 3
10-04 10:05:51.964   674   868 D hwcomposer: (0:1) Layer+ (mva=0x0/sec=0/prot=0/fmt=1/alpha=1:0x7f/blend=0002/dim=0/x=304 y=261 w=60 h=60 s=736 -> x=236 y=261 w=60 h=60/ext_layer=-1 ds=0 fbdc=1 is_mml=0) !
10-04 10:05:51.964   674   868 I hwcomposer: [DRMDEV] create blob id of color transform[success] mode=0 f=0 mat=1024    0    0    0   0 1024    0    0   0    0 1024    0   0    0    0 1024  
10-04 10:05:51.966  4776  4776 V GraphicsEnvironment: ANGLE Developer option for 'com.example.android.systemupdatersample' set to: 'default'
10-04 10:05:51.966  4776  4776 V GraphicsEnvironment: ANGLE GameManagerService for com.example.android.systemupdatersample: false
10-04 10:05:51.966  4776  4776 V GraphicsEnvironment: Neither updatable production driver nor prerelease driver is supported.
10-04 10:05:51.967  1080  4794 D AudioTrack: stop(35): 0xb4000076b9cea020, prior state:STATE_ACTIVE
10-04 10:05:51.967  1080  4794 D AudioTrackShared: this(0xb400007669c7c650), mCblk(0x78463e1000), front(3), mIsOut 1, interrupt() FUTEX_WAKE
10-04 10:05:51.967  1080  4794 D AudioTrack: stop(35): 0xb4000076b9cea020 stop done
10-04 10:05:51.968  4776  4776 D NetworkSecurityConfig: No Network Security Config specified, using platform default
10-04 10:05:51.968  4776  4776 D NetworkSecurityConfig: No Network Security Config specified, using platform default
10-04 10:05:51.968   732   732 I BufferQueueProducer: [Taskbar#105](this:0xb400007a53e35720,id:-1,api:0,p:-1,c:732) queueBuffer: fps=12.91 dur=2246.75 max=1746.89 min=15.11
10-04 10:05:51.968  4776  4776 D CompatibilityChangeReporter: Compat change id reported: 183155436; UID 10108; state: DISABLED
10-04 10:05:51.969  3069  3069 D b/231312158: getDeviceProfile -
10-04 10:05:51.969  3069  3069 D b/231312158: config: {1.0 ?mcc?mnc [en_US] ldltr sw720dp w1280dp h696dp 160dpi xlrg long land finger -keyb/v/h -nav/h winConfig={ mBounds=Rect(0, 0 - 1280, 720) mAppBounds=Rect(0, 0 - 1280, 720) mMaxBounds=Rect(0, 0 - 1280, 720) mDisplayRotation=ROTATION_0 mWindowingMode=fullscreen mDisplayWindowingMode=fullscreen mActivityType=undefined mAlwaysOnTop=undefined mRotation=ROTATION_0} as.2 s.19 fontWeightAdjustment=0}
10-04 10:05:51.969  3069  3069 D b/231312158: displayMetrics: DisplayMetrics{density=1.0, width=1280, height=720, scaledDensity=1.0, xdpi=345.872, ydpi=121.112}
10-04 10:05:51.969  3069  3069 D b/231312158: rotation: 0
10-04 10:05:51.969  3069  3069 D b/231312158: DisplayController.Info:
10-04 10:05:51.969  3069  3069 D b/231312158:   id=local:4627039422300187648
10-04 10:05:51.969  3069  3069 D b/231312158:   rotation=0
10-04 10:05:51.969  3069  3069 D b/231312158:   fontScale=1.0
10-04 10:05:51.969  3069  3069 D b/231312158:   densityDpi=160
10-04 10:05:51.969  3069  3069 D b/231312158:   navigationMode=THREE_BUTTONS
10-04 10:05:51.969  3069  3069 D b/231312158:   currentSize=Point(1280, 720)
10-04 10:05:51.969  3069  3069 D b/231312158:   supportedBounds={WindowBounds{bounds=Rect(0, 0 - 720, 1280), insets=Rect(0, 24 - 0, 0), availableSize=Point(720, 1256)}, WindowBounds{bounds=Rect(0, 0 - 1280, 720), insets=Rect(0, 24 - 0, 0), availableSize=Point(1280, 696)}}
10-04 10:05:51.969  3069  3069 D b/231312158: 
10-04 10:05:51.969  3069  3069 D b/231312158: java.lang.Exception
10-04 10:05:51.969  3069  3069 D b/231312158: 	at com.android.launcher3.InvariantDeviceProfile.getDeviceProfile(InvariantDeviceProfile.java:645)
10-04 10:05:51.969  3069  3069 D b/231312158: 	at com.android.launcher3.taskbar.TaskbarActivityContext.getLatestDeviceProfile(TaskbarActivityContext.java:224)
10-04 10:05:51.969  3069  3069 D b/231312158: 	at com.android.launcher3.taskbar.TaskbarInsetsController.updateInsetsTouchability(TaskbarInsetsController.kt:145)
10-04 10:05:51.969  3069  3069 D b/231312158: 	at com.android.launcher3.taskbar.TaskbarDragLayerController$TaskbarDragLayerCallbacks.updateInsetsTouchability(TaskbarDragLayerController.java:163)
10-04 10:05:51.969  3069  3069 D b/231312158: 	at com.android.launcher3.taskbar.TaskbarDragLayer.onComputeTaskbarInsets(TaskbarDragLayer.java:85)
10-04 10:05:51.969  3069  3069 D b/231312158: 	at com.android.launcher3.taskbar.TaskbarDragLayer.$r8$lambda$X4JdMUITRNuuPAvcU0sUXt48mzM(Unknown Source:0)
10-04 10:05:51.969  3069  3069 D b/231312158: 	at com.android.launcher3.taskbar.TaskbarDragLayer$$ExternalSyntheticLambda0.onComputeInsets(Unknown Source:2)
10-04 10:05:51.969  3069  3069 D b/231312158: 	at com.android.systemui.shared.system.ViewTreeObserverWrapper.lambda$addOnComputeInsetsListener$0(ViewTreeObserverWrapper.java:50)
10-04 10:05:51.969  3069  3069 D b/231312158: 	at com.android.systemui.shared.system.ViewTreeObserverWrapper$$ExternalSyntheticLambda0.onComputeInternalInsets(Unknown Source:2)
10-04 10:05:51.969  3069  3069 D b/231312158: 	at android.view.ViewTreeObserver.dispatchOnComputeInternalInsets(ViewTreeObserver.java:1203)
10-04 10:05:51.969  3069  3069 D b/231312158: 	at android.view.ViewRootImpl.performTraversals(ViewRootImpl.java:3477)
10-04 10:05:51.969  3069  3069 D b/231312158: 	at android.view.ViewRootImpl.doTraversal(ViewRootImpl.java:2367)
10-04 10:05:51.969  3069  3069 D b/231312158: 	at android.view.ViewRootImpl$TraversalRunnable.run(ViewRootImpl.java:9227)
10-04 10:05:51.969  3069  3069 D b/231312158: 	at android.view.Choreographer$CallbackRecord.run(Choreographer.java:1313)
10-04 10:05:51.969  3069  3069 D b/231312158: 	at android.view.Choreographer$CallbackRecord.run(Choreographer.java:1321)
10-04 10:05:51.969  3069  3069 D b/231312158: 	at android.view.Choreographer.doCallbacks(Choreographer.java:956)
10-04 10:05:51.969  3069  3069 D b/231312158: 	at android.view.Choreographer.doFrame(Choreographer.java:870)
10-04 10:05:51.969  3069  3069 D b/231312158: 	at android.view.Choreographer$FrameDisplayEventReceiver.run(Choreographer.java:1296)
10-04 10:05:51.969  3069  3069 D b/231312158: 	at android.os.Handler.handleCallback(Handler.java:942)
10-04 10:05:51.969  3069  3069 D b/231312158: 	at android.os.Handler.dispatchMessage(Handler.java:99)
10-04 10:05:51.969  3069  3069 D b/231312158: 	at android.os.Looper.loopOnce(Looper.java:201)
10-04 10:05:51.969  3069  3069 D b/231312158: 	at android.os.Looper.loop(Looper.java:288)
10-04 10:05:51.969  3069  3069 D b/231312158: 	at android.app.ActivityThread.main(ActivityThread.java:7941)
10-04 10:05:51.969  3069  3069 D b/231312158: 	at java.lang.reflect.Method.invoke(Native Method)
10-04 10:05:51.969  3069  3069 D b/231312158: 	at com.android.internal.os.RuntimeInit$MethodAndArgsCaller.run(RuntimeInit.java:569)
10-04 10:05:51.969  3069  3069 D b/231312158: 	at com.android.internal.os.ZygoteInit.main(ZygoteInit.java:1015)
10-04 10:05:51.975   431   431 E SELinux : avc:  denied  { find } for pid=4776 uid=10108 name=android.os.UpdateEngineService scontext=u:r:untrusted_app_27:s0:c512,c768 tcontext=u:object_r:update_engine_service:s0 tclass=service_manager permissive=1
10-04 10:05:51.976   674   674 I hwcomposer: [HWCDisplay] setColorTransformForJob ccorr_state=0->0 hint=0 force_disable_color=0  
10-04 10:05:51.977   674   868 D hwcomposer: (0:1) Layer+ (mva=0x0/sec=0/prot=0/fmt=1/alpha=1:0x7f/blend=0002/dim=0/x=305 y=261 w=60 h=60 s=736 -> x=237 y=261 w=60 h=60/ext_layer=-1 ds=0 fbdc=1 is_mml=0) !
10-04 10:05:51.979  1080  4223 V SettingsProvider: packageValueForCallResult, name = null, value : Bundle[{_track_generation=android.util.MemoryIntArray@b3, value=null, _generation_index=0, _generation=21}]
10-04 10:05:51.979   674   868 I hwcomposer: [DRMDEV] create blob id of color transform[success] mode=0 f=0 mat=1024    0    0    0   0 1024    0    0   0    0 1024    0   0    0    0 1024  
10-04 10:05:51.979   657  4738 D r_submix: out_write() wrote 4096 bytes 1024 frames
10-04 10:05:51.982  4660  4681 D PipelineWatcher: [0xb40000752cc7a4a8] pipelineFull: too many frames in pipeline (4)
10-04 10:05:51.986  3069  3069 D b/231312158: getDeviceProfile -
10-04 10:05:51.986  3069  3069 D b/231312158: config: {1.0 ?mcc?mnc [en_US] ldltr sw720dp w1280dp h696dp 160dpi xlrg long land finger -keyb/v/h -nav/h winConfig={ mBounds=Rect(0, 0 - 1280, 720) mAppBounds=Rect(0, 0 - 1280, 720) mMaxBounds=Rect(0, 0 - 1280, 720) mDisplayRotation=ROTATION_0 mWindowingMode=fullscreen mDisplayWindowingMode=fullscreen mActivityType=undefined mAlwaysOnTop=undefined mRotation=ROTATION_0} as.2 s.19 fontWeightAdjustment=0}
10-04 10:05:51.986  3069  3069 D b/231312158: displayMetrics: DisplayMetrics{density=1.0, width=1280, height=720, scaledDensity=1.0, xdpi=345.872, ydpi=121.112}
10-04 10:05:51.986  3069  3069 D b/231312158: rotation: 0
10-04 10:05:51.986  3069  3069 D b/231312158: DisplayController.Info:
10-04 10:05:51.986  3069  3069 D b/231312158:   id=local:4627039422300187648
10-04 10:05:51.986  3069  3069 D b/231312158:   rotation=0
10-04 10:05:51.986  3069  3069 D b/231312158:   fontScale=1.0
10-04 10:05:51.986  3069  3069 D b/231312158:   densityDpi=160
10-04 10:05:51.986  3069  3069 D b/231312158:   navigationMode=THREE_BUTTONS
10-04 10:05:51.986  3069  3069 D b/231312158:   currentSize=Point(1280, 720)
10-04 10:05:51.986  3069  3069 D b/231312158:   supportedBounds={WindowBounds{bounds=Rect(0, 0 - 720, 1280), insets=Rect(0, 24 - 0, 0), availableSize=Point(720, 1256)}, WindowBounds{bounds=Rect(0, 0 - 1280, 720), insets=Rect(0, 24 - 0, 0), availableSize=Point(1280, 696)}}
10-04 10:05:51.986  3069  3069 D b/231312158: 
10-04 10:05:51.986  3069  3069 D b/231312158: java.lang.Exception
10-04 10:05:51.986  3069  3069 D b/231312158: 	at com.android.launcher3.InvariantDeviceProfile.getDeviceProfile(InvariantDeviceProfile.java:645)
10-04 10:05:51.986  3069  3069 D b/231312158: 	at com.android.launcher3.taskbar.TaskbarActivityContext.getLatestDeviceProfile(TaskbarActivityContext.java:224)
10-04 10:05:51.986  3069  3069 D b/231312158: 	at com.android.launcher3.taskbar.TaskbarInsetsController.updateInsetsTouchability(TaskbarInsetsController.kt:145)
10-04 10:05:51.986  3069  3069 D b/231312158: 	at com.android.launcher3.taskbar.TaskbarDragLayerController$TaskbarDragLayerCallbacks.updateInsetsTouchability(TaskbarDragLayerController.java:163)
10-04 10:05:51.986  3069  3069 D b/231312158: 	at com.android.launcher3.taskbar.TaskbarDragLayer.onComputeTaskbarInsets(TaskbarDragLayer.java:85)
10-04 10:05:51.986  3069  3069 D b/231312158: 	at com.android.launcher3.taskbar.TaskbarDragLayer.$r8$lambda$X4JdMUITRNuuPAvcU0sUXt48mzM(Unknown Source:0)
10-04 10:05:51.986  3069  3069 D b/231312158: 	at com.android.launcher3.taskbar.TaskbarDragLayer$$ExternalSyntheticLambda0.onComputeInsets(Unknown Source:2)
10-04 10:05:51.986  3069  3069 D b/231312158: 	at com.android.systemui.shared.system.ViewTreeObserverWrapper.lambda$addOnComputeInsetsListener$0(ViewTreeObserverWrapper.java:50)
10-04 10:05:51.986  3069  3069 D b/231312158: 	at com.android.systemui.shared.system.ViewTreeObserverWrapper$$ExternalSyntheticLambda0.onComputeInternalInsets(Unknown Source:2)
10-04 10:05:51.986  3069  3069 D b/231312158: 	at android.view.ViewTreeObserver.dispatchOnComputeInternalInsets(ViewTreeObserver.java:1203)
10-04 10:05:51.986  3069  3069 D b/231312158: 	at android.view.ViewRootImpl.performTraversals(ViewRootImpl.java:3477)
10-04 10:05:51.986  3069  3069 D b/231312158: 	at android.view.ViewRootImpl.doTraversal(ViewRootImpl.java:2367)
10-04 10:05:51.986  3069  3069 D b/231312158: 	at android.view.ViewRootImpl$TraversalRunnable.run(ViewRootImpl.java:9227)
10-04 10:05:51.986  3069  3069 D b/231312158: 	at android.view.Choreographer$CallbackRecord.run(Choreographer.java:1313)
10-04 10:05:51.986  3069  3069 D b/231312158: 	at android.view.Choreographer$CallbackRecord.run(Choreographer.java:1321)
10-04 10:05:51.986  3069  3069 D b/231312158: 	at android.view.Choreographer.doCallbacks(Choreographer.java:956)
10-04 10:05:51.986  3069  3069 D b/231312158: 	at android.view.Choreographer.doFrame(Choreographer.java:870)
10-04 10:05:51.986  3069  3069 D b/231312158: 	at android.view.Choreographer$FrameDisplayEventReceiver.run(Choreographer.java:1296)
10-04 10:05:51.986  3069  3069 D b/231312158: 	at android.os.Handler.handleCallback(Handler.java:942)
10-04 10:05:51.986  3069  3069 D b/231312158: 	at android.os.Handler.dispatchMessage(Handler.java:99)
10-04 10:05:51.986  3069  3069 D b/231312158: 	at android.os.Looper.loopOnce(Looper.java:201)
10-04 10:05:51.986  3069  3069 D b/231312158: 	at android.os.Looper.loop(Looper.java:288)
10-04 10:05:51.986  3069  3069 D b/231312158: 	at android.app.ActivityThread.main(ActivityThread.java:7941)
10-04 10:05:51.986  3069  3069 D b/231312158: 	at java.lang.reflect.Method.invoke(Native Method)
10-04 10:05:51.986  3069  3069 D b/231312158: 	at com.android.internal.os.RuntimeInit$MethodAndArgsCaller.run(RuntimeInit.java:569)
10-04 10:05:51.986  3069  3069 D b/231312158: 	at com.android.internal.os.ZygoteInit.main(ZygoteInit.java:1015)
10-04 10:05:51.987  4776  4776 I MSYNC3-VariableRefreshRate: Variable refreshrate is disabled
10-04 10:05:51.989  4776  4799 I PowerHalWrapper: PowerHalWrapper.getInstance 
10-04 10:05:51.990   701  4700 D AudioFlinger_Threads: 0xb400007ddc401920:threadLoop_write write muted data to hw, mixerStatus 0 start, mId 69, mBytesWritten 20480
10-04 10:05:51.993  4776  4776 D CompatibilityChangeReporter: Compat change id reported: 171228096; UID 10108; state: ENABLED
10-04 10:05:51.994  4776  4776 D CompatibilityChangeReporter: Compat change id reported: 210923482; UID 10108; state: DISABLED
10-04 10:05:51.994  4776  4776 D CompatibilityChangeReporter: Compat change id reported: 37756858; UID 10108; state: DISABLED
10-04 10:05:51.994   674   674 I hwcomposer: [HWCDisplay] setColorTransformForJob ccorr_state=0->0 hint=0 force_disable_color=0  
10-04 10:05:51.995   674   868 D hwcomposer: (0:1) Layer+ (mva=0x0/sec=0/prot=0/fmt=1/alpha=1:0xc1/blend=0002/dim=0/x=289 y=190 w=68 h=393 s=736 -> x=233 y=190 w=68 h=393/ext_layer=-1 ds=0 fbdc=1 is_mml=0) !
10-04 10:05:51.995   657  4738 D r_submix: out_write() wrote 4096 bytes 1024 frames
10-04 10:05:51.997   674   868 I hwcomposer: [DRMDEV] create blob id of color transform[success] mode=0 f=0 mat=1024    0    0    0   0 1024    0    0   0    0 1024    0   0    0    0 1024  
10-04 10:05:52.001  3069  3069 D b/231312158: getDeviceProfile -
10-04 10:05:52.001  3069  3069 D b/231312158: config: {1.0 ?mcc?mnc [en_US] ldltr sw720dp w1280dp h696dp 160dpi xlrg long land finger -keyb/v/h -nav/h winConfig={ mBounds=Rect(0, 0 - 1280, 720) mAppBounds=Rect(0, 0 - 1280, 720) mMaxBounds=Rect(0, 0 - 1280, 720) mDisplayRotation=ROTATION_0 mWindowingMode=fullscreen mDisplayWindowingMode=fullscreen mActivityType=undefined mAlwaysOnTop=undefined mRotation=ROTATION_0} as.2 s.19 fontWeightAdjustment=0}
10-04 10:05:52.001  3069  3069 D b/231312158: displayMetrics: DisplayMetrics{density=1.0, width=1280, height=720, scaledDensity=1.0, xdpi=345.872, ydpi=121.112}
10-04 10:05:52.001  3069  3069 D b/231312158: rotation: 0
10-04 10:05:52.001  3069  3069 D b/231312158: DisplayController.Info:
10-04 10:05:52.001  3069  3069 D b/231312158:   id=local:4627039422300187648
10-04 10:05:52.001  3069  3069 D b/231312158:   rotation=0
10-04 10:05:52.001  3069  3069 D b/231312158:   fontScale=1.0
10-04 10:05:52.001  3069  3069 D b/231312158:   densityDpi=160
10-04 10:05:52.001  3069  3069 D b/231312158:   navigationMode=THREE_BUTTONS
10-04 10:05:52.001  3069  3069 D b/231312158:   currentSize=Point(1280, 720)
10-04 10:05:52.001  3069  3069 D b/231312158:   supportedBounds={WindowBounds{bounds=Rect(0, 0 - 720, 1280), insets=Rect(0, 24 - 0, 0), availableSize=Point(720, 1256)}, WindowBounds{bounds=Rect(0, 0 - 1280, 720), insets=Rect(0, 24 - 0, 0), availableSize=Point(1280, 696)}}
10-04 10:05:52.001  3069  3069 D b/231312158: 
10-04 10:05:52.001  3069  3069 D b/231312158: java.lang.Exception
10-04 10:05:52.001  3069  3069 D b/231312158: 	at com.android.launcher3.InvariantDeviceProfile.getDeviceProfile(InvariantDeviceProfile.java:645)
10-04 10:05:52.001  3069  3069 D b/231312158: 	at com.android.launcher3.taskbar.TaskbarActivityContext.getLatestDeviceProfile(TaskbarActivityContext.java:224)
10-04 10:05:52.001  3069  3069 D b/231312158: 	at com.android.launcher3.taskbar.TaskbarInsetsController.updateInsetsTouchability(TaskbarInsetsController.kt:145)
10-04 10:05:52.001  3069  3069 D b/231312158: 	at com.android.launcher3.taskbar.TaskbarDragLayerController$TaskbarDragLayerCallbacks.updateInsetsTouchability(TaskbarDragLayerController.java:163)
10-04 10:05:52.001  3069  3069 D b/231312158: 	at com.android.launcher3.taskbar.TaskbarDragLayer.onComputeTaskbarInsets(TaskbarDragLayer.java:85)
10-04 10:05:52.001  3069  3069 D b/231312158: 	at com.android.launcher3.taskbar.TaskbarDragLayer.$r8$lambda$X4JdMUITRNuuPAvcU0sUXt48mzM(Unknown Source:0)
10-04 10:05:52.001  3069  3069 D b/231312158: 	at com.android.launcher3.taskbar.TaskbarDragLayer$$ExternalSyntheticLambda0.onComputeInsets(Unknown Source:2)
10-04 10:05:52.001  3069  3069 D b/231312158: 	at com.android.systemui.shared.system.ViewTreeObserverWrapper.lambda$addOnComputeInsetsListener$0(ViewTreeObserverWrapper.java:50)
10-04 10:05:52.001  3069  3069 D b/231312158: 	at com.android.systemui.shared.system.ViewTreeObserverWrapper$$ExternalSyntheticLambda0.onComputeInternalInsets(Unknown Source:2)
10-04 10:05:52.001  3069  3069 D b/231312158: 	at android.view.ViewTreeObserver.dispatchOnComputeInternalInsets(ViewTreeObserver.java:1203)
10-04 10:05:52.001  3069  3069 D b/231312158: 	at android.view.ViewRootImpl.performTraversals(ViewRootImpl.java:3477)
10-04 10:05:52.001  3069  3069 D b/231312158: 	at android.view.ViewRootImpl.doTraversal(ViewRootImpl.java:2367)
10-04 10:05:52.001  3069  3069 D b/231312158: 	at android.view.ViewRootImpl$TraversalRunnable.run(ViewRootImpl.java:9227)
10-04 10:05:52.001  3069  3069 D b/231312158: 	at android.view.Choreographer$CallbackRecord.run(Choreographer.java:1313)
10-04 10:05:52.001  3069  3069 D b/231312158: 	at android.view.Choreographer$CallbackRecord.run(Choreographer.java:1321)
10-04 10:05:52.001  3069  3069 D b/231312158: 	at android.view.Choreographer.doCallbacks(Choreographer.java:956)
10-04 10:05:52.001  3069  3069 D b/231312158: 	at android.view.Choreographer.doFrame(Choreographer.java:870)
10-04 10:05:52.001  3069  3069 D b/231312158: 	at android.view.Choreographer$FrameDisplayEventReceiver.run(Choreographer.java:1296)
10-04 10:05:52.001  3069  3069 D b/231312158: 	at android.os.Handler.handleCallback(Handler.java:942)
10-04 10:05:52.001  3069  3069 D b/231312158: 	at android.os.Handler.dispatchMessage(Handler.java:99)
10-04 10:05:52.001  3069  3069 D b/231312158: 	at android.os.Looper.loopOnce(Looper.java:201)
10-04 10:05:52.001  3069  3069 D b/231312158: 	at android.os.Looper.loop(Looper.java:288)
10-04 10:05:52.001  3069  3069 D b/231312158: 	at android.app.ActivityThread.main(ActivityThread.java:7941)
10-04 10:05:52.001  3069  3069 D b/231312158: 	at java.lang.reflect.Method.invoke(Native Method)
10-04 10:05:52.001  3069  3069 D b/231312158: 	at com.android.internal.os.RuntimeInit$MethodAndArgsCaller.run(RuntimeInit.java:569)
10-04 10:05:52.001  3069  3069 D b/231312158: 	at com.android.internal.os.ZygoteInit.main(ZygoteInit.java:1015)
10-04 10:05:52.003  4660  4681 D PipelineWatcher: [0xb40000752cc7a4a8] pipelineFull: too many frames in pipeline (4)
10-04 10:05:52.005  4776  4776 I MainActivity: UpdaterStateChange state=IDLE/0
10-04 10:05:52.008  4776  4792 D UpdateManager: onStatusUpdate invoked, status=0, progress=0.00
10-04 10:05:52.008  4776  4792 D UpdateManager: synchronizeUpdaterStateWithUpdateEngineStatus is invoked.
10-04 10:05:52.009  4776  4776 I SurfaceFactory: [static] sSurfaceFactory = com.mediatek.view.impl.SurfaceFactoryImpl@fd1a8d7
10-04 10:05:52.009   732   773 D SurfaceFlinger: [SF client] NEW(0xb400007963cd8df0) for (4776:com.example.android.systemupdatersample)
10-04 10:05:52.004  4776  4776 I emupdatersample: type=1400 audit(0.0:96): avc: denied { call } for scontext=u:r:untrusted_app_27:s0:c512,c768 tcontext=u:r:update_engine:s0 tclass=binder permissive=1 app=com.example.android.systemupdatersample
10-04 10:05:52.011   657  4738 D r_submix: out_write() wrote 4096 bytes 1024 frames
10-04 10:05:52.012  4776  4776 D VRI[MainActivity]: hardware acceleration = true, forceHwAccelerated = false
10-04 10:05:52.004  4776  4776 I emupdatersample: type=1400 audit(0.0:97): avc: denied { transfer } for scontext=u:r:untrusted_app_27:s0:c512,c768 tcontext=u:r:update_engine:s0 tclass=binder permissive=1 app=com.example.android.systemupdatersample
10-04 10:05:52.018  3069  3069 D b/231312158: getDeviceProfile -
10-04 10:05:52.018  3069  3069 D b/231312158: config: {1.0 ?mcc?mnc [en_US] ldltr sw720dp w1280dp h696dp 160dpi xlrg long land finger -keyb/v/h -nav/h winConfig={ mBounds=Rect(0, 0 - 1280, 720) mAppBounds=Rect(0, 0 - 1280, 720) mMaxBounds=Rect(0, 0 - 1280, 720) mDisplayRotation=ROTATION_0 mWindowingMode=fullscreen mDisplayWindowingMode=fullscreen mActivityType=undefined mAlwaysOnTop=undefined mRotation=ROTATION_0} as.2 s.19 fontWeightAdjustment=0}
10-04 10:05:52.018  3069  3069 D b/231312158: displayMetrics: DisplayMetrics{density=1.0, width=1280, height=720, scaledDensity=1.0, xdpi=345.872, ydpi=121.112}
10-04 10:05:52.018  3069  3069 D b/231312158: rotation: 0
10-04 10:05:52.018  3069  3069 D b/231312158: DisplayController.Info:
10-04 10:05:52.018  3069  3069 D b/231312158:   id=local:4627039422300187648
10-04 10:05:52.018  3069  3069 D b/231312158:   rotation=0
10-04 10:05:52.018  3069  3069 D b/231312158:   fontScale=1.0
10-04 10:05:52.018  3069  3069 D b/231312158:   densityDpi=160
10-04 10:05:52.018  3069  3069 D b/231312158:   navigationMode=THREE_BUTTONS
10-04 10:05:52.018  3069  3069 D b/231312158:   currentSize=Point(1280, 720)
10-04 10:05:52.018  3069  3069 D b/231312158:   supportedBounds={WindowBounds{bounds=Rect(0, 0 - 720, 1280), insets=Rect(0, 24 - 0, 0), availableSize=Point(720, 1256)}, WindowBounds{bounds=Rect(0, 0 - 1280, 720), insets=Rect(0, 24 - 0, 0), availableSize=Point(1280, 696)}}
10-04 10:05:52.018  3069  3069 D b/231312158: 
10-04 10:05:52.018  3069  3069 D b/231312158: java.lang.Exception
10-04 10:05:52.018  3069  3069 D b/231312158: 	at com.android.launcher3.InvariantDeviceProfile.getDeviceProfile(InvariantDeviceProfile.java:645)
10-04 10:05:52.018  3069  3069 D b/231312158: 	at com.android.launcher3.taskbar.TaskbarActivityContext.getLatestDeviceProfile(TaskbarActivityContext.java:224)
10-04 10:05:52.018  3069  3069 D b/231312158: 	at com.android.launcher3.taskbar.TaskbarInsetsController.updateInsetsTouchability(TaskbarInsetsController.kt:145)
10-04 10:05:52.018  3069  3069 D b/231312158: 	at com.android.launcher3.taskbar.TaskbarDragLayerController$TaskbarDragLayerCallbacks.updateInsetsTouchability(TaskbarDragLayerController.java:163)
10-04 10:05:52.018  3069  3069 D b/231312158: 	at com.android.launcher3.taskbar.TaskbarDragLayer.onComputeTaskbarInsets(TaskbarDragLayer.java:85)
10-04 10:05:52.018  3069  3069 D b/231312158: 	at com.android.launcher3.taskbar.TaskbarDragLayer.$r8$lambda$X4JdMUITRNuuPAvcU0sUXt48mzM(Unknown Source:0)
10-04 10:05:52.018  3069  3069 D b/231312158: 	at com.android.launcher3.taskbar.TaskbarDragLayer$$ExternalSyntheticLambda0.onComputeInsets(Unknown Source:2)
10-04 10:05:52.018  3069  3069 D b/231312158: 	at com.android.systemui.shared.system.ViewTreeObserverWrapper.lambda$addOnComputeInsetsListener$0(ViewTreeObserverWrapper.java:50)
10-04 10:05:52.018  3069  3069 D b/231312158: 	at com.android.systemui.shared.system.ViewTreeObserverWrapper$$ExternalSyntheticLambda0.onComputeInternalInsets(Unknown Source:2)
10-04 10:05:52.018  3069  3069 D b/231312158: 	at android.view.ViewTreeObserver.dispatchOnComputeInternalInsets(ViewTreeObserver.java:1203)
10-04 10:05:52.018  3069  3069 D b/231312158: 	at android.view.ViewRootImpl.performTraversals(ViewRootImpl.java:3477)
10-04 10:05:52.018  3069  3069 D b/231312158: 	at android.view.ViewRootImpl.doTraversal(ViewRootImpl.java:2367)
10-04 10:05:52.018  3069  3069 D b/231312158: 	at android.view.ViewRootImpl$TraversalRunnable.run(ViewRootImpl.java:9227)
10-04 10:05:52.018  3069  3069 D b/231312158: 	at android.view.Choreographer$CallbackRecord.run(Choreographer.java:1313)
10-04 10:05:52.018  3069  3069 D b/231312158: 	at android.view.Choreographer$CallbackRecord.run(Choreographer.java:1321)
10-04 10:05:52.018  3069  3069 D b/231312158: 	at android.view.Choreographer.doCallbacks(Choreographer.java:956)
10-04 10:05:52.018  3069  3069 D b/231312158: 	at android.view.Choreographer.doFrame(Choreographer.java:870)
10-04 10:05:52.018  3069  3069 D b/231312158: 	at android.view.Choreographer$FrameDisplayEventReceiver.run(Choreographer.java:1296)
10-04 10:05:52.018  3069  3069 D b/231312158: 	at android.os.Handler.handleCallback(Handler.java:942)
10-04 10:05:52.018  3069  3069 D b/231312158: 	at android.os.Handler.dispatchMessage(Handler.java:99)
10-04 10:05:52.018  3069  3069 D b/231312158: 	at android.os.Looper.loopOnce(Looper.java:201)
10-04 10:05:52.018  3069  3069 D b/231312158: 	at android.os.Looper.loop(Looper.java:288)
10-04 10:05:52.018  3069  3069 D b/231312158: 	at android.app.ActivityThread.main(ActivityThread.java:7941)
10-04 10:05:52.018  3069  3069 D b/231312158: 	at java.lang.reflect.Method.invoke(Native Method)
10-04 10:05:52.018  3069  3069 D b/231312158: 	at com.android.internal.os.RuntimeInit$MethodAndArgsCaller.run(RuntimeInit.java:569)
10-04 10:05:52.018  3069  3069 D b/231312158: 	at com.android.internal.os.ZygoteInit.main(ZygoteInit.java:1015)
10-04 10:05:52.004   962   962 I update_engine: type=1400 audit(0.0:98): avc: denied { call } for scontext=u:r:update_engine:s0 tcontext=u:r:untrusted_app_27:s0:c512,c768 tclass=binder permissive=1
10-04 10:05:52.024  4660  4681 D PipelineWatcher: [0xb40000752cc7a4a8] pipelineFull: too many frames in pipeline (4)
10-04 10:05:52.028  3069  3069 D b/231312158: getDeviceProfile -
10-04 10:05:52.028  3069  3069 D b/231312158: config: {1.0 ?mcc?mnc [en_US] ldltr sw720dp w1280dp h696dp 160dpi xlrg long land finger -keyb/v/h -nav/h winConfig={ mBounds=Rect(0, 0 - 1280, 720) mAppBounds=Rect(0, 0 - 1280, 720) mMaxBounds=Rect(0, 0 - 1280, 720) mDisplayRotation=ROTATION_0 mWindowingMode=fullscreen mDisplayWindowingMode=fullscreen mActivityType=undefined mAlwaysOnTop=undefined mRotation=ROTATION_0} as.2 s.19 fontWeightAdjustment=0}
10-04 10:05:52.028  3069  3069 D b/231312158: displayMetrics: DisplayMetrics{density=1.0, width=1280, height=720, scaledDensity=1.0, xdpi=345.872, ydpi=121.112}
10-04 10:05:52.028  3069  3069 D b/231312158: rotation: 0
10-04 10:05:52.028  3069  3069 D b/231312158: DisplayController.Info:
10-04 10:05:52.028  3069  3069 D b/231312158:   id=local:4627039422300187648
10-04 10:05:52.028  3069  3069 D b/231312158:   rotation=0
10-04 10:05:52.028  3069  3069 D b/231312158:   fontScale=1.0
10-04 10:05:52.028  3069  3069 D b/231312158:   densityDpi=160
