10-04 10:06:04.447   674   868 I hwcomposer: [DRMDEV] create blob id of color transform[success] mode=0 f=0 mat=1024    0    0    0   0 1024    0    0   0    0 1024    0   0    0    0 1024  
10-04 10:06:04.453   674   674 I hwcomposer: [HWCDisplay] setColorTransformForJob ccorr_state=0->0 hint=0 force_disable_color=0  
10-04 10:06:04.456   674   868 I hwcomposer: [DRMDEV] create blob id of color transform[success] mode=0 f=0 mat=1024    0    0    0   0 1024    0    0   0    0 1024    0   0    0    0 1024  
10-04 10:06:04.466   681   689 W android.hardware.thermal@2.0-service.mtk: parseMsg: Get from client TYPE=thermal_hal_notify NAME=SKIN
10-04 10:06:04.466   681   689 W android.hardware.thermal@2.0-service.mtk: parseMsg:name.c_str():SKIN
10-04 10:06:04.466   681   689 W android.hardware.thermal@2.0-service.mtk: parseMsg:tz notify:SKIN
10-04 10:06:04.466   681   689 W android.hardware.thermal@2.0-service.mtk: parseMsg: Get from client TYPE=thermal_hal_notify NAME=BATTERY
10-04 10:06:04.466   681   689 W android.hardware.thermal@2.0-service.mtk: parseMsg:name.c_str():BATTERY
10-04 10:06:04.466   681   689 W android.hardware.thermal@2.0-service.mtk: parseMsg:tz notify:BATTERY
10-04 10:06:04.466   681   689 I android.hardware.thermal@2.0-service.mtk: Wait to accept a connection
10-04 10:06:04.471   681   689 I android.hardware.thermal@2.0-impl: Sending notification:  Type: BATTERY Name: BATTERY CurrentValue: 38 ThrottlingStatus: NONE
10-04 10:06:04.471   681   689 I android.hardware.thermal@2.0-impl: sendThermalChangedCallback
10-04 10:06:04.471   681   689 I android.hardware.thermal@2.0-impl: Sending notification:  Type: SKIN Name: SKIN CurrentValue: 29.92 ThrottlingStatus: NONE
10-04 10:06:04.471   681   689 I android.hardware.thermal@2.0-impl: sendThermalChangedCallback
10-04 10:06:04.473   674   674 I hwcomposer: [HWCDisplay] setColorTransformForJob ccorr_state=0->0 hint=0 force_disable_color=0  
10-04 10:06:04.473   674   868 I hwcomposer: [DRMDEV] create blob id of color transform[success] mode=0 f=0 mat=1024    0    0    0   0 1024    0    0   0    0 1024    0   0    0    0 1024  
10-04 10:06:04.486   674   674 I hwcomposer: [HWCDisplay] setColorTransformForJob ccorr_state=0->0 hint=0 force_disable_color=0  
10-04 10:06:04.490   674   868 I hwcomposer: [DRMDEV] create blob id of color transform[success] mode=0 f=0 mat=1024    0    0    0   0 1024    0    0   0    0 1024    0   0    0    0 1024  
10-04 10:06:04.497  4660  4681 D PipelineWatcher: [0xb40000752cc7a4a8] pipelineFull: too many frames in pipeline (4)
10-04 10:06:04.506   674   674 I hwcomposer: [HWCDisplay] setColorTransformForJob ccorr_state=0->0 hint=0 force_disable_color=0  
10-04 10:06:04.507   674   868 I hwcomposer: [DRMDEV] create blob id of color transform[success] mode=0 f=0 mat=1024    0    0    0   0 1024    0    0   0    0 1024    0   0    0    0 1024  
10-04 10:06:04.507   687   729 I libPerfCtl: xgfGetFPS pid:4776 fps:-1
10-04 10:06:04.522   674   674 I hwcomposer: [HWCDisplay] setColorTransformForJob ccorr_state=0->0 hint=0 force_disable_color=0  
10-04 10:06:04.524   674   868 I hwcomposer: [DRMDEV] create blob id of color transform[success] mode=0 f=0 mat=1024    0    0    0   0 1024    0    0   0    0 1024    0   0    0    0 1024  
10-04 10:06:04.535   674   674 I hwcomposer: [HWCDisplay] setColorTransformForJob ccorr_state=0->0 hint=0 force_disable_color=0  
10-04 10:06:04.540   674   868 I hwcomposer: [DRMDEV] create blob id of color transform[success] mode=0 f=0 mat=1024    0    0    0   0 1024    0    0   0    0 1024    0   0    0    0 1024  
10-04 10:06:04.556   674   674 I hwcomposer: [HWCDisplay] setColorTransformForJob ccorr_state=0->0 hint=0 force_disable_color=0  
10-04 10:06:04.557   674   868 I hwcomposer: [DRMDEV] create blob id of color transform[success] mode=0 f=0 mat=1024    0    0    0   0 1024    0    0   0    0 1024    0   0    0    0 1024  
10-04 10:06:04.569   674   674 I hwcomposer: [HWCDisplay] setColorTransformForJob ccorr_state=0->0 hint=0 force_disable_color=0  
10-04 10:06:04.573   674   868 I hwcomposer: [DRMDEV] create blob id of color transform[success] mode=0 f=0 mat=1024    0    0    0   0 1024    0    0   0    0 1024    0   0    0    0 1024  
10-04 10:06:04.588   674   674 I hwcomposer: [HWCDisplay] setColorTransformForJob ccorr_state=0->0 hint=0 force_disable_color=0  
10-04 10:06:04.590   674   868 I hwcomposer: [DRMDEV] create blob id of color transform[success] mode=0 f=0 mat=1024    0    0    0   0 1024    0    0   0    0 1024    0   0    0    0 1024  
10-04 10:06:04.605   674   674 I hwcomposer: [HWCDisplay] setColorTransformForJob ccorr_state=0->0 hint=0 force_disable_color=0  
10-04 10:06:04.607   674   868 I hwcomposer: [DRMDEV] create blob id of color transform[success] mode=0 f=0 mat=1024    0    0    0   0 1024    0    0   0    0 1024    0   0    0    0 1024  
10-04 10:06:04.618   674   674 I hwcomposer: [HWCDisplay] setColorTransformForJob ccorr_state=0->0 hint=0 force_disable_color=0  
10-04 10:06:04.623   674   868 I hwcomposer: [DRMDEV] create blob id of color transform[success] mode=0 f=0 mat=1024    0    0    0   0 1024    0    0   0    0 1024    0   0    0    0 1024  
10-04 10:06:04.635   674   674 I hwcomposer: [HWCDisplay] setColorTransformForJob ccorr_state=0->0 hint=0 force_disable_color=0  
10-04 10:06:04.640   674   868 I hwcomposer: [DRMDEV] create blob id of color transform[success] mode=0 f=0 mat=1024    0    0    0   0 1024    0    0   0    0 1024    0   0    0    0 1024  
10-04 10:06:04.654   674   674 I hwcomposer: [HWCDisplay] setColorTransformForJob ccorr_state=0->0 hint=0 force_disable_color=0  
10-04 10:06:04.656   674   868 I hwcomposer: [DRMDEV] create blob id of color transform[success] mode=0 f=0 mat=1024    0    0    0   0 1024    0    0   0    0 1024    0   0    0    0 1024  
10-04 10:06:04.673   682   682 D hdmi_cec: [HWCEC] send_message init:4, dest:0, opcode: 0x8f, size:0, body[0]=0x0
10-04 10:06:04.673   682   682 E hdmi_cec: [HWCEC] send_message fail. opcode: 0x8f, errno: 1
10-04 10:06:04.675   682   682 D hdmi_cec: [HWCEC] send_message init:4, dest:0, opcode: 0x8f, size:0, body[0]=0x0
10-04 10:06:04.675   682   682 E hdmi_cec: [HWCEC] send_message fail. opcode: 0x8f, errno: 1
10-04 10:06:04.675  1080  2753 W HdmiCecController: Failed to send <Give Device Power Status> 40:8F with errorCode=3
10-04 10:06:04.718   674   674 I hwcomposer: [HWCDisplay] setColorTransformForJob ccorr_state=0->0 hint=0 force_disable_color=0  
10-04 10:06:04.723   674   868 I hwcomposer: [DRMDEV] create blob id of color transform[success] mode=0 f=0 mat=1024    0    0    0   0 1024    0    0   0    0 1024    0   0    0    0 1024  
10-04 10:06:04.738   674   674 I hwcomposer: [HWCDisplay] setColorTransformForJob ccorr_state=0->0 hint=0 force_disable_color=0  
10-04 10:06:04.740   674   868 I hwcomposer: [DRMDEV] create blob id of color transform[success] mode=0 f=0 mat=1024    0    0    0   0 1024    0    0   0    0 1024    0   0    0    0 1024  
10-04 10:06:04.796   732   732 I BufferQueueProducer: [com.example.android.systemupdatersample/com.example.android.systemupdatersample.ui.MainActivity#176](this:0xb400007a53df9a50,id:-1,api:0,p:-1,c:732) queueBuffer: fps=20.12 dur=1043.57 max=412.27 min=8.28
10-04 10:06:04.801   732   732 I BufferQueueProducer: [VDS-scrcpy SINK](this:0xb400007a13f2b328,id:-1,api:1,p:732,c:732) queueBuffer: fps=20.13 dur=1043.05 max=417.15 min=6.19
10-04 10:06:04.803   732   732 I BufferQueueProducer: [FramebufferSurface](this:0xb400007a03ccdf80,id:-1,api:1,p:732,c:732) queueBuffer: fps=20.14 dur=1042.89 max=419.04 min=6.64
10-04 10:06:04.803   674   674 I hwcomposer: [HWCDisplay] setColorTransformForJob ccorr_state=0->0 hint=0 force_disable_color=0  
10-04 10:06:04.803   674   674 I hwcomposer: [HWCDisplay] [Display_0 (type:1)] fps:20.136475,dur:1042.88,max:419.51,min:6.82  
10-04 10:06:04.806   674   868 I hwcomposer: [DRMDEV] create blob id of color transform[success] mode=0 f=0 mat=1024    0    0    0   0 1024    0    0   0    0 1024    0   0    0    0 1024  
10-04 10:06:05.091   431   431 I servicemanager: Could not find vendor.mediatek.hardware.mtkradioex.modem.IMtkRadioExModem/slot1 in the VINTF manifest.
10-04 10:06:05.092   433   433 I hwservicemanager: getTransport: Cannot find entry vendor.mediatek.hardware.mtkradioex@3.0::IMtkRadioEx/mtkCap1 in either framework or device VINTF manifest.
10-04 10:06:05.093   433   433 I hwservicemanager: getTransport: Cannot find entry vendor.mediatek.hardware.mtkradioex@2.0::IMtkRadioEx/mtkCap1 in either framework or device VINTF manifest.
10-04 10:06:05.202   674   674 I hwcomposer: [HWCDisplay] setColorTransformForJob ccorr_state=0->0 hint=0 force_disable_color=0  
10-04 10:06:05.202   674   868 D hwcomposer: (0:0) Layer+ (mva=0x0/sec=0/prot=0/fmt=2/alpha=0:0xff/blend=0001/dim=0/x=0 y=0 w=720 h=1280 s=736 -> x=0 y=0 w=720 h=1280/ext_layer=-1 ds=0 fbdc=1 is_mml=0) =
10-04 10:06:05.202   674   868 D hwcomposer: (0:1) Layer+ (mva=0x0/sec=0/prot=0/fmt=1/alpha=1:0x99/blend=0002/dim=1/x=0 y=0 w=720 h=1280 s=0 -> x=0 y=0 w=720 h=1280/ext_layer=-1 ds=0 fbdc=0 is_mml=0) =
10-04 10:06:05.202   674   868 D hwcomposer: (0:2) Layer+ (mva=0x0/sec=0/prot=0/fmt=1/alpha=1:0xff/blend=0002/dim=0/x=0 y=0 w=692 h=768 s=704 -> x=28 y=256 w=692 h=768/ext_layer=-1 ds=0 fbdc=1 is_mml=0) =
10-04 10:06:05.202   674   868 D hwcomposer: (0:3) Layer+ (mva=0x0/sec=0/prot=0/fmt=1/alpha=1:0xff/blend=0002/dim=0/x=0 y=0 w=720 h=1280 s=736 -> x=0 y=0 w=720 h=1280/ext_layer=-1 ds=142671872 fbdc=1 is_mml=0) =
10-04 10:06:05.206   674   868 I hwcomposer: [DRMDEV] create blob id of color transform[success] mode=0 f=0 mat=1024    0    0    0   0 1024    0    0   0    0 1024    0   0    0    0 1024  
10-04 10:06:05.226   674   674 I hwcomposer: [HWCDisplay] setColorTransformForJob ccorr_state=0->0 hint=0 force_disable_color=0  
10-04 10:06:05.228   674   868 I hwcomposer: [DRMDEV] create blob id of color transform[success] mode=0 f=0 mat=1024    0    0    0   0 1024    0    0   0    0 1024    0   0    0    0 1024  
10-04 10:06:05.244   674   674 I hwcomposer: [HWCDisplay] setColorTransformForJob ccorr_state=0->0 hint=0 force_disable_color=0  
10-04 10:06:05.246   674   868 I hwcomposer: [DRMDEV] create blob id of color transform[success] mode=0 f=0 mat=1024    0    0    0   0 1024    0    0   0    0 1024    0   0    0    0 1024  
10-04 10:06:05.252   674   674 I hwcomposer: [HWCDisplay] setColorTransformForJob ccorr_state=0->0 hint=0 force_disable_color=0  
10-04 10:06:05.256   674   868 I hwcomposer: [DRMDEV] create blob id of color transform[success] mode=0 f=0 mat=1024    0    0    0   0 1024    0    0   0    0 1024    0   0    0    0 1024  
10-04 10:06:05.271   674   674 I hwcomposer: [HWCDisplay] setColorTransformForJob ccorr_state=0->0 hint=0 force_disable_color=0  
10-04 10:06:05.273   674   868 I hwcomposer: [DRMDEV] create blob id of color transform[success] mode=0 f=0 mat=1024    0    0    0   0 1024    0    0   0    0 1024    0   0    0    0 1024  
10-04 10:06:05.289   674   674 I hwcomposer: [HWCDisplay] setColorTransformForJob ccorr_state=0->0 hint=0 force_disable_color=0  
10-04 10:06:05.290   674   868 I hwcomposer: [DRMDEV] create blob id of color transform[success] mode=0 f=0 mat=1024    0    0    0   0 1024    0    0   0    0 1024    0   0    0    0 1024  
10-04 10:06:05.303   674   674 I hwcomposer: [HWCDisplay] setColorTransformForJob ccorr_state=0->0 hint=0 force_disable_color=0  
10-04 10:06:05.307   674   868 I hwcomposer: [DRMDEV] create blob id of color transform[success] mode=0 f=0 mat=1024    0    0    0   0 1024    0    0   0    0 1024    0   0    0    0 1024  
10-04 10:06:05.322   674   674 I hwcomposer: [HWCDisplay] setColorTransformForJob ccorr_state=0->0 hint=0 force_disable_color=0  
10-04 10:06:05.323   674   868 I hwcomposer: [DRMDEV] create blob id of color transform[success] mode=0 f=0 mat=1024    0    0    0   0 1024    0    0   0    0 1024    0   0    0    0 1024  
10-04 10:06:05.339   674   674 I hwcomposer: [HWCDisplay] setColorTransformForJob ccorr_state=0->0 hint=0 force_disable_color=0  
10-04 10:06:05.340   674   868 I hwcomposer: [DRMDEV] create blob id of color transform[success] mode=0 f=0 mat=1024    0    0    0   0 1024    0    0   0    0 1024    0   0    0    0 1024  
10-04 10:06:05.351   674   674 I hwcomposer: [HWCDisplay] setColorTransformForJob ccorr_state=0->0 hint=0 force_disable_color=0  
10-04 10:06:05.357   674   868 I hwcomposer: [DRMDEV] create blob id of color transform[success] mode=0 f=0 mat=1024    0    0    0   0 1024    0    0   0    0 1024    0   0    0    0 1024  
10-04 10:06:05.374   674   674 I hwcomposer: [HWCDisplay] setColorTransformForJob ccorr_state=0->0 hint=0 force_disable_color=0  
10-04 10:06:05.374   674   868 I hwcomposer: [DRMDEV] create blob id of color transform[success] mode=0 f=0 mat=1024    0    0    0   0 1024    0    0   0    0 1024    0   0    0    0 1024  
10-04 10:06:05.386   674   674 I hwcomposer: [HWCDisplay] setColorTransformForJob ccorr_state=0->0 hint=0 force_disable_color=0  
10-04 10:06:05.390   674   868 I hwcomposer: [DRMDEV] create blob id of color transform[success] mode=0 f=0 mat=1024    0    0    0   0 1024    0    0   0    0 1024    0   0    0    0 1024  
10-04 10:06:05.406   674   674 I hwcomposer: [HWCDisplay] setColorTransformForJob ccorr_state=0->0 hint=0 force_disable_color=0  
10-04 10:06:05.408   674   868 I hwcomposer: [DRMDEV] create blob id of color transform[success] mode=0 f=0 mat=1024    0    0    0   0 1024    0    0   0    0 1024    0   0    0    0 1024  
10-04 10:06:05.418   674   674 I hwcomposer: [HWCDisplay] setColorTransformForJob ccorr_state=0->0 hint=0 force_disable_color=0  
10-04 10:06:05.423   674   868 I hwcomposer: [DRMDEV] create blob id of color transform[success] mode=0 f=0 mat=1024    0    0    0   0 1024    0    0   0    0 1024    0   0    0    0 1024  
10-04 10:06:05.437   674   674 I hwcomposer: [HWCDisplay] setColorTransformForJob ccorr_state=0->0 hint=0 force_disable_color=0  
10-04 10:06:05.440   674   868 I hwcomposer: [DRMDEV] create blob id of color transform[success] mode=0 f=0 mat=1024    0    0    0   0 1024    0    0   0    0 1024    0   0    0    0 1024  
10-04 10:06:05.448  4660  4681 D PipelineWatcher: [0xb40000752cc7a4a8] pipelineFull: too many frames in pipeline (4)
10-04 10:06:05.456   674   674 I hwcomposer: [HWCDisplay] setColorTransformForJob ccorr_state=0->0 hint=0 force_disable_color=0  
10-04 10:06:05.456   674   868 I hwcomposer: [DRMDEV] create blob id of color transform[success] mode=0 f=0 mat=1024    0    0    0   0 1024    0    0   0    0 1024    0   0    0    0 1024  
10-04 10:06:05.471   674   674 I hwcomposer: [HWCDisplay] setColorTransformForJob ccorr_state=0->0 hint=0 force_disable_color=0  
10-04 10:06:05.473   674   868 I hwcomposer: [DRMDEV] create blob id of color transform[success] mode=0 f=0 mat=1024    0    0    0   0 1024    0    0   0    0 1024    0   0    0    0 1024  
10-04 10:06:05.491  4660  4681 D PipelineWatcher: [0xb40000752cc7a4a8] pipelineFull: too many frames in pipeline (4)
10-04 10:06:05.492   657  4702 D r_submix:   in_read unread data (1024)/(1024)
10-04 10:06:05.507   657  4702 D r_submix: read_frames 6283264, T_rec 130.901337s, p_vs_o   14707us
10-04 10:06:05.507   687   729 I libPerfCtl: xgfGetFPS pid:4776 fps:-1
10-04 10:06:05.781   694  3051 I libPowerHal: [perfLockAcq] idx:0 hdl:25 hint:25 pid:694 tid:694 duration:10000 lock_user:mtkpower@1.0-se => ret_hdl:25
10-04 10:06:05.781   694  3051 I libPowerHal: [PE] MTKPOWER_HINT_APP_TOUCH update cmd:3408b00 param:1
10-04 10:06:05.781   694   725 E libPowerHal: [getCPUFreq] error cid:2, nClusterNum:2
10-04 10:06:05.783   694  3051 I libPowerHal: [perfLockAcq] idx:1 hdl:26 hint:-1 pid:694 tid:725 duration:200 lock_user:mtkpower@1.0-se => ret_hdl:26
10-04 10:06:05.783   694  3051 I libPowerHal: [setClusterFreq] mtkpower@1.0-se set cpufreq[0] min:1517000 max:-1 cpufreq[1] min:1666000 max:-1 
10-04 10:06:05.783   694  3051 I libPowerHal: [setClusterFreq]  set cpu_ctrl cpufreq: 1517000 -1 1666000 -1 
10-04 10:06:05.893   694  3051 I libPowerHal: [perfLockRel] hdl:26, idx:1
10-04 10:06:05.893   694  3051 I libPowerHal: [setClusterFreq]  set cpu_ctrl cpufreq: -1 -1 -1 -1 
10-04 10:06:05.897   694  3051 I libPowerHal: [perfLockRel] hdl:25, idx:0
10-04 10:06:05.899   694  3051 I libPowerHal: [PD] MTKPOWER_HINT_APP_TOUCH update cmd:3408b00 param:0
10-04 10:06:05.909  1080  2732 V PlayerBase: baseStart() piid=159 deviceId=0
10-04 10:06:05.909  1080  1095 D CoreBackPreview: Window{cd278ff u0 com.example.android.systemupdatersample/com.example.android.systemupdatersample.ui.MainActivity}: Setting back callback null
10-04 10:06:05.910   732   732 I BufferQueueProducer: [com.example.android.systemupdatersample/com.example.android.systemupdatersample.ui.MainActivity#176](this:0xb400007a53df9a50,id:-1,api:0,p:-1,c:732) queueBuffer: fps=16.16 dur=1113.98 max=447.95 min=16.16
10-04 10:06:05.912  4776  4796 D BufferQueueProducer: [VRI[MainActivity]#1(BLAST Consumer)1](id:12a800000001,api:1,p:4776,c:4776) disconnect: api 1
10-04 10:06:05.912  4776  4796 D OpenGLRenderer: endAllActiveAnimators on 0x76b9cead00 (RippleDrawable) with handle 0x75c9cb7e20
10-04 10:06:05.912  4776  4776 D View    : [Warning] assignParent to null: this = DecorView@a7474cb[MainActivity]
10-04 10:06:05.913  1080  1095 W InputManager-JNI: Input channel object 'cd278ff com.example.android.systemupdatersample/com.example.android.systemupdatersample.ui.MainActivity (client)' was disposed without first being removed with the input manager!
10-04 10:06:05.914  1080  1095 W WindowManager: Changing focus from Window{cd278ff u0 com.example.android.systemupdatersample/com.example.android.systemupdatersample.ui.MainActivity EXITING} to Window{2794240 u0 com.example.android.systemupdatersample/com.example.android.systemupdatersample.ui.MainActivity} displayId=0 Callers=com.android.server.wm.RootWindowContainer.updateFocusedWindowLocked:476 com.android.server.wm.WindowManagerService.updateFocusedWindowLocked:6061 com.android.server.wm.WindowState.setupWindowForRemoveOnExit:2728 com.android.server.wm.WindowState.removeIfPossible:2696 
10-04 10:06:05.914   732   732 I BufferQueueProducer: [VDS-scrcpy SINK](this:0xb400007a13f2b328,id:-1,api:1,p:732,c:732) queueBuffer: fps=16.17 dur=1112.91 max=446.59 min=10.25
10-04 10:06:05.915  1080  2732 D AudioTrack: setVolume(35): 0xb4000076b9cea020, left = 0.501187, right = 0.501187
10-04 10:06:05.915  1080  2732 D AudioTrack: start(35): 0xb4000076b9cea020, prior state:STATE_STOPPED
10-04 10:06:05.916   732   732 I BufferQueueProducer: [FramebufferSurface](this:0xb400007a03ccdf80,id:-1,api:1,p:732,c:732) queueBuffer: fps=16.17 dur=1113.02 max=445.16 min=8.53
10-04 10:06:05.916   701  4824 V AudioPolicyIntefaceImpl: startOutput()
10-04 10:06:05.916   674   674 I hwcomposer: [HWCDisplay] setColorTransformForJob ccorr_state=0->0 hint=0 force_disable_color=0  
10-04 10:06:05.916   701  4824 D APM_AudioPolicyManager: startOutput() output 69, stream 1, session 177
10-04 10:06:05.916   674   674 I hwcomposer: [HWCDisplay] [Display_0 (type:1)] fps:16.172197,dur:1113.02,max:444.84,min:8.17  
10-04 10:06:05.917   674   868 D hwcomposer: (0:0) Layer+ (mva=0x0/sec=0/prot=0/fmt=2/alpha=0:0xff/blend=0001/dim=0/x=0 y=0 w=720 h=1280 s=736 -> x=0 y=0 w=720 h=1280/ext_layer=-1 ds=0 fbdc=1 is_mml=0) =
10-04 10:06:05.917   674   868 D hwcomposer: (0:1) Layer+ (mva=0x0/sec=0/prot=0/fmt=1/alpha=1:0x99/blend=0002/dim=1/x=0 y=0 w=720 h=1280 s=0 -> x=0 y=0 w=720 h=1280/ext_layer=-1 ds=0 fbdc=0 is_mml=0) =
10-04 10:06:05.917   674   868 D hwcomposer: (0:2) Layer+ (mva=0x0/sec=0/prot=0/fmt=1/alpha=1:0xff/blend=0002/dim=0/x=0 y=0 w=692 h=768 s=704 -> x=28 y=256 w=692 h=768/ext_layer=-1 ds=0 fbdc=1 is_mml=0) =
10-04 10:06:05.917   674   868 D hwcomposer: (0:3) Layer+ (mva=0x0/sec=0/prot=0/fmt=1/alpha=1:0xff/blend=0002/dim=0/x=0 y=0 w=720 h=1280 s=736 -> x=0 y=0 w=720 h=1280/ext_layer=-1 ds=142671872 fbdc=1 is_mml=0) =
10-04 10:06:05.917  4776  4776 D InputTransport: Destroy ARC handle: 0x75c9cbc890
10-04 10:06:05.918   701  4700 D AudioFlinger_Threads: ro.audio.silent will be ignored for threads on AUDIO_DEVICE_OUT_REMOTE_SUBMIX
10-04 10:06:05.918   701  4700 D AudioFlinger_Threads: 0xb400007ddc401920: threadLoop_write write data to hw, mixerStatus 2, muted count 140
10-04 10:06:05.921   674   868 I hwcomposer: [DRMDEV] create blob id of color transform[success] mode=0 f=0 mat=1024    0    0    0   0 1024    0    0   0    0 1024    0   0    0    0 1024  
10-04 10:06:05.922  1080  1100 V WindowManager: Unknown focus tokens, dropping reportFocusChanged
10-04 10:06:05.929   657  4738 D r_submix: out_write() wrote 4096 bytes 1024 frames
10-04 10:06:05.930   674   674 I hwcomposer: [HWCDisplay] setColorTransformForJob ccorr_state=0->0 hint=0 force_disable_color=0  
10-04 10:06:05.931   674   868 I hwcomposer: [DRMDEV] create blob id of color transform[success] mode=0 f=0 mat=1024    0    0    0   0 1024    0    0   0    0 1024    0   0    0    0 1024  
10-04 10:06:05.932  4776  4814 D BLASTBufferQueue: [VRI[MainActivity]#1](f:0,a:1) destructor()
10-04 10:06:05.932  4776  4814 D BufferQueueConsumer: [VRI[MainActivity]#1(BLAST Consumer)1](id:12a800000001,api:0,p:-1,c:4776) disconnect
10-04 10:06:05.934   657  4702 D r_submix: in->input_standby 0,output_standby_transition 1
10-04 10:06:05.934   657  4702 D r_submix: Proj_frames 432188, read_frames 6303744, lost_frames 47
10-04 10:06:05.934   657  4702 D r_submix: reset in->read_counter_frames = 0
10-04 10:06:05.945   657  4738 D r_submix: out_write() wrote 4096 bytes 1024 frames
10-04 10:06:05.960   674   674 I hwcomposer: [HWCDisplay] setColorTransformForJob ccorr_state=0->0 hint=0 force_disable_color=0  
10-04 10:06:05.961   657  4738 D r_submix: out_write() wrote 4096 bytes 1024 frames
10-04 10:06:05.962   674   868 I hwcomposer: [DRMDEV] create blob id of color transform[success] mode=0 f=0 mat=1024    0    0    0   0 1024    0    0   0    0 1024    0   0    0    0 1024  
10-04 10:06:05.968   674   674 I hwcomposer: [HWCDisplay] setColorTransformForJob ccorr_state=0->0 hint=0 force_disable_color=0  
10-04 10:06:05.969   674   868 D hwcomposer: (0:1) Layer+ (mva=0x0/sec=0/prot=0/fmt=1/alpha=1:0x7e/blend=0002/dim=1/x=0 y=0 w=720 h=1280 s=0 -> x=0 y=0 w=720 h=1280/ext_layer=-1 ds=0 fbdc=0 is_mml=0) !
10-04 10:06:05.969   674   868 I hwcomposer: [DRMDEV] create blob id of color transform[success] mode=0 f=0 mat=1024    0    0    0   0 1024    0    0   0    0 1024    0   0    0    0 1024  
10-04 10:06:05.969   732   732 I BufferQueueProducer: [com.example.android.systemupdatersample/com.example.android.systemupdatersample.ui.MainActivity#167](this:0xb400007a53df3f30,id:-1,api:0,p:-1,c:732) queueBuffer: fps=0.09 dur=11309.98 max=11309.98 min=11309.98
10-04 10:06:05.977   657  4738 D r_submix: out_write() wrote 4096 bytes 1024 frames
10-04 10:06:05.977   674   674 I hwcomposer: [HWCDisplay] setColorTransformForJob ccorr_state=0->0 hint=0 force_disable_color=0  
10-04 10:06:05.978   701  4700 D AF::Track: getNextBuffer, track(0xb400007c4b81a390) get null buffer, mState 6, mFillingUpStatus 3
10-04 10:06:05.978   674   868 D hwcomposer: (0:1) Layer+ (mva=0x0/sec=0/prot=0/fmt=1/alpha=1:0x74/blend=0002/dim=1/x=0 y=0 w=720 h=1280 s=0 -> x=0 y=0 w=720 h=1280/ext_layer=-1 ds=0 fbdc=0 is_mml=0) !
10-04 10:06:05.979   674   868 I hwcomposer: [DRMDEV] create blob id of color transform[success] mode=0 f=0 mat=1024    0    0    0   0 1024    0    0   0    0 1024    0   0    0    0 1024  
10-04 10:06:05.988   674   674 I hwcomposer: [HWCDisplay] setColorTransformForJob ccorr_state=0->0 hint=0 force_disable_color=0  
10-04 10:06:05.989   674   868 D hwcomposer: (0:1) Layer+ (mva=0x0/sec=0/prot=0/fmt=1/alpha=1:0x6b/blend=0002/dim=1/x=0 y=0 w=720 h=1280 s=0 -> x=0 y=0 w=720 h=1280/ext_layer=-1 ds=0 fbdc=0 is_mml=0) !
10-04 10:06:05.989   674   868 I hwcomposer: [DRMDEV] create blob id of color transform[success] mode=0 f=0 mat=1024    0    0    0   0 1024    0    0   0    0 1024    0   0    0    0 1024  
10-04 10:06:05.990  1080  4827 D AudioTrack: stop(35): 0xb4000076b9cea020, prior state:STATE_ACTIVE
10-04 10:06:05.991  1080  4827 D AudioTrack: stop(35): 0xb4000076b9cea020 stop done
10-04 10:06:05.997   674   674 I hwcomposer: [HWCDisplay] setColorTransformForJob ccorr_state=0->0 hint=0 force_disable_color=0  
10-04 10:06:05.998   674   868 D hwcomposer: (0:1) Layer+ (mva=0x0/sec=0/prot=0/fmt=1/alpha=1:0x61/blend=0002/dim=1/x=0 y=0 w=720 h=1280 s=0 -> x=0 y=0 w=720 h=1280/ext_layer=-1 ds=0 fbdc=0 is_mml=0) !
10-04 10:06:05.998   674   868 I hwcomposer: [DRMDEV] create blob id of color transform[success] mode=0 f=0 mat=1024    0    0    0   0 1024    0    0   0    0 1024    0   0    0    0 1024  
10-04 10:06:05.998   657  4738 D r_submix: out_write() wrote 4096 bytes 1024 frames
10-04 10:06:06.008   674   674 I hwcomposer: [HWCDisplay] setColorTransformForJob ccorr_state=0->0 hint=0 force_disable_color=0  
10-04 10:06:06.008   674   868 D hwcomposer: (0:1) Layer+ (mva=0x0/sec=0/prot=0/fmt=1/alpha=1:0x58/blend=0002/dim=1/x=0 y=0 w=720 h=1280 s=0 -> x=0 y=0 w=720 h=1280/ext_layer=-1 ds=0 fbdc=0 is_mml=0) !
10-04 10:06:06.009   674   868 I hwcomposer: [DRMDEV] create blob id of color transform[success] mode=0 f=0 mat=1024    0    0    0   0 1024    0    0   0    0 1024    0   0    0    0 1024  
10-04 10:06:06.011   701  4700 D AudioFlinger_Threads: 0xb400007ddc401920:threadLoop_write write muted data to hw, mixerStatus 0 start, mId 69, mBytesWritten 20480
10-04 10:06:06.014   657  4738 D r_submix: out_write() wrote 4096 bytes 1024 frames
10-04 10:06:06.015   674   674 I hwcomposer: [HWCDisplay] setColorTransformForJob ccorr_state=0->0 hint=0 force_disable_color=0  
10-04 10:06:06.016   674   868 D hwcomposer: (0:1) Layer+ (mva=0x0/sec=0/prot=0/fmt=1/alpha=1:0x4f/blend=0002/dim=1/x=0 y=0 w=720 h=1280 s=0 -> x=0 y=0 w=720 h=1280/ext_layer=-1 ds=0 fbdc=0 is_mml=0) !
10-04 10:06:06.017   674   868 I hwcomposer: [DRMDEV] create blob id of color transform[success] mode=0 f=0 mat=1024    0    0    0   0 1024    0    0   0    0 1024    0   0    0    0 1024  
10-04 10:06:06.026   674   674 I hwcomposer: [HWCDisplay] setColorTransformForJob ccorr_state=0->0 hint=0 force_disable_color=0  
10-04 10:06:06.027   674   868 D hwcomposer: (0:1) Layer+ (mva=0x0/sec=0/prot=0/fmt=1/alpha=1:0x46/blend=0002/dim=1/x=0 y=0 w=720 h=1280 s=0 -> x=0 y=0 w=720 h=1280/ext_layer=-1 ds=0 fbdc=0 is_mml=0) !
10-04 10:06:06.028   674   868 I hwcomposer: [DRMDEV] create blob id of color transform[success] mode=0 f=0 mat=1024    0    0    0   0 1024    0    0   0    0 1024    0   0    0    0 1024  
10-04 10:06:06.030   657  4738 D r_submix: out_write() wrote 4096 bytes 1024 frames
10-04 10:06:06.046   674   674 I hwcomposer: [HWCDisplay] setColorTransformForJob ccorr_state=0->0 hint=0 force_disable_color=0  
10-04 10:06:06.046   657  4738 D r_submix: out_write() wrote 4096 bytes 1024 frames
10-04 10:06:06.047   674   868 D hwcomposer: (0:1) Layer+ (mva=0x0/sec=0/prot=0/fmt=1/alpha=1:0x34/blend=0002/dim=1/x=0 y=0 w=720 h=1280 s=0 -> x=0 y=0 w=720 h=1280/ext_layer=-1 ds=0 fbdc=0 is_mml=0) !
10-04 10:06:06.047   674   868 I hwcomposer: [DRMDEV] create blob id of color transform[success] mode=0 f=0 mat=1024    0    0    0   0 1024    0    0   0    0 1024    0   0    0    0 1024  
10-04 10:06:06.064   674   674 I hwcomposer: [HWCDisplay] setColorTransformForJob ccorr_state=0->0 hint=0 force_disable_color=0  
10-04 10:06:06.065   674   868 D hwcomposer: (0:1) Layer+ (mva=0x0/sec=0/prot=0/fmt=1/alpha=1:0x21/blend=0002/dim=1/x=0 y=0 w=720 h=1280 s=0 -> x=0 y=0 w=720 h=1280/ext_layer=-1 ds=0 fbdc=0 is_mml=0) !
10-04 10:06:06.066   674   868 I hwcomposer: [DRMDEV] create blob id of color transform[success] mode=0 f=0 mat=1024    0    0    0   0 1024    0    0   0    0 1024    0   0    0    0 1024  
10-04 10:06:06.068   657  4738 D r_submix: out_write() wrote 4096 bytes 1024 frames
10-04 10:06:06.069   701  4700 D AudioTrackShared: this(0xb400007beb8207d0), mCblk(0x7b1e629000), front(15), mIsOut 1, setStreamEndDone() FUTEX_WAKE
10-04 10:06:06.069   701  4700 D AudioFlinger_Threads: removeTracks_l(62): removing track on session 177
10-04 10:06:06.069   701  4700 V AudioPolicyIntefaceImpl: stopOutput()
10-04 10:06:06.069   701  4700 V AudioPolicyService: AudioCommandThread() adding stop output portId 35
10-04 10:06:06.071   701   940 V AudioPolicyService: AudioCommandThread() processing stop output portId 35
10-04 10:06:06.071   701   940 V AudioPolicyIntefaceImpl: doStopOutput
10-04 10:06:06.072   701   940 W AudioPolicyManagerCustomImpl: [MTK_APM_Route]setOutputDevices() mIoHandle 69 mId 31 device (0x8000)(0x8000) delayMs 170 force 0 size 6
10-04 10:06:06.073  1080  1101 D WindowManager: setParent old=ActivityRecord{45235dc u0 com.example.android.systemupdatersample/.ui.MainActivity} t9},new=null,this window=Window{cd278ff u0 com.example.android.systemupdatersample/com.example.android.systemupdatersample.ui.MainActivity},callers=com.android.server.wm.WindowContainer.removeChild:772 com.android.server.wm.ActivityRecord.removeChild:4257 com.android.server.wm.ActivityRecord.removeChild:377 com.android.server.wm.WindowContainer.removeImmediately:828 com.android.server.wm.WindowState.removeImmediately:2514 com.android.server.wm.WindowState.destroySurface:3615 
10-04 10:06:06.080   674   674 I hwcomposer: [HWCDisplay] setColorTransformForJob ccorr_state=0->0 hint=0 force_disable_color=0  
10-04 10:06:06.080   674   868 D hwcomposer: (0:1) Layer+ (mva=0x0/sec=0/prot=0/fmt=1/alpha=1:0x10/blend=0002/dim=1/x=0 y=0 w=720 h=1280 s=0 -> x=0 y=0 w=720 h=1280/ext_layer=-1 ds=0 fbdc=0 is_mml=0) !
10-04 10:06:06.081  4660  4681 D PipelineWatcher: [0xb40000752cc7a4a8] pipelineFull: too many frames in pipeline (4)
10-04 10:06:06.082   674   868 I hwcomposer: [DRMDEV] create blob id of color transform[success] mode=0 f=0 mat=1024    0    0    0   0 1024    0    0   0    0 1024    0   0    0    0 1024  
10-04 10:06:06.089   657  4738 D r_submix: out_write() wrote 4096 bytes 1024 frames
10-04 10:06:06.092   732   732 I BufferQueueDebug: [com.example.android.systemupdatersample/com.example.android.systemupdatersample.ui.MainActivity#176](this:0xb400007a53df9a50,id:-1,api:0,p:-1,c:732) onDestructor()
10-04 10:06:06.098   674   674 I hwcomposer: [HWCDisplay] setColorTransformForJob ccorr_state=0->0 hint=0 force_disable_color=0  
10-04 10:06:06.099   674   868 D hwcomposer: (0:1) Layer+ (mva=0x0/sec=0/prot=0/fmt=1/alpha=1:0xff/blend=0002/dim=0/x=0 y=0 w=24 h=1280 s=32 -> x=696 y=0 w=24 h=1280/ext_layer=-1 ds=0 fbdc=1 is_mml=0) !
10-04 10:06:06.100   674   868 I hwcomposer: [DRMDEV] create blob id of color transform[success] mode=0 f=0 mat=1024    0    0    0   0 1024    0    0   0    0 1024    0   0    0    0 1024  
10-04 10:06:06.110   657  4738 D r_submix: out_write() wrote 4096 bytes 1024 frames
10-04 10:06:06.115   674   674 I hwcomposer: [HWCDisplay] setColorTransformForJob ccorr_state=0->0 hint=0 force_disable_color=0  
10-04 10:06:06.118   674   868 I hwcomposer: [DRMDEV] create blob id of color transform[success] mode=0 f=0 mat=1024    0    0    0   0 1024    0    0   0    0 1024    0   0    0    0 1024  
10-04 10:06:06.131   674   674 I hwcomposer: [HWCDisplay] setColorTransformForJob ccorr_state=0->0 hint=0 force_disable_color=0  
10-04 10:06:06.132   657  4738 D r_submix: out_write() wrote 4096 bytes 1024 frames
10-04 10:06:06.136   674   868 I hwcomposer: [DRMDEV] create blob id of color transform[success] mode=0 f=0 mat=1024    0    0    0   0 1024    0    0   0    0 1024    0   0    0    0 1024  
10-04 10:06:06.153   657  4738 D r_submix: out_write() wrote 4096 bytes 1024 frames
10-04 10:06:06.175   657  4738 D r_submix: out_write() wrote 4096 bytes 1024 frames
10-04 10:06:06.196   657  4738 D r_submix: out_write() wrote 4096 bytes 1024 frames
10-04 10:06:06.217   657  4738 D r_submix: out_write() wrote 4096 bytes 1024 frames
10-04 10:06:06.239   657  4738 D r_submix: out_write() wrote 4096 bytes 1024 frames
10-04 10:06:06.260   657  4738 D r_submix: out_write() wrote 4096 bytes 1024 frames
10-04 10:06:06.281   657  4738 D r_submix: out_write() wrote 4096 bytes 1024 frames
10-04 10:06:06.303   657  4738 D r_submix: out_write() wrote 4096 bytes 1024 frames
10-04 10:06:06.324   657  4738 D r_submix: out_write() wrote 4096 bytes 1024 frames
10-04 10:06:06.345   657  4738 D r_submix: out_write() wrote 4096 bytes 1024 frames
10-04 10:06:06.367   657  4738 D r_submix: out_write() wrote 4096 bytes 1024 frames
10-04 10:06:06.388   657  4738 D r_submix: out_write() wrote 4096 bytes 1024 frames
10-04 10:06:06.409   657  4738 D r_submix: out_write() wrote 4096 bytes 1024 frames
10-04 10:06:06.431   657  4738 D r_submix: out_write() wrote 4096 bytes 1024 frames
10-04 10:06:06.452   657  4738 D r_submix: out_write() wrote 4096 bytes 1024 frames
10-04 10:06:06.473   657  4738 D r_submix: out_write() wrote 4096 bytes 1024 frames
10-04 10:06:06.494   657  4738 D r_submix: out_write() wrote 4096 bytes 1024 frames
10-04 10:06:06.508   687   729 I libPerfCtl: xgfGetFPS pid:4776 fps:-1
10-04 10:06:06.516   657  4738 D r_submix: out_write() wrote 4096 bytes 1024 frames
10-04 10:06:06.537   657  4738 D r_submix: out_write() wrote 4096 bytes 1024 frames
10-04 10:06:06.558   657  4738 D r_submix: out_write() wrote 4096 bytes 1024 frames
10-04 10:06:06.580   657  4738 D r_submix: out_write() wrote 4096 bytes 1024 frames
10-04 10:06:06.596   657  4702 D r_submix: read_frames 6335488, T_rec 131.989334s, p_vs_o   19826us
10-04 10:06:06.601   657  4738 D r_submix: out_write() wrote 4096 bytes 1024 frames
10-04 10:06:06.622   657  4738 D r_submix: out_write() wrote 4096 bytes 1024 frames
10-04 10:06:06.644   657  4738 D r_submix: out_write() wrote 4096 bytes 1024 frames
10-04 10:06:06.665   657  4738 D r_submix: out_write() wrote 4096 bytes 1024 frames
10-04 10:06:06.674   682   682 D hdmi_cec: [HWCEC] send_message init:4, dest:0, opcode: 0x8f, size:0, body[0]=0x0
10-04 10:06:06.675   682   682 E hdmi_cec: [HWCEC] send_message fail. opcode: 0x8f, errno: 1
10-04 10:06:06.675   682   682 D hdmi_cec: [HWCEC] send_message init:4, dest:0, opcode: 0x8f, size:0, body[0]=0x0
10-04 10:06:06.675   682   682 E hdmi_cec: [HWCEC] send_message fail. opcode: 0x8f, errno: 1
10-04 10:06:06.676  1080  2753 W HdmiCecController: Failed to send <Give Device Power Status> 40:8F with errorCode=3
10-04 10:06:06.686   657  4738 D r_submix: out_write() wrote 4096 bytes 1024 frames
10-04 10:06:06.708   657  4738 D r_submix: out_write() wrote 4096 bytes 1024 frames
10-04 10:06:06.729   657  4738 D r_submix: out_write() wrote 4096 bytes 1024 frames
10-04 10:06:06.741  4660  4683 D CCodecBufferChannel: elapsed: mInputMetEos 0, hasPendingOutputsInClient 0, n 4
10-04 10:06:06.741  4660  4683 D PipelineWatcher: [0xb40000752cc7b7f8] elapsed: mFramesInPipeline 0, n 4
10-04 10:06:06.741  4660  4683 D CCodecBufferChannel: elapsed: mInputMetEos 0, hasPendingOutputsInClient 0, n 0
10-04 10:06:06.742  4660  4683 D PipelineWatcher: [0xb40000752cc7a4a8] elapsed: mFramesInPipeline 0, n 0
10-04 10:06:06.750   657  4738 D r_submix: out_write() wrote 4096 bytes 1024 frames
10-04 10:06:06.772   657  4738 D r_submix: out_write() wrote 4096 bytes 1024 frames
10-04 10:06:06.793   657  4738 D r_submix: out_write() wrote 4096 bytes 1024 frames
10-04 10:06:06.814   657  4738 D r_submix: out_write() wrote 4096 bytes 1024 frames
10-04 10:06:06.836   657  4738 D r_submix: out_write() wrote 4096 bytes 1024 frames
10-04 10:06:06.857   657  4738 D r_submix: out_write() wrote 4096 bytes 1024 frames
10-04 10:06:06.878   657  4738 D r_submix: out_write() wrote 4096 bytes 1024 frames
10-04 10:06:06.900   657  4738 D r_submix: out_write() wrote 4096 bytes 1024 frames
10-04 10:06:06.921   657  4738 D r_submix: out_write() wrote 4096 bytes 1024 frames
10-04 10:06:06.942   657  4738 D r_submix: out_write() wrote 4096 bytes 1024 frames
10-04 10:06:06.964   657  4738 D r_submix: out_write() wrote 4096 bytes 1024 frames
10-04 10:06:06.985   657  4738 D r_submix: out_write() wrote 4096 bytes 1024 frames
10-04 10:06:07.006   657  4738 D r_submix: out_write() wrote 4096 bytes 1024 frames
10-04 10:06:07.028   657  4738 D r_submix: out_write() wrote 4096 bytes 1024 frames
10-04 10:06:07.049   657  4738 D r_submix: out_write() wrote 4096 bytes 1024 frames
10-04 10:06:07.070   657  4738 D r_submix: out_write() wrote 4096 bytes 1024 frames
10-04 10:06:07.092   657  4738 D r_submix: out_write() wrote 4096 bytes 1024 frames
10-04 10:06:07.099  4660  4686 D BufferPoolAccessor2.0: bufferpool2 0xb4000074fcc6e4d8 : 5(19200 size) total buffers - 4(15360 size) used buffers - 26495/26500 (recycle/alloc) - 17/52992 (fetch/transfer)
10-04 10:06:07.113   657  4738 D r_submix: out_write() wrote 4096 bytes 1024 frames
10-04 10:06:07.134   657  4738 D r_submix: out_write() wrote 4096 bytes 1024 frames
10-04 10:06:07.156   657  4738 D r_submix: out_write() wrote 4096 bytes 1024 frames
10-04 10:06:07.177   657  4738 D r_submix: out_write() wrote 4096 bytes 1024 frames
10-04 10:06:07.198   657  4738 D r_submix: out_write() wrote 4096 bytes 1024 frames
10-04 10:06:07.220   657  4738 D r_submix: out_write() wrote 4096 bytes 1024 frames
10-04 10:06:07.241   657  4738 D r_submix: out_write() wrote 4096 bytes 1024 frames
10-04 10:06:07.263   657  4738 D r_submix: out_write() wrote 4096 bytes 1024 frames
10-04 10:06:07.284   657  4738 D r_submix: out_write() wrote 4096 bytes 1024 frames
10-04 10:06:07.305   657  4738 D r_submix: out_write() wrote 4096 bytes 1024 frames
10-04 10:06:07.327   657  4738 D r_submix: out_write() wrote 4096 bytes 1024 frames
10-04 10:06:07.348   657  4738 D r_submix: out_write() wrote 4096 bytes 1024 frames
10-04 10:06:07.369   657  4738 D r_submix: out_write() wrote 4096 bytes 1024 frames
10-04 10:06:07.390   657  4738 D r_submix: out_write() wrote 4096 bytes 1024 frames
10-04 10:06:07.412   657  4738 D r_submix: out_write() wrote 4096 bytes 1024 frames
10-04 10:06:07.433   657  4738 D r_submix: out_write() wrote 4096 bytes 1024 frames
10-04 10:06:07.454   657  4738 D r_submix: out_write() wrote 4096 bytes 1024 frames
10-04 10:06:07.467   681   689 W android.hardware.thermal@2.0-service.mtk: parseMsg: Get from client TYPE=thermal_hal_notify NAME=SKIN
10-04 10:06:07.467   681   689 W android.hardware.thermal@2.0-service.mtk: parseMsg:name.c_str():SKIN
10-04 10:06:07.467   681   689 W android.hardware.thermal@2.0-service.mtk: parseMsg:tz notify:SKIN
10-04 10:06:07.467   681   689 I android.hardware.thermal@2.0-service.mtk: Wait to accept a connection
10-04 10:06:07.468   681   689 I android.hardware.thermal@2.0-impl: Sending notification:  Type: SKIN Name: SKIN CurrentValue: 29.92 ThrottlingStatus: NONE
10-04 10:06:07.468   681   689 I android.hardware.thermal@2.0-impl: sendThermalChangedCallback
10-04 10:06:07.469   681   689 W android.hardware.thermal@2.0-service.mtk: parseMsg: Get from client TYPE=thermal_hal_notify NAME=BATTERY
10-04 10:06:07.469   681   689 W android.hardware.thermal@2.0-service.mtk: parseMsg:name.c_str():BATTERY
10-04 10:06:07.469   681   689 W android.hardware.thermal@2.0-service.mtk: parseMsg:tz notify:BATTERY
10-04 10:06:07.469   681   689 I android.hardware.thermal@2.0-service.mtk: Wait to accept a connection
10-04 10:06:07.472   681   689 I android.hardware.thermal@2.0-impl: Sending notification:  Type: BATTERY Name: BATTERY CurrentValue: 38 ThrottlingStatus: NONE
10-04 10:06:07.472   681   689 I android.hardware.thermal@2.0-impl: sendThermalChangedCallback
10-04 10:06:07.476   657  4738 D r_submix: out_write() wrote 4096 bytes 1024 frames
10-04 10:06:07.497   657  4738 D r_submix: out_write() wrote 4096 bytes 1024 frames
10-04 10:06:07.509   687   729 I libPerfCtl: xgfGetFPS pid:4776 fps:-1
10-04 10:06:07.518   657  4738 D r_submix: out_write() wrote 4096 bytes 1024 frames
10-04 10:06:07.540   657  4738 D r_submix: out_write() wrote 4096 bytes 1024 frames
10-04 10:06:07.561   657  4738 D r_submix: out_write() wrote 4096 bytes 1024 frames
10-04 10:06:07.582   657  4738 D r_submix: out_write() wrote 4096 bytes 1024 frames
10-04 10:06:07.604   657  4738 D r_submix: out_write() wrote 4096 bytes 1024 frames
10-04 10:06:07.625   657  4738 D r_submix: out_write() wrote 4096 bytes 1024 frames
10-04 10:06:07.644   957  4689 D BufferPoolAccessor2.0: bufferpool2 0xb400007aa4c46038 : 2(48000 size) total buffers - 1(24000 size) used buffers - 26602/26604 (recycle/alloc) - 1/6650 (fetch/transfer)
10-04 10:06:07.646   657  4738 D r_submix: out_write() wrote 4096 bytes 1024 frames
10-04 10:06:07.668   657  4738 D r_submix: out_write() wrote 4096 bytes 1024 frames
10-04 10:06:07.684   657  4702 D r_submix: read_frames 6387712, T_rec 133.077332s, p_vs_o   20043us
10-04 10:06:07.689   657  4738 D r_submix: out_write() wrote 4096 bytes 1024 frames
10-04 10:06:07.710   657  4738 D r_submix: out_write() wrote 4096 bytes 1024 frames
10-04 10:06:07.732   657  4738 D r_submix: out_write() wrote 4096 bytes 1024 frames
10-04 10:06:07.753   657  4738 D r_submix: out_write() wrote 4096 bytes 1024 frames
10-04 10:06:07.774   657  4738 D r_submix: out_write() wrote 4096 bytes 1024 frames
10-04 10:06:07.796   657  4738 D r_submix: out_write() wrote 4096 bytes 1024 frames
10-04 10:06:07.817   657  4738 D r_submix: out_write() wrote 4096 bytes 1024 frames
10-04 10:06:07.838   657  4738 D r_submix: out_write() wrote 4096 bytes 1024 frames
10-04 10:06:07.860   657  4738 D r_submix: out_write() wrote 4096 bytes 1024 frames
10-04 10:06:07.881   657  4738 D r_submix: out_write() wrote 4096 bytes 1024 frames
10-04 10:06:07.902   657  4738 D r_submix: out_write() wrote 4096 bytes 1024 frames
10-04 10:06:07.924   657  4738 D r_submix: out_write() wrote 4096 bytes 1024 frames
10-04 10:06:07.945   657  4738 D r_submix: out_write() wrote 4096 bytes 1024 frames
10-04 10:06:07.966   657  4738 D r_submix: out_write() wrote 4096 bytes 1024 frames
10-04 10:06:07.988   657  4738 D r_submix: out_write() wrote 4096 bytes 1024 frames
10-04 10:06:08.009   657  4738 D r_submix: out_write() wrote 4096 bytes 1024 frames
10-04 10:06:08.030   657  4738 D r_submix: out_write() wrote 4096 bytes 1024 frames
10-04 10:06:08.052   657  4738 D r_submix: out_write() wrote 4096 bytes 1024 frames
10-04 10:06:08.073   657  4738 D r_submix: out_write() wrote 4096 bytes 1024 frames
10-04 10:06:08.094   657  4738 D r_submix: out_write() wrote 4096 bytes 1024 frames
10-04 10:06:08.116   657  4738 D r_submix: out_write() wrote 4096 bytes 1024 frames
10-04 10:06:08.137   657  4738 D r_submix: out_write() wrote 4096 bytes 1024 frames
10-04 10:06:08.158   657  4738 D r_submix: out_write() wrote 4096 bytes 1024 frames
10-04 10:06:08.180   657  4738 D r_submix: out_write() wrote 4096 bytes 1024 frames
10-04 10:06:08.201   657  4738 D r_submix: out_write() wrote 4096 bytes 1024 frames
10-04 10:06:08.214   694  3051 I libPowerHal: [perfLockAcq] idx:0 hdl:27 hint:25 pid:694 tid:694 duration:10000 lock_user:mtkpower@1.0-se => ret_hdl:27
10-04 10:06:08.214   694  3051 I libPowerHal: [PE] MTKPOWER_HINT_APP_TOUCH update cmd:3408b00 param:1
10-04 10:06:08.215   694   725 E libPowerHal: [getCPUFreq] error cid:2, nClusterNum:2
10-04 10:06:08.215   694  3051 I libPowerHal: [perfLockAcq] idx:1 hdl:28 hint:-1 pid:694 tid:725 duration:200 lock_user:mtkpower@1.0-se => ret_hdl:28
10-04 10:06:08.216   694  3051 I libPowerHal: [setClusterFreq] mtkpower@1.0-se set cpufreq[0] min:1517000 max:-1 cpufreq[1] min:1666000 max:-1 
10-04 10:06:08.216   694  3051 I libPowerHal: [setClusterFreq]  set cpu_ctrl cpufreq: 1517000 -1 1666000 -1 
10-04 10:06:08.222   657  4738 D r_submix: out_write() wrote 4096 bytes 1024 frames
10-04 10:06:08.244   657  4738 D r_submix: out_write() wrote 4096 bytes 1024 frames
10-04 10:06:08.265   657  4738 D r_submix: out_write() wrote 4096 bytes 1024 frames
10-04 10:06:08.286   657  4738 D r_submix: out_write() wrote 4096 bytes 1024 frames
10-04 10:06:08.308   657  4738 D r_submix: out_write() wrote 4096 bytes 1024 frames
10-04 10:06:08.329   657  4738 D r_submix: out_write() wrote 4096 bytes 1024 frames
10-04 10:06:08.332   694  3051 I libPowerHal: [perfLockRel] hdl:28, idx:1
10-04 10:06:08.333   694  3051 I libPowerHal: [setClusterFreq]  set cpu_ctrl cpufreq: -1 -1 -1 -1 
10-04 10:06:08.349   732   732 I BufferQueueProducer: [com.example.android.systemupdatersample/com.example.android.systemupdatersample.ui.MainActivity#167](this:0xb400007a53df3f30,id:-1,api:0,p:-1,c:732) queueBuffer: fps=2.94 dur=2379.75 max=2223.62 min=17.65
10-04 10:06:08.350   657  4738 D r_submix: out_write() wrote 4096 bytes 1024 frames
10-04 10:06:08.353   732   732 I BufferQueueProducer: [VDS-scrcpy SINK](this:0xb400007a13f2b328,id:-1,api:1,p:732,c:732) queueBuffer: fps=6.56 dur=2438.81 max=2223.03 min=6.85
10-04 10:06:08.354   674   674 I hwcomposer: [HWCDisplay] setColorTransformForJob ccorr_state=0->0 hint=0 force_disable_color=0  
10-04 10:06:08.354   674   674 I hwcomposer: [HWCDisplay] [Display_0 (type:1)] fps:6.563377,dur:2437.77,max:2223.11,min:7.41  
10-04 10:06:08.354   674   868 D hwcomposer: (0:0) Layer+ (mva=0x0/sec=0/prot=0/fmt=2/alpha=0:0xff/blend=0001/dim=0/x=0 y=0 w=720 h=1280 s=736 -> x=0 y=0 w=720 h=1280/ext_layer=-1 ds=0 fbdc=1 is_mml=0) =
10-04 10:06:08.354   674   868 D hwcomposer: (0:1) Layer+ (mva=0x0/sec=0/prot=0/fmt=1/alpha=1:0xff/blend=0002/dim=0/x=0 y=0 w=24 h=1280 s=32 -> x=696 y=0 w=24 h=1280/ext_layer=-1 ds=0 fbdc=1 is_mml=0) =
10-04 10:06:08.354   674   868 D hwcomposer: (0:2) Layer+ (mva=0x0/sec=0/prot=0/fmt=1/alpha=1:0xff/blend=0002/dim=0/x=0 y=0 w=60 h=1280 s=64 -> x=0 y=0 w=60 h=1280/ext_layer=-1 ds=0 fbdc=1 is_mml=0) =
10-04 10:06:08.359   674   868 I hwcomposer: [DRMDEV] create blob id of color transform[success] mode=0 f=0 mat=1024    0    0    0   0 1024    0    0   0    0 1024    0   0    0    0 1024  
10-04 10:06:08.365   674   674 I hwcomposer: [HWCDisplay] setColorTransformForJob ccorr_state=0->0 hint=0 force_disable_color=0  
10-04 10:06:08.368   674   868 I hwcomposer: [DRMDEV] create blob id of color transform[success] mode=0 f=0 mat=1024    0    0    0   0 1024    0    0   0    0 1024    0   0    0    0 1024  
10-04 10:06:08.372   657  4738 D r_submix: out_write() wrote 4096 bytes 1024 frames
10-04 10:06:08.393   657  4738 D r_submix: out_write() wrote 4096 bytes 1024 frames
10-04 10:06:08.394   674   674 I hwcomposer: [HWCDisplay] setColorTransformForJob ccorr_state=0->0 hint=0 force_disable_color=0  
10-04 10:06:08.396   674   868 I hwcomposer: [DRMDEV] create blob id of color transform[success] mode=0 f=0 mat=1024    0    0    0   0 1024    0    0   0    0 1024    0   0    0    0 1024  
10-04 10:06:08.406   674   674 I hwcomposer: [HWCDisplay] setColorTransformForJob ccorr_state=0->0 hint=0 force_disable_color=0  
10-04 10:06:08.410   674   868 I hwcomposer: [DRMDEV] create blob id of color transform[success] mode=0 f=0 mat=1024    0    0    0   0 1024    0    0   0    0 1024    0   0    0    0 1024  
10-04 10:06:08.414   657  4738 D r_submix: out_write() wrote 4096 bytes 1024 frames
10-04 10:06:08.425   674   674 I hwcomposer: [HWCDisplay] setColorTransformForJob ccorr_state=0->0 hint=0 force_disable_color=0  
10-04 10:06:08.427   674   868 I hwcomposer: [DRMDEV] create blob id of color transform[success] mode=0 f=0 mat=1024    0    0    0   0 1024    0    0   0    0 1024    0   0    0    0 1024  
10-04 10:06:08.436   657  4738 D r_submix: out_write() wrote 4096 bytes 1024 frames
10-04 10:06:08.443   674   674 I hwcomposer: [HWCDisplay] setColorTransformForJob ccorr_state=0->0 hint=0 force_disable_color=0  
10-04 10:06:08.444   674   868 I hwcomposer: [DRMDEV] create blob id of color transform[success] mode=0 f=0 mat=1024    0    0    0   0 1024    0    0   0    0 1024    0   0    0    0 1024  
10-04 10:06:08.447   694  3051 I libPowerHal: [perfLockRel] hdl:27, idx:0
10-04 10:06:08.447   694  3051 I libPowerHal: [PD] MTKPOWER_HINT_APP_TOUCH update cmd:3408b00 param:0
10-04 10:06:08.448  1080  2732 V PlayerBase: baseStart() piid=159 deviceId=0
10-04 10:06:08.449  1080  2732 D AudioTrack: setVolume(35): 0xb4000076b9cea020, left = 0.501187, right = 0.501187
10-04 10:06:08.450  1080  2732 D AudioTrack: start(35): 0xb4000076b9cea020, prior state:STATE_STOPPED
10-04 10:06:08.450   701  2737 V AudioPolicyIntefaceImpl: startOutput()
10-04 10:06:08.450   701  2737 D APM_AudioPolicyManager: startOutput() output 69, stream 1, session 177
10-04 10:06:08.457   657  4738 D r_submix: out_write() wrote 4096 bytes 1024 frames
10-04 10:06:08.458   674   674 I hwcomposer: [HWCDisplay] setColorTransformForJob ccorr_state=0->0 hint=0 force_disable_color=0  
10-04 10:06:08.460   674   868 I hwcomposer: [DRMDEV] create blob id of color transform[success] mode=0 f=0 mat=1024    0    0    0   0 1024    0    0   0    0 1024    0   0    0    0 1024  
10-04 10:06:08.462   732   773 D SurfaceFlinger: [SF client] NEW(0xb400007963ce2630) for (4776:com.example.android.systemupdatersample)
10-04 10:06:08.464  4776  4776 D VRI[MainActivity]: hardware acceleration = true, forceHwAccelerated = false
10-04 10:06:08.465  1080  1095 D CompatibilityChangeReporter: Compat change id reported: 168419799; UID 10108; state: DISABLED
10-04 10:06:08.467  1080  1095 W WindowManager: Changing focus from Window{2794240 u0 com.example.android.systemupdatersample/com.example.android.systemupdatersample.ui.MainActivity} to Window{748d38a u0 com.example.android.systemupdatersample/com.example.android.systemupdatersample.ui.MainActivity} displayId=0 Callers=com.android.server.wm.RootWindowContainer.updateFocusedWindowLocked:476 com.android.server.wm.WindowManagerService.updateFocusedWindowLocked:6061 com.android.server.wm.WindowManagerService.addWindow:1861 com.android.server.wm.Session.addToDisplayAsUser:215 
