10-04 10:05:47.865   674   868 I hwcomposer: [DRMDEV] create blob id of color transform[success] mode=0 f=0 mat=1024    0    0    0   0 1024    0    0   0    0 1024    0   0    0    0 1024  
10-04 10:05:47.867   657  4738 D r_submix: out_write() wrote 4096 bytes 1024 frames
10-04 10:05:47.878   674   674 I hwcomposer: [HWCDisplay] setColorTransformForJob ccorr_state=0->0 hint=0 force_disable_color=0  
10-04 10:05:47.882   674   868 I hwcomposer: [DRMDEV] create blob id of color transform[success] mode=0 f=0 mat=1024    0    0    0   0 1024    0    0   0    0 1024    0   0    0    0 1024  
10-04 10:05:47.888   657  4738 D r_submix: out_write() wrote 4096 bytes 1024 frames
10-04 10:05:47.894   674   674 I hwcomposer: [HWCDisplay] setColorTransformForJob ccorr_state=0->0 hint=0 force_disable_color=0  
10-04 10:05:47.895   674   868 D hwcomposer: (0:0) Layer+ (mva=0x0/sec=0/prot=0/fmt=1/alpha=1:0xff/blend=0002/dim=0/x=0 y=0 w=720 h=1280 s=736 -> x=0 y=0 w=720 h=1280/ext_layer=-1 ds=142671872 fbdc=1 is_mml=0) =
10-04 10:05:47.895   674   868 D hwcomposer: (0:2) Layer+ (mva=0x0/sec=0/prot=0/fmt=1/alpha=1:0xff/blend=0002/dim=0/x=0 y=0 w=720 h=1280 s=736 -> x=0 y=0 w=720 h=1280/ext_layer=-1 ds=0 fbdc=1 is_mml=0) =
10-04 10:05:47.895   674   868 D hwcomposer: (0:3) Layer+ (mva=0x0/sec=0/prot=0/fmt=1/alpha=1:0xff/blend=0002/dim=0/x=0 y=0 w=72 h=1280 s=96 -> x=0 y=0 w=72 h=1280/ext_layer=-1 ds=0 fbdc=1 is_mml=0) =
10-04 10:05:47.899   674   868 I hwcomposer: [DRMDEV] create blob id of color transform[success] mode=0 f=0 mat=1024    0    0    0   0 1024    0    0   0    0 1024    0   0    0    0 1024  
10-04 10:05:47.910   657  4738 D r_submix: out_write() wrote 4096 bytes 1024 frames
10-04 10:05:47.911   674   674 I hwcomposer: [HWCDisplay] setColorTransformForJob ccorr_state=0->0 hint=0 force_disable_color=0  
10-04 10:05:47.915   674   868 I hwcomposer: [DRMDEV] create blob id of color transform[success] mode=0 f=0 mat=1024    0    0    0   0 1024    0    0   0    0 1024    0   0    0    0 1024  
10-04 10:05:47.928   674   674 I hwcomposer: [HWCDisplay] setColorTransformForJob ccorr_state=0->0 hint=0 force_disable_color=0  
10-04 10:05:47.931   657  4738 D r_submix: out_write() wrote 4096 bytes 1024 frames
10-04 10:05:47.932   674   868 I hwcomposer: [DRMDEV] create blob id of color transform[success] mode=0 f=0 mat=1024    0    0    0   0 1024    0    0   0    0 1024    0   0    0    0 1024  
10-04 10:05:47.944   674   674 I hwcomposer: [HWCDisplay] setColorTransformForJob ccorr_state=0->0 hint=0 force_disable_color=0  
10-04 10:05:47.949   674   868 I hwcomposer: [DRMDEV] create blob id of color transform[success] mode=0 f=0 mat=1024    0    0    0   0 1024    0    0   0    0 1024    0   0    0    0 1024  
10-04 10:05:47.952   657  4738 D r_submix: out_write() wrote 4096 bytes 1024 frames
10-04 10:05:47.961   674   674 I hwcomposer: [HWCDisplay] setColorTransformForJob ccorr_state=0->0 hint=0 force_disable_color=0  
10-04 10:05:47.965   674   868 I hwcomposer: [DRMDEV] create blob id of color transform[success] mode=0 f=0 mat=1024    0    0    0   0 1024    0    0   0    0 1024    0   0    0    0 1024  
10-04 10:05:47.974   657  4738 D r_submix: out_write() wrote 4096 bytes 1024 frames
10-04 10:05:47.978   674   674 I hwcomposer: [HWCDisplay] setColorTransformForJob ccorr_state=0->0 hint=0 force_disable_color=0  
10-04 10:05:47.982   674   868 I hwcomposer: [DRMDEV] create blob id of color transform[success] mode=0 f=0 mat=1024    0    0    0   0 1024    0    0   0    0 1024    0   0    0    0 1024  
10-04 10:05:47.994   674   674 I hwcomposer: [HWCDisplay] setColorTransformForJob ccorr_state=0->0 hint=0 force_disable_color=0  
10-04 10:05:47.995   657  4738 D r_submix: out_write() wrote 4096 bytes 1024 frames
10-04 10:05:47.999   674   868 I hwcomposer: [DRMDEV] create blob id of color transform[success] mode=0 f=0 mat=1024    0    0    0   0 1024    0    0   0    0 1024    0   0    0    0 1024  
10-04 10:05:48.011   674   674 I hwcomposer: [HWCDisplay] setColorTransformForJob ccorr_state=0->0 hint=0 force_disable_color=0  
10-04 10:05:48.015   674   868 I hwcomposer: [DRMDEV] create blob id of color transform[success] mode=0 f=0 mat=1024    0    0    0   0 1024    0    0   0    0 1024    0   0    0    0 1024  
10-04 10:05:48.016   657  4738 D r_submix: out_write() wrote 4096 bytes 1024 frames
10-04 10:05:48.027   674   674 I hwcomposer: [HWCDisplay] setColorTransformForJob ccorr_state=0->0 hint=0 force_disable_color=0  
10-04 10:05:48.032   674   868 I hwcomposer: [DRMDEV] create blob id of color transform[success] mode=0 f=0 mat=1024    0    0    0   0 1024    0    0   0    0 1024    0   0    0    0 1024  
10-04 10:05:48.037   701  2737 D AudioPolicyService: APSMuteRec1 allowCapture[1] hasOp[1] canCaptureIfInCallOrCommunication[1] State[2] source[8] [0]/[1] uid[0] portId[28] isA11yOnTop[0] isAssistantOnTop[0] isSensitiveActive[0] isInCall[0] isInCommunication[0] rttCallActive[0] onlyHotwordActive[0] isTopOrLatestActive[0] isTopOrLatestSensitive[0] UIDTYPE[0]/[0]/[0]
10-04 10:05:48.038   657  4738 D r_submix: out_write() wrote 4096 bytes 1024 frames
10-04 10:05:48.044   674   674 I hwcomposer: [HWCDisplay] setColorTransformForJob ccorr_state=0->0 hint=0 force_disable_color=0  
10-04 10:05:48.049   674   868 I hwcomposer: [DRMDEV] create blob id of color transform[success] mode=0 f=0 mat=1024    0    0    0   0 1024    0    0   0    0 1024    0   0    0    0 1024  
10-04 10:05:48.051   694  3051 I mtkpower@impl: [powerd_req] TIMER_MSG_PERF_LOCK_TIMEOUT hdl:9
10-04 10:05:48.051   694  3051 I libPowerHal: [perfLockRel] hdl:9, idx:1
10-04 10:05:48.051   694  3051 I libPowerHal: [setClusterFreq]  set cpu_ctrl cpufreq: -1 -1 -1 -1 
10-04 10:05:48.051   694  3051 I libPowerHal: [PD] MTKPOWER_HINT_PACK_SWITCH update cmd:1408300 param:40
10-04 10:05:48.051   694  3051 I libPowerHal: [setDvfsrcDevFreqOpp] opp:2, freq:2400000
10-04 10:05:48.051   694  3051 I libPowerHal: [PD] MTKPOWER_HINT_PACK_SWITCH update cmd:1000000 param:2
10-04 10:05:48.054  2780  2842 D BufferQueueProducer: [VRI[NotificationShade]#5(BLAST Consumer)5](id:adc00000005,api:1,p:2780,c:2780) disconnect: api 1
10-04 10:05:48.059   657  4738 D r_submix: out_write() wrote 4096 bytes 1024 frames
10-04 10:05:48.067   674   674 I hwcomposer: [HWCDisplay] setColorTransformForJob ccorr_state=0->0 hint=0 force_disable_color=0  
10-04 10:05:48.068   674   868 I hwcomposer: [DRMDEV] create blob id of color transform[success] mode=0 f=0 mat=1024    0    0    0   0 1024    0    0   0    0 1024    0   0    0    0 1024  
10-04 10:05:48.078  2780  2780 D BLASTBufferQueue: [VRI[NotificationShade]#5](f:0,a:1) destructor()
10-04 10:05:48.078  2780  2780 D BufferQueueConsumer: [VRI[NotificationShade]#5(BLAST Consumer)5](id:adc00000005,api:0,p:-1,c:2780) disconnect
10-04 10:05:48.080   674   674 I hwcomposer: [HWCDisplay] setColorTransformForJob ccorr_state=0->0 hint=0 force_disable_color=0  
10-04 10:05:48.080   657  4738 D r_submix: out_write() wrote 4096 bytes 1024 frames
10-04 10:05:48.081   674   868 D hwcomposer: (0:1) Layer+ (mva=0x0/sec=0/prot=0/fmt=1/alpha=1:0xff/blend=0002/dim=0/x=0 y=0 w=720 h=1280 s=736 -> x=0 y=0 w=720 h=1280/ext_layer=-1 ds=0 fbdc=1 is_mml=0) !
10-04 10:05:48.082   674   868 I hwcomposer: [DRMDEV] create blob id of color transform[success] mode=0 f=0 mat=1024    0    0    0   0 1024    0    0   0    0 1024    0   0    0    0 1024  
10-04 10:05:48.089   732   732 I BufferQueueDebug: [NotificationShade#150](this:0xb400007a53e3b240,id:-1,api:0,p:-1,c:732) onDestructor()
10-04 10:05:48.095   657  4702 D r_submix: read_frames 5447680, T_rec 113.493332s, p_vs_o   18992us
10-04 10:05:48.097   674   674 I hwcomposer: [HWCDisplay] setColorTransformForJob ccorr_state=0->0 hint=0 force_disable_color=0  
10-04 10:05:48.099   674   868 I hwcomposer: [DRMDEV] create blob id of color transform[success] mode=0 f=0 mat=1024    0    0    0   0 1024    0    0   0    0 1024    0   0    0    0 1024  
10-04 10:05:48.102   657  4738 D r_submix: out_write() wrote 4096 bytes 1024 frames
10-04 10:05:48.114   674   674 I hwcomposer: [HWCDisplay] setColorTransformForJob ccorr_state=0->0 hint=0 force_disable_color=0  
10-04 10:05:48.115   674   868 I hwcomposer: [DRMDEV] create blob id of color transform[success] mode=0 f=0 mat=1024    0    0    0   0 1024    0    0   0    0 1024    0   0    0    0 1024  
10-04 10:05:48.123   657  4738 D r_submix: out_write() wrote 4096 bytes 1024 frames
10-04 10:05:48.127   674   674 I hwcomposer: [HWCDisplay] setColorTransformForJob ccorr_state=0->0 hint=0 force_disable_color=0  
10-04 10:05:48.132   674   868 I hwcomposer: [DRMDEV] create blob id of color transform[success] mode=0 f=0 mat=1024    0    0    0   0 1024    0    0   0    0 1024    0   0    0    0 1024  
10-04 10:05:48.144   657  4738 D r_submix: out_write() wrote 4096 bytes 1024 frames
10-04 10:05:48.145   674   674 I hwcomposer: [HWCDisplay] setColorTransformForJob ccorr_state=0->0 hint=0 force_disable_color=0  
10-04 10:05:48.149   674   868 I hwcomposer: [DRMDEV] create blob id of color transform[success] mode=0 f=0 mat=1024    0    0    0   0 1024    0    0   0    0 1024    0   0    0    0 1024  
10-04 10:05:48.163   674   674 I hwcomposer: [HWCDisplay] setColorTransformForJob ccorr_state=0->0 hint=0 force_disable_color=0  
10-04 10:05:48.165   674   868 I hwcomposer: [DRMDEV] create blob id of color transform[success] mode=0 f=0 mat=1024    0    0    0   0 1024    0    0   0    0 1024    0   0    0    0 1024  
10-04 10:05:48.166   657  4738 D r_submix: out_write() wrote 4096 bytes 1024 frames
10-04 10:05:48.176   674   674 I hwcomposer: [HWCDisplay] setColorTransformForJob ccorr_state=0->0 hint=0 force_disable_color=0  
10-04 10:05:48.182   674   868 I hwcomposer: [DRMDEV] create blob id of color transform[success] mode=0 f=0 mat=1024    0    0    0   0 1024    0    0   0    0 1024    0   0    0    0 1024  
10-04 10:05:48.187   657  4738 D r_submix: out_write() wrote 4096 bytes 1024 frames
10-04 10:05:48.197   674   674 I hwcomposer: [HWCDisplay] setColorTransformForJob ccorr_state=0->0 hint=0 force_disable_color=0  
10-04 10:05:48.199   674   868 I hwcomposer: [DRMDEV] create blob id of color transform[success] mode=0 f=0 mat=1024    0    0    0   0 1024    0    0   0    0 1024    0   0    0    0 1024  
10-04 10:05:48.208   657  4738 D r_submix: out_write() wrote 4096 bytes 1024 frames
10-04 10:05:48.211   674   674 I hwcomposer: [HWCDisplay] setColorTransformForJob ccorr_state=0->0 hint=0 force_disable_color=0  
10-04 10:05:48.215   674   868 I hwcomposer: [DRMDEV] create blob id of color transform[success] mode=0 f=0 mat=1024    0    0    0   0 1024    0    0   0    0 1024    0   0    0    0 1024  
10-04 10:05:48.230   674   674 I hwcomposer: [HWCDisplay] setColorTransformForJob ccorr_state=0->0 hint=0 force_disable_color=0  
10-04 10:05:48.230   657  4738 D r_submix: out_write() wrote 4096 bytes 1024 frames
10-04 10:05:48.232   674   868 I hwcomposer: [DRMDEV] create blob id of color transform[success] mode=0 f=0 mat=1024    0    0    0   0 1024    0    0   0    0 1024    0   0    0    0 1024  
10-04 10:05:48.246   674   674 I hwcomposer: [HWCDisplay] setColorTransformForJob ccorr_state=0->0 hint=0 force_disable_color=0  
10-04 10:05:48.249   674   868 I hwcomposer: [DRMDEV] create blob id of color transform[success] mode=0 f=0 mat=1024    0    0    0   0 1024    0    0   0    0 1024    0   0    0    0 1024  
10-04 10:05:48.251   657  4738 D r_submix: out_write() wrote 4096 bytes 1024 frames
10-04 10:05:48.261   674   674 I hwcomposer: [HWCDisplay] setColorTransformForJob ccorr_state=0->0 hint=0 force_disable_color=0  
10-04 10:05:48.265   674   868 I hwcomposer: [DRMDEV] create blob id of color transform[success] mode=0 f=0 mat=1024    0    0    0   0 1024    0    0   0    0 1024    0   0    0    0 1024  
10-04 10:05:48.272   657  4738 D r_submix: out_write() wrote 4096 bytes 1024 frames
10-04 10:05:48.281   674   674 I hwcomposer: [HWCDisplay] setColorTransformForJob ccorr_state=0->0 hint=0 force_disable_color=0  
10-04 10:05:48.283   674   868 I hwcomposer: [DRMDEV] create blob id of color transform[success] mode=0 f=0 mat=1024    0    0    0   0 1024    0    0   0    0 1024    0   0    0    0 1024  
10-04 10:05:48.294   674   674 I hwcomposer: [HWCDisplay] setColorTransformForJob ccorr_state=0->0 hint=0 force_disable_color=0  
10-04 10:05:48.294   657  4738 D r_submix: out_write() wrote 4096 bytes 1024 frames
10-04 10:05:48.299   674   868 I hwcomposer: [DRMDEV] create blob id of color transform[success] mode=0 f=0 mat=1024    0    0    0   0 1024    0    0   0    0 1024    0   0    0    0 1024  
10-04 10:05:48.313   674   674 I hwcomposer: [HWCDisplay] setColorTransformForJob ccorr_state=0->0 hint=0 force_disable_color=0  
10-04 10:05:48.315   657  4738 D r_submix: out_write() wrote 4096 bytes 1024 frames
10-04 10:05:48.315   674   868 I hwcomposer: [DRMDEV] create blob id of color transform[success] mode=0 f=0 mat=1024    0    0    0   0 1024    0    0   0    0 1024    0   0    0    0 1024  
10-04 10:05:48.331   674   674 I hwcomposer: [HWCDisplay] setColorTransformForJob ccorr_state=0->0 hint=0 force_disable_color=0  
10-04 10:05:48.332   674   868 I hwcomposer: [DRMDEV] create blob id of color transform[success] mode=0 f=0 mat=1024    0    0    0   0 1024    0    0   0    0 1024    0   0    0    0 1024  
10-04 10:05:48.336   657  4738 D r_submix: out_write() wrote 4096 bytes 1024 frames
10-04 10:05:48.343   674   674 I hwcomposer: [HWCDisplay] setColorTransformForJob ccorr_state=0->0 hint=0 force_disable_color=0  
10-04 10:05:48.349   674   868 I hwcomposer: [DRMDEV] create blob id of color transform[success] mode=0 f=0 mat=1024    0    0    0   0 1024    0    0   0    0 1024    0   0    0    0 1024  
10-04 10:05:48.358   657  4738 D r_submix: out_write() wrote 4096 bytes 1024 frames
10-04 10:05:48.366   674   674 I hwcomposer: [HWCDisplay] setColorTransformForJob ccorr_state=0->0 hint=0 force_disable_color=0  
10-04 10:05:48.369   674   868 I hwcomposer: [DRMDEV] create blob id of color transform[success] mode=0 f=0 mat=1024    0    0    0   0 1024    0    0   0    0 1024    0   0    0    0 1024  
10-04 10:05:48.376   732   732 I BufferQueueProducer: [VDS-scrcpy SINK](this:0xb400007a13f2b328,id:-1,api:1,p:732,c:732) queueBuffer: fps=59.89 dur=1001.80 max=31.76 min=10.13
10-04 10:05:48.377   674   674 I hwcomposer: [HWCDisplay] setColorTransformForJob ccorr_state=0->0 hint=0 force_disable_color=0  
10-04 10:05:48.379   657  4738 D r_submix: out_write() wrote 4096 bytes 1024 frames
10-04 10:05:48.382   674   868 I hwcomposer: [DRMDEV] create blob id of color transform[success] mode=0 f=0 mat=1024    0    0    0   0 1024    0    0   0    0 1024    0   0    0    0 1024  
10-04 10:05:48.395   732   732 I BufferQueueProducer: [FramebufferSurface](this:0xb400007a03ccdf80,id:-1,api:1,p:732,c:732) queueBuffer: fps=60.20 dur=1013.35 max=27.96 min=9.77
10-04 10:05:48.395   674   674 I hwcomposer: [HWCDisplay] setColorTransformForJob ccorr_state=0->0 hint=0 force_disable_color=0  
10-04 10:05:48.395   674   674 I hwcomposer: [HWCDisplay] [Display_0 (type:1)] fps:60.241665,dur:1012.59,max:27.71,min:9.58  
10-04 10:05:48.396   674   868 D hwcomposer: (0:0) Layer+ (mva=0x0/sec=0/prot=0/fmt=1/alpha=1:0xff/blend=0002/dim=0/x=0 y=0 w=720 h=1280 s=736 -> x=0 y=0 w=720 h=1280/ext_layer=-1 ds=142671872 fbdc=1 is_mml=0) =
10-04 10:05:48.396   674   868 D hwcomposer: (0:2) Layer+ (mva=0x0/sec=0/prot=0/fmt=1/alpha=1:0xff/blend=0002/dim=0/x=0 y=0 w=24 h=1280 s=32 -> x=696 y=0 w=24 h=1280/ext_layer=-1 ds=0 fbdc=1 is_mml=0) =
10-04 10:05:48.396   674   868 D hwcomposer: (0:3) Layer+ (mva=0x0/sec=0/prot=0/fmt=1/alpha=1:0xff/blend=0002/dim=0/x=0 y=0 w=72 h=1280 s=96 -> x=0 y=0 w=72 h=1280/ext_layer=-1 ds=0 fbdc=1 is_mml=0) =
10-04 10:05:48.399   674   868 I hwcomposer: [DRMDEV] create blob id of color transform[success] mode=0 f=0 mat=1024    0    0    0   0 1024    0    0   0    0 1024    0   0    0    0 1024  
10-04 10:05:48.400   657  4738 D r_submix: out_write() wrote 4096 bytes 1024 frames
10-04 10:05:48.414   674   674 I hwcomposer: [HWCDisplay] setColorTransformForJob ccorr_state=0->0 hint=0 force_disable_color=0  
10-04 10:05:48.415   674   868 I hwcomposer: [DRMDEV] create blob id of color transform[success] mode=0 f=0 mat=1024    0    0    0   0 1024    0    0   0    0 1024    0   0    0    0 1024  
10-04 10:05:48.422   657  4738 D r_submix: out_write() wrote 4096 bytes 1024 frames
10-04 10:05:48.427   674   674 I hwcomposer: [HWCDisplay] setColorTransformForJob ccorr_state=0->0 hint=0 force_disable_color=0  
10-04 10:05:48.432   674   868 I hwcomposer: [DRMDEV] create blob id of color transform[success] mode=0 f=0 mat=1024    0    0    0   0 1024    0    0   0    0 1024    0   0    0    0 1024  
10-04 10:05:48.443   657  4738 D r_submix: out_write() wrote 4096 bytes 1024 frames
10-04 10:05:48.446   674   674 I hwcomposer: [HWCDisplay] setColorTransformForJob ccorr_state=0->0 hint=0 force_disable_color=0  
10-04 10:05:48.449   674   868 I hwcomposer: [DRMDEV] create blob id of color transform[success] mode=0 f=0 mat=1024    0    0    0   0 1024    0    0   0    0 1024    0   0    0    0 1024  
10-04 10:05:48.464   657  4738 D r_submix: out_write() wrote 4096 bytes 1024 frames
10-04 10:05:48.486   657  4738 D r_submix: out_write() wrote 4096 bytes 1024 frames
10-04 10:05:48.502   687   729 I libPerfCtl: xgfGetFPS pid:2780 fps:-1
10-04 10:05:48.503   687   729 I libPerfCtl: xgfGetFPS pid:3069 fps:-1
10-04 10:05:48.507   657  4738 D r_submix: out_write() wrote 4096 bytes 1024 frames
10-04 10:05:48.528   657  4738 D r_submix: out_write() wrote 4096 bytes 1024 frames
10-04 10:05:48.550   657  4738 D r_submix: out_write() wrote 4096 bytes 1024 frames
10-04 10:05:48.571   657  4738 D r_submix: out_write() wrote 4096 bytes 1024 frames
10-04 10:05:48.592   657  4738 D r_submix: out_write() wrote 4096 bytes 1024 frames
10-04 10:05:48.614   657  4738 D r_submix: out_write() wrote 4096 bytes 1024 frames
10-04 10:05:48.635   657  4738 D r_submix: out_write() wrote 4096 bytes 1024 frames
10-04 10:05:48.656   657  4738 D r_submix: out_write() wrote 4096 bytes 1024 frames
10-04 10:05:48.665   682   682 D hdmi_cec: [HWCEC] send_message init:4, dest:0, opcode: 0x8f, size:0, body[0]=0x0
10-04 10:05:48.665   682   682 E hdmi_cec: [HWCEC] send_message fail. opcode: 0x8f, errno: 1
10-04 10:05:48.665   682   682 D hdmi_cec: [HWCEC] send_message init:4, dest:0, opcode: 0x8f, size:0, body[0]=0x0
10-04 10:05:48.666   682   682 E hdmi_cec: [HWCEC] send_message fail. opcode: 0x8f, errno: 1
10-04 10:05:48.666  1080  2753 W HdmiCecController: Failed to send <Give Device Power Status> 40:8F with errorCode=3
10-04 10:05:48.669   682   682 D hdmi_cec: [HWCEC] send_message init:4, dest:0, opcode: 0x8f, size:0, body[0]=0x0
10-04 10:05:48.669   682   682 E hdmi_cec: [HWCEC] send_message fail. opcode: 0x8f, errno: 1
10-04 10:05:48.670   682   682 D hdmi_cec: [HWCEC] send_message init:4, dest:0, opcode: 0x8f, size:0, body[0]=0x0
10-04 10:05:48.670   682   682 E hdmi_cec: [HWCEC] send_message fail. opcode: 0x8f, errno: 1
10-04 10:05:48.674  1080  2753 W HdmiCecController: Failed to send <Give Device Power Status> 40:8F with errorCode=3
10-04 10:05:48.678   657  4738 D r_submix: out_write() wrote 4096 bytes 1024 frames
10-04 10:05:48.688   732   732 I BufferQueueProducer: [com.android.launcher3/com.android.launcher3.uioverrides.QuickstepLauncher#153](this:0xb400007a53e384b0,id:-1,api:0,p:-1,c:732) queueBuffer: fps=35.14 dur=1166.89 max=250.28 min=16.37
10-04 10:05:48.693   674   674 I hwcomposer: [HWCDisplay] setColorTransformForJob ccorr_state=0->0 hint=0 force_disable_color=0  
10-04 10:05:48.694   674   868 D hwcomposer: (0:1) Layer+ (mva=0x0/sec=0/prot=0/fmt=1/alpha=1:0xff/blend=0002/dim=0/x=0 y=0 w=720 h=1280 s=736 -> x=0 y=0 w=720 h=1280/ext_layer=-1 ds=0 fbdc=1 is_mml=0) =
10-04 10:05:48.699   657  4738 D r_submix: out_write() wrote 4096 bytes 1024 frames
10-04 10:05:48.699   674   868 I hwcomposer: [DRMDEV] create blob id of color transform[success] mode=0 f=0 mat=1024    0    0    0   0 1024    0    0   0    0 1024    0   0    0    0 1024  
10-04 10:05:48.712   674   674 I hwcomposer: [HWCDisplay] setColorTransformForJob ccorr_state=0->0 hint=0 force_disable_color=0  
10-04 10:05:48.715   674   868 I hwcomposer: [DRMDEV] create blob id of color transform[success] mode=0 f=0 mat=1024    0    0    0   0 1024    0    0   0    0 1024    0   0    0    0 1024  
10-04 10:05:48.720   657  4738 D r_submix: out_write() wrote 4096 bytes 1024 frames
10-04 10:05:48.731   674   674 I hwcomposer: [HWCDisplay] setColorTransformForJob ccorr_state=0->0 hint=0 force_disable_color=0  
10-04 10:05:48.732   674   868 I hwcomposer: [DRMDEV] create blob id of color transform[success] mode=0 f=0 mat=1024    0    0    0   0 1024    0    0   0    0 1024    0   0    0    0 1024  
10-04 10:05:48.742   657  4738 D r_submix: out_write() wrote 4096 bytes 1024 frames
10-04 10:05:48.744   674   674 I hwcomposer: [HWCDisplay] setColorTransformForJob ccorr_state=0->0 hint=0 force_disable_color=0  
10-04 10:05:48.749   674   868 I hwcomposer: [DRMDEV] create blob id of color transform[success] mode=0 f=0 mat=1024    0    0    0   0 1024    0    0   0    0 1024    0   0    0    0 1024  
10-04 10:05:48.760   674   674 I hwcomposer: [HWCDisplay] setColorTransformForJob ccorr_state=0->0 hint=0 force_disable_color=0  
10-04 10:05:48.763   657  4738 D r_submix: out_write() wrote 4096 bytes 1024 frames
10-04 10:05:48.765   674   868 I hwcomposer: [DRMDEV] create blob id of color transform[success] mode=0 f=0 mat=1024    0    0    0   0 1024    0    0   0    0 1024    0   0    0    0 1024  
10-04 10:05:48.778   674   674 I hwcomposer: [HWCDisplay] setColorTransformForJob ccorr_state=0->0 hint=0 force_disable_color=0  
10-04 10:05:48.782   674   868 I hwcomposer: [DRMDEV] create blob id of color transform[success] mode=0 f=0 mat=1024    0    0    0   0 1024    0    0   0    0 1024    0   0    0    0 1024  
10-04 10:05:48.784   657  4738 D r_submix: out_write() wrote 4096 bytes 1024 frames
10-04 10:05:48.799   674   674 I hwcomposer: [HWCDisplay] setColorTransformForJob ccorr_state=0->0 hint=0 force_disable_color=0  
10-04 10:05:48.801   674   868 I hwcomposer: [DRMDEV] create blob id of color transform[success] mode=0 f=0 mat=1024    0    0    0   0 1024    0    0   0    0 1024    0   0    0    0 1024  
10-04 10:05:48.806   657  4738 D r_submix: out_write() wrote 4096 bytes 1024 frames
10-04 10:05:48.811   674   674 I hwcomposer: [HWCDisplay] setColorTransformForJob ccorr_state=0->0 hint=0 force_disable_color=0  
10-04 10:05:48.815   674   868 I hwcomposer: [DRMDEV] create blob id of color transform[success] mode=0 f=0 mat=1024    0    0    0   0 1024    0    0   0    0 1024    0   0    0    0 1024  
10-04 10:05:48.827  4660  4681 D PipelineWatcher: [0xb40000752cc7a4a8] pipelineFull: too many frames in pipeline (4)
10-04 10:05:48.827   657  4738 D r_submix: out_write() wrote 4096 bytes 1024 frames
10-04 10:05:48.829   674   674 I hwcomposer: [HWCDisplay] setColorTransformForJob ccorr_state=0->0 hint=0 force_disable_color=0  
10-04 10:05:48.832   674   868 I hwcomposer: [DRMDEV] create blob id of color transform[success] mode=0 f=0 mat=1024    0    0    0   0 1024    0    0   0    0 1024    0   0    0    0 1024  
10-04 10:05:48.848   674   674 I hwcomposer: [HWCDisplay] setColorTransformForJob ccorr_state=0->0 hint=0 force_disable_color=0  
10-04 10:05:48.848  4660  4681 D PipelineWatcher: [0xb40000752cc7a4a8] pipelineFull: too many frames in pipeline (4)
10-04 10:05:48.848   657  4738 D r_submix: out_write() wrote 4096 bytes 1024 frames
10-04 10:05:48.849   674   868 I hwcomposer: [DRMDEV] create blob id of color transform[success] mode=0 f=0 mat=1024    0    0    0   0 1024    0    0   0    0 1024    0   0    0    0 1024  
10-04 10:05:48.862   674   674 I hwcomposer: [HWCDisplay] setColorTransformForJob ccorr_state=0->0 hint=0 force_disable_color=0  
10-04 10:05:48.865   674   868 I hwcomposer: [DRMDEV] create blob id of color transform[success] mode=0 f=0 mat=1024    0    0    0   0 1024    0    0   0    0 1024    0   0    0    0 1024  
10-04 10:05:48.870   657  4738 D r_submix: out_write() wrote 4096 bytes 1024 frames
10-04 10:05:48.880   674   674 I hwcomposer: [HWCDisplay] setColorTransformForJob ccorr_state=0->0 hint=0 force_disable_color=0  
10-04 10:05:48.882   674   868 I hwcomposer: [DRMDEV] create blob id of color transform[success] mode=0 f=0 mat=1024    0    0    0   0 1024    0    0   0    0 1024    0   0    0    0 1024  
10-04 10:05:48.891   657  4738 D r_submix: out_write() wrote 4096 bytes 1024 frames
10-04 10:05:48.893   674   674 I hwcomposer: [HWCDisplay] setColorTransformForJob ccorr_state=0->0 hint=0 force_disable_color=0  
10-04 10:05:48.899   674   868 I hwcomposer: [DRMDEV] create blob id of color transform[success] mode=0 f=0 mat=1024    0    0    0   0 1024    0    0   0    0 1024    0   0    0    0 1024  
10-04 10:05:48.912   674   674 I hwcomposer: [HWCDisplay] setColorTransformForJob ccorr_state=0->0 hint=0 force_disable_color=0  
10-04 10:05:48.912   657  4738 D r_submix: out_write() wrote 4096 bytes 1024 frames
10-04 10:05:48.913   674   868 D hwcomposer: (0:0) Layer+ (mva=0x0/sec=0/prot=0/fmt=1/alpha=1:0xff/blend=0002/dim=0/x=0 y=0 w=720 h=1280 s=736 -> x=0 y=0 w=720 h=1280/ext_layer=-1 ds=142671872 fbdc=1 is_mml=0) =
10-04 10:05:48.913   674   868 D hwcomposer: (0:2) Layer+ (mva=0x0/sec=0/prot=0/fmt=1/alpha=1:0xff/blend=0002/dim=0/x=0 y=0 w=24 h=1280 s=32 -> x=696 y=0 w=24 h=1280/ext_layer=-1 ds=0 fbdc=1 is_mml=0) =
10-04 10:05:48.913   674   868 D hwcomposer: (0:3) Layer+ (mva=0x0/sec=0/prot=0/fmt=1/alpha=1:0xff/blend=0002/dim=0/x=0 y=0 w=72 h=1280 s=96 -> x=0 y=0 w=72 h=1280/ext_layer=-1 ds=0 fbdc=1 is_mml=0) =
10-04 10:05:48.915   674   868 I hwcomposer: [DRMDEV] create blob id of color transform[success] mode=0 f=0 mat=1024    0    0    0   0 1024    0    0   0    0 1024    0   0    0    0 1024  
10-04 10:05:48.930   674   674 I hwcomposer: [HWCDisplay] setColorTransformForJob ccorr_state=0->0 hint=0 force_disable_color=0  
10-04 10:05:48.932   674   868 I hwcomposer: [DRMDEV] create blob id of color transform[success] mode=0 f=0 mat=1024    0    0    0   0 1024    0    0   0    0 1024    0   0    0    0 1024  
10-04 10:05:48.933  4660  4681 D PipelineWatcher: [0xb40000752cc7a4a8] pipelineFull: too many frames in pipeline (4)
10-04 10:05:48.934   657  4738 D r_submix: out_write() wrote 4096 bytes 1024 frames
10-04 10:05:48.946   674   674 I hwcomposer: [HWCDisplay] setColorTransformForJob ccorr_state=0->0 hint=0 force_disable_color=0  
10-04 10:05:48.949   674   868 I hwcomposer: [DRMDEV] create blob id of color transform[success] mode=0 f=0 mat=1024    0    0    0   0 1024    0    0   0    0 1024    0   0    0    0 1024  
10-04 10:05:48.955   657  4738 D r_submix: out_write() wrote 4096 bytes 1024 frames
10-04 10:05:48.962   674   674 I hwcomposer: [HWCDisplay] setColorTransformForJob ccorr_state=0->0 hint=0 force_disable_color=0  
10-04 10:05:48.965   674   868 I hwcomposer: [DRMDEV] create blob id of color transform[success] mode=0 f=0 mat=1024    0    0    0   0 1024    0    0   0    0 1024    0   0    0    0 1024  
10-04 10:05:48.976   657  4738 D r_submix: out_write() wrote 4096 bytes 1024 frames
10-04 10:05:48.981   674   674 I hwcomposer: [HWCDisplay] setColorTransformForJob ccorr_state=0->0 hint=0 force_disable_color=0  
10-04 10:05:48.982   674   868 I hwcomposer: [DRMDEV] create blob id of color transform[success] mode=0 f=0 mat=1024    0    0    0   0 1024    0    0   0    0 1024    0   0    0    0 1024  
10-04 10:05:48.994   674   674 I hwcomposer: [HWCDisplay] setColorTransformForJob ccorr_state=0->0 hint=0 force_disable_color=0  
10-04 10:05:48.998   657  4738 D r_submix: out_write() wrote 4096 bytes 1024 frames
10-04 10:05:48.999   674   868 I hwcomposer: [DRMDEV] create blob id of color transform[success] mode=0 f=0 mat=1024    0    0    0   0 1024    0    0   0    0 1024    0   0    0    0 1024  
10-04 10:05:49.013   674   674 I hwcomposer: [HWCDisplay] setColorTransformForJob ccorr_state=0->0 hint=0 force_disable_color=0  
10-04 10:05:49.015   674   868 I hwcomposer: [DRMDEV] create blob id of color transform[success] mode=0 f=0 mat=1024    0    0    0   0 1024    0    0   0    0 1024    0   0    0    0 1024  
10-04 10:05:49.019   657  4738 D r_submix: out_write() wrote 4096 bytes 1024 frames
10-04 10:05:49.031   674   674 I hwcomposer: [HWCDisplay] setColorTransformForJob ccorr_state=0->0 hint=0 force_disable_color=0  
10-04 10:05:49.032   674   868 I hwcomposer: [DRMDEV] create blob id of color transform[success] mode=0 f=0 mat=1024    0    0    0   0 1024    0    0   0    0 1024    0   0    0    0 1024  
10-04 10:05:49.040   657  4738 D r_submix: out_write() wrote 4096 bytes 1024 frames
10-04 10:05:49.044   674   674 I hwcomposer: [HWCDisplay] setColorTransformForJob ccorr_state=0->0 hint=0 force_disable_color=0  
10-04 10:05:49.049   674   868 I hwcomposer: [DRMDEV] create blob id of color transform[success] mode=0 f=0 mat=1024    0    0    0   0 1024    0    0   0    0 1024    0   0    0    0 1024  
10-04 10:05:49.056   694  3051 I mtkpower@impl: [powerd_req] TIMER_MSG_PERF_LOCK_TIMEOUT hdl:10
10-04 10:05:49.056   694  3051 I libPowerHal: [perfLockRel] hdl:10, idx:2
10-04 10:05:49.056   694  3051 I libPowerHal: [PD] MTKPOWER_HINT_EXT_LAUNCH update cmd:2020000 param:15
10-04 10:05:49.056   694  3051 I libPowerHal: [PD] MTKPOWER_HINT_EXT_LAUNCH update cmd:1408300 param:0
10-04 10:05:49.056   694  3051 I libPowerHal: [PD] MTKPOWER_HINT_EXT_LAUNCH update cmd:1000000 param:-1
10-04 10:05:49.057   694  3051 I libPowerHal: [PD] MTKPOWER_HINT_EXT_LAUNCH update cmd:808000 param:0
10-04 10:05:49.060   674   674 I hwcomposer: [HWCDisplay] setColorTransformForJob ccorr_state=0->0 hint=0 force_disable_color=0  
10-04 10:05:49.062   657  4738 D r_submix: out_write() wrote 4096 bytes 1024 frames
10-04 10:05:49.063   431   431 I servicemanager: Could not find vendor.mediatek.hardware.mtkradioex.modem.IMtkRadioExModem/slot1 in the VINTF manifest.
10-04 10:05:49.063   433   433 I hwservicemanager: getTransport: Cannot find entry vendor.mediatek.hardware.mtkradioex@3.0::IMtkRadioEx/mtkCap1 in either framework or device VINTF manifest.
10-04 10:05:49.064   433   433 I hwservicemanager: getTransport: Cannot find entry vendor.mediatek.hardware.mtkradioex@2.0::IMtkRadioEx/mtkCap1 in either framework or device VINTF manifest.
10-04 10:05:49.066   674   868 I hwcomposer: [DRMDEV] create blob id of color transform[success] mode=0 f=0 mat=1024    0    0    0   0 1024    0    0   0    0 1024    0   0    0    0 1024  
10-04 10:05:49.083   657  4738 D r_submix: out_write() wrote 4096 bytes 1024 frames
10-04 10:05:49.083   674   674 I hwcomposer: [HWCDisplay] setColorTransformForJob ccorr_state=0->0 hint=0 force_disable_color=0  
10-04 10:05:49.085   674   868 I hwcomposer: [DRMDEV] create blob id of color transform[success] mode=0 f=0 mat=1024    0    0    0   0 1024    0    0   0    0 1024    0   0    0    0 1024  
10-04 10:05:49.092   674   674 I hwcomposer: [HWCDisplay] setColorTransformForJob ccorr_state=0->0 hint=0 force_disable_color=0  
10-04 10:05:49.099   674   868 I hwcomposer: [DRMDEV] create blob id of color transform[success] mode=0 f=0 mat=1024    0    0    0   0 1024    0    0   0    0 1024    0   0    0    0 1024  
10-04 10:05:49.104   657  4738 D r_submix: out_write() wrote 4096 bytes 1024 frames
10-04 10:05:49.112   674   674 I hwcomposer: [HWCDisplay] setColorTransformForJob ccorr_state=0->0 hint=0 force_disable_color=0  
10-04 10:05:49.115   674   868 I hwcomposer: [DRMDEV] create blob id of color transform[success] mode=0 f=0 mat=1024    0    0    0   0 1024    0    0   0    0 1024    0   0    0    0 1024  
10-04 10:05:49.126   657  4738 D r_submix: out_write() wrote 4096 bytes 1024 frames
10-04 10:05:49.129   674   674 I hwcomposer: [HWCDisplay] setColorTransformForJob ccorr_state=0->0 hint=0 force_disable_color=0  
10-04 10:05:49.132   674   868 I hwcomposer: [DRMDEV] create blob id of color transform[success] mode=0 f=0 mat=1024    0    0    0   0 1024    0    0   0    0 1024    0   0    0    0 1024  
10-04 10:05:49.147   657  4738 D r_submix: out_write() wrote 4096 bytes 1024 frames
10-04 10:05:49.147   674   674 I hwcomposer: [HWCDisplay] setColorTransformForJob ccorr_state=0->0 hint=0 force_disable_color=0  
10-04 10:05:49.149   674   868 I hwcomposer: [DRMDEV] create blob id of color transform[success] mode=0 f=0 mat=1024    0    0    0   0 1024    0    0   0    0 1024    0   0    0    0 1024  
10-04 10:05:49.161   674   674 I hwcomposer: [HWCDisplay] setColorTransformForJob ccorr_state=0->0 hint=0 force_disable_color=0  
10-04 10:05:49.165   674   868 I hwcomposer: [DRMDEV] create blob id of color transform[success] mode=0 f=0 mat=1024    0    0    0   0 1024    0    0   0    0 1024    0   0    0    0 1024  
10-04 10:05:49.168   657  4738 D r_submix: out_write() wrote 4096 bytes 1024 frames
10-04 10:05:49.182   674   674 I hwcomposer: [HWCDisplay] setColorTransformForJob ccorr_state=0->0 hint=0 force_disable_color=0  
10-04 10:05:49.183   674   868 I hwcomposer: [DRMDEV] create blob id of color transform[success] mode=0 f=0 mat=1024    0    0    0   0 1024    0    0   0    0 1024    0   0    0    0 1024  
10-04 10:05:49.183   657  4702 D r_submix: read_frames 5499904, T_rec 114.581337s, p_vs_o   19501us
10-04 10:05:49.190   657  4738 D r_submix: out_write() wrote 4096 bytes 1024 frames
10-04 10:05:49.196   674   674 I hwcomposer: [HWCDisplay] setColorTransformForJob ccorr_state=0->0 hint=0 force_disable_color=0  
10-04 10:05:49.198   674   868 D hwcomposer: (0:1) Layer+ (mva=0x0/sec=0/prot=0/fmt=1/alpha=1:0xff/blend=0002/dim=0/x=0 y=0 w=720 h=1280 s=736 -> x=0 y=0 w=720 h=1280/ext_layer=-1 ds=0 fbdc=1 is_mml=0) =
10-04 10:05:49.199   674   868 I hwcomposer: [DRMDEV] create blob id of color transform[success] mode=0 f=0 mat=1024    0    0    0   0 1024    0    0   0    0 1024    0   0    0    0 1024  
10-04 10:05:49.211   674   674 I hwcomposer: [HWCDisplay] setColorTransformForJob ccorr_state=0->0 hint=0 force_disable_color=0  
10-04 10:05:49.211   657  4738 D r_submix: out_write() wrote 4096 bytes 1024 frames
10-04 10:05:49.215   674   868 I hwcomposer: [DRMDEV] create blob id of color transform[success] mode=0 f=0 mat=1024    0    0    0   0 1024    0    0   0    0 1024    0   0    0    0 1024  
10-04 10:05:49.231   674   674 I hwcomposer: [HWCDisplay] setColorTransformForJob ccorr_state=0->0 hint=0 force_disable_color=0  
10-04 10:05:49.232   674   868 I hwcomposer: [DRMDEV] create blob id of color transform[success] mode=0 f=0 mat=1024    0    0    0   0 1024    0    0   0    0 1024    0   0    0    0 1024  
10-04 10:05:49.232   657  4738 D r_submix: out_write() wrote 4096 bytes 1024 frames
10-04 10:05:49.244   674   674 I hwcomposer: [HWCDisplay] setColorTransformForJob ccorr_state=0->0 hint=0 force_disable_color=0  
10-04 10:05:49.249   674   868 I hwcomposer: [DRMDEV] create blob id of color transform[success] mode=0 f=0 mat=1024    0    0    0   0 1024    0    0   0    0 1024    0   0    0    0 1024  
10-04 10:05:49.254   657  4738 D r_submix: out_write() wrote 4096 bytes 1024 frames
10-04 10:05:49.266   674   674 I hwcomposer: [HWCDisplay] setColorTransformForJob ccorr_state=0->0 hint=0 force_disable_color=0  
10-04 10:05:49.268   674   868 I hwcomposer: [DRMDEV] create blob id of color transform[success] mode=0 f=0 mat=1024    0    0    0   0 1024    0    0   0    0 1024    0   0    0    0 1024  
10-04 10:05:49.275   657  4738 D r_submix: out_write() wrote 4096 bytes 1024 frames
10-04 10:05:49.276   674   674 I hwcomposer: [HWCDisplay] setColorTransformForJob ccorr_state=0->0 hint=0 force_disable_color=0  
10-04 10:05:49.282   674   868 I hwcomposer: [DRMDEV] create blob id of color transform[success] mode=0 f=0 mat=1024    0    0    0   0 1024    0    0   0    0 1024    0   0    0    0 1024  
10-04 10:05:49.295   674   674 I hwcomposer: [HWCDisplay] setColorTransformForJob ccorr_state=0->0 hint=0 force_disable_color=0  
10-04 10:05:49.296   657  4738 D r_submix: out_write() wrote 4096 bytes 1024 frames
10-04 10:05:49.299   674   868 I hwcomposer: [DRMDEV] create blob id of color transform[success] mode=0 f=0 mat=1024    0    0    0   0 1024    0    0   0    0 1024    0   0    0    0 1024  
10-04 10:05:49.315   674   674 I hwcomposer: [HWCDisplay] setColorTransformForJob ccorr_state=0->0 hint=0 force_disable_color=0  
10-04 10:05:49.316   674   868 I hwcomposer: [DRMDEV] create blob id of color transform[success] mode=0 f=0 mat=1024    0    0    0   0 1024    0    0   0    0 1024    0   0    0    0 1024  
10-04 10:05:49.318   657  4738 D r_submix: out_write() wrote 4096 bytes 1024 frames
10-04 10:05:49.331   674   674 I hwcomposer: [HWCDisplay] setColorTransformForJob ccorr_state=0->0 hint=0 force_disable_color=0  
10-04 10:05:49.332   674   868 I hwcomposer: [DRMDEV] create blob id of color transform[success] mode=0 f=0 mat=1024    0    0    0   0 1024    0    0   0    0 1024    0   0    0    0 1024  
10-04 10:05:49.339   657  4738 D r_submix: out_write() wrote 4096 bytes 1024 frames
10-04 10:05:49.344   674   674 I hwcomposer: [HWCDisplay] setColorTransformForJob ccorr_state=0->0 hint=0 force_disable_color=0  
10-04 10:05:49.349   674   868 I hwcomposer: [DRMDEV] create blob id of color transform[success] mode=0 f=0 mat=1024    0    0    0   0 1024    0    0   0    0 1024    0   0    0    0 1024  
10-04 10:05:49.359  4660  4681 D PipelineWatcher: [0xb40000752cc7a4a8] pipelineFull: too many frames in pipeline (4)
10-04 10:05:49.360   657  4738 D r_submix: out_write() wrote 4096 bytes 1024 frames
10-04 10:05:49.362   674   674 I hwcomposer: [HWCDisplay] setColorTransformForJob ccorr_state=0->0 hint=0 force_disable_color=0  
10-04 10:05:49.365   674   868 I hwcomposer: [DRMDEV] create blob id of color transform[success] mode=0 f=0 mat=1024    0    0    0   0 1024    0    0   0    0 1024    0   0    0    0 1024  
10-04 10:05:49.378   674   674 I hwcomposer: [HWCDisplay] setColorTransformForJob ccorr_state=0->0 hint=0 force_disable_color=0  
10-04 10:05:49.382   657  4738 D r_submix: out_write() wrote 4096 bytes 1024 frames
10-04 10:05:49.382   674   868 I hwcomposer: [DRMDEV] create blob id of color transform[success] mode=0 f=0 mat=1024    0    0    0   0 1024    0    0   0    0 1024    0   0    0    0 1024  
10-04 10:05:49.394   732   732 I BufferQueueProducer: [VDS-scrcpy SINK](this:0xb400007a13f2b328,id:-1,api:1,p:732,c:732) queueBuffer: fps=46.15 dur=1018.35 max=247.11 min=10.88
10-04 10:05:49.395   732   732 I BufferQueueProducer: [FramebufferSurface](this:0xb400007a03ccdf80,id:-1,api:1,p:732,c:732) queueBuffer: fps=45.98 dur=1000.50 max=247.06 min=9.40
10-04 10:05:49.396   674   674 I hwcomposer: [HWCDisplay] setColorTransformForJob ccorr_state=0->0 hint=0 force_disable_color=0  
10-04 10:05:49.396   674   674 I hwcomposer: [HWCDisplay] [Display_0 (type:1)] fps:45.979958,dur:1000.44,max:247.06,min:9.07  
10-04 10:05:49.399   674   868 I hwcomposer: [DRMDEV] create blob id of color transform[success] mode=0 f=0 mat=1024    0    0    0   0 1024    0    0   0    0 1024    0   0    0    0 1024  
10-04 10:05:49.403   657  4738 D r_submix: out_write() wrote 4096 bytes 1024 frames
10-04 10:05:49.414   674   674 I hwcomposer: [HWCDisplay] setColorTransformForJob ccorr_state=0->0 hint=0 force_disable_color=0  
10-04 10:05:49.414   674   868 D hwcomposer: (0:0) Layer+ (mva=0x0/sec=0/prot=0/fmt=1/alpha=1:0xff/blend=0002/dim=0/x=0 y=0 w=720 h=1280 s=736 -> x=0 y=0 w=720 h=1280/ext_layer=-1 ds=142671872 fbdc=1 is_mml=0) =
10-04 10:05:49.415   674   868 D hwcomposer: (0:2) Layer+ (mva=0x0/sec=0/prot=0/fmt=1/alpha=1:0xff/blend=0002/dim=0/x=0 y=0 w=24 h=1280 s=32 -> x=696 y=0 w=24 h=1280/ext_layer=-1 ds=0 fbdc=1 is_mml=0) =
10-04 10:05:49.415   674   868 D hwcomposer: (0:3) Layer+ (mva=0x0/sec=0/prot=0/fmt=1/alpha=1:0xff/blend=0002/dim=0/x=0 y=0 w=72 h=1280 s=96 -> x=0 y=0 w=72 h=1280/ext_layer=-1 ds=0 fbdc=1 is_mml=0) =
10-04 10:05:49.415   674   868 I hwcomposer: [DRMDEV] create blob id of color transform[success] mode=0 f=0 mat=1024    0    0    0   0 1024    0    0   0    0 1024    0   0    0    0 1024  
10-04 10:05:49.424   657  4738 D r_submix: out_write() wrote 4096 bytes 1024 frames
10-04 10:05:49.427   674   674 I hwcomposer: [HWCDisplay] setColorTransformForJob ccorr_state=0->0 hint=0 force_disable_color=0  
10-04 10:05:49.432   674   868 I hwcomposer: [DRMDEV] create blob id of color transform[success] mode=0 f=0 mat=1024    0    0    0   0 1024    0    0   0    0 1024    0   0    0    0 1024  
10-04 10:05:49.446   657  4738 D r_submix: out_write() wrote 4096 bytes 1024 frames
10-04 10:05:49.448   674   674 I hwcomposer: [HWCDisplay] setColorTransformForJob ccorr_state=0->0 hint=0 force_disable_color=0  
10-04 10:05:49.449   674   868 I hwcomposer: [DRMDEV] create blob id of color transform[success] mode=0 f=0 mat=1024    0    0    0   0 1024    0    0   0    0 1024    0   0    0    0 1024  
10-04 10:05:49.458   681   689 W android.hardware.thermal@2.0-service.mtk: parseMsg: Get from client TYPE=thermal_hal_notify NAME=SKIN
10-04 10:05:49.458   681   689 W android.hardware.thermal@2.0-service.mtk: parseMsg:name.c_str():SKIN
10-04 10:05:49.458   681   689 W android.hardware.thermal@2.0-service.mtk: parseMsg:tz notify:SKIN
10-04 10:05:49.459   681   689 I android.hardware.thermal@2.0-service.mtk: Wait to accept a connection
10-04 10:05:49.459   681   689 I android.hardware.thermal@2.0-impl: Sending notification:  Type: SKIN Name: SKIN CurrentValue: 29.365 ThrottlingStatus: NONE
10-04 10:05:49.459   681   689 I android.hardware.thermal@2.0-impl: sendThermalChangedCallback
10-04 10:05:49.460   681   689 W android.hardware.thermal@2.0-service.mtk: parseMsg: Get from client TYPE=thermal_hal_notify NAME=BATTERY
10-04 10:05:49.460   681   689 W android.hardware.thermal@2.0-service.mtk: parseMsg:name.c_str():BATTERY
10-04 10:05:49.460   681   689 W android.hardware.thermal@2.0-service.mtk: parseMsg:tz notify:BATTERY
10-04 10:05:49.460   681   689 I android.hardware.thermal@2.0-service.mtk: Wait to accept a connection
10-04 10:05:49.463   681   689 I android.hardware.thermal@2.0-impl: Sending notification:  Type: BATTERY Name: BATTERY CurrentValue: 38 ThrottlingStatus: NONE
10-04 10:05:49.463   681   689 I android.hardware.thermal@2.0-impl: sendThermalChangedCallback
10-04 10:05:49.467   657  4738 D r_submix: out_write() wrote 4096 bytes 1024 frames
10-04 10:05:49.488   657  4738 D r_submix: out_write() wrote 4096 bytes 1024 frames
10-04 10:05:49.503   687   729 I libPerfCtl: xgfGetFPS pid:2780 fps:-1
10-04 10:05:49.503   687   729 I libPerfCtl: xgfGetFPS pid:3069 fps:-1
10-04 10:05:49.510   657  4738 D r_submix: out_write() wrote 4096 bytes 1024 frames
10-04 10:05:49.531   657  4738 D r_submix: out_write() wrote 4096 bytes 1024 frames
10-04 10:05:49.536  1080  1095 I mtkpower_client: Loaded mtkpower HAL service
10-04 10:05:49.538   694  3051 I libPowerHal: [perfLockAcq] idx:0 hdl:11 hint:25 pid:694 tid:694 duration:10000 lock_user:mtkpower@1.0-se => ret_hdl:11
10-04 10:05:49.538   694  3051 I libPowerHal: [PE] MTKPOWER_HINT_APP_TOUCH update cmd:3408b00 param:1
10-04 10:05:49.539   694   725 E libPowerHal: [getCPUFreq] error cid:2, nClusterNum:2
10-04 10:05:49.540   694  3051 I libPowerHal: [perfLockAcq] idx:1 hdl:12 hint:-1 pid:694 tid:725 duration:200 lock_user:mtkpower@1.0-se => ret_hdl:12
10-04 10:05:49.540   694  3051 I libPowerHal: [setClusterFreq] mtkpower@1.0-se set cpufreq[0] min:1517000 max:-1 cpufreq[1] min:1666000 max:-1 
10-04 10:05:49.540   694  3051 I libPowerHal: [setClusterFreq]  set cpu_ctrl cpufreq: 1517000 -1 1666000 -1 
10-04 10:05:49.540   694  3051 I libPowerHal: [PE] mtkpower@1.0-se update cmd:1408300, param:30
10-04 10:05:49.552   657  4738 D r_submix: out_write() wrote 4096 bytes 1024 frames
10-04 10:05:49.557   694  3051 I libPowerHal: [perfLockRel] hdl:12, idx:1
10-04 10:05:49.557   694  3051 I libPowerHal: [setClusterFreq]  set cpu_ctrl cpufreq: -1 -1 -1 -1 
10-04 10:05:49.557   694  3051 I libPowerHal: [PD] mtkpower@1.0-se update cmd:1408300 param:0
10-04 10:05:49.574   657  4738 D r_submix: out_write() wrote 4096 bytes 1024 frames
10-04 10:05:49.587   674   674 I hwcomposer: [HWCDisplay] setColorTransformForJob ccorr_state=0->0 hint=0 force_disable_color=0  
10-04 10:05:49.589   674   868 I hwcomposer: [DRMDEV] create blob id of color transform[success] mode=0 f=0 mat=1024    0    0    0   0 1024    0    0   0    0 1024    0   0    0    0 1024  
10-04 10:05:49.593  4660  4681 D PipelineWatcher: [0xb40000752cc7a4a8] pipelineFull: too many frames in pipeline (4)
10-04 10:05:49.595   657  4738 D r_submix: out_write() wrote 4096 bytes 1024 frames
10-04 10:05:49.616   657  4738 D r_submix: out_write() wrote 4096 bytes 1024 frames
10-04 10:05:49.629  3069  3069 D b/223498680: BaseRecentsViewStateController setStateWithAnimation state=AllApps, config.skipOverview=false
10-04 10:05:49.629  1080  1130 V DisplayPowerController[0]: Brightness [0.4] reason changing to: 'manual', previous reason: 'manual [ dim ]'.
10-04 10:05:49.629  3069  3069 D b/223498680: BaseRecentsViewStateController setStateWithAnimationInternal toState=AllApps, alpha=0.0
10-04 10:05:49.629  1080  1130 I DisplayPowerController[0]: BrightnessEvent: disp=0, brt=0.4, rcmdBrt=NaN, preBrt=NaN, lux=0.0, preLux=0.0, hbmMax=1.0, hbmMode=off, thrmMax=1.0, flags=, reason=manual
10-04 10:05:49.630   698   698 D Vibrator: Vibrator perform 1, 0
10-04 10:05:49.630   698   698 I Vibrator: Vibrator on for timeoutMs: 30
10-04 10:05:49.630   698   698 I Vibrator: Vibrator device does not exist. Cannot start vibrator
10-04 10:05:49.634  3069  3069 D b/223498680: LRV onStateTransitionStart setFreezeVisibility=true, toState=AllApps
10-04 10:05:49.636  1080  2763 E DisplayDeviceConfig: requesting nits when no mapping exists.
10-04 10:05:49.636  1080  2763 E DisplayDeviceConfig: requesting nits when no mapping exists.
10-04 10:05:49.638   685   685 D android.hardware.lights-service.mediatek: write 15 to /sys/class/leds/lcd-backlight/brightness, result: 0
10-04 10:05:49.638   657  4738 D r_submix: out_write() wrote 4096 bytes 1024 frames
10-04 10:05:49.654  1080  2763 E DisplayDeviceConfig: requesting nits when no mapping exists.
10-04 10:05:49.655  1080  2763 E DisplayDeviceConfig: requesting nits when no mapping exists.
10-04 10:05:49.656   685   685 D android.hardware.lights-service.mediatek: write 18 to /sys/class/leds/lcd-backlight/brightness, result: 0
10-04 10:05:49.659   657  4738 D r_submix: out_write() wrote 4096 bytes 1024 frames
10-04 10:05:49.663   698   698 D Vibrator: Vibrator off
10-04 10:05:49.663   698   698 I Vibrator: Vibrator device does not exist. Cannot start vibrator
10-04 10:05:49.666   674   674 I hwcomposer: [HWCDisplay] setColorTransformForJob ccorr_state=0->0 hint=0 force_disable_color=0  
10-04 10:05:49.667   674   868 I hwcomposer: [DRMDEV] create blob id of color transform[success] mode=0 f=0 mat=1024    0    0    0   0 1024    0    0   0    0 1024    0   0    0    0 1024  
10-04 10:05:49.670  1080  2763 E DisplayDeviceConfig: requesting nits when no mapping exists.
10-04 10:05:49.670  1080  2763 E DisplayDeviceConfig: requesting nits when no mapping exists.
10-04 10:05:49.670   685   685 D android.hardware.lights-service.mediatek: write 21 to /sys/class/leds/lcd-backlight/brightness, result: 0
10-04 10:05:49.680   657  4738 D r_submix: out_write() wrote 4096 bytes 1024 frames
10-04 10:05:49.689  1080  2763 E DisplayDeviceConfig: requesting nits when no mapping exists.
10-04 10:05:49.689  1080  2763 E DisplayDeviceConfig: requesting nits when no mapping exists.
10-04 10:05:49.690   685   685 D android.hardware.lights-service.mediatek: write 24 to /sys/class/leds/lcd-backlight/brightness, result: 0
10-04 10:05:49.702   657  4738 D r_submix: out_write() wrote 4096 bytes 1024 frames
10-04 10:05:49.705   732   732 I BufferQueueProducer: [com.android.launcher3/com.android.launcher3.uioverrides.QuickstepLauncher#153](this:0xb400007a53e384b0,id:-1,api:0,p:-1,c:732) queueBuffer: fps=46.24 dur=1016.54 max=133.80 min=16.17
10-04 10:05:49.707  1080  2763 E DisplayDeviceConfig: requesting nits when no mapping exists.
10-04 10:05:49.707  1080  2763 E DisplayDeviceConfig: requesting nits when no mapping exists.
10-04 10:05:49.708   685   685 D android.hardware.lights-service.mediatek: write 27 to /sys/class/leds/lcd-backlight/brightness, result: 0
10-04 10:05:49.717   674   674 I hwcomposer: [HWCDisplay] setColorTransformForJob ccorr_state=0->0 hint=0 force_disable_color=0  
10-04 10:05:49.718   674   868 D hwcomposer: (0:1) Layer+ (mva=0x0/sec=0/prot=0/fmt=1/alpha=1:0xff/blend=0002/dim=0/x=0 y=0 w=720 h=1280 s=736 -> x=0 y=0 w=720 h=1280/ext_layer=-1 ds=0 fbdc=1 is_mml=0) =
10-04 10:05:49.718   674   868 I hwcomposer: [DRMDEV] create blob id of color transform[success] mode=0 f=0 mat=1024    0    0    0   0 1024    0    0   0    0 1024    0   0    0    0 1024  
10-04 10:05:49.720  1080  2763 E DisplayDeviceConfig: requesting nits when no mapping exists.
10-04 10:05:49.720  1080  2763 E DisplayDeviceConfig: requesting nits when no mapping exists.
10-04 10:05:49.721   685   685 D android.hardware.lights-service.mediatek: write 30 to /sys/class/leds/lcd-backlight/brightness, result: 0
10-04 10:05:49.722   732   732 I BufferQueueProducer: [Taskbar#105](this:0xb400007a53e35720,id:-1,api:0,p:-1,c:732) queueBuffer: fps=10.18 dur=2356.44 max=1816.81 min=16.46
10-04 10:05:49.723   657  4738 D r_submix: out_write() wrote 4096 bytes 1024 frames
10-04 10:05:49.733   674   674 I hwcomposer: [HWCDisplay] setColorTransformForJob ccorr_state=0->0 hint=0 force_disable_color=0  
