01-01 00:00:40.270  1065  1065 W UserSystemPackageInstaller: com.android.theme.icon_pack.victor.systemui is allowlisted but not present.
01-01 00:00:40.270  1065  1065 W UserSystemPackageInstaller: com.android.theme.icon_pack.circular.themepicker is allowlisted but not present.
01-01 00:00:40.270  1065  1065 W UserSystemPackageInstaller: com.android.theme.color.tangerine is allowlisted but not present.
01-01 00:00:40.270  1065  1065 W UserSystemPackageInstaller: com.android.theme.color.aquamarine is allowlisted but not present.
01-01 00:00:40.270  1065  1065 W UserSystemPackageInstaller: com.android.theme.color.black is allowlisted but not present.
01-01 00:00:40.270  1065  1065 W UserSystemPackageInstaller: com.android.theme.color.green is allowlisted but not present.
01-01 00:00:40.270  1065  1065 W UserSystemPackageInstaller: com.android.theme.color.ocean is allowlisted but not present.
01-01 00:00:40.270  1065  1065 W UserSystemPackageInstaller: com.android.theme.color.space is allowlisted but not present.
01-01 00:00:40.270  1065  1065 W UserSystemPackageInstaller: com.android.theme.icon_pack.rounded.launcher is allowlisted but not present.
01-01 00:00:40.270  1065  1065 W UserSystemPackageInstaller: com.android.theme.icon_pack.kai.settings is allowlisted but not present.
01-01 00:00:40.270  1065  1065 W UserSystemPackageInstaller: com.android.internal.systemui.navbar.twobutton is allowlisted but not present.
01-01 00:00:40.270  1065  1065 W UserSystemPackageInstaller: com.android.theme.icon_pack.sam.settings is allowlisted but not present.
01-01 00:00:40.270  1065  1065 W UserSystemPackageInstaller: com.android.theme.icon_pack.kai.themepicker is allowlisted but not present.
01-01 00:00:40.270  1065  1065 W UserSystemPackageInstaller: com.android.theme.icon_pack.victor.launcher is allowlisted but not present.
01-01 00:00:40.270  1065  1065 W UserSystemPackageInstaller: com.android.theme.icon_pack.filled.settings is allowlisted but not present.
01-01 00:00:40.270  1065  1065 W UserSystemPackageInstaller: com.android.theme.icon_pack.kai.systemui is allowlisted but not present.
01-01 00:00:40.270  1065  1065 W UserSystemPackageInstaller: com.android.theme.icon_pack.circular.settings is allowlisted but not present.
01-01 00:00:40.270  1065  1065 W UserSystemPackageInstaller: com.android.theme.icon_pack.sam.systemui is allowlisted but not present.
01-01 00:00:40.270  1065  1065 W UserSystemPackageInstaller: com.android.theme.icon.teardrop is allowlisted but not present.
01-01 00:00:40.270  1065  1065 W UserSystemPackageInstaller: com.android.theme.icon_pack.rounded.themepicker is allowlisted but not present.
01-01 00:00:40.270  1065  1065 W UserSystemPackageInstaller: com.android.theme.icon_pack.filled.systemui is allowlisted but not present.
01-01 00:00:40.270  1065  1065 W UserSystemPackageInstaller: com.android.theme.icon_pack.sam.android is allowlisted but not present.
01-01 00:00:40.270  1065  1065 W UserSystemPackageInstaller: com.android.theme.icon_pack.filled.android is allowlisted but not present.
01-01 00:00:40.270  1065  1065 W UserSystemPackageInstaller: com.android.theme.icon_pack.circular.systemui is allowlisted but not present.
01-01 00:00:40.270  1065  1065 W UserSystemPackageInstaller: com.android.theme.icon_pack.kai.android is allowlisted but not present.
01-01 00:00:40.270  1065  1065 W UserSystemPackageInstaller: com.android.theme.icon_pack.kai.launcher is allowlisted but not present.
01-01 00:00:40.270  1065  1065 W UserSystemPackageInstaller: com.android.theme.icon_pack.sam.launcher is allowlisted but not present.
01-01 00:00:40.270  1065  1065 W UserSystemPackageInstaller: com.android.theme.icon.squircle is allowlisted but not present.
01-01 00:00:40.270  1065  1065 W UserSystemPackageInstaller: com.android.theme.icon_pack.victor.android is allowlisted but not present.
01-01 00:00:40.270  1065  1065 W UserSystemPackageInstaller: com.android.theme.color.palette is allowlisted but not present.
01-01 00:00:40.270  1065  1065 W UserSystemPackageInstaller: com.android.theme.icon_pack.filled.launcher is allowlisted but not present.
01-01 00:00:40.270  1065  1065 W UserSystemPackageInstaller: com.android.theme.color.carbon is allowlisted but not present.
01-01 00:00:40.270  1065  1065 W UserSystemPackageInstaller: com.android.theme.icon_pack.circular.launcher is allowlisted but not present.
01-01 00:00:40.270  1065  1065 W UserSystemPackageInstaller: com.android.theme.icon_pack.filled.themepicker is allowlisted but not present.
01-01 00:00:40.270  1065  1065 W UserSystemPackageInstaller: com.android.theme.icon_pack.victor.themepicker is allowlisted but not present.
01-01 00:00:40.270  1065  1065 W UserSystemPackageInstaller: com.android.theme.color.orchid is allowlisted but not present.
01-01 00:00:40.270  1065  1065 W UserSystemPackageInstaller: com.android.theme.color.purple is allowlisted but not present.
01-01 00:00:40.270  1065  1065 W UserSystemPackageInstaller: com.android.theme.icon_pack.sam.themepicker is allowlisted but not present.
01-01 00:00:40.270  1065  1065 W UserSystemPackageInstaller: com.android.theme.icon.roundedrect is allowlisted but not present.
01-01 00:00:40.270  1065  1065 W UserSystemPackageInstaller: com.android.theme.icon_pack.rounded.settings is allowlisted but not present.
01-01 00:00:40.270  1065  1065 W UserSystemPackageInstaller: com.android.theme.icon_pack.circular.android is allowlisted but not present.
01-01 00:00:40.270  1065  1065 I UserSystemPackageInstaller: Reviewing whitelisted packages due to [firstBoot]
01-01 00:00:40.272  1065  1065 I Watchdog: Resuming HandlerChecker: main thread for reason: packagemanagermain. Pause count: 0
01-01 00:00:40.272  1065  1065 I SystemServerDexLoadReporter: Configuring system server dex reporter
01-01 00:00:40.273  1065  1065 V SystemServerTiming: StartPackageManagerService took to complete: 3215ms
01-01 00:00:40.273  1065  1065 D SystemServerTiming: StartOtaDexOptService
01-01 00:00:40.273  1065  1065 I Watchdog: Pausing HandlerChecker: main thread for reason: moveab. Pause count: 1
01-01 00:00:40.274  1065  1065 D OTADexopt: No upgrade, skipping A/B artifacts check.
01-01 00:00:40.274  1065  1065 I Watchdog: Resuming HandlerChecker: main thread for reason: moveab. Pause count: 0
01-01 00:00:40.274  1065  1065 V SystemServerTiming: StartOtaDexOptService took to complete: 1ms
01-01 00:00:40.274  1065  1065 D SystemServerTiming: StartUserManagerService
01-01 00:00:40.274  1065  1065 I SystemServiceManager: Starting com.android.server.pm.UserManagerService$LifeCycle
01-01 00:00:40.274  1065  1065 V SystemServerTiming: StartUserManagerService took to complete: 1ms
01-01 00:00:40.274  1065  1065 D SystemServerTiming: InitAttributerCache
01-01 00:00:40.274  1065  1065 V SystemServerTiming: InitAttributerCache took to complete: 0ms
01-01 00:00:40.274  1065  1065 D SystemServerTiming: SetSystemProcess
01-01 00:00:40.282  1065  1096 I ActivityManager: Connection with lmkd established
01-01 00:00:40.286  1065  1065 D CompatibilityChangeReporter: Compat change id reported: 161145287; UID 1000; state: DISABLED
01-01 00:00:40.290  1065  1121 V HistoricalRegistry: Interaction before persistence initialized
01-01 00:00:40.295  1065  1065 V SystemServerTiming: SetSystemProcess took to complete: 21ms
01-01 00:00:40.295  1065  1065 D SystemServerTiming: InitWatchdog
01-01 00:00:40.298  1065  1065 V SystemServerTiming: InitWatchdog took to complete: 2ms
01-01 00:00:40.298  1065  1065 D SystemServerTiming: StartOverlayManagerService
01-01 00:00:40.301  1065  1121 V HistoricalRegistry: Interaction before persistence initialized
01-01 00:00:40.367  1065  1065 V SystemServerTiming: StartOverlayManagerService took to complete: 68ms
01-01 00:00:40.367  1065  1065 D SystemServerTiming: StartResourcesManagerService
01-01 00:00:40.368  1065  1065 V SystemServerTiming: StartResourcesManagerService took to complete: 1ms
01-01 00:00:40.368  1065  1065 D SystemServerTiming: StartSensorPrivacyService
01-01 00:00:40.369  1065  1065 V SystemServerTiming: StartSensorPrivacyService took to complete: 2ms
01-01 00:00:40.369  1065  1065 D SystemServerTiming: StartSensorService
01-01 00:00:40.369  1065  1065 I SystemServiceManager: Starting com.android.server.sensors.SensorService
01-01 00:00:40.370  1065  1082 W ActivityTaskManager: Skip updateConfiguration because mWindowManager isn't set
01-01 00:00:40.370  1065  1065 V SystemServerTiming: StartSensorService took to complete: 0ms
01-01 00:00:40.370  1065  1065 V SystemServerTiming: startBootstrapServices took to complete: 3564ms
01-01 00:00:40.370  1065  1065 I MtkSystemServerImpl: startMtkBootstrapServices
01-01 00:00:40.370  1065  1065 D SystemServerTiming: startCoreServices
01-01 00:00:40.370  1065  1065 D SystemServerTiming: StartSystemConfigService
01-01 00:00:40.370  1065  1065 I SystemServiceManager: Starting com.android.server.SystemConfigService
01-01 00:00:40.370  1065  1065 V SystemServerTiming: StartSystemConfigService took to complete: 1ms
01-01 00:00:40.370  1065  1065 D SystemServerTiming: StartBatteryService
01-01 00:00:40.370  1065  1065 I SystemServiceManager: Starting com.android.server.BatteryService
01-01 00:00:40.370  1065  2501 D SystemServerTimingAsync: InitThreadPoolExec:StartNativeSensorService
01-01 00:00:40.370  1065  2501 D SystemServerInitThreadPool: Started executing StartNativeSensorService
01-01 00:00:40.370  1065  2501 D SystemServerTimingAsync: StartNativeSensorService
01-01 00:00:40.379  1065  2501 V HistoricalRegistry: Interaction before persistence initialized
01-01 00:00:40.382  1065  2501 V SystemServerTimingAsync: StartNativeSensorService took to complete: 11ms
01-01 00:00:40.382  1065  2501 D SystemServerInitThreadPool: Finished executing StartNativeSensorService
01-01 00:00:40.382  1065  2501 V SystemServerTimingAsync: InitThreadPoolExec:StartNativeSensorService took to complete: 11ms
01-01 00:00:40.391  1065  1065 I HealthServiceWrapperAidl: health: HealthServiceWrapper listening to AIDL HAL
01-01 00:00:40.391  1065  1065 I BatteryService: health: Waited 0ms and received the update.
01-01 00:00:40.391  1065  1065 V SystemServerTiming: StartBatteryService took to complete: 21ms
01-01 00:00:40.392  1065  1065 D SystemServerTiming: StartUsageService
01-01 00:00:40.392  1065  1065 I SystemServiceManager: Starting com.android.server.usage.UsageStatsService
01-01 00:00:40.400  1065  1065 V SystemServerTiming: StartUsageService took to complete: 8ms
01-01 00:00:40.400  1065  1065 D SystemServerTiming: StartWebViewUpdateService
01-01 00:00:40.400  1065  1065 I SystemServiceManager: Starting com.android.server.webkit.WebViewUpdateService
01-01 00:00:40.402  1065  1065 V SystemServerTiming: StartWebViewUpdateService took to complete: 3ms
01-01 00:00:40.402  1065  1065 D SystemServerTiming: StartCachedDeviceStateService
01-01 00:00:40.402  1065  1065 I SystemServiceManager: Starting com.android.server.CachedDeviceStateService
01-01 00:00:40.402  1065  1065 V SystemServerTiming: StartCachedDeviceStateService took to complete: 0ms
01-01 00:00:40.403  1065  1065 D SystemServerTiming: StartBinderCallsStatsService
01-01 00:00:40.403  1065  1065 I SystemServiceManager: Starting com.android.server.BinderCallsStatsService$LifeCycle
01-01 00:00:40.404  1065  1065 V SystemServerTiming: StartBinderCallsStatsService took to complete: 1ms
01-01 00:00:40.404  1065  1065 D SystemServerTiming: StartLooperStatsService
01-01 00:00:40.404  1065  1065 I SystemServiceManager: Starting com.android.server.LooperStatsService$Lifecycle
01-01 00:00:40.404  1065  1065 V SystemServerTiming: StartLooperStatsService took to complete: 1ms
01-01 00:00:40.404  1065  1065 D SystemServerTiming: StartRollbackManagerService
01-01 00:00:40.405  1065  1065 I SystemServiceManager: Starting com.android.server.rollback.RollbackManagerService
01-01 00:00:40.406  1065  1065 I PackageWatchdog: Syncing state, reason: added new observer
01-01 00:00:40.406  1065  1065 I PackageWatchdog: Not pruning observers, elapsed time: 0ms
01-01 00:00:40.407  1065  1065 I PackageWatchdog: Cancelling state sync, nothing to sync
01-01 00:00:40.417  1065  1065 V SystemServerTiming: StartRollbackManagerService took to complete: 12ms
01-01 00:00:40.417  1065  1065 D SystemServerTiming: StartNativeTombstoneManagerService
01-01 00:00:40.417  1065  1065 I SystemServiceManager: Starting com.android.server.os.NativeTombstoneManagerService
01-01 00:00:40.418  1065  1065 V SystemServerTiming: StartNativeTombstoneManagerService took to complete: 0ms
01-01 00:00:40.418  1065  1065 D SystemServerTiming: StartBugreportManagerService
01-01 00:00:40.418  1065  1065 I SystemServiceManager: Starting com.android.server.os.BugreportManagerService
01-01 00:00:40.418  1065  1093 I PackageWatchdog: Saving observer state to file
01-01 00:00:40.419  1065  1065 V SystemServerTiming: StartBugreportManagerService took to complete: 1ms
01-01 00:00:40.419  1065  1065 D SystemServerTiming: GpuService
01-01 00:00:40.419  1065  1065 I SystemServiceManager: Starting com.android.server.gpu.GpuService
01-01 00:00:40.419  1065  1065 V SystemServerTiming: GpuService took to complete: 0ms
01-01 00:00:40.419  1065  1065 V SystemServerTiming: startCoreServices took to complete: 49ms
01-01 00:00:40.419  1065  1065 I MtkSystemServerImpl: startMtkCoreServices 
01-01 00:00:40.419  1065  1065 D SystemServerTiming: startOtherServices
01-01 00:00:40.419  1065  1065 D SystemServerTiming: StartKeyAttestationApplicationIdProviderService
01-01 00:00:40.419  1065  2511 D SystemServerTimingAsync: InitThreadPoolExec:SecondaryZygotePreload
01-01 00:00:40.420  1065  2511 D SystemServerInitThreadPool: Started executing SecondaryZygotePreload
01-01 00:00:40.420  1065  2511 I SystemServer: SecondaryZygotePreload
01-01 00:00:40.420  1065  2511 D SystemServerTimingAsync: SecondaryZygotePreload
01-01 00:00:40.421  1065  1065 V SystemServerTiming: StartKeyAttestationApplicationIdProviderService took to complete: 1ms
01-01 00:00:40.421  1065  1065 D SystemServerTiming: StartKeyChainSystemService
01-01 00:00:40.421  1065  1065 I SystemServiceManager: Starting com.android.server.security.KeyChainSystemService
01-01 00:00:40.421  1065  1065 V SystemServerTiming: StartKeyChainSystemService took to complete: 0ms
01-01 00:00:40.421  1065  1065 D SystemServerTiming: StartBinaryTransparencyService
01-01 00:00:40.421  1065  1065 I SystemServiceManager: Starting com.android.server.BinaryTransparencyService
01-01 00:00:40.422  1065  1065 I TransparencyService: Started BinaryTransparencyService
01-01 00:00:40.422  1065  1065 V SystemServerTiming: StartBinaryTransparencyService took to complete: 1ms
01-01 00:00:40.422  1065  1065 D SystemServerTiming: StartSchedulingPolicyService
01-01 00:00:40.422  1065  2512 D SystemServerTimingAsync: InitThreadPoolExec:SchedulingPolicyService.<init>
01-01 00:00:40.422  1065  2512 D SystemServerInitThreadPool: Started executing SchedulingPolicyService.<init>
01-01 00:00:40.423  1065  1065 V SystemServerTiming: StartSchedulingPolicyService took to complete: 2ms
01-01 00:00:40.423  1065  1065 D SystemServerTiming: StartTelecomLoaderService
01-01 00:00:40.424  1065  1065 I SystemServiceManager: Starting com.android.server.telecom.TelecomLoaderService
01-01 00:00:40.427  1065  2512 D SystemServerInitThreadPool: Finished executing SchedulingPolicyService.<init>
01-01 00:00:40.427  1065  2512 V SystemServerTimingAsync: InitThreadPoolExec:SchedulingPolicyService.<init> took to complete: 5ms
01-01 00:00:40.427  1065  1065 V SystemServerTiming: StartTelecomLoaderService took to complete: 4ms
01-01 00:00:40.427  1065  1065 D SystemServerTiming: StartTelephonyRegistry
01-01 00:00:40.431  1065  1065 V SystemServerTiming: StartTelephonyRegistry took to complete: 4ms
01-01 00:00:40.431  1065  1065 D SystemServerTiming: StartEntropyMixer
01-01 00:00:40.445  1065  1065 I EntropyMixer: Created seed file
01-01 00:00:40.445  1065  1065 V SystemServerTiming: StartEntropyMixer took to complete: 13ms
01-01 00:00:40.445  1065  1065 D SystemServerTiming: StartAccountManagerService
01-01 00:00:40.445  1065  1065 I SystemServiceManager: Starting com.android.server.accounts.AccountManagerService$Lifecycle
01-01 00:00:40.449  1065  1065 V SystemServerTiming: StartAccountManagerService took to complete: 5ms
01-01 00:00:40.449  1065  1065 D SystemServerTiming: StartContentService
01-01 00:00:40.449  1065  1065 I SystemServiceManager: Starting com.android.server.content.ContentService$Lifecycle
01-01 00:00:40.451  1065  1065 V SystemServerTiming: StartContentService took to complete: 1ms
01-01 00:00:40.451  1065  1065 D SystemServerTiming: InstallSystemProviders
01-01 00:00:40.465  1065  2497 V SystemServerTimingAsync: AppDataPrepare took to complete: 221ms
01-01 00:00:40.465  1065  2497 I PackageManager: Deferred reconcileAppsData finished 118 packages
01-01 00:00:40.465  1065  2497 D SystemServerInitThreadPool: Finished executing prepareAppData
01-01 00:00:40.465  1065  2497 V SystemServerTimingAsync: InitThreadPoolExec:prepareAppData took to complete: 224ms
01-01 00:00:40.465   648   648 V ZygoteInitTiming_lazy: BeginPreload took to complete: 43ms
01-01 00:00:40.488  1065  1065 W SettingsState: No settings state /data/system/users/0/settings_system.xml
01-01 00:00:40.491  1065  1065 W SettingsState: No settings state /data/system/users/0/settings_secure.xml
01-01 00:00:40.493  1065  1065 D SettingsProvider: Generated and saved new ANDROID_ID [ed791e28aa49d5bc] for user 0
01-01 00:00:40.494  1065  1065 W SettingsState: No settings state /data/system/users/0/settings_global.xml
01-01 00:00:40.498  1065  1065 W SettingsProvider: Upgrading settings for user: 0 from version: 118 to version: 210
01-01 00:00:40.499  1065  1065 D SettingsProvider: Setting [] as Autofill Service for user 0
01-01 00:00:40.508  1065  1065 W SettingsState: No settings state /data/system/users/0/settings_config.xml
01-01 00:00:40.508  1065  1065 W SettingsState: No settings state /data/system/users/0/settings_ssaid.xml
01-01 00:00:40.511  1065  1065 V SettingsProvider: packageValueForCallResult, name = null, value : Bundle[{_track_generation=android.util.MemoryIntArray@b3, value=null, _generation_index=0, _generation=1}]
01-01 00:00:40.512  1065  1065 V SettingsProvider: packageValueForCallResult, name = multi_press_timeout, value : Bundle[{_track_generation=android.util.MemoryIntArray@b3, value=300, _generation_index=2, _generation=1}]
01-01 00:00:40.512  1065  1065 V SettingsProvider: packageValueForCallResult, name = null, value : Bundle[{_track_generation=android.util.MemoryIntArray@b3, value=null, _generation_index=3, _generation=1}]
01-01 00:00:40.516  1065  1094 D ActivityManager: Freezer enabled
01-01 00:00:40.516  1065  1094 D ActivityManager: freezer override set to false
01-01 00:00:40.516  1065  1065 V SystemServerTiming: InstallSystemProviders took to complete: 64ms
01-01 00:00:40.516  1065  1065 D SystemServerTiming: UpdateWatchdogTimeout
01-01 00:00:40.516  1065  1065 I Watchdog: Watchdog timeout updated to 60000 millis
01-01 00:00:40.516  1065  1065 V SystemServerTiming: UpdateWatchdogTimeout took to complete: 0ms
01-01 00:00:40.516  1065  1065 D SystemServerTiming: StartDropBoxManager
01-01 00:00:40.516  1065  1065 I SystemServiceManager: Starting com.android.server.DropBoxManagerService
01-01 00:00:40.517  1065  1065 V SystemServerTiming: StartDropBoxManager took to complete: 1ms
01-01 00:00:40.517  1065  1065 D SystemServerTiming: StartRoleManagerService
01-01 00:00:40.517  1065  1065 I SystemServiceManager: Starting com.android.role.RoleService
01-01 00:00:40.519  1065  1065 V SystemServerTiming: StartRoleManagerService took to complete: 2ms
01-01 00:00:40.519  1065  1065 D SystemServerTiming: StartVibratorManagerService
01-01 00:00:40.519  1065  1065 I SystemServiceManager: Starting com.android.server.vibrator.VibratorManagerService$Lifecycle
01-01 00:00:40.526  1065  1065 V SystemServerTiming: StartVibratorManagerService took to complete: 7ms
01-01 00:00:40.526  1065  1065 D SystemServerTiming: StartDynamicSystemService
01-01 00:00:40.526  1065  1065 V SystemServerTiming: StartDynamicSystemService took to complete: 1ms
01-01 00:00:40.526  1065  1065 D SystemServerTiming: StartConsumerIrService
01-01 00:00:40.528  1065  1065 V SystemServerTiming: StartConsumerIrService took to complete: 2ms
01-01 00:00:40.528  1065  1065 D SystemServerTiming: StartResourceEconomy
01-01 00:00:40.528  1065  1065 I SystemServiceManager: Starting com.android.server.tare.InternalResourceService
01-01 00:00:40.531  1065  1065 V SystemServerTiming: StartResourceEconomy took to complete: 3ms
01-01 00:00:40.531  1065  1065 D SystemServerTiming: StartAlarmManagerService
01-01 00:00:40.531  1065  1065 I MtkSystemServerImpl: startMtkAlarmManagerService
01-01 00:00:40.533  1065  1065 I SystemServiceManager: Starting com.mediatek.server.MtkAlarmManagerService
01-01 00:00:40.536  1065  1065 I AlarmManager: Current time only 1262304040536, advancing to build time 1696413154000
10-04 09:52:34.004  1065  1065 V SystemServerTiming: StartAlarmManagerService took to complete: 9ms
10-04 09:52:34.004  1065  1065 D SystemServerTiming: StartInputManagerService
10-04 09:52:34.010  1065  1065 I InputManager: Initializing input manager, mUseDevInputEventForAudioJack=true
10-04 09:52:34.011  1065  1065 V SystemServerTiming: StartInputManagerService took to complete: 7ms
10-04 09:52:34.011  1065  1065 D SystemServerTiming: DeviceStateManagerService
10-04 09:52:34.011  1065  1065 I SystemServiceManager: Starting com.android.server.devicestate.DeviceStateManagerService
10-04 09:52:34.015  1065  1065 V SystemServerTiming: DeviceStateManagerService took to complete: 4ms
10-04 09:52:34.015  1065  1065 D SystemServerTiming: StartCameraServiceProxy
10-04 09:52:34.015  1065  1065 I SystemServiceManager: Starting com.android.server.camera.CameraServiceProxy
10-04 09:52:34.017  1065  1065 V SystemServerTiming: StartCameraServiceProxy took to complete: 2ms
10-04 09:52:34.017  1065  1065 D SystemServerTiming: StartWindowManagerService
10-04 09:52:34.017  1065  1065 I SystemServiceManager: Starting phase 200
10-04 09:52:34.018  1065  1065 D SystemServerTiming: OnBootPhase_200
10-04 09:52:34.018  1065  1065 D SystemServerTiming: OnBootPhase_200_com.android.server.security.FileIntegrityService
10-04 09:52:34.018  1065  1065 V SystemServerTiming: OnBootPhase_200_com.android.server.security.FileIntegrityService took to complete: 0ms
10-04 09:52:34.018  1065  1065 D SystemServerTiming: OnBootPhase_200_com.android.server.pm.Installer
10-04 09:52:34.018  1065  1065 V SystemServerTiming: OnBootPhase_200_com.android.server.pm.Installer took to complete: 0ms
10-04 09:52:34.018  1065  1065 D SystemServerTiming: OnBootPhase_200_com.android.server.os.DeviceIdentifiersPolicyService
10-04 09:52:34.018  1065  1065 V SystemServerTiming: OnBootPhase_200_com.android.server.os.DeviceIdentifiersPolicyService took to complete: 0ms
10-04 09:52:34.018  1065  1065 D SystemServerTiming: OnBootPhase_200_com.android.server.uri.UriGrantsManagerService$Lifecycle
10-04 09:52:34.018  1065  1065 V SystemServerTiming: OnBootPhase_200_com.android.server.uri.UriGrantsManagerService$Lifecycle took to complete: 0ms
10-04 09:52:34.018  1065  1065 D SystemServerTiming: OnBootPhase_200_com.android.server.powerstats.PowerStatsService
10-04 09:52:34.018  1065  1065 V SystemServerTiming: OnBootPhase_200_com.android.server.powerstats.PowerStatsService took to complete: 0ms
10-04 09:52:34.018  1065  1065 D SystemServerTiming: OnBootPhase_200_com.android.server.wm.ActivityTaskManagerService$Lifecycle
10-04 09:52:34.018  1065  1065 V SystemServerTiming: OnBootPhase_200_com.android.server.wm.ActivityTaskManagerService$Lifecycle took to complete: 0ms
10-04 09:52:34.018  1065  1065 D SystemServerTiming: OnBootPhase_200_com.android.server.am.ActivityManagerService$Lifecycle
10-04 09:52:34.018  1065  1065 V SystemServerTiming: OnBootPhase_200_com.android.server.am.ActivityManagerService$Lifecycle took to complete: 0ms
10-04 09:52:34.018  1065  1065 D SystemServerTiming: OnBootPhase_200_com.android.server.pm.DataLoaderManagerService
10-04 09:52:34.018  1065  1065 V SystemServerTiming: OnBootPhase_200_com.android.server.pm.DataLoaderManagerService took to complete: 0ms
10-04 09:52:34.018  1065  1065 D SystemServerTiming: OnBootPhase_200_com.android.server.power.PowerManagerService
10-04 09:52:34.018  1065  1065 V SystemServerTiming: OnBootPhase_200_com.android.server.power.PowerManagerService took to complete: 0ms
10-04 09:52:34.018  1065  1065 D SystemServerTiming: OnBootPhase_200_com.android.server.power.ThermalManagerService
10-04 09:52:34.018  1065  1065 V SystemServerTiming: OnBootPhase_200_com.android.server.power.ThermalManagerService took to complete: 0ms
10-04 09:52:34.018  1065  1065 D SystemServerTiming: OnBootPhase_200_com.android.server.power.hint.HintManagerService
10-04 09:52:34.018  1065  1065 V SystemServerTiming: OnBootPhase_200_com.android.server.power.hint.HintManagerService took to complete: 0ms
10-04 09:52:34.018  1065  1065 D SystemServerTiming: OnBootPhase_200_com.android.server.recoverysystem.RecoverySystemService$Lifecycle
10-04 09:52:34.018  1065  1065 V SystemServerTiming: OnBootPhase_200_com.android.server.recoverysystem.RecoverySystemService$Lifecycle took to complete: 0ms
10-04 09:52:34.018  1065  1065 D SystemServerTiming: OnBootPhase_200_com.android.server.lights.LightsService
10-04 09:52:34.018  1065  1065 V SystemServerTiming: OnBootPhase_200_com.android.server.lights.LightsService took to complete: 0ms
10-04 09:52:34.018  1065  1065 D SystemServerTiming: OnBootPhase_200_com.android.server.display.DisplayManagerService
10-04 09:52:34.018  1065  1065 V SystemServerTiming: OnBootPhase_200_com.android.server.display.DisplayManagerService took to complete: 0ms
10-04 09:52:34.018  1065  1065 D SystemServerTiming: OnBootPhase_200_com.android.server.pm.verify.domain.DomainVerificationService
10-04 09:52:34.018  1065  1065 V SystemServerTiming: OnBootPhase_200_com.android.server.pm.verify.domain.DomainVerificationService took to complete: 0ms
10-04 09:52:34.018  1065  1065 D SystemServerTiming: OnBootPhase_200_com.android.server.pm.PackageInstallerService$Lifecycle
10-04 09:52:34.018  1065  1065 V SystemServerTiming: OnBootPhase_200_com.android.server.pm.PackageInstallerService$Lifecycle took to complete: 0ms
10-04 09:52:34.018  1065  1065 D SystemServerTiming: OnBootPhase_200_com.android.server.pm.UserManagerService$LifeCycle
10-04 09:52:34.018  1065  1065 V SystemServerTiming: OnBootPhase_200_com.android.server.pm.UserManagerService$LifeCycle took to complete: 0ms
10-04 09:52:34.018  1065  1065 D SystemServerTiming: OnBootPhase_200_com.android.server.om.OverlayManagerService
10-04 09:52:34.018  1065  1065 V SystemServerTiming: OnBootPhase_200_com.android.server.om.OverlayManagerService took to complete: 0ms
10-04 09:52:34.018  1065  1065 D SystemServerTiming: OnBootPhase_200_com.android.server.resources.ResourcesManagerService
10-04 09:52:34.018  1065  1065 V SystemServerTiming: OnBootPhase_200_com.android.server.resources.ResourcesManagerService took to complete: 0ms
10-04 09:52:34.018  1065  1065 D SystemServerTiming: OnBootPhase_200_com.android.server.sensorprivacy.SensorPrivacyService
10-04 09:52:34.018  1065  1065 V SystemServerTiming: OnBootPhase_200_com.android.server.sensorprivacy.SensorPrivacyService took to complete: 0ms
10-04 09:52:34.018  1065  1065 D SystemServerTiming: OnBootPhase_200_com.android.server.sensors.SensorService
10-04 09:52:34.018  1065  1065 V SystemServerTiming: OnBootPhase_200_com.android.server.sensors.SensorService took to complete: 0ms
10-04 09:52:34.018  1065  1065 D SystemServerTiming: OnBootPhase_200_com.android.server.SystemConfigService
10-04 09:52:34.018  1065  1065 V SystemServerTiming: OnBootPhase_200_com.android.server.SystemConfigService took to complete: 0ms
10-04 09:52:34.018  1065  1065 D SystemServerTiming: OnBootPhase_200_com.android.server.BatteryService
10-04 09:52:34.018  1065  1065 V SystemServerTiming: OnBootPhase_200_com.android.server.BatteryService took to complete: 0ms
10-04 09:52:34.018  1065  1065 D SystemServerTiming: OnBootPhase_200_com.android.server.usage.UsageStatsService
10-04 09:52:34.018  1065  1065 V SystemServerTiming: OnBootPhase_200_com.android.server.usage.UsageStatsService took to complete: 0ms
10-04 09:52:34.018  1065  1065 D SystemServerTiming: OnBootPhase_200_com.android.server.webkit.WebViewUpdateService
10-04 09:52:34.018  1065  1065 V SystemServerTiming: OnBootPhase_200_com.android.server.webkit.WebViewUpdateService took to complete: 0ms
10-04 09:52:34.018  1065  1065 D SystemServerTiming: OnBootPhase_200_com.android.server.CachedDeviceStateService
10-04 09:52:34.018  1065  1065 V SystemServerTiming: OnBootPhase_200_com.android.server.CachedDeviceStateService took to complete: 0ms
10-04 09:52:34.018  1065  1065 D SystemServerTiming: OnBootPhase_200_com.android.server.BinderCallsStatsService$LifeCycle
10-04 09:52:34.018  1065  1065 V SystemServerTiming: OnBootPhase_200_com.android.server.BinderCallsStatsService$LifeCycle took to complete: 0ms
10-04 09:52:34.018  1065  1065 D SystemServerTiming: OnBootPhase_200_com.android.server.LooperStatsService$Lifecycle
10-04 09:52:34.018  1065  1065 V SystemServerTiming: OnBootPhase_200_com.android.server.LooperStatsService$Lifecycle took to complete: 0ms
10-04 09:52:34.018  1065  1065 D SystemServerTiming: OnBootPhase_200_com.android.server.rollback.RollbackManagerService
10-04 09:52:34.018  1065  1065 V SystemServerTiming: OnBootPhase_200_com.android.server.rollback.RollbackManagerService took to complete: 0ms
10-04 09:52:34.018  1065  1065 D SystemServerTiming: OnBootPhase_200_com.android.server.os.NativeTombstoneManagerService
10-04 09:52:34.018  1065  1065 V SystemServerTiming: OnBootPhase_200_com.android.server.os.NativeTombstoneManagerService took to complete: 0ms
10-04 09:52:34.018  1065  1065 D SystemServerTiming: OnBootPhase_200_com.android.server.os.BugreportManagerService
10-04 09:52:34.018  1065  1065 V SystemServerTiming: OnBootPhase_200_com.android.server.os.BugreportManagerService took to complete: 0ms
10-04 09:52:34.018  1065  1065 D SystemServerTiming: OnBootPhase_200_com.android.server.gpu.GpuService
10-04 09:52:34.018  1065  1065 V SystemServerTiming: OnBootPhase_200_com.android.server.gpu.GpuService took to complete: 0ms
10-04 09:52:34.018  1065  1065 D SystemServerTiming: OnBootPhase_200_com.android.server.security.KeyChainSystemService
10-04 09:52:34.018  1065  1065 V SystemServerTiming: OnBootPhase_200_com.android.server.security.KeyChainSystemService took to complete: 0ms
10-04 09:52:34.018  1065  1065 D SystemServerTiming: OnBootPhase_200_com.android.server.BinaryTransparencyService
10-04 09:52:34.018  1065  1065 V SystemServerTiming: OnBootPhase_200_com.android.server.BinaryTransparencyService took to complete: 0ms
10-04 09:52:34.018  1065  1065 D SystemServerTiming: OnBootPhase_200_com.android.server.telecom.TelecomLoaderService
10-04 09:52:34.018  1065  1065 V SystemServerTiming: OnBootPhase_200_com.android.server.telecom.TelecomLoaderService took to complete: 0ms
10-04 09:52:34.018  1065  1065 D SystemServerTiming: OnBootPhase_200_com.android.server.accounts.AccountManagerService$Lifecycle
10-04 09:52:34.018  1065  1065 V SystemServerTiming: OnBootPhase_200_com.android.server.accounts.AccountManagerService$Lifecycle took to complete: 0ms
10-04 09:52:34.018  1065  1065 D SystemServerTiming: OnBootPhase_200_com.android.server.content.ContentService$Lifecycle
10-04 09:52:34.018  1065  1065 V SystemServerTiming: OnBootPhase_200_com.android.server.content.ContentService$Lifecycle took to complete: 0ms
10-04 09:52:34.019  1065  1065 D SystemServerTiming: OnBootPhase_200_com.android.server.DropBoxManagerService
10-04 09:52:34.019  1065  1065 V SystemServerTiming: OnBootPhase_200_com.android.server.DropBoxManagerService took to complete: 0ms
10-04 09:52:34.019  1065  1065 D SystemServerTiming: OnBootPhase_200_com.android.role.RoleService
10-04 09:52:34.019  1065  1065 V SystemServerTiming: OnBootPhase_200_com.android.role.RoleService took to complete: 0ms
10-04 09:52:34.019  1065  1065 D SystemServerTiming: OnBootPhase_200_com.android.server.vibrator.VibratorManagerService$Lifecycle
10-04 09:52:34.019  1065  1065 V SystemServerTiming: OnBootPhase_200_com.android.server.vibrator.VibratorManagerService$Lifecycle took to complete: 0ms
10-04 09:52:34.019  1065  1065 D SystemServerTiming: OnBootPhase_200_com.android.server.tare.InternalResourceService
10-04 09:52:34.019  1065  1065 V SystemServerTiming: OnBootPhase_200_com.android.server.tare.InternalResourceService took to complete: 0ms
10-04 09:52:34.019  1065  1065 D SystemServerTiming: OnBootPhase_200_com.mediatek.server.MtkAlarmManagerService
10-04 09:52:34.019  1065  1065 V SystemServerTiming: OnBootPhase_200_com.mediatek.server.MtkAlarmManagerService took to complete: 0ms
10-04 09:52:34.019  1065  1065 D SystemServerTiming: OnBootPhase_200_com.android.server.devicestate.DeviceStateManagerService
10-04 09:52:34.019  1065  1065 V SystemServerTiming: OnBootPhase_200_com.android.server.devicestate.DeviceStateManagerService took to complete: 0ms
10-04 09:52:34.019  1065  1065 D SystemServerTiming: OnBootPhase_200_com.android.server.camera.CameraServiceProxy
10-04 09:52:34.019  1065  1065 V SystemServerTiming: OnBootPhase_200_com.android.server.camera.CameraServiceProxy took to complete: 0ms
10-04 09:52:34.019  1065  1065 V SystemServerTiming: OnBootPhase_200 took to complete: 1ms
10-04 09:52:34.020  1065  1065 I WindowManager: No existing display settings, starting empty
10-04 09:52:34.020  1065  1065 I WindowManager: No existing display settings, starting empty
10-04 09:52:34.033  1065  1065 V SystemServerTiming: StartWindowManagerService took to complete: 15ms
10-04 09:52:34.033  1065  1065 D SystemServerTiming: SetWindowManagerService
10-04 09:52:34.059  1065  1065 I ActivityTaskManager: Loaded persisted task ids for user 0
10-04 09:52:34.060  1065  1065 V SystemServerTiming: SetWindowManagerService took to complete: 27ms
10-04 09:52:34.060  1065  1065 D SystemServerTiming: WindowManagerServiceOnInitReady
10-04 09:52:34.070  1065  1065 V SystemServerTiming: WindowManagerServiceOnInitReady took to complete: 10ms
10-04 09:52:34.070  1065  1065 D SystemServerTiming: StartInputManager
10-04 09:52:34.070  1065  1065 I InputManager: Starting input manager
10-04 09:52:34.070  1065  2528 D SystemServerTimingAsync: InitThreadPoolExec:StartHidlServices
10-04 09:52:34.070  1065  2528 D SystemServerInitThreadPool: Started executing StartHidlServices
10-04 09:52:34.070  1065  2528 D SystemServerTimingAsync: StartHidlServices
10-04 09:52:34.072  1065  1065 V SystemServerTiming: StartInputManager took to complete: 2ms
10-04 09:52:34.072  1065  1065 D SystemServerTiming: DisplayManagerWindowManagerAndInputReady
10-04 09:52:34.072  1065  1065 V SystemServerTiming: DisplayManagerWindowManagerAndInputReady took to complete: 0ms
10-04 09:52:34.072  1065  1065 D SystemServerTiming: StartBluetoothService
10-04 09:52:34.072  1065  1085 I LogicalDisplayMapper: Requesting Transition to state: 0, from state=-1, interactive=true
10-04 09:52:34.072  1065  1085 I LogicalDisplayMapper: Applying layout: [{addr: {port=0, model=0x40368bd6e7ee6c}, dispId: 0(ON)}], Previous layout: [{addr: {port=0, model=0x40368bd6e7ee6c}, dispId: 0(ON)}]
10-04 09:52:34.072  1065  2528 V SystemServerTimingAsync: StartHidlServices took to complete: 1ms
10-04 09:52:34.072  1065  2528 D SystemServerInitThreadPool: Finished executing StartHidlServices
10-04 09:52:34.072  1065  2528 V SystemServerTimingAsync: InitThreadPoolExec:StartHidlServices took to complete: 2ms
10-04 09:52:34.080  1065  1065 I SystemServiceManager: Starting com.android.server.bluetooth.BluetoothService
10-04 09:52:34.083  1065  1065 V SystemServerTiming: StartBluetoothService took to complete: 11ms
10-04 09:52:34.083  1065  1065 D SystemServerTiming: IpConnectivityMetrics
10-04 09:52:34.084  1065  1065 I SystemServiceManager: Starting com.android.server.connectivity.IpConnectivityMetrics
10-04 09:52:34.084  1065  1065 V SystemServerTiming: IpConnectivityMetrics took to complete: 1ms
10-04 09:52:34.084  1065  1065 D SystemServerTiming: NetworkWatchlistService
10-04 09:52:34.084  1065  1065 I SystemServiceManager: Starting com.android.server.net.watchlist.NetworkWatchlistService$Lifecycle
10-04 09:52:34.086  1065  2533 I WatchlistLoggingHandler: Start aggregating watchlist records.
10-04 09:52:34.087  1065  1065 V SystemServerTiming: NetworkWatchlistService took to complete: 3ms
10-04 09:52:34.087  1065  1065 D SystemServerTiming: PinnerService
10-04 09:52:34.087  1065  1065 I SystemServiceManager: Starting com.android.server.PinnerService
10-04 09:52:34.087  1065  1065 V HistoricalRegistry: Interaction before persistence initialized
10-04 09:52:34.088  1065  1065 V SystemServerTiming: PinnerService took to complete: 1ms
10-04 09:52:34.088  1065  1093 D PinnerService: pinRangeStream: null
10-04 09:52:34.088  1065  1065 D SystemServerTiming: SignedConfigService
10-04 09:52:34.088  1065  1093 D PinnerService: pinRangeStream: null
10-04 09:52:34.088  1065  1065 V SystemServerTiming: SignedConfigService took to complete: 0ms
10-04 09:52:34.088  1065  1065 D SystemServerTiming: AppIntegrityService
10-04 09:52:34.088  1065  1065 I SystemServiceManager: Starting com.android.server.integrity.AppIntegrityManagerService
10-04 09:52:34.089  1065  1093 E PinnerService: Could not pin file /system/lib/libjavacrypto.so
10-04 09:52:34.089  1065  1093 E PinnerService: android.system.ErrnoException: open failed: ENOENT (No such file or directory)
10-04 09:52:34.089  1065  1093 E PinnerService: 	at libcore.io.Linux.open(Native Method)
10-04 09:52:34.089  1065  1093 E PinnerService: 	at libcore.io.ForwardingOs.open(ForwardingOs.java:563)
10-04 09:52:34.089  1065  1093 E PinnerService: 	at libcore.io.BlockGuardOs.open(BlockGuardOs.java:274)
10-04 09:52:34.089  1065  1093 E PinnerService: 	at android.system.Os.open(Os.java:494)
10-04 09:52:34.089  1065  1093 E PinnerService: 	at com.android.server.PinnerService.pinFileRanges(PinnerService.java:975)
10-04 09:52:34.089  1065  1093 E PinnerService: 	at com.android.server.PinnerService.pinFile(PinnerService.java:850)
10-04 09:52:34.089  1065  1093 E PinnerService: 	at com.android.server.PinnerService.handlePinOnStart(PinnerService.java:305)
10-04 09:52:34.089  1065  1093 E PinnerService: 	at com.android.server.PinnerService.-$$Nest$mhandlePinOnStart(Unknown Source:0)
10-04 09:52:34.089  1065  1093 E PinnerService: 	at com.android.server.PinnerService$PinnerHandler.handleMessage(PinnerService.java:1219)
10-04 09:52:34.089  1065  1093 E PinnerService: 	at android.os.Handler.dispatchMessage(Handler.java:106)
10-04 09:52:34.089  1065  1093 E PinnerService: 	at android.os.Looper.loopOnce(Looper.java:201)
10-04 09:52:34.089  1065  1093 E PinnerService: 	at android.os.Looper.loop(Looper.java:288)
10-04 09:52:34.089  1065  1093 E PinnerService: 	at android.os.HandlerThread.run(HandlerThread.java:67)
10-04 09:52:34.089  1065  1093 E PinnerService: Failed to pin file = /system/lib/libjavacrypto.so
10-04 09:52:34.090  1065  1093 D PinnerService: pinRangeStream: null
10-04 09:52:34.090  1065  1065 V SystemServerTiming: AppIntegrityService took to complete: 2ms
10-04 09:52:34.090  1065  1065 D SystemServerTiming: StartLogcatManager
10-04 09:52:34.090  1065  1065 I SystemServiceManager: Starting com.android.server.logcat.LogcatManagerService
10-04 09:52:34.090  1065  1093 E PinnerService: Could not pin file /system/lib/libhidltransport.so
10-04 09:52:34.090  1065  1093 E PinnerService: android.system.ErrnoException: open failed: ENOENT (No such file or directory)
10-04 09:52:34.090  1065  1093 E PinnerService: 	at libcore.io.Linux.open(Native Method)
10-04 09:52:34.090  1065  1093 E PinnerService: 	at libcore.io.ForwardingOs.open(ForwardingOs.java:563)
10-04 09:52:34.090  1065  1093 E PinnerService: 	at libcore.io.BlockGuardOs.open(BlockGuardOs.java:274)
10-04 09:52:34.090  1065  1093 E PinnerService: 	at android.system.Os.open(Os.java:494)
10-04 09:52:34.090  1065  1093 E PinnerService: 	at com.android.server.PinnerService.pinFileRanges(PinnerService.java:975)
10-04 09:52:34.090  1065  1093 E PinnerService: 	at com.android.server.PinnerService.pinFile(PinnerService.java:850)
10-04 09:52:34.090  1065  1093 E PinnerService: 	at com.android.server.PinnerService.handlePinOnStart(PinnerService.java:305)
10-04 09:52:34.090  1065  1093 E PinnerService: 	at com.android.server.PinnerService.-$$Nest$mhandlePinOnStart(Unknown Source:0)
10-04 09:52:34.090  1065  1093 E PinnerService: 	at com.android.server.PinnerService$PinnerHandler.handleMessage(PinnerService.java:1219)
10-04 09:52:34.090  1065  1093 E PinnerService: 	at android.os.Handler.dispatchMessage(Handler.java:106)
10-04 09:52:34.090  1065  1093 E PinnerService: 	at android.os.Looper.loopOnce(Looper.java:201)
10-04 09:52:34.090  1065  1093 E PinnerService: 	at android.os.Looper.loop(Looper.java:288)
10-04 09:52:34.090  1065  1093 E PinnerService: 	at android.os.HandlerThread.run(HandlerThread.java:67)
10-04 09:52:34.090  1065  1093 E PinnerService: Failed to pin file = /system/lib/libhidltransport.so
10-04 09:52:34.090  1065  1093 D PinnerService: pinRangeStream: null
10-04 09:52:34.091  1065  1093 D PinnerService: pinRangeStream: null
10-04 09:52:34.091  1065  1093 E PinnerService: Could not pin file /system/framework/arm/boot-conscrypt.oat
10-04 09:52:34.091  1065  1093 E PinnerService: android.system.ErrnoException: open failed: ENOENT (No such file or directory)
10-04 09:52:34.091  1065  1093 E PinnerService: 	at libcore.io.Linux.open(Native Method)
10-04 09:52:34.091  1065  1093 E PinnerService: 	at libcore.io.ForwardingOs.open(ForwardingOs.java:563)
10-04 09:52:34.091  1065  1093 E PinnerService: 	at libcore.io.BlockGuardOs.open(BlockGuardOs.java:274)
10-04 09:52:34.091  1065  1093 E PinnerService: 	at android.system.Os.open(Os.java:494)
10-04 09:52:34.091  1065  1093 E PinnerService: 	at com.android.server.PinnerService.pinFileRanges(PinnerService.java:975)
10-04 09:52:34.091  1065  1093 E PinnerService: 	at com.android.server.PinnerService.pinFile(PinnerService.java:850)
10-04 09:52:34.091  1065  1093 E PinnerService: 	at com.android.server.PinnerService.handlePinOnStart(PinnerService.java:305)
10-04 09:52:34.091  1065  1093 E PinnerService: 	at com.android.server.PinnerService.-$$Nest$mhandlePinOnStart(Unknown Source:0)
10-04 09:52:34.091  1065  1093 E PinnerService: 	at com.android.server.PinnerService$PinnerHandler.handleMessage(PinnerService.java:1219)
10-04 09:52:34.091  1065  1093 E PinnerService: 	at android.os.Handler.dispatchMessage(Handler.java:106)
10-04 09:52:34.091  1065  1093 E PinnerService: 	at android.os.Looper.loopOnce(Looper.java:201)
10-04 09:52:34.091  1065  1093 E PinnerService: 	at android.os.Looper.loop(Looper.java:288)
10-04 09:52:34.091  1065  1093 E PinnerService: 	at android.os.HandlerThread.run(HandlerThread.java:67)
10-04 09:52:34.091  1065  1093 E PinnerService: Failed to pin file = /system/framework/arm/boot-conscrypt.oat
10-04 09:52:34.091  1065  1093 D PinnerService: pinRangeStream: null
10-04 09:52:34.092  1065  1093 D PinnerService: pinRangeStream: null
10-04 09:52:34.092  1065  1093 D PinnerService: pinRangeStream: null
10-04 09:52:34.092  1065  1093 D PinnerService: pinRangeStream: null
10-04 09:52:34.092  1065  1065 V SystemServerTiming: StartLogcatManager took to complete: 2ms
10-04 09:52:34.092  1065  1065 I WindowManager: SAFE MODE not enabled
10-04 09:52:34.092  1065  1065 D SystemServerTiming: StartInputMethodManagerLifecycle
10-04 09:52:34.092  1065  1065 I SystemServiceManager: Starting com.android.server.inputmethod.InputMethodManagerService$Lifecycle
10-04 09:52:34.095  1065  1065 V SystemServerTiming: StartInputMethodManagerLifecycle took to complete: 3ms
10-04 09:52:34.095  1065  1065 D SystemServerTiming: StartAccessibilityManagerService
10-04 09:52:34.095  1065  1065 I SystemServiceManager: Starting com.android.server.accessibility.AccessibilityManagerService$Lifecycle
10-04 09:52:34.098  1065  1065 V SystemServerTiming: StartAccessibilityManagerService took to complete: 3ms
10-04 09:52:34.098  1065  1065 D SystemServerTiming: MakeDisplayReady
10-04 09:52:34.100  1065  1065 I ActivityTaskManager: Config changes=20005df8 {1.0 ?mcc?mnc [en_US] ldltr sw720dp w1280dp h696dp 160dpi xlrg long land ?uimode ?night -touch -keyb/h/h -nav/h winConfig={ mBounds=Rect(0, 0 - 1280, 720) mAppBounds=Rect(0, 0 - 1280, 720) mMaxBounds=Rect(0, 0 - 1280, 720) mDisplayRotation=ROTATION_0 mWindowingMode=fullscreen mDisplayWindowingMode=fullscreen mActivityType=undefined mAlwaysOnTop=undefined mRotation=ROTATION_0} s.2 ?fontWeightAdjustment}
10-04 09:52:34.101  1065  1065 I WindowManager: Override config changes=60007dfc {1.0 ?mcc?mnc [en_US] ldltr sw720dp w1280dp h696dp 160dpi xlrg long land ?uimode ?night -touch -keyb/h/h -nav/h winConfig={ mBounds=Rect(0, 0 - 1280, 720) mAppBounds=Rect(0, 0 - 1280, 720) mMaxBounds=Rect(0, 0 - 1280, 720) mDisplayRotation=ROTATION_0 mWindowingMode=fullscreen mDisplayWindowingMode=fullscreen mActivityType=undefined mAlwaysOnTop=undefined mRotation=ROTATION_0} s.2 ?fontWeightAdjustment} for displayId=0
10-04 09:52:34.104  1065  1065 I ActivityTaskManager: Config changes=8 {1.0 ?mcc?mnc [en_US] ldltr sw720dp w1280dp h696dp 160dpi xlrg long land ?uimode ?night finger -keyb/h/h -nav/h winConfig={ mBounds=Rect(0, 0 - 1280, 720) mAppBounds=Rect(0, 0 - 1280, 720) mMaxBounds=Rect(0, 0 - 1280, 720) mDisplayRotation=ROTATION_0 mWindowingMode=fullscreen mDisplayWindowingMode=fullscreen mActivityType=undefined mAlwaysOnTop=undefined mRotation=ROTATION_0} s.4 ?fontWeightAdjustment}
10-04 09:52:34.105  1065  1065 I WindowManager: Override config changes=8 {1.0 ?mcc?mnc [en_US] ldltr sw720dp w1280dp h696dp 160dpi xlrg long land ?uimode ?night finger -keyb/h/h -nav/h winConfig={ mBounds=Rect(0, 0 - 1280, 720) mAppBounds=Rect(0, 0 - 1280, 720) mMaxBounds=Rect(0, 0 - 1280, 720) mDisplayRotation=ROTATION_0 mWindowingMode=fullscreen mDisplayWindowingMode=fullscreen mActivityType=undefined mAlwaysOnTop=undefined mRotation=ROTATION_0} s.4 ?fontWeightAdjustment} for displayId=0
10-04 09:52:34.105  1065  1065 V SystemServerTiming: MakeDisplayReady took to complete: 7ms
10-04 09:52:34.105  1065  1065 D SystemServerTiming: StartStorageManagerService
10-04 09:52:34.105  1065  1065 I MtkSystemServerImpl: PPL not supported, retruning, will start AOSP StorageManagerService
10-04 09:52:34.105  1065  1065 I SystemServiceManager: Starting com.android.server.StorageManagerService$Lifecycle
10-04 09:52:34.115  1065  2537 D StorageManagerService: Thinking about init, mBootCompleted=false, mDaemonConnected=true
10-04 09:52:34.116  1065  2537 D StorageManagerService: Thinking about reset, mBootCompleted=false, mDaemonConnected=true
10-04 09:52:34.116  1065  1065 D StorageManagerService: CE storage for users [0] is already unlocked
10-04 09:52:34.117  1065  2537 D StorageManagerService: Thinking about init, mBootCompleted=false, mDaemonConnected=true
10-04 09:52:34.117  1065  1065 V SystemServerTiming: StartStorageManagerService took to complete: 12ms
10-04 09:52:34.117  1065  1065 D SystemServerTiming: StartStorageStatsService
10-04 09:52:34.117  1065  1065 I SystemServiceManager: Starting com.android.server.usage.StorageStatsService$Lifecycle
10-04 09:52:34.117  1065  2537 D StorageManagerService: Thinking about reset, mBootCompleted=false, mDaemonConnected=true
10-04 09:52:34.123  1065  1065 V SystemServerTiming: StartStorageStatsService took to complete: 7ms
10-04 09:52:34.124  1065  1065 D SystemServerTiming: StartUiModeManager
10-04 09:52:34.124  1065  1065 I SystemServiceManager: Starting com.android.server.UiModeManagerService
10-04 09:52:34.124  1065  2538 D SystemServerTimingAsync: InitThreadPoolExec:UiModeManager.onStart
10-04 09:52:34.125  1065  2538 D SystemServerInitThreadPool: Started executing UiModeManager.onStart
10-04 09:52:34.125  1065  1065 V SystemServerTiming: StartUiModeManager took to complete: 1ms
10-04 09:52:34.125  1065  1065 D SystemServerTiming: StartLocaleManagerService
10-04 09:52:34.125  1065  1065 I SystemServiceManager: Starting com.android.server.locales.LocaleManagerService
10-04 09:52:34.129  1065  2538 D SystemServerInitThreadPool: Finished executing UiModeManager.onStart
10-04 09:52:34.129  1065  2538 V SystemServerTimingAsync: InitThreadPoolExec:UiModeManager.onStart took to complete: 4ms
10-04 09:52:34.131  1065  1065 V SystemServerTiming: StartLocaleManagerService took to complete: 6ms
10-04 09:52:34.131  1065  1065 D SystemServerTiming: UpdatePackagesIfNeeded
10-04 09:52:34.131  1065  1065 I Watchdog: Pausing HandlerChecker: main thread for reason: dexopt. Pause count: 1
10-04 09:52:34.491   648   648 V ZygoteInitTiming_lazy: PreloadClasses took to complete: 562ms
10-04 09:52:34.502   648   648 V ZygoteInitTiming_lazy: CacheNonBootClasspathClassLoaders took to complete: 11ms
10-04 09:52:34.522   648   648 V ZygoteInitTiming_lazy: PreloadResources took to complete: 20ms
10-04 09:52:34.807  1065  2511 V SystemServerTimingAsync: SecondaryZygotePreload took to complete: 924ms
10-04 09:52:34.807  1065  2511 D SystemServerInitThreadPool: Finished executing SecondaryZygotePreload
10-04 09:52:34.807  1065  2511 V SystemServerTimingAsync: InitThreadPoolExec:SecondaryZygotePreload took to complete: 924ms
10-04 09:52:35.556  1065  2533 I WatchlistLoggingHandler: Milliseconds spent on tryAggregateRecords(): 1470
10-04 09:52:35.559  1065  1084 I DropBoxManagerService: add tag=system_server_strictmode isTagEnabled=true flags=0x2
10-04 09:52:35.560  1065  1084 I DropBoxManagerService: add tag=system_server_strictmode isTagEnabled=true flags=0x2
