10-04 09:52:35.561  1065  1084 I DropBoxManagerService: add tag=system_server_strictmode isTagEnabled=true flags=0x2
10-04 09:52:35.561  1065  1084 I DropBoxManagerService: add tag=system_server_strictmode isTagEnabled=true flags=0x2
10-04 09:52:35.561  1065  1084 I DropBoxManagerService: add tag=system_server_strictmode isTagEnabled=true flags=0x2
10-04 09:52:35.561  1065  1084 I DropBoxManagerService: add tag=system_server_strictmode isTagEnabled=true flags=0x2
10-04 09:52:35.562  1065  1084 I DropBoxManagerService: add tag=system_server_strictmode isTagEnabled=true flags=0x2
10-04 09:52:35.562  1065  1084 I DropBoxManagerService: add tag=system_server_strictmode isTagEnabled=true flags=0x2
10-04 09:52:35.562  1065  1084 I DropBoxManagerService: add tag=system_server_strictmode isTagEnabled=true flags=0x2
10-04 09:52:35.563  1065  1084 I DropBoxManagerService: add tag=system_server_strictmode isTagEnabled=true flags=0x2
10-04 09:52:35.807   569   589 I keystore2: keystore2::watchdog: Watchdog thread idle -> terminating. Have a great day.
10-04 09:52:36.541  1065  1065 I Watchdog: Resuming HandlerChecker: main thread for reason: dexopt. Pause count: 0
10-04 09:52:36.541  1065  1065 V SystemServerTiming: UpdatePackagesIfNeeded took to complete: 2410ms
10-04 09:52:36.541  1065  1065 D SystemServerTiming: PerformFstrimIfNeeded
10-04 09:52:36.542  1065  1065 W PackageManager: No disk maintenance in 1696413156542; running immediately
10-04 09:52:36.542  1065  1065 V SystemServerTiming: PerformFstrimIfNeeded took to complete: 1ms
10-04 09:52:36.542  1065  1065 D SystemServerTiming: StartLockSettingsService
10-04 09:52:36.542  1065  1065 I SystemServiceManager: Starting com.android.server.locksettings.LockSettingsService$Lifecycle
10-04 09:52:36.542  1065  2537 I StorageManagerService: Running fstrim idle maintenance
10-04 09:52:36.544   441  2692 D vold    : Starting trim of /metadata
10-04 09:52:36.544   441  2692 I vold    : Trimmed 0 bytes on /metadata in 0ms
10-04 09:52:36.544   441  2692 D vold    : Starting trim of /data
10-04 09:52:36.544  1065  1121 I DropBoxManagerService: add tag=storage_trim isTagEnabled=true flags=0x2
10-04 09:52:36.613   441  2692 I vold    : Trimmed 0 bytes on /data in 68ms
10-04 09:52:36.613   441  2692 D vold    : Starting trim of /mnt/vendor/protect_f
10-04 09:52:36.613   441  2692 I vold    : Trimmed 0 bytes on /mnt/vendor/protect_f in 0ms
10-04 09:52:36.613   441  2692 D vold    : Starting trim of /mnt/vendor/protect_s
10-04 09:52:36.613   441  2692 I vold    : Trimmed 0 bytes on /mnt/vendor/protect_s in 0ms
10-04 09:52:36.613   441  2692 D vold    : Starting trim of /mnt/vendor/nvdata
10-04 09:52:36.613   441  2692 W vold    : Failed to open /mnt/vendor/nvdata: Permission denied
10-04 09:52:36.613   441  2692 D vold    : Starting trim of /mnt/vendor/nvcfg
10-04 09:52:36.613   441  2692 W vold    : Failed to open /mnt/vendor/nvcfg: Permission denied
10-04 09:52:36.614  1065  1121 I DropBoxManagerService: add tag=storage_trim isTagEnabled=true flags=0x2
10-04 09:52:36.614  1065  1121 I DropBoxManagerService: add tag=storage_trim isTagEnabled=true flags=0x2
10-04 09:52:36.615  1065  1121 I DropBoxManagerService: add tag=storage_trim isTagEnabled=true flags=0x2
10-04 09:52:36.631  1065  1065 W SystemServiceManager: Service com.android.server.locksettings.LockSettingsService$Lifecycle took 89 ms in onStart
10-04 09:52:36.631  1065  1065 V SystemServerTiming: StartLockSettingsService took to complete: 89ms
10-04 09:52:36.632  1065  1065 D SystemServerTiming: StartPersistentDataBlock
10-04 09:52:36.632  1065  1065 I SystemServiceManager: Starting com.android.server.PersistentDataBlockService
10-04 09:52:36.632  1065  1065 V SystemServerTiming: StartPersistentDataBlock took to complete: 0ms
10-04 09:52:36.632  1065  1065 D SystemServerTiming: StartTestHarnessMode
10-04 09:52:36.632  1065  1065 I SystemServiceManager: Starting com.android.server.testharness.TestHarnessModeService
10-04 09:52:36.633  1065  2694 D SystemServerTimingAsync: InitThreadPoolExec:PersistentDataBlockService.onStart
10-04 09:52:36.633  1065  2694 D SystemServerInitThreadPool: Started executing PersistentDataBlockService.onStart
10-04 09:52:36.633  1065  1065 V SystemServerTiming: StartTestHarnessMode took to complete: 1ms
10-04 09:52:36.633  1065  1065 D SystemServerTiming: StartOemLockService
10-04 09:52:36.633  1065  1065 I SystemServiceManager: Starting com.android.server.oemlock.OemLockService
10-04 09:52:36.634  1065  1065 I OemLock : OemLock HAL not present on device
10-04 09:52:36.634  1065  1065 I OemLock : Using persistent data block based lock
10-04 09:52:36.635  1065  1065 V SystemServerTiming: StartOemLockService took to complete: 2ms
10-04 09:52:36.635  1065  1065 D SystemServerTiming: StartDeviceIdleController
10-04 09:52:36.635  1065  1065 I SystemServiceManager: Starting com.android.server.DeviceIdleController
10-04 09:52:36.638  1065  1065 V SystemServerTiming: StartDeviceIdleController took to complete: 3ms
10-04 09:52:36.638  1065  1065 D SystemServerTiming: StartDevicePolicyManager
10-04 09:52:36.638  1065  1065 I SystemServiceManager: Starting com.android.server.devicepolicy.DevicePolicyManagerService$Lifecycle
10-04 09:52:36.639  1065  2694 I PersistentDataBlockService: Formatting FRP partition...
10-04 09:52:36.645  1065  1065 E DevicePolicyManager: Error reading version
10-04 09:52:36.645  1065  1065 E DevicePolicyManager: java.nio.file.NoSuchFileException: /data/system/device_policies_version
10-04 09:52:36.645  1065  1065 E DevicePolicyManager: 	at sun.nio.fs.UnixFileSystemProvider.newByteChannel(UnixFileSystemProvider.java:214)
10-04 09:52:36.645  1065  1065 E DevicePolicyManager: 	at java.nio.file.Files.newByteChannel(Files.java:361)
10-04 09:52:36.645  1065  1065 E DevicePolicyManager: 	at java.nio.file.Files.newByteChannel(Files.java:407)
10-04 09:52:36.645  1065  1065 E DevicePolicyManager: 	at java.nio.file.spi.FileSystemProvider.newInputStream(FileSystemProvider.java:384)
10-04 09:52:36.645  1065  1065 E DevicePolicyManager: 	at java.nio.file.Files.newInputStream(Files.java:152)
10-04 09:52:36.645  1065  1065 E DevicePolicyManager: 	at java.nio.file.Files.newBufferedReader(Files.java:2784)
10-04 09:52:36.645  1065  1065 E DevicePolicyManager: 	at java.nio.file.Files.readAllLines(Files.java:3202)
10-04 09:52:36.645  1065  1065 E DevicePolicyManager: 	at com.android.server.devicepolicy.PolicyVersionUpgrader.readVersion(PolicyVersionUpgrader.java:251)
10-04 09:52:36.645  1065  1065 E DevicePolicyManager: 	at com.android.server.devicepolicy.PolicyVersionUpgrader.upgradePolicy(PolicyVersionUpgrader.java:71)
10-04 09:52:36.645  1065  1065 E DevicePolicyManager: 	at com.android.server.devicepolicy.DevicePolicyManagerService.performPolicyVersionUpgrade(DevicePolicyManagerService.java:3103)
10-04 09:52:36.645  1065  1065 E DevicePolicyManager: 	at com.android.server.devicepolicy.DevicePolicyManagerService.<init>(DevicePolicyManagerService.java:1824)
10-04 09:52:36.645  1065  1065 E DevicePolicyManager: 	at com.android.server.devicepolicy.DevicePolicyManagerService.<init>(DevicePolicyManagerService.java:1766)
10-04 09:52:36.645  1065  1065 E DevicePolicyManager: 	at java.lang.reflect.Constructor.newInstance0(Native Method)
10-04 09:52:36.645  1065  1065 E DevicePolicyManager: 	at java.lang.reflect.Constructor.newInstance(Constructor.java:343)
10-04 09:52:36.645  1065  1065 E DevicePolicyManager: 	at com.android.server.devicepolicy.DevicePolicyManagerService$Lifecycle.<init>(DevicePolicyManagerService.java:844)
10-04 09:52:36.645  1065  1065 E DevicePolicyManager: 	at java.lang.reflect.Constructor.newInstance0(Native Method)
10-04 09:52:36.645  1065  1065 E DevicePolicyManager: 	at java.lang.reflect.Constructor.newInstance(Constructor.java:343)
10-04 09:52:36.645  1065  1065 E DevicePolicyManager: 	at com.android.server.SystemServiceManager.startService(SystemServiceManager.java:221)
10-04 09:52:36.645  1065  1065 E DevicePolicyManager: 	at com.android.server.SystemServer.startOtherServices(SystemServer.java:1859)
10-04 09:52:36.645  1065  1065 E DevicePolicyManager: 	at com.android.server.SystemServer.run(SystemServer.java:956)
10-04 09:52:36.645  1065  1065 E DevicePolicyManager: 	at com.android.server.SystemServer.main(SystemServer.java:658)
10-04 09:52:36.645  1065  1065 E DevicePolicyManager: 	at java.lang.reflect.Method.invoke(Native Method)
10-04 09:52:36.645  1065  1065 E DevicePolicyManager: 	at com.android.internal.os.RuntimeInit$MethodAndArgsCaller.run(RuntimeInit.java:569)
10-04 09:52:36.645  1065  1065 E DevicePolicyManager: 	at com.android.internal.os.ZygoteInit.main(ZygoteInit.java:993)
10-04 09:52:36.647  1065  1065 I DevicePolicyManager: Upgrading from version 0
10-04 09:52:36.647  1065  1065 I DevicePolicyManager: Upgrading from version 1
10-04 09:52:36.647  1065  1065 I DevicePolicyManager: Upgrading from version 2
10-04 09:52:36.652  1065  1065 V SystemServerTiming: StartDevicePolicyManager took to complete: 14ms
10-04 09:52:36.652  1065  1065 D SystemServerTiming: StartStatusBarManagerService
10-04 09:52:36.653  1065  2694 D SystemServerInitThreadPool: Finished executing PersistentDataBlockService.onStart
10-04 09:52:36.653  1065  2694 V SystemServerTimingAsync: InitThreadPoolExec:PersistentDataBlockService.onStart took to complete: 21ms
10-04 09:52:36.656  1065  1065 V SystemServerTiming: StartStatusBarManagerService took to complete: 4ms
10-04 09:52:36.656  1065  1065 D SystemServer: MusicRecognitionManagerService not defined by OEM or disabled by flag
10-04 09:52:36.656  1065  1065 D SystemServer: ContentCaptureService disabled because resource is not overlaid
10-04 09:52:36.657  1065  1065 D SystemServer: AttentionService is not configured on this device
10-04 09:52:36.657  1065  1065 D SystemServer: RotationResolverService is not configured on this device
10-04 09:52:36.657  1065  1065 D SystemServer: SystemCaptionsManagerService disabled because resource is not overlaid
10-04 09:52:36.657  1065  1065 D SystemServerTiming: StartTextToSpeechManagerService
10-04 09:52:36.657  1065  1065 I SystemServiceManager: Starting com.android.server.texttospeech.TextToSpeechManagerService
10-04 09:52:36.658  1065  1065 V SystemServerTiming: StartTextToSpeechManagerService took to complete: 1ms
10-04 09:52:36.658  1065  1065 D SystemServerTiming: StartAmbientContextService
10-04 09:52:36.659  1065  1065 I SystemServiceManager: Starting com.android.server.ambientcontext.AmbientContextManagerService
10-04 09:52:36.661  1065  1065 V SystemServerTiming: StartAmbientContextService took to complete: 2ms
10-04 09:52:36.661  1065  1065 D SystemServerTiming: StartSpeechRecognitionManagerService
10-04 09:52:36.661  1065  1065 I SystemServiceManager: Starting com.android.server.speech.SpeechRecognitionManagerService
10-04 09:52:36.662  1065  1065 V SystemServerTiming: StartSpeechRecognitionManagerService took to complete: 1ms
10-04 09:52:36.662  1065  1065 D SystemServer: AppPredictionService not defined by OEM
10-04 09:52:36.662  1065  1065 D SystemServer: ContentSuggestionsService not defined by OEM
10-04 09:52:36.662  1065  1065 D SystemServerTiming: StartSearchUiService
10-04 09:52:36.662  1065  1065 I SystemServiceManager: Starting com.android.server.searchui.SearchUiManagerService
10-04 09:52:36.663  1065  1065 V SystemServerTiming: StartSearchUiService took to complete: 1ms
10-04 09:52:36.663  1065  1065 D SystemServerTiming: StartSmartspaceService
10-04 09:52:36.663  1065  1065 I SystemServiceManager: Starting com.android.server.smartspace.SmartspaceManagerService
10-04 09:52:36.665  1065  1065 V SystemServerTiming: StartSmartspaceService took to complete: 1ms
10-04 09:52:36.665  1065  1065 D SystemServerTiming: StartCloudSearchService
10-04 09:52:36.665  1065  1065 I SystemServiceManager: Starting com.android.server.cloudsearch.CloudSearchManagerService
10-04 09:52:36.667  1065  1065 V SystemServerTiming: StartCloudSearchService took to complete: 2ms
10-04 09:52:36.668  1065  1065 D SystemServerTiming: InitConnectivityModuleConnector
10-04 09:52:36.668  1065  1065 D ConnectivityModuleConnector: Network stack init
10-04 09:52:36.669  1065  1065 V SystemServerTiming: InitConnectivityModuleConnector took to complete: 1ms
10-04 09:52:36.669  1065  1065 D SystemServerTiming: InitNetworkStackClient
10-04 09:52:36.669  1065  1065 V SystemServerTiming: InitNetworkStackClient took to complete: 1ms
10-04 09:52:36.670  1065  1065 D SystemServerTiming: StartNetworkManagementService
10-04 09:52:36.672  1065  1065 V SystemServerTiming: StartNetworkManagementService took to complete: 2ms
10-04 09:52:36.673  1065  1065 D SystemServerTiming: StartFontManagerService
10-04 09:52:36.760  1065  1065 V SystemServerTiming: StartFontManagerService took to complete: 87ms
10-04 09:52:36.760  1065  1065 D SystemServerTiming: StartTextServicesManager
10-04 09:52:36.760  1065  1065 I SystemServiceManager: Starting com.android.server.textservices.TextServicesManagerService$Lifecycle
10-04 09:52:36.761  1065  1065 V SystemServerTiming: StartTextServicesManager took to complete: 0ms
10-04 09:52:36.761  1065  1065 D SystemServerTiming: StartTextClassificationManagerService
10-04 09:52:36.761  1065  1065 I SystemServiceManager: Starting com.android.server.textclassifier.TextClassificationManagerService$Lifecycle
10-04 09:52:36.762  1065  1065 V SystemServerTiming: StartTextClassificationManagerService took to complete: 1ms
10-04 09:52:36.762  1065  1065 D SystemServerTiming: StartNetworkScoreService
10-04 09:52:36.762  1065  1065 I SystemServiceManager: Starting com.android.server.NetworkScoreService$Lifecycle
10-04 09:52:36.763  1065  1065 V SystemServerTiming: StartNetworkScoreService took to complete: 1ms
10-04 09:52:36.763  1065  1065 D SystemServerTiming: StartNetworkStatsService
10-04 09:52:36.772  1065  1065 I SystemServiceManager: Starting com.android.server.NetworkStatsServiceInitializer
10-04 09:52:36.790  1065  1065 V SystemServerTiming: StartNetworkStatsService took to complete: 27ms
10-04 09:52:36.790  1065  1065 D SystemServerTiming: StartNetworkPolicyManagerService
10-04 09:52:36.792  1065  1065 V SystemServerTiming: StartNetworkPolicyManagerService took to complete: 2ms
10-04 09:52:36.792  1065  1065 D SystemServerTiming: StartWifi
10-04 09:52:36.805  1065  1065 I SystemServiceManager: Starting com.android.server.wifi.WifiService
10-04 09:52:36.849   919   919 I wificond: New wificond event callback registered
10-04 09:52:36.851  1065  1065 V HistoricalRegistry: Interaction before persistence initialized
10-04 09:52:36.853  1065  1065 V SystemServerTiming: StartWifi took to complete: 61ms
10-04 09:52:36.853  1065  1065 D SystemServerTiming: StartWifiScanning
10-04 09:52:36.853  1065  1065 I SystemServiceManager: Starting com.android.server.wifi.scanner.WifiScanningService
10-04 09:52:36.856  1065  1065 V SystemServerTiming: StartWifiScanning took to complete: 3ms
10-04 09:52:36.856  1065  1065 D SystemServerTiming: StartWifiP2P
10-04 09:52:36.856  1065  1065 I SystemServiceManager: Starting com.android.server.wifi.p2p.WifiP2pService
10-04 09:52:36.860  1065  1065 V SystemServerTiming: StartWifiP2P took to complete: 4ms
10-04 09:52:36.860  1065  1065 D SystemServerTiming: StartPacProxyService
10-04 09:52:36.861  1065  1065 V SystemServerTiming: StartPacProxyService took to complete: 1ms
10-04 09:52:36.861  1065  1065 D SystemServerTiming: StartConnectivityService
10-04 09:52:36.861  1065  1065 I SystemServiceManager: Starting com.android.server.ConnectivityServiceInitializer
10-04 09:52:36.876  1065  1065 D CompatibilityChangeReporter: Compat change id reported: 182478738; UID 1000; state: ENABLED
10-04 09:52:36.890  1065  1065 V SystemServerTiming: StartConnectivityService took to complete: 30ms
10-04 09:52:36.891  1065  1065 D SystemServerTiming: StartVpnManagerService
10-04 09:52:36.892  1065  1065 V SystemServerTiming: StartVpnManagerService took to complete: 1ms
10-04 09:52:36.892  1065  1065 D SystemServerTiming: StartVcnManagementService
10-04 09:52:36.894  1065  1065 V SystemServerTiming: StartVcnManagementService took to complete: 2ms
10-04 09:52:36.894  1065  1065 D SystemServerTiming: StartSystemUpdateManagerService
10-04 09:52:36.894  1065  1065 I SystemUpdateManagerService: No existing info file /data/system/system-update-info.xml
10-04 09:52:36.894  1065  1065 V SystemServerTiming: StartSystemUpdateManagerService took to complete: 0ms
10-04 09:52:36.894  1065  1065 D SystemServerTiming: StartUpdateLockService
10-04 09:52:36.895  1065  1065 V SystemServerTiming: StartUpdateLockService took to complete: 1ms
10-04 09:52:36.895  1065  1065 D SystemServerTiming: StartNotificationManager
10-04 09:52:36.895  1065  1065 I SystemServiceManager: Starting com.android.server.notification.NotificationManagerService
10-04 09:52:36.900  1065  1065 D ConditionProviders.SCP: new ScheduleConditionProvider()
10-04 09:52:36.903  1065  1065 I ConditionProviders:  Allowing condition provider com.android.camera2 (userSet: true)
10-04 09:52:36.903  1065  1065 I ConditionProviders:  Allowing condition provider android.ext.services/android.ext.services.notification.Assistant (userSet: true)
10-04 09:52:36.903  1065  1065 I NotificationAssistants:  Allowing notification assistant android.ext.services/android.ext.services.notification.Assistant (userSet: false)
10-04 09:52:36.904  1065  1065 V NotificationAssistants: enabling notification assistant for 0: ComponentInfo{android.ext.services/android.ext.services.notification.Assistant}
10-04 09:52:36.904  1065  1065 V NotificationAssistants: binding: Intent { act=android.service.notification.NotificationAssistantService cmp=android.ext.services/.notification.Assistant (has extras) }
10-04 09:52:36.909  1065  1065 V SystemServerTiming: StartNotificationManager took to complete: 14ms
10-04 09:52:36.909  1065  1065 D SystemServerTiming: StartDeviceMonitor
10-04 09:52:36.909  1065  1065 I SystemServiceManager: Starting com.android.server.storage.DeviceStorageMonitorService
10-04 09:52:36.910  1065  1065 V SystemServerTiming: StartDeviceMonitor took to complete: 1ms
10-04 09:52:36.910  1065  1065 D SystemServerTiming: StartLocationManagerService
10-04 09:52:36.910  1065  1065 I SystemServiceManager: Starting com.android.server.location.LocationManagerService$Lifecycle
10-04 09:52:36.914  1065  1065 V SystemServerTiming: StartLocationManagerService took to complete: 4ms
10-04 09:52:36.914  1065  1065 D SystemServerTiming: StartCountryDetectorService
10-04 09:52:36.915  1065  1065 V SystemServerTiming: StartCountryDetectorService took to complete: 1ms
10-04 09:52:36.915  1065  1065 D SystemServerTiming: StartTimeDetectorService
10-04 09:52:36.915  1065  1065 I SystemServiceManager: Starting com.android.server.timedetector.TimeDetectorService$Lifecycle
10-04 09:52:36.916  1065  1065 V SystemServerTiming: StartTimeDetectorService took to complete: 1ms
10-04 09:52:36.916  1065  1065 D SystemServerTiming: StartTimeZoneDetectorService
10-04 09:52:36.916  1065  1065 I SystemServiceManager: Starting com.android.server.timezonedetector.TimeZoneDetectorService$Lifecycle
10-04 09:52:36.918  1065  1065 V SystemServerTiming: StartTimeZoneDetectorService took to complete: 2ms
10-04 09:52:36.918  1065  1065 D SystemServerTiming: StartLocationTimeZoneManagerService
10-04 09:52:36.918  1065  1065 I SystemServiceManager: Starting com.android.server.timezonedetector.location.LocationTimeZoneManagerService$Lifecycle
10-04 09:52:36.918  1065  1065 V SystemServerTiming: StartLocationTimeZoneManagerService took to complete: 0ms
10-04 09:52:36.918  1065  1065 D SystemServerTiming: StartSearchManagerService
10-04 09:52:36.918  1065  1065 I SystemServiceManager: Starting com.android.server.search.SearchManagerService$Lifecycle
10-04 09:52:36.919  1065  1065 V SystemServerTiming: StartSearchManagerService took to complete: 1ms
10-04 09:52:36.919  1065  1065 D SystemServerTiming: StartWallpaperManagerService
10-04 09:52:36.919  1065  1065 I SystemServiceManager: Starting com.android.server.wallpaper.WallpaperManagerService$Lifecycle
10-04 09:52:36.920  1065  1065 V SystemServerTiming: StartWallpaperManagerService took to complete: 1ms
10-04 09:52:36.920  1065  1065 D SystemServerTiming: StartWallpaperEffectsGenerationService
10-04 09:52:36.920  1065  1065 I SystemServiceManager: Starting com.android.server.wallpapereffectsgeneration.WallpaperEffectsGenerationManagerService
10-04 09:52:36.921  1065  1065 V SystemServerTiming: StartWallpaperEffectsGenerationService took to complete: 1ms
10-04 09:52:36.921  1065  1065 D SystemServerTiming: StartAudioService
10-04 09:52:36.921  1065  1065 I SystemServiceManager: Starting com.android.server.audio.AudioService$Lifecycle
10-04 09:52:36.936  1065  1065 V SettingsProvider: name : mode_ringer_streams_affected appId : 1000
10-04 09:52:36.945  1065  1065 V SystemServerTiming: StartAudioService took to complete: 24ms
10-04 09:52:36.945  1065  1065 D SystemServerTiming: StartSoundTriggerMiddlewareService
10-04 09:52:36.945  1065  1065 I SystemServiceManager: Starting com.android.server.soundtrigger_middleware.SoundTriggerMiddlewareService$Lifecycle
10-04 09:52:36.951  1065  1065 V SystemServerTiming: StartSoundTriggerMiddlewareService took to complete: 6ms
10-04 09:52:36.951  1065  1065 D SystemServerTiming: StartDockObserver
10-04 09:52:36.951  1065  1065 I SystemServiceManager: Starting com.android.server.DockObserver
10-04 09:52:36.952  1065  1065 W ExtconUEventObserver: Unable to read /sys/devices/platform/1c400000.hdmirx/extcon/HDMI_audio_extcon_rx/cable.0/name. This probably means the selinux policies need to be changed.
10-04 09:52:36.952  1065  1065 W ExtconUEventObserver: java.io.FileNotFoundException: /sys/class/extcon/HDMI_audio_extcon_rx/cable.0/name: open failed: EACCES (Permission denied)
10-04 09:52:36.952  1065  1065 W ExtconUEventObserver: 	at libcore.io.IoBridge.open(IoBridge.java:574)
10-04 09:52:36.952  1065  1065 W ExtconUEventObserver: 	at java.io.FileInputStream.<init>(FileInputStream.java:160)
10-04 09:52:36.952  1065  1065 W ExtconUEventObserver: 	at android.os.FileUtils.readTextFile(FileUtils.java:637)
10-04 09:52:36.952  1065  1065 W ExtconUEventObserver: 	at com.android.server.ExtconUEventObserver$ExtconInfo.<init>(ExtconUEventObserver.java:222)
10-04 09:52:36.952  1065  1065 W ExtconUEventObserver: 	at com.android.server.ExtconUEventObserver$ExtconInfo.initExtconInfos(ExtconUEventObserver.java:173)
10-04 09:52:36.952  1065  1065 W ExtconUEventObserver: 	at com.android.server.ExtconUEventObserver$ExtconInfo.getExtconInfoForTypes(ExtconUEventObserver.java:185)
10-04 09:52:36.952  1065  1065 W ExtconUEventObserver: 	at com.android.server.DockObserver.<init>(DockObserver.java:170)
10-04 09:52:36.952  1065  1065 W ExtconUEventObserver: 	at java.lang.reflect.Constructor.newInstance0(Native Method)
10-04 09:52:36.952  1065  1065 W ExtconUEventObserver: 	at java.lang.reflect.Constructor.newInstance(Constructor.java:343)
10-04 09:52:36.952  1065  1065 W ExtconUEventObserver: 	at com.android.server.SystemServiceManager.startService(SystemServiceManager.java:221)
10-04 09:52:36.952  1065  1065 W ExtconUEventObserver: 	at com.android.server.SystemServer.startOtherServices(SystemServer.java:2200)
10-04 09:52:36.952  1065  1065 W ExtconUEventObserver: 	at com.android.server.SystemServer.run(SystemServer.java:956)
10-04 09:52:36.952  1065  1065 W ExtconUEventObserver: 	at com.android.server.SystemServer.main(SystemServer.java:658)
10-04 09:52:36.952  1065  1065 W ExtconUEventObserver: 	at java.lang.reflect.Method.invoke(Native Method)
10-04 09:52:36.952  1065  1065 W ExtconUEventObserver: 	at com.android.internal.os.RuntimeInit$MethodAndArgsCaller.run(RuntimeInit.java:569)
10-04 09:52:36.952  1065  1065 W ExtconUEventObserver: 	at com.android.internal.os.ZygoteInit.main(ZygoteInit.java:993)
10-04 09:52:36.952  1065  1065 W ExtconUEventObserver: Caused by: android.system.ErrnoException: open failed: EACCES (Permission denied)
10-04 09:52:36.952  1065  1065 W ExtconUEventObserver: 	at libcore.io.Linux.open(Native Method)
10-04 09:52:36.952  1065  1065 W ExtconUEventObserver: 	at libcore.io.ForwardingOs.open(ForwardingOs.java:563)
10-04 09:52:36.952  1065  1065 W ExtconUEventObserver: 	at libcore.io.BlockGuardOs.open(BlockGuardOs.java:274)
10-04 09:52:36.952  1065  1065 W ExtconUEventObserver: 	at libcore.io.IoBridge.open(IoBridge.java:560)
10-04 09:52:36.952  1065  1065 W ExtconUEventObserver: 	... 15 more
10-04 09:52:36.953  1065  1065 I DockObserver: No extcon dock device found in this kernel.
10-04 09:52:36.955  1065  1065 V SystemServerTiming: StartDockObserver took to complete: 4ms
10-04 09:52:36.955  1065  1065 D SystemServerTiming: StartWiredAccessoryRxManager
10-04 09:52:36.955  1065  1065 W WiredAccessoryRxManager: This kernel does not have usb audio support
10-04 09:52:36.956  1065  1065 W WiredAccessoryRxManager: NAME_HDMI_Rx support
10-04 09:52:36.956  1065  1065 V SystemServerTiming: StartWiredAccessoryRxManager took to complete: 1ms
10-04 09:52:36.956  1065  1065 D SystemServerTiming: StartMidiManager
10-04 09:52:36.956  1065  1065 I SystemServiceManager: Starting com.android.server.midi.MidiService$Lifecycle
10-04 09:52:36.957  1065  1065 V SystemServerTiming: StartMidiManager took to complete: 1ms
10-04 09:52:36.957  1065  1065 D SystemServerTiming: StartAdbService
10-04 09:52:36.957  1065  1065 I SystemServiceManager: Starting com.android.server.adb.AdbService$Lifecycle
10-04 09:52:36.958  1065  1065 V SystemServerTiming: StartAdbService took to complete: 1ms
10-04 09:52:36.958  1065  1065 D SystemServerTiming: StartUsbService
10-04 09:52:36.958  1065  1065 I SystemServiceManager: Starting com.android.server.usb.UsbService$Lifecycle
10-04 09:52:36.958  1065  1065 V SystemServerTiming: StartUsbService took to complete: 0ms
10-04 09:52:36.958  1065  1065 D SystemServerTiming: StartSerialService
10-04 09:52:36.958  1065  1090 D SystemServerTimingAsync: InitThreadPoolExec:UsbService$Lifecycle#onStart
10-04 09:52:36.958  1065  1090 D SystemServerInitThreadPool: Started executing UsbService$Lifecycle#onStart
10-04 09:52:36.959  1065  1065 V SystemServerTiming: StartSerialService took to complete: 1ms
10-04 09:52:36.959  1065  1065 D SystemServerTiming: StartHardwarePropertiesManagerService
10-04 09:52:36.959  1065  1090 I UsbDeviceManager: failed to write to /sys/class/android_usb/android0/f_rndis/ethaddr
10-04 09:52:36.960  1065  1065 V SystemServerTiming: StartHardwarePropertiesManagerService took to complete: 2ms
10-04 09:52:36.961  1065  1065 D SystemServerTiming: StartTwilightService
10-04 09:52:36.961  1065  1065 I SystemServiceManager: Starting com.android.server.twilight.TwilightService
10-04 09:52:36.961  1065  1065 V SystemServerTiming: StartTwilightService took to complete: 0ms
10-04 09:52:36.961  1065  1065 D SystemServerTiming: StartColorDisplay
10-04 09:52:36.961  1065  1065 I SystemServiceManager: Starting com.android.server.display.color.ColorDisplayService
10-04 09:52:36.962  1065  1065 V SystemServerTiming: StartColorDisplay took to complete: 1ms
10-04 09:52:36.962  1065  1065 D SystemServerTiming: StartJobScheduler
10-04 09:52:36.962  1065  1065 I SystemServiceManager: Starting com.android.server.job.JobSchedulerService
10-04 09:52:36.963  1065  1065 I JobStore: Read 0 jobs
10-04 09:52:36.967  1065  1090 W StorageManagerService: No primary storage defined yet; hacking together a stub
10-04 09:52:36.967  1065  1065 V HistoricalRegistry: Interaction before persistence initialized
10-04 09:52:36.967  1065  1065 V HistoricalRegistry: Interaction before persistence initialized
10-04 09:52:36.968  1065  1065 V SystemServerTiming: StartJobScheduler took to complete: 6ms
10-04 09:52:36.968  1065  1065 D SystemServerTiming: StartSoundTrigger
10-04 09:52:36.968  1065  1065 I SystemServiceManager: Starting com.android.server.soundtrigger.SoundTriggerService
10-04 09:52:36.969  1065  1065 V SystemServerTiming: StartSoundTrigger took to complete: 1ms
10-04 09:52:36.969  1065  1065 D SystemServerTiming: StartTrustManager
10-04 09:52:36.969  1065  1065 I SystemServiceManager: Starting com.android.server.trust.TrustManagerService
10-04 09:52:36.970  1065  2502 I UsbDeviceManager: Usb gadget hal service started android.hardware.usb.gadget@1.0::IUsbGadget default
10-04 09:52:36.970  1065  1065 V SystemServerTiming: StartTrustManager took to complete: 1ms
10-04 09:52:36.970  1065  1065 D SystemServerTiming: StartBackupManager
10-04 09:52:36.970  1065  1065 I SystemServiceManager: Starting com.android.server.backup.BackupManagerService$Lifecycle
10-04 09:52:36.972  1065  1090 D UsbPortManager: Querying USB HAL version
10-04 09:52:36.972  1065  1065 V SystemServerTiming: StartBackupManager took to complete: 3ms
10-04 09:52:36.973  1065  1065 D SystemServerTiming: StartAppWidgetService
10-04 09:52:36.973  1065  1065 I SystemServiceManager: Starting com.android.server.appwidget.AppWidgetService
10-04 09:52:36.973  1065  1082 I UsbDeviceManager: processing MSG_GET_CURRENT_USB_FUNCTIONS
10-04 09:52:36.973  1065  1082 I UsbDeviceManager: updating mCurrentFunctions
10-04 09:52:36.973  1065  1082 I UsbDeviceManager: mCurrentFunctions:0applied:1
10-04 09:52:36.974  1065  1090 I UsbPortManager: USB HAL HIDL present
10-04 09:52:36.975  1065  1065 V SystemServerTiming: StartAppWidgetService took to complete: 2ms
10-04 09:52:36.975  1065  1065 D SystemServerTiming: StartVoiceRecognitionManager
10-04 09:52:36.975  1065  1065 I SystemServiceManager: Starting com.android.server.voiceinteraction.VoiceInteractionManagerService
10-04 09:52:36.976  1065  2729 I UsbPortManager: Usb hal service started android.hardware.usb@1.0::IUsb default
10-04 09:52:36.976  1065  1065 I RoleServicePlatformHelperImpl: Legacy roles.xml not found
10-04 09:52:36.977  1065  1065 V SystemServerTiming: StartVoiceRecognitionManager took to complete: 2ms
10-04 09:52:36.977  1065  1065 D SystemServerTiming: StartAppHibernationService
10-04 09:52:36.977  1065  1065 I SystemServiceManager: Starting com.android.server.apphibernation.AppHibernationService
10-04 09:52:36.977  1065  1090 D UsbPortManager: getInstance done
10-04 09:52:36.978  1065  1090 D SystemServerInitThreadPool: Finished executing UsbService$Lifecycle#onStart
10-04 09:52:36.978  1065  1065 V SystemServerTiming: StartAppHibernationService took to complete: 1ms
10-04 09:52:36.978  1065  1090 V SystemServerTimingAsync: InitThreadPoolExec:UsbService$Lifecycle#onStart took to complete: 20ms
10-04 09:52:36.979  1065  1065 D SystemServerTiming: StartGestureLauncher
10-04 09:52:36.979  1065  1065 I SystemServiceManager: Starting com.android.server.GestureLauncherService
10-04 09:52:36.979  1065  1065 V SystemServerTiming: StartGestureLauncher took to complete: 0ms
10-04 09:52:36.979  1065  1065 D SystemServerTiming: StartSensorNotification
10-04 09:52:36.979  1065  1065 I SystemServiceManager: Starting com.android.server.SensorNotificationService
10-04 09:52:36.979  1065  1065 V SystemServerTiming: StartSensorNotification took to complete: 0ms
10-04 09:52:36.979  1065  1065 D SystemServerTiming: StartDiskStatsService
10-04 09:52:36.980  1065  1065 D CompatibilityChangeReporter: Compat change id reported: 194532703; UID 1000; state: ENABLED
10-04 09:52:36.981  1065  1065 V SystemServerTiming: StartDiskStatsService took to complete: 2ms
10-04 09:52:36.981  1065  1065 D SystemServerTiming: RuntimeService
10-04 09:52:36.982  1065  1065 V SystemServerTiming: RuntimeService took to complete: 1ms
10-04 09:52:36.982  1065  1065 D SystemServerTiming: StartNetworkTimeUpdateService
10-04 09:52:36.982  1065  1065 V SystemServerTiming: StartNetworkTimeUpdateService took to complete: 0ms
10-04 09:52:36.982  1065  1065 D SystemServerTiming: CertBlacklister
10-04 09:52:36.982  1065  1065 V SystemServerTiming: CertBlacklister took to complete: 1ms
10-04 09:52:36.983  1065  1065 D SystemServerTiming: StartEmergencyAffordanceService
10-04 09:52:36.983  1065  1065 I SystemServiceManager: Starting com.android.server.emergency.EmergencyAffordanceService
10-04 09:52:36.983  1065  1065 V SystemServerTiming: StartEmergencyAffordanceService took to complete: 0ms
10-04 09:52:36.983  1065  1065 D SystemServerTiming: startBlobStoreManagerService
10-04 09:52:36.983  1065  1065 I SystemServiceManager: Starting com.android.server.blob.BlobStoreManagerService
10-04 09:52:36.984  1065  1065 V SystemServerTiming: startBlobStoreManagerService took to complete: 1ms
10-04 09:52:36.984  1065  1065 D SystemServerTiming: StartDreamManager
10-04 09:52:36.984  1065  1065 I SystemServiceManager: Starting com.android.server.dreams.DreamManagerService
10-04 09:52:36.985  1065  1065 V SystemServerTiming: StartDreamManager took to complete: 1ms
10-04 09:52:36.985  1065  1065 D SystemServerTiming: AddGraphicsStatsService
10-04 09:52:36.987  1065  1065 V SystemServerTiming: AddGraphicsStatsService took to complete: 2ms
10-04 09:52:36.987  1065  1065 D SystemServerTiming: StartPrintManager
10-04 09:52:36.987  1065  1065 I SystemServiceManager: Starting com.android.server.print.PrintManagerService
10-04 09:52:36.988  1065  1065 V SystemServerTiming: StartPrintManager took to complete: 1ms
10-04 09:52:36.988  1065  1065 D SystemServerTiming: StartAttestationVerificationService
10-04 09:52:36.988  1065  1065 I SystemServiceManager: Starting com.android.server.security.AttestationVerificationManagerService
10-04 09:52:36.988  1065  1065 D AVF     : Started
10-04 09:52:36.989  1065  1065 V SystemServerTiming: StartAttestationVerificationService took to complete: 1ms
10-04 09:52:36.989  1065  1065 D SystemServerTiming: StartCompanionDeviceManager
10-04 09:52:36.989  1065  1065 I SystemServiceManager: Starting com.android.server.companion.CompanionDeviceManagerService
10-04 09:52:36.989  1065  1065 I CompanionDevice_PersistentDataStore: Reading associations for user 0 from disk
10-04 09:52:36.991  1065  1065 V SystemServerTiming: StartCompanionDeviceManager took to complete: 2ms
10-04 09:52:36.991  1065  1065 D SystemServerTiming: StartVirtualDeviceManager
10-04 09:52:36.991  1065  1065 I SystemServiceManager: Starting com.android.server.companion.virtual.VirtualDeviceManagerService
10-04 09:52:36.992  1065  1065 V SystemServerTiming: StartVirtualDeviceManager took to complete: 1ms
10-04 09:52:36.992  1065  1065 D SystemServerTiming: StartRestrictionManager
10-04 09:52:36.992  1065  1065 I SystemServiceManager: Starting com.android.server.restrictions.RestrictionsManagerService
10-04 09:52:36.993  1065  1065 V SystemServerTiming: StartRestrictionManager took to complete: 1ms
10-04 09:52:36.993  1065  1065 D SystemServerTiming: StartMediaSessionService
10-04 09:52:36.994  1065  1065 I SystemServiceManager: Starting com.android.server.media.MediaSessionService
10-04 09:52:36.996  1065  1065 V SystemServerTiming: StartMediaSessionService took to complete: 3ms
10-04 09:52:36.996  1065  1065 D SystemServerTiming: StartHdmiControlService
10-04 09:52:36.997  1065  1065 I SystemServiceManager: Starting com.android.server.hdmi.HdmiControlService
10-04 09:52:37.000  1065  1065 E HDMI    : [1]:Couldn't connect to cec@1.1java.util.NoSuchElementException
10-04 09:52:37.000  1065  1065 W HDMI    : [1]:Couldn't get tv.cec service.
10-04 09:52:37.000  1065  1065 W HDMI    : [1]:Unable to use cec@1.1
10-04 09:52:37.004  1065  1065 I HdmiControlService: Device does not support MHL-control.
10-04 09:52:37.008  1065  2738 W HDMI    : [1]:Failed to send a polling message(4->4) with return code 3
10-04 09:52:37.010  1065  1065 V SystemServerTiming: StartHdmiControlService took to complete: 14ms
10-04 09:52:37.010  1065  1065 D SystemServerTiming: StartMediaResourceMonitor
10-04 09:52:37.010  1065  1065 I SystemServiceManager: Starting com.android.server.media.MediaResourceMonitorService
10-04 09:52:37.010  1065  1065 V SystemServerTiming: StartMediaResourceMonitor took to complete: 0ms
10-04 09:52:37.010  1065  1065 D SystemServerTiming: StartMediaRouterService
10-04 09:52:37.010  1065  1065 V HistoricalRegistry: Interaction before persistence initialized
10-04 09:52:37.012  1065  1065 V SystemServerTiming: StartMediaRouterService took to complete: 2ms
10-04 09:52:37.012  1065  1065 D SystemServerTiming: StartBiometricService
10-04 09:52:37.012  1065  1065 I SystemServiceManager: Starting com.android.server.biometrics.BiometricService
10-04 09:52:37.014  1065  1065 V SystemServerTiming: StartBiometricService took to complete: 2ms
10-04 09:52:37.014  1065  1065 D SystemServerTiming: StartAuthService
10-04 09:52:37.014  1065  1065 I SystemServiceManager: Starting com.android.server.biometrics.AuthService
10-04 09:52:37.015  1065  1065 D AuthService: Registering HIDL ID: 0 Modality: 2 Strength: 15
10-04 09:52:37.016  1065  1065 E AuthService: HIDL fingerprint configuration exists, but FingerprintService is null.
10-04 09:52:37.017  1065  1065 V SystemServerTiming: StartAuthService took to complete: 2ms
10-04 09:52:37.017  1065  1065 D SystemServerTiming: StartDynamicCodeLoggingService
10-04 09:52:37.017  1065  1065 V SystemServerTiming: StartDynamicCodeLoggingService took to complete: 0ms
10-04 09:52:37.017  1065  1065 D SystemServerTiming: StartPruneInstantAppsJobService
10-04 09:52:37.017  1065  1065 V SystemServerTiming: StartPruneInstantAppsJobService took to complete: 0ms
10-04 09:52:37.017  1065  1065 D SystemServerTiming: StartShortcutServiceLifecycle
10-04 09:52:37.017  1065  1065 I SystemServiceManager: Starting com.android.server.pm.ShortcutService$Lifecycle
10-04 09:52:37.018  1065  1065 V HistoricalRegistry: Interaction before persistence initialized
10-04 09:52:37.018  1065  1065 V SystemServerTiming: StartShortcutServiceLifecycle took to complete: 2ms
10-04 09:52:37.018  1065  1065 D SystemServerTiming: StartLauncherAppsService
10-04 09:52:37.018  1065  1065 I SystemServiceManager: Starting com.android.server.pm.LauncherAppsService
10-04 09:52:37.019  1065  1065 V SystemServerTiming: StartLauncherAppsService took to complete: 1ms
10-04 09:52:37.019  1065  1065 D SystemServerTiming: StartCrossProfileAppsService
10-04 09:52:37.020  1065  1065 I SystemServiceManager: Starting com.android.server.pm.CrossProfileAppsService
10-04 09:52:37.020  1065  1065 V SystemServerTiming: StartCrossProfileAppsService took to complete: 0ms
10-04 09:52:37.020  1065  1065 D SystemServerTiming: StartPeopleService
10-04 09:52:37.020  1065  1065 I SystemServiceManager: Starting com.android.server.people.PeopleService
10-04 09:52:37.021  1065  1065 V SystemServerTiming: StartPeopleService took to complete: 1ms
10-04 09:52:37.021  1065  1065 D SystemServerTiming: StartMediaMetricsManager
10-04 09:52:37.021  1065  1065 I SystemServiceManager: Starting com.android.server.media.metrics.MediaMetricsManagerService
10-04 09:52:37.022  1065  1065 V SystemServerTiming: StartMediaMetricsManager took to complete: 1ms
10-04 09:52:37.022  1065  1065 D SystemServerTiming: StartMediaProjectionManager
10-04 09:52:37.022  1065  1065 I SystemServiceManager: Starting com.android.server.media.projection.MediaProjectionManagerService
10-04 09:52:37.024  1065  1065 V SystemServerTiming: StartMediaProjectionManager took to complete: 2ms
10-04 09:52:37.024  1065  1065 D SystemServerTiming: StartSliceManagerService
10-04 09:52:37.024  1065  1065 I SystemServiceManager: Starting com.android.server.slice.SliceManagerService$Lifecycle
10-04 09:52:37.025  1065  1065 V SystemServerTiming: StartSliceManagerService took to complete: 1ms
10-04 09:52:37.025  1065  1065 D SystemServerTiming: StartStatsCompanion
10-04 09:52:37.026  1065  1065 I SystemServiceManager: Starting com.android.server.stats.StatsCompanion$Lifecycle
10-04 09:52:37.027  1065  1065 V SystemServerTiming: StartStatsCompanion took to complete: 2ms
10-04 09:52:37.027  1065  1065 D SystemServerTiming: StartRebootReadinessManagerService
10-04 09:52:37.028  1065  1065 I SystemServiceManager: Starting com.android.server.scheduling.RebootReadinessManagerService$Lifecycle
10-04 09:52:37.030  1065  1065 V SystemServerTiming: StartRebootReadinessManagerService took to complete: 2ms
10-04 09:52:37.030  1065  1065 D SystemServerTiming: StartStatsPullAtomService
10-04 09:52:37.030  1065  1065 I SystemServiceManager: Starting com.android.server.stats.pull.StatsPullAtomService
10-04 09:52:37.030  1065  1065 V SystemServerTiming: StartStatsPullAtomService took to complete: 0ms
10-04 09:52:37.030  1065  1065 D SystemServerTiming: StatsBootstrapAtomService
10-04 09:52:37.030  1065  1065 I SystemServiceManager: Starting com.android.server.stats.bootstrap.StatsBootstrapAtomService$Lifecycle
10-04 09:52:37.031  1065  1065 V SystemServerTiming: StatsBootstrapAtomService took to complete: 0ms
10-04 09:52:37.031  1065  1065 D SystemServerTiming: StartIncidentCompanionService
10-04 09:52:37.031  1065  1065 I SystemServiceManager: Starting com.android.server.incident.IncidentCompanionService
10-04 09:52:37.031  1065  1065 V SystemServerTiming: StartIncidentCompanionService took to complete: 1ms
10-04 09:52:37.032  1065  1065 D SystemServerTiming: StarSdkSandboxManagerService
10-04 09:52:37.032  1065  1065 I SystemServiceManager: Starting com.android.server.sdksandbox.SdkSandboxManagerService$Lifecycle
10-04 09:52:37.033  1065  1065 V SystemServerTiming: StarSdkSandboxManagerService took to complete: 1ms
10-04 09:52:37.033  1065  1065 D SystemServerTiming: StartAdServicesManagerService
10-04 09:52:37.033  1065  1065 I SystemServiceManager: Starting com.android.server.adservices.AdServicesManagerService$Lifecycle
10-04 09:52:37.033  1065  1065 V SystemServerTiming: StartAdServicesManagerService took to complete: 1ms
10-04 09:52:37.034  1065  1065 D SystemServerTiming: StartAutoFillService
10-04 09:52:37.034  1065  1065 I SystemServiceManager: Starting com.android.server.autofill.AutofillManagerService
10-04 09:52:37.034  1065  1065 D AutofillManagerService: setLogLevelFromSettings(): level=2, debug=true, verbose=false
10-04 09:52:37.035  1065  1065 D AutofillManagerService: setMaxPartitionsFromSettings(): 10
10-04 09:52:37.035  1065  1065 D AutofillManagerService: setMaxVisibleDatasetsFromSettings(): 0
10-04 09:52:37.036  1065  1065 D AutofillManagerServiceImpl: Reset component for user 0:
10-04 09:52:37.036  1065  1083 D AutofillUI: destroySaveUiUiThread(): already destroyed
10-04 09:52:37.037  1065  1065 V SystemServerTiming: StartAutoFillService took to complete: 3ms
10-04 09:52:37.037  1065  1065 D SystemServer: TranslationService not defined by OEM
10-04 09:52:37.037  1065  1065 D SystemServerTiming: StartClipboardService
10-04 09:52:37.037  1065  1065 I SystemServiceManager: Starting com.android.server.clipboard.ClipboardService
10-04 09:52:37.038  1065  1065 V SystemServerTiming: StartClipboardService took to complete: 1ms
10-04 09:52:37.038  1065  1065 D SystemServerTiming: AppServiceManager
10-04 09:52:37.038  1065  1065 I SystemServiceManager: Starting com.android.server.appbinding.AppBindingService$Lifecycle
10-04 09:52:37.039  1065  1065 V SystemServerTiming: AppServiceManager took to complete: 1ms
10-04 09:52:37.039  1065  1065 I MtkSystemServerImpl: startOtherMtkService 
10-04 09:52:37.039  1065  1065 I MtkSystemServerImpl: StartSearchEngineManagerService
10-04 09:52:37.040  1065  1065 E MtkSystemServerImpl: com.mediatek.fmradio.FmRadioPackageManager not found 
10-04 09:52:37.040  1065  1065 I MtkSystemServerImpl: StartHdmiLocalService
10-04 09:52:37.040  1065  1065 I SystemServiceManager: Starting com.mediatek.hdmilocalservice.HdmiLocalService
10-04 09:52:37.040  1065  1065 D HdmiLocalService: Start HdmiLocalService
10-04 09:52:37.040  1065  1065 I MtkSystemServerImpl: StartPowerHalMgrService
10-04 09:52:37.040  1065  1065 I SystemServiceManager: Starting com.mediatek.powerhalservice.PowerHalMgrService
10-04 09:52:37.041  1065  1065 D PowerHalMgrService: Start PowerHalMgrService.
10-04 09:52:37.043  1065  1065 I MtkSystemServerImpl: [isWakeupSupport] MTK_VOW_SUPPORT=false
10-04 09:52:37.043  1065  1065 I MtkSystemServerImpl: V_W_B_S isValidVowConfig false
10-04 09:52:37.043  1065  1065 I MtkSystemServerImpl: not addService VoiceWakeupBridgeService
10-04 09:52:37.043  1065  1065 I MtkSystemServerImpl: StartConnectivitySupplementalService
10-04 09:52:37.043  1065  1065 I SystemServiceManager: Starting com.mediatek.server.MtkConnectivitySupplementalService
10-04 09:52:37.044  1065  1065 D MtkTestSimHandler: MtkTestSimHandler setting up
10-04 09:52:37.045  1065  1065 D MtkConnectivitySupplementalService: onStart
10-04 09:52:37.045  1065  1065 D SystemServerTiming: startTracingServiceProxy
10-04 09:52:37.045  1065  1065 I SystemServiceManager: Starting com.android.server.tracing.TracingServiceProxy
10-04 09:52:37.046  1065  1065 V SystemServerTiming: startTracingServiceProxy took to complete: 1ms
10-04 09:52:37.046  1065  1065 D SystemServerTiming: MakeLockSettingsServiceReady
10-04 09:52:37.056  1065  1065 I LockSettingsService: Migrated lock settings to new location
10-04 09:52:37.057  1065  1065 I LockSettingsService: Migrated per-user lock settings to new location
10-04 09:52:37.059  1065  1065 I LockSettingsService: Migrated biometric weak to use the fallback instead
10-04 09:52:37.060  1065  1065 I LockSettingsService: Migrated lockscreen disabled flag
10-04 09:52:37.061  1065  1065 I LockSettingsService: Migrated keys to LSS namespace
10-04 09:52:37.062  1065  1065 I SyntheticPasswordManager: Device does not support weaver
10-04 09:52:37.062  1065  1065 I LockSettingsService: Device doesn't implement AuthSecret HAL
10-04 09:52:37.063  1065  1065 V SystemServerTiming: MakeLockSettingsServiceReady took to complete: 17ms
10-04 09:52:37.063  1065  1065 D SystemServerTiming: StartBootPhaseLockSettingsReady
10-04 09:52:37.063  1065  1065 I SystemServiceManager: Starting phase 480
10-04 09:52:37.063  1065  1065 D SystemServerTiming: OnBootPhase_480
10-04 09:52:37.063  1065  1065 D SystemServerTiming: OnBootPhase_480_com.android.server.security.FileIntegrityService
10-04 09:52:37.063  1065  1065 V SystemServerTiming: OnBootPhase_480_com.android.server.security.FileIntegrityService took to complete: 0ms
10-04 09:52:37.063  1065  1065 D SystemServerTiming: OnBootPhase_480_com.android.server.pm.Installer
10-04 09:52:37.063  1065  1065 V SystemServerTiming: OnBootPhase_480_com.android.server.pm.Installer took to complete: 0ms
10-04 09:52:37.063  1065  1065 D SystemServerTiming: OnBootPhase_480_com.android.server.os.DeviceIdentifiersPolicyService
10-04 09:52:37.063  1065  1065 V SystemServerTiming: OnBootPhase_480_com.android.server.os.DeviceIdentifiersPolicyService took to complete: 0ms
10-04 09:52:37.063  1065  1065 D SystemServerTiming: OnBootPhase_480_com.android.server.uri.UriGrantsManagerService$Lifecycle
10-04 09:52:37.063  1065  1065 V SystemServerTiming: OnBootPhase_480_com.android.server.uri.UriGrantsManagerService$Lifecycle took to complete: 0ms
10-04 09:52:37.063  1065  1065 D SystemServerTiming: OnBootPhase_480_com.android.server.powerstats.PowerStatsService
10-04 09:52:37.063  1065  1065 V SystemServerTiming: OnBootPhase_480_com.android.server.powerstats.PowerStatsService took to complete: 0ms
10-04 09:52:37.063  1065  1065 D SystemServerTiming: OnBootPhase_480_com.android.server.wm.ActivityTaskManagerService$Lifecycle
10-04 09:52:37.063  1065  1065 V SystemServerTiming: OnBootPhase_480_com.android.server.wm.ActivityTaskManagerService$Lifecycle took to complete: 0ms
10-04 09:52:37.063  1065  1065 D SystemServerTiming: OnBootPhase_480_com.android.server.am.ActivityManagerService$Lifecycle
10-04 09:52:37.063  1065  1065 V SystemServerTiming: OnBootPhase_480_com.android.server.am.ActivityManagerService$Lifecycle took to complete: 0ms
10-04 09:52:37.063  1065  1065 D SystemServerTiming: OnBootPhase_480_com.android.server.pm.DataLoaderManagerService
10-04 09:52:37.063  1065  1065 V SystemServerTiming: OnBootPhase_480_com.android.server.pm.DataLoaderManagerService took to complete: 0ms
10-04 09:52:37.063  1065  1065 D SystemServerTiming: OnBootPhase_480_com.android.server.power.PowerManagerService
10-04 09:52:37.063  1065  1065 V SystemServerTiming: OnBootPhase_480_com.android.server.power.PowerManagerService took to complete: 0ms
10-04 09:52:37.063  1065  1065 D SystemServerTiming: OnBootPhase_480_com.android.server.power.ThermalManagerService
10-04 09:52:37.063  1065  1065 V SystemServerTiming: OnBootPhase_480_com.android.server.power.ThermalManagerService took to complete: 0ms
10-04 09:52:37.063  1065  1065 D SystemServerTiming: OnBootPhase_480_com.android.server.power.hint.HintManagerService
10-04 09:52:37.063  1065  1065 V SystemServerTiming: OnBootPhase_480_com.android.server.power.hint.HintManagerService took to complete: 0ms
10-04 09:52:37.063  1065  1065 D SystemServerTiming: OnBootPhase_480_com.android.server.recoverysystem.RecoverySystemService$Lifecycle
10-04 09:52:37.063  1065  1065 V SystemServerTiming: OnBootPhase_480_com.android.server.recoverysystem.RecoverySystemService$Lifecycle took to complete: 0ms
10-04 09:52:37.063  1065  1065 D SystemServerTiming: OnBootPhase_480_com.android.server.lights.LightsService
10-04 09:52:37.063  1065  1065 V SystemServerTiming: OnBootPhase_480_com.android.server.lights.LightsService took to complete: 0ms
10-04 09:52:37.063  1065  1065 D SystemServerTiming: OnBootPhase_480_com.android.server.display.DisplayManagerService
10-04 09:52:37.063  1065  1065 V SystemServerTiming: OnBootPhase_480_com.android.server.display.DisplayManagerService took to complete: 0ms
10-04 09:52:37.063  1065  1065 D SystemServerTiming: OnBootPhase_480_com.android.server.pm.verify.domain.DomainVerificationService
10-04 09:52:37.063  1065  1065 V SystemServerTiming: OnBootPhase_480_com.android.server.pm.verify.domain.DomainVerificationService took to complete: 0ms
10-04 09:52:37.063  1065  1065 D SystemServerTiming: OnBootPhase_480_com.android.server.pm.PackageInstallerService$Lifecycle
