01-01 00:00:36.852  1065  1090 I SystemConfig: Reading permissions from /system_ext/etc/permissions/com.android.emergency.xml
01-01 00:00:36.852  1065  1090 I SystemConfig: Reading permissions from /system_ext/etc/permissions/com.android.launcher3.xml
01-01 00:00:36.852  1065  1090 I SystemConfig: Reading permissions from /system_ext/etc/permissions/com.android.provision.xml
01-01 00:00:36.853  1065  1090 I SystemConfig: Reading permissions from /system_ext/etc/permissions/com.android.settings.xml
01-01 00:00:36.853  1065  1090 I SystemConfig: Reading permissions from /system_ext/etc/permissions/com.android.storagemanager.xml
01-01 00:00:36.853  1065  1090 I SystemConfig: Reading permissions from /system_ext/etc/permissions/com.android.systemui.xml
01-01 00:00:36.854  1065  1090 I SystemConfig: Reading permissions from /system_ext/etc/permissions/system-ext-permissions-mediatek.xml
01-01 00:00:36.854  1065  1090 I SystemConfig: Reading permissions from /system_ext/etc/permissions/platform.xml
01-01 00:00:36.855  1065  1090 I SystemConfig: Reading permissions from /apex/com.android.tethering/etc/permissions/permissions.xml
01-01 00:00:36.855  1065  1090 I SystemConfig: Reading permissions from /apex/com.android.permission/etc/permissions/privapp_allowlist_com.android.permissioncontroller.xml
01-01 00:00:36.856  1065  1065 V SystemServerTiming: StartPowerStatsService took to complete: 4ms
01-01 00:00:36.856  1065  1065 D SystemServerTiming: StartIStatsService
01-01 00:00:36.856  1065  1090 I SystemConfig: Reading permissions from /apex/com.android.mediaprovider/etc/permissions/privapp_allowlist_com.android.providers.media.module.xml
01-01 00:00:36.856  1065  1090 I SystemConfig: Reading permissions from /apex/com.android.ipsec/etc/permissions/android.net.ipsec.ike.xml
01-01 00:00:36.857  1065  1090 I SystemConfig: Reading permissions from /apex/com.android.extservices/etc/permissions/privapp_allowlist_android.ext.services.xml
01-01 00:00:36.857  1065  1065 V SystemServerTiming: StartIStatsService took to complete: 1ms
01-01 00:00:36.857  1065  1065 D SystemServerTiming: MemtrackProxyService
01-01 00:00:36.857  1065  1090 I SystemConfig: Reading permissions from /apex/com.android.btservices/etc/permissions/privapp_allowlist_com.android.bluetooth.xml
01-01 00:00:36.857  1065  1090 I SystemConfig: Reading permissions from /apex/com.android.adservices/etc/permissions/privapp_allowlist_com.android.adservices.api.xml
01-01 00:00:36.858  1065  1090 V SystemConfig: readAllPermissions took to complete: 36ms
01-01 00:00:36.858  1065  1090 D SystemServerInitThreadPool: Finished executing ReadingSystemConfig
01-01 00:00:36.858  1065  1090 V SystemServerTimingAsync: InitThreadPoolExec:ReadingSystemConfig took to complete: 36ms
01-01 00:00:36.858  1065  1065 V SystemServerTiming: MemtrackProxyService took to complete: 2ms
01-01 00:00:36.858  1065  1065 D SystemServerTiming: StartActivityManager
01-01 00:00:36.858  1065  1065 I SystemServiceManager: Starting com.android.server.wm.ActivityTaskManagerService$Lifecycle
01-01 00:00:36.879  1065  1065 I SystemServiceManager: Starting com.android.server.am.ActivityManagerService$Lifecycle
01-01 00:00:36.889  1065  1065 I ActivityManager: Memory class: 256
01-01 00:00:36.891  1065  1094 I Binder  : Setting heavy hitter watcher config: false, 0, 0.0
01-01 00:00:36.901  1065  1065 W PowerProfile: ambient.on is deprecated! Use ambient.on.display0 instead.
01-01 00:00:36.901  1065  1065 W PowerProfile: screen.on is deprecated! Use screen.on.display0 instead.
01-01 00:00:36.901  1065  1065 W PowerProfile: screen.full is deprecated! Use screen.full.display0 instead.
01-01 00:00:36.901  1065  1065 W ModemPowerProfile: getAverageBatteryDrainMaH called with unexpected key: 0x0, drain:0,RAT:DEFAULT
01-01 00:00:36.901  1065  1065 W ModemPowerProfile: getAverageBatteryDrainMaH called with unexpected key: 0x10000000, drain:IDLE,RAT:DEFAULT
01-01 00:00:36.901  1065  1065 W ModemPowerProfile: getAverageBatteryDrainMaH called with unexpected key: 0x20000000, drain:RX,RAT:DEFAULT
01-01 00:00:36.901  1065  1065 W ModemPowerProfile: getAverageBatteryDrainMaH called with unexpected key: 0x30000000, drain:TX,level:UNKNOWN(0x0)RAT:DEFAULT
01-01 00:00:36.901  1065  1065 W ModemPowerProfile: getAverageBatteryDrainMaH called with unexpected key: 0x31000000, drain:TX,level:UNKNOWN(0x1000000)RAT:DEFAULT
01-01 00:00:36.901  1065  1065 W ModemPowerProfile: getAverageBatteryDrainMaH called with unexpected key: 0x32000000, drain:TX,level:UNKNOWN(0x2000000)RAT:DEFAULT
01-01 00:00:36.901  1065  1065 W ModemPowerProfile: getAverageBatteryDrainMaH called with unexpected key: 0x33000000, drain:TX,level:UNKNOWN(0x3000000)RAT:DEFAULT
01-01 00:00:36.901  1065  1065 W ModemPowerProfile: getAverageBatteryDrainMaH called with unexpected key: 0x34000000, drain:TX,level:UNKNOWN(0x4000000)RAT:DEFAULT
01-01 00:00:36.904  1065  1065 D BatteryStatsImpl: Reading daily items from /data/system/batterystats-daily.xml
01-01 00:00:36.909  1065  1101 I KernelCpuUidFreqTimeReader: mPerClusterTimesAvailable=false
01-01 00:00:36.943  1065  1065 I AppOps  : No existing app ops /data/system/appops.xml; starting empty
01-01 00:00:36.951  1065  1065 I IntentFirewall: Read new rules (A:0 B:0 S:0)
01-01 00:00:36.957  1065  1065 D OomAdjuster: Not killing cached processes
01-01 00:00:36.958  1065  1065 D AppOps  : AppOpsService published
01-01 00:00:36.959  1065  1065 I AnrManager: startAnrManagerService
01-01 00:00:36.961  1065  1101 W KernelMemoryBandwidthStats: No kernel memory bandwidth stats available
01-01 00:00:37.001  1065  1065 I AnrManager: prepareStackTraceFile: 
01-01 00:00:37.003  1065  1065 E CpuLoadingObserver: readFile fail sys/devices/system/cpu/aarch32_el0
01-01 00:00:37.010  1065  1108 D d       : Crate local socket: duraspeed_memory
01-01 00:00:37.010  1065  1108 D d       : Waiting Client connected...
01-01 00:00:37.012  1065  1065 W SystemServiceManager: Service com.android.server.am.ActivityManagerService$Lifecycle took 54 ms in onStart
01-01 00:00:37.012  1065  1065 V SystemServerTiming: StartActivityManager took to complete: 153ms
01-01 00:00:37.012  1065  1065 D SystemServerTiming: StartDataLoaderManagerService
01-01 00:00:37.012  1065  1065 I SystemServiceManager: Starting com.android.server.pm.DataLoaderManagerService
01-01 00:00:37.012  1065  1109 I CriticalEventLog: No log found, returning empty log proto.
01-01 00:00:37.013  1065  1065 V SystemServerTiming: StartDataLoaderManagerService took to complete: 2ms
01-01 00:00:37.013  1065  1065 D SystemServerTiming: StartIncrementalService
01-01 00:00:37.017  1065  1065 V SystemServerTiming: StartIncrementalService took to complete: 3ms
01-01 00:00:37.017  1065  1065 D SystemServerTiming: StartPowerManager
01-01 00:00:37.017  1065  1065 I SystemServiceManager: Starting com.android.server.power.PowerManagerService
01-01 00:00:37.024  1065  1065 V SystemServerTiming: StartPowerManager took to complete: 7ms
01-01 00:00:37.024  1065  1065 D SystemServerTiming: StartThermalManager
01-01 00:00:37.025  1065  1065 I SystemServiceManager: Starting com.android.server.power.ThermalManagerService
01-01 00:00:37.025  1065  1065 V SystemServerTiming: StartThermalManager took to complete: 0ms
01-01 00:00:37.025  1065  1065 D SystemServerTiming: StartHintManager
01-01 00:00:37.025  1065  1065 I SystemServiceManager: Starting com.android.server.power.hint.HintManagerService
01-01 00:00:37.026  1065  1065 V SystemServerTiming: StartHintManager took to complete: 1ms
01-01 00:00:37.026  1065  1065 D SystemServerTiming: InitPowerManagement
01-01 00:00:37.027  1065  1065 V SystemServerTiming: InitPowerManagement took to complete: 1ms
01-01 00:00:37.027  1065  1065 D SystemServerTiming: StartRecoverySystemService
01-01 00:00:37.027  1065  1065 I SystemServiceManager: Starting com.android.server.recoverysystem.RecoverySystemService$Lifecycle
01-01 00:00:37.027  1065  1065 V SystemServerTiming: StartRecoverySystemService took to complete: 1ms
01-01 00:00:37.028  1065  1065 I PackageWatchdog: Syncing state, reason: added new observer
01-01 00:00:37.028  1065  1065 I PackageWatchdog: Not pruning observers, elapsed time: 0ms
01-01 00:00:37.028  1065  1065 I PackageWatchdog: Cancelling state sync, nothing to sync
01-01 00:00:37.028  1065  1093 I PackageWatchdog: Saving observer state to file
01-01 00:00:37.028  1065  1065 D SystemServerTiming: StartLightsService
01-01 00:00:37.028  1065  1065 I SystemServiceManager: Starting com.android.server.lights.LightsService
01-01 00:00:37.032  1065  1065 V SystemServerTiming: StartLightsService took to complete: 3ms
01-01 00:00:37.032  1065  1065 D SystemServerTiming: StartDisplayOffloadService
01-01 00:00:37.032  1065  1065 V SystemServerTiming: StartDisplayOffloadService took to complete: 0ms
01-01 00:00:37.032  1065  1065 D SystemServerTiming: StartSidekickService
01-01 00:00:37.032  1065  1065 V SystemServerTiming: StartSidekickService took to complete: 0ms
01-01 00:00:37.032  1065  1065 D SystemServerTiming: StartDisplayManager
01-01 00:00:37.032  1065  1065 I SystemServiceManager: Starting com.android.server.display.DisplayManagerService
01-01 00:00:37.037  1065  1065 V SystemServerTiming: StartDisplayManager took to complete: 6ms
01-01 00:00:37.037  1065  1065 D SystemServerTiming: WaitForDisplay
01-01 00:00:37.037  1065  1065 I SystemServiceManager: Starting phase 100
01-01 00:00:37.038  1065  1065 D SystemServerTiming: OnBootPhase_100
01-01 00:00:37.038  1065  1065 D SystemServerTiming: OnBootPhase_100_com.android.server.security.FileIntegrityService
01-01 00:00:37.038  1065  1065 V SystemServerTiming: OnBootPhase_100_com.android.server.security.FileIntegrityService took to complete: 0ms
01-01 00:00:37.038  1065  1065 D SystemServerTiming: OnBootPhase_100_com.android.server.pm.Installer
01-01 00:00:37.038  1065  1065 V SystemServerTiming: OnBootPhase_100_com.android.server.pm.Installer took to complete: 0ms
01-01 00:00:37.038  1065  1065 D SystemServerTiming: OnBootPhase_100_com.android.server.os.DeviceIdentifiersPolicyService
01-01 00:00:37.038  1065  1065 V SystemServerTiming: OnBootPhase_100_com.android.server.os.DeviceIdentifiersPolicyService took to complete: 0ms
01-01 00:00:37.038  1065  1065 D SystemServerTiming: OnBootPhase_100_com.android.server.uri.UriGrantsManagerService$Lifecycle
01-01 00:00:37.038  1065  1065 V SystemServerTiming: OnBootPhase_100_com.android.server.uri.UriGrantsManagerService$Lifecycle took to complete: 0ms
01-01 00:00:37.038  1065  1065 D SystemServerTiming: OnBootPhase_100_com.android.server.powerstats.PowerStatsService
01-01 00:00:37.038  1065  1065 V SystemServerTiming: OnBootPhase_100_com.android.server.powerstats.PowerStatsService took to complete: 0ms
01-01 00:00:37.038  1065  1065 D SystemServerTiming: OnBootPhase_100_com.android.server.wm.ActivityTaskManagerService$Lifecycle
01-01 00:00:37.038  1065  1065 V SystemServerTiming: OnBootPhase_100_com.android.server.wm.ActivityTaskManagerService$Lifecycle took to complete: 0ms
01-01 00:00:37.038  1065  1065 D SystemServerTiming: OnBootPhase_100_com.android.server.am.ActivityManagerService$Lifecycle
01-01 00:00:37.038  1065  1065 V SystemServerTiming: OnBootPhase_100_com.android.server.am.ActivityManagerService$Lifecycle took to complete: 0ms
01-01 00:00:37.038  1065  1065 D SystemServerTiming: OnBootPhase_100_com.android.server.pm.DataLoaderManagerService
01-01 00:00:37.038  1065  1065 V SystemServerTiming: OnBootPhase_100_com.android.server.pm.DataLoaderManagerService took to complete: 0ms
01-01 00:00:37.038  1065  1065 D SystemServerTiming: OnBootPhase_100_com.android.server.power.PowerManagerService
01-01 00:00:37.038  1065  1065 V SystemServerTiming: OnBootPhase_100_com.android.server.power.PowerManagerService took to complete: 0ms
01-01 00:00:37.038  1065  1065 D SystemServerTiming: OnBootPhase_100_com.android.server.power.ThermalManagerService
01-01 00:00:37.038  1065  1065 V SystemServerTiming: OnBootPhase_100_com.android.server.power.ThermalManagerService took to complete: 0ms
01-01 00:00:37.038  1065  1065 D SystemServerTiming: OnBootPhase_100_com.android.server.power.hint.HintManagerService
01-01 00:00:37.038  1065  1065 V SystemServerTiming: OnBootPhase_100_com.android.server.power.hint.HintManagerService took to complete: 0ms
01-01 00:00:37.038  1065  1065 D SystemServerTiming: OnBootPhase_100_com.android.server.recoverysystem.RecoverySystemService$Lifecycle
01-01 00:00:37.038  1065  1065 V SystemServerTiming: OnBootPhase_100_com.android.server.recoverysystem.RecoverySystemService$Lifecycle took to complete: 0ms
01-01 00:00:37.038  1065  1065 D SystemServerTiming: OnBootPhase_100_com.android.server.lights.LightsService
01-01 00:00:37.038  1065  1065 V SystemServerTiming: OnBootPhase_100_com.android.server.lights.LightsService took to complete: 0ms
01-01 00:00:37.038  1065  1065 D SystemServerTiming: OnBootPhase_100_com.android.server.display.DisplayManagerService
01-01 00:00:37.040  1065  1085 E LocalDisplayAdapter: Can't find display mode with id -1
01-01 00:00:37.040  1065  1085 W LocalDisplayAdapter: DisplayModeSpecs base mode no longer available, using currently active mode.
01-01 00:00:37.047  1065  1085 I DisplayDeviceRepository: Display device added: DisplayDeviceInfo{"Built-in Screen": uniqueId="local:4627039422300187648", 1280 x 720, modeId 1, defaultModeId 1, supportedModes [{id=1, width=1280, height=720, fps=60.0, alternativeRefreshRates=[]}], colorMode 0, supportedColorModes [0], hdrCapabilities HdrCapabilities{mSupportedHdrTypes=[2, 3, 4], mMaxLuminance=500.0, mMaxAverageLuminance=500.0, mMinLuminance=0.0}, allmSupported false, gameContentTypeSupported false, density 160, 345.872 x 121.112 dpi, appVsyncOff 2400001, presDeadline 28600000, touch INTERNAL, rotation 0, type INTERNAL, address {port=0, model=0x40368bd6e7ee6c}, deviceProductInfo DeviceProductInfo{name=MTKDEV, manufacturerPnpId=MTK, productId=35638, modelYear=null, manufactureDate=ManufactureDate{week=42, year=2021}, connectionToSinkType=0}, state UNKNOWN, frameRateOverride , brightnessMinimum 0.0, brightnessMaximum 1.0, brightnessDefault 0.4, FLAG_ALLOWED_TO_BE_DEFAULT_DISPLAY, FLAG_ROTATES_WITH_CONTENT, FLAG_SECURE, FLAG_SUPPORTS_PROTECTED_BUFFERS, installOrientation 1}
01-01 00:00:37.048  1065  1085 I LogicalDisplayMapper: Applying layout: [{addr: {port=0, model=0x40368bd6e7ee6c}, dispId: 0(ON)}], Previous layout: null
01-01 00:00:37.052  1065  1085 I LogicalDisplayMapper: Adding new display: 0: DisplayInfo{"Built-in Screen", displayId 0", displayGroupId -1, FLAG_SECURE, FLAG_SUPPORTS_PROTECTED_BUFFERS, FLAG_TRUSTED, real 1280 x 720, largest app 1280 x 720, smallest app 1280 x 720, appVsyncOff 2400001, presDeadline 28600000, mode 1, defaultMode 1, modes [{id=1, width=1280, height=720, fps=60.0, alternativeRefreshRates=[]}], hdrCapabilities HdrCapabilities{mSupportedHdrTypes=[2, 3, 4], mMaxLuminance=500.0, mMaxAverageLuminance=500.0, mMinLuminance=0.0}, userDisabledHdrTypes [], minimalPostProcessingSupported false, rotation 0, state UNKNOWN, type INTERNAL, uniqueId "local:4627039422300187648", app 1280 x 720, density 160 (345.872 x 121.112) dpi, layerStack 0, colorMode 0, supportedColorModes [0], address {port=0, model=0x40368bd6e7ee6c}, deviceProductInfo DeviceProductInfo{name=MTKDEV, manufacturerPnpId=MTK, productId=35638, modelYear=null, manufactureDate=ManufactureDate{week=42, year=2021}, connectionToSinkType=0}, removeMode 0, refreshRateOverride 0.0, brightnessMinimum 0.0, brightnessMaximum 1.0, brightnessDefault 0.4, installOrientation ROTATION_90}
01-01 00:00:37.053  1065  1085 I LogicalDisplayMapper: Setting new display group 0 for display 0, from previous group: null
01-01 00:00:37.055  1065  1065 V SystemServerTiming: OnBootPhase_100_com.android.server.display.DisplayManagerService took to complete: 17ms
01-01 00:00:37.055  1065  1065 V SystemServerTiming: OnBootPhase_100 took to complete: 17ms
01-01 00:00:37.055  1065  1065 V SystemServerTiming: WaitForDisplay took to complete: 17ms
01-01 00:00:37.055  1065  1065 D SystemServerTiming: StartDomainVerificationService
01-01 00:00:37.058  1065  1065 V SystemServerTiming: StartDomainVerificationService took to complete: 3ms
01-01 00:00:37.058  1065  1065 D SystemServerTiming: StartPackageManagerService
01-01 00:00:37.058  1065  1065 I Watchdog: Pausing HandlerChecker: main thread for reason: packagemanagermain. Pause count: 1
01-01 00:00:37.061  1065  1065 D PackageManagerTiming: create package manager
01-01 00:00:37.075  1065  1065 D PackageManagerTiming: createSubComponents
01-01 00:00:37.087  1065  1065 W FileUtils: Failed to chmod(/data/system/packages.list): android.system.ErrnoException: chmod failed: ENOENT (No such file or directory)
01-01 00:00:37.089  1065  1065 V PackageManagerTiming: createSubComponents took to complete: 15ms
01-01 00:00:37.090  1065  1065 D PackageManagerTiming: addSharedUsers
01-01 00:00:37.090  1065  1065 V PackageManagerTiming: addSharedUsers took to complete: 0ms
01-01 00:00:37.090  1065  1065 W BackgroundDexOptService: SysProp pm.dexopt.downgrade_after_inactive_days not set
01-01 00:00:37.091  1065  1065 D PackageManagerTiming: get system config
01-01 00:00:37.091  1065  1065 V PackageManagerTiming: get system config took to complete: 0ms
01-01 00:00:37.094  1065  1065 D SELinuxMMAC: Using policy file /system/etc/selinux/plat_mac_permissions.xml
01-01 00:00:37.095  1065  1065 D SELinuxMMAC: Using policy file /system_ext/etc/selinux/system_ext_mac_permissions.xml
01-01 00:00:37.096  1065  1065 D SELinuxMMAC: Using policy file /vendor/etc/selinux/vendor_mac_permissions.xml
01-01 00:00:37.096  1065  1065 D PackageManagerTiming: loadFallbacks
01-01 00:00:37.097  1065  1065 V PackageManagerTiming: loadFallbacks took to complete: 2ms
01-01 00:00:37.097  1065  1065 D PackageManagerTiming: read user settings
01-01 00:00:37.098  1065  1065 I PackageManager: No settings file; creating initial state
01-01 00:00:37.098  1065  1065 V PackageManagerTiming: read user settings took to complete: 1ms
01-01 00:00:37.098  1065  1065 D PackageManagerTiming: setFirstBoot: 
01-01 00:00:37.099  1065  1065 V PackageManagerTiming: setFirstBoot:  took to complete: 0ms
01-01 00:00:39.426  1065  1065 I PackageManager: cppreopts took 2323 ms
01-01 00:00:39.429  1065  1065 D PmsExtImpl: file in /data/system/pms_sysapp_removable_list_bak.txt does not exist!
01-01 00:00:39.433  1065  1065 D PackageManager: Directories scanned as system partitions: [/system:0, /vendor:524288, /odm:4194304, /oem:262144, /product:1048576, /system/system_ext:2097152, /apex/com.android.vndk.v31:8388608, /apex/com.android.vndk.v30:8388608, /apex/com.android.wifi:8388608, /apex/com.android.vndk.v33:8388608, /apex/com.android.uwb:8388608, /apex/com.android.tzdata:8388608, /apex/com.android.tethering:8388608, /apex/com.android.sdkext:8388608, /apex/com.android.scheduling:8388608, /apex/com.android.runtime:8388608, /apex/com.android.resolv:8388608, /apex/com.android.permission:8388608, /apex/com.android.os.statsd:8388608, /apex/com.android.ondevicepersonalization:8388608, /apex/com.android.neuralnetworks:8388608, /apex/com.android.mediaprovider:8388608, /apex/com.android.media.swcodec:8388608, /apex/com.android.media:8388608, /apex/com.android.ipsec:8388608, /apex/com.android.i18n:8388608, /apex/com.android.extservices:8388608, /apex/com.android.conscrypt:8388608, /apex/com.android.btservices:8388608, /apex/com.android.art:8388608, /apex/com.android.appsearch:8388608, /apex/com.android.adservices:8388608, /apex/com.android.adbd:8388608]
01-01 00:00:39.444  1065  1065 I PackageManager: /product/overlay/DisplayCutoutEmulationCorner changed; collecting certs
01-01 00:00:39.462  1065  1065 D CompatibilityChangeReporter: Compat change id reported: 143539591; UID -1; state: DISABLED
01-01 00:00:39.463  1065  1065 D CompatibilityChangeReporter: Compat change id reported: 168782947; UID -1; state: ENABLED
01-01 00:00:39.468  1065  1065 I PackageManager: /product/overlay/DisplayCutoutEmulationDouble changed; collecting certs
01-01 00:00:39.472  1065  1065 I PackageManager: /product/overlay/DisplayCutoutEmulationTall changed; collecting certs
01-01 00:00:39.475  1065  1065 I PackageManager: /product/overlay/DisplayCutoutEmulationHole changed; collecting certs
01-01 00:00:39.479  1065  1065 I PackageManager: /product/overlay/DisplayCutoutEmulationWaterfall changed; collecting certs
01-01 00:00:39.482  1065  1065 I PackageManager: /product/overlay/NavigationBarMode3Button changed; collecting certs
01-01 00:00:39.485  1065  1065 I PackageManager: /product/overlay/FontNotoSerifSource changed; collecting certs
01-01 00:00:39.488  1065  1065 I PackageManager: /product/overlay/NavigationBarModeGesturalExtraWideBack changed; collecting certs
01-01 00:00:39.493  1065  1065 I PackageManager: /product/overlay/NavigationBarModeGestural changed; collecting certs
01-01 00:00:39.496  1065  1065 I PackageManager: /product/overlay/NavigationBarModeGesturalWideBack changed; collecting certs
01-01 00:00:39.499  1065  1065 I PackageManager: /product/overlay/NavigationBarModeGesturalNarrowBack changed; collecting certs
01-01 00:00:39.502  1065  1065 I PackageManager: /product/overlay/WifiSystemResMainlineOverlay changed; collecting certs
01-01 00:00:39.505  1065  1065 I PackageManager: /product/overlay/framework-res__auto_generated_rro_product.apk changed; collecting certs
01-01 00:00:39.509  1065  1065 I PackageManager: /product/overlay/WifiSystemResOverlay changed; collecting certs
01-01 00:00:39.515  1065  1065 I PackageManager: /vendor/overlay/FrameworkResOverlay changed; collecting certs
01-01 00:00:39.517  1065  1065 I PackageManager: /vendor/overlay/FrameworkResOverlayExt changed; collecting certs
01-01 00:00:39.519  1065  1065 I PackageManager: /vendor/overlay/CellbroadcastUIResOverlay changed; collecting certs
01-01 00:00:39.521  1065  1065 I PackageManager: /vendor/overlay/SettingsProviderResOverlay changed; collecting certs
01-01 00:00:39.522  1065  1065 I PackageManager: /vendor/overlay/SystemUIResOverlay changed; collecting certs
01-01 00:00:39.524  1065  1065 I PackageManager: /vendor/overlay/MtkSettingsResOverlay changed; collecting certs
01-01 00:00:39.525  1065  1065 I PackageManager: /vendor/overlay/WifiResMainlineOverlay changed; collecting certs
01-01 00:00:39.527  1065  1065 I PackageManager: /vendor/overlay/WifiResOverlay changed; collecting certs
01-01 00:00:39.532  1065  1065 W PackageManager: Failed to parse /system/framework/arm: Missing base APK in /system/framework/arm
01-01 00:00:39.532  1065  1065 W PackageManager: Failed to parse /system/framework/oat: Missing base APK in /system/framework/oat
01-01 00:00:39.532  1065  1065 W PackageManager: Failed to parse /system/framework/arm64: Missing base APK in /system/framework/arm64
01-01 00:00:39.536   918   918 E storaged: getService package_native failed
01-01 00:00:39.545   918  2489 I storaged: storaged: Start
01-01 00:00:39.562  1065  2488 W PackageParsing: android defines a knownSigner permission but the provided knownCerts resource is null
01-01 00:00:39.562  1065  2488 W PackageParsing: android defines a knownSigner permission but the provided knownCerts resource is null
01-01 00:00:39.562  1065  2488 W PackageParsing: android defines a knownSigner permission but the provided knownCerts resource is null
01-01 00:00:39.572  1065  1065 I PackageManager: /system/framework/framework-res.apk changed; collecting certs
01-01 00:00:39.576  1065  1065 W PackageManager: Adding duplicate shared id: 1000 name=android
01-01 00:00:39.584  1065  1065 I PackageManager: /system/priv-app/BackupRestoreConfirmation changed; collecting certs
01-01 00:00:39.586  1065  1065 I PackageManager: /system/priv-app/AtciService changed; collecting certs
01-01 00:00:39.589  1065  1065 W PackageManager: Adding duplicate shared id: 1000 name=com.mediatek.atci.service
01-01 00:00:39.589  1065  1065 I PackageManager: /system/priv-app/BuiltInPrintService changed; collecting certs
01-01 00:00:39.592  1065  1065 I PackageManager: /system/priv-app/CallRecorderService changed; collecting certs
01-01 00:00:39.594  1065  1065 I PackageManager: /system/priv-app/CDS_INFO changed; collecting certs
01-01 00:00:39.596  1065  1065 I PackageManager: /system/priv-app/CallLogBackup changed; collecting certs
01-01 00:00:39.598  1065  1065 W PackageManager: Adding duplicate app id: 10026 name=com.android.calllogbackup
01-01 00:00:39.599  1065  1065 I PackageManager: /system/priv-app/CtsShimPrivPrebuilt changed; collecting certs
01-01 00:00:39.600  1065  1065 D CompatibilityChangeReporter: Compat change id reported: 168782947; UID -1; state: DISABLED
01-01 00:00:39.601  1065  1065 I PackageManager: /system/priv-app/DownloadProviderUi changed; collecting certs
01-01 00:00:39.603  1065  1065 W PackageManager: Adding duplicate app id: 10028 name=com.android.providers.downloads.ui
01-01 00:00:39.603  1065  1065 I PackageManager: /system/priv-app/BlockedNumberProvider changed; collecting certs
01-01 00:00:39.605  1065  1065 W PackageManager: Adding duplicate app id: 10026 name=com.android.providers.blockednumber
01-01 00:00:39.606  1065  1065 I PackageManager: /system/priv-app/DynamicSystemInstallationService changed; collecting certs
01-01 00:00:39.608  1065  1065 W PackageManager: Adding duplicate shared id: 1000 name=com.android.dynsystem
01-01 00:00:39.609  1065  1065 I PackageManager: /system/priv-app/DownloadProvider changed; collecting certs
01-01 00:00:39.610  1065  1065 W PackageManager: Adding duplicate app id: 10028 name=com.android.providers.downloads
01-01 00:00:39.611  1065  1065 I PackageManager: /system/priv-app/ExternalStorageProvider changed; collecting certs
01-01 00:00:39.613  1065  1065 I PackageManager: /system/priv-app/DocumentsUI changed; collecting certs
01-01 00:00:39.616  1065  1065 I PackageManager: /system/priv-app/FusedLocation changed; collecting certs
01-01 00:00:39.618  1065  1065 W PackageManager: Adding duplicate shared id: 1000 name=com.android.location.fused
01-01 00:00:39.619  1065  1065 I PackageManager: /system/priv-app/GeofenceService changed; collecting certs
01-01 00:00:39.619  1065  2487 W PackageParsing: Ignoring duplicate uses-permissions/uses-permissions-sdk-m: android.permission.CAMERA in package: com.mediatek.engineermode at: Binary XML file line #79
01-01 00:00:39.621  1065  1065 I PackageManager: /system/priv-app/InputDevices changed; collecting certs
01-01 00:00:39.622  1065  1065 W PackageManager: Adding duplicate shared id: 1000 name=com.android.inputdevices
01-01 00:00:39.623  1065  1065 I PackageManager: /system/priv-app/LocalTransport changed; collecting certs
01-01 00:00:39.636  1065  1065 W PackageManager: Adding duplicate shared id: 1000 name=com.android.localtransport
01-01 00:00:39.636  1065  1065 I PackageManager: /system/priv-app/LPPeService changed; collecting certs
01-01 00:00:39.638  1065  1065 W PackageManager: Adding duplicate shared id: 1000 name=com.mediatek.location.lppe.main
01-01 00:00:39.639  1065  1065 I PackageManager: /system/priv-app/LiveWallpapersPicker changed; collecting certs
01-01 00:00:39.643  1065  1065 I PackageManager: /system/priv-app/MtkCalendarProvider changed; collecting certs
01-01 00:00:39.645  1065  1065 W PackageManager: Adding duplicate app id: 10033 name=com.android.providers.calendar
01-01 00:00:39.645  1065  1065 I PackageManager: /system/priv-app/MediaProviderLegacy changed; collecting certs
01-01 00:00:39.648  1065  1065 W PackageManager: Adding duplicate app id: 10028 name=com.android.providers.media
01-01 00:00:39.648  1065  1065 I PackageManager: /system/priv-app/MtkCapCtrl changed; collecting certs
01-01 00:00:39.651  1065  1065 W PackageManager: Adding duplicate shared id: 1001 name=com.mediatek.capctrl.service
01-01 00:00:39.652  1065  1065 I PackageManager: /system/priv-app/ManagedProvisioning changed; collecting certs
01-01 00:00:39.654  1065  1065 I PackageManager: /system/priv-app/EngineerMode changed; collecting certs
01-01 00:00:39.657  1065  1065 I PackageManager: /system/priv-app/MtkGbaService changed; collecting certs
01-01 00:00:39.659  1065  2485 W PackageParsing: Ignoring duplicate uses-permissions/uses-permissions-sdk-m: android.permission.POST_NOTIFICATIONS in package: com.android.phone at: Binary XML file line #169
01-01 00:00:39.660  1065  1065 I PackageManager: /system/priv-app/MtkSettingsProvider changed; collecting certs
01-01 00:00:39.662  1065  1065 W PackageManager: Adding duplicate shared id: 1000 name=com.android.providers.settings
01-01 00:00:39.663  1065  1065 I PackageManager: /system/priv-app/MtkMmsService changed; collecting certs
01-01 00:00:39.665  1065  1065 W PackageManager: Adding duplicate shared id: 1001 name=com.android.mms.service
01-01 00:00:39.666  1065  1065 I PackageManager: /system/priv-app/MtkContactsProvider changed; collecting certs
01-01 00:00:39.668  1065  1065 W PackageManager: Adding duplicate app id: 10026 name=com.android.providers.contacts
01-01 00:00:39.669  1065  1065 I PackageManager: /system/priv-app/MtkDeskClock changed; collecting certs
01-01 00:00:39.671  1065  1065 W PackageManager: Adding duplicate shared id: 1000 name=com.android.deskclock
01-01 00:00:39.672  1065  1065 I PackageManager: /system/priv-app/MtkTelephonyProvider changed; collecting certs
01-01 00:00:39.674  1065  1065 W PackageManager: Adding duplicate shared id: 1001 name=com.android.providers.telephony
01-01 00:00:39.674  1065  1065 I PackageManager: /system/priv-app/MtpService changed; collecting certs
01-01 00:00:39.676  1065  1065 W PackageManager: Adding duplicate app id: 10028 name=com.android.mtp
01-01 00:00:39.677  1065  1065 I PackageManager: /system/priv-app/MtkTelecom changed; collecting certs
01-01 00:00:39.679  1065  1065 W PackageManager: Adding duplicate shared id: 1000 name=com.android.server.telecom
01-01 00:00:39.679  1065  1065 I PackageManager: /system/priv-app/NetworkStack changed; collecting certs
01-01 00:00:39.682  1065  1065 W PackageManager: Adding duplicate shared id: 1073 name=com.android.networkstack
01-01 00:00:39.683  1065  1065 I PackageManager: /system/priv-app/MusicFX changed; collecting certs
01-01 00:00:39.685  1065  1065 I PackageManager: /system/priv-app/ONS changed; collecting certs
01-01 00:00:39.686  1065  1065 W PackageManager: Adding duplicate shared id: 1001 name=com.android.ons
01-01 00:00:39.687  1065  1065 I PackageManager: /system/priv-app/NetworkStackNext changed; collecting certs
01-01 00:00:39.688  1065  1065 W PackageManager: Failed to scan /system/priv-app/NetworkStackNext: Application package com.android.networkstack already installed.  Skipping duplicate.
01-01 00:00:39.688  1065  1065 I PackageManager: /system/priv-app/ProxyHandler changed; collecting certs
01-01 00:00:39.690  1065  1065 I PackageManager: /system/priv-app/SharedStorageBackup changed; collecting certs
01-01 00:00:39.692  1065  1065 I PackageManager: /system/priv-app/MtkTeleService changed; collecting certs
01-01 00:00:39.693  1065  1065 W PackageManager: Adding duplicate shared id: 1001 name=com.android.phone
01-01 00:00:39.694  1065  1065 I PackageManager: /system/priv-app/SoundPicker changed; collecting certs
01-01 00:00:39.696  1065  1065 W PackageManager: Adding duplicate app id: 10028 name=com.android.soundpicker
01-01 00:00:39.696  1065  1065 I PackageManager: /system/priv-app/PackageInstaller changed; collecting certs
01-01 00:00:39.698  1065  1065 I PackageManager: /system/priv-app/StatementService changed; collecting certs
01-01 00:00:39.700  1065  1065 I PackageManager: /system/priv-app/UserDictionaryProvider changed; collecting certs
01-01 00:00:39.702  1065  1065 W PackageManager: Adding duplicate app id: 10026 name=com.android.providers.userdictionary
01-01 00:00:39.702  1065  1065 I PackageManager: /system/priv-app/Shell changed; collecting certs
01-01 00:00:39.704  1065  1065 W PackageManager: Adding duplicate shared id: 2000 name=com.android.shell
01-01 00:00:39.704  1065  1065 I PackageManager: /system/priv-app/YGPS changed; collecting certs
01-01 00:00:39.706  1065  1065 I PackageManager: /system/priv-app/VpnDialogs changed; collecting certs
01-01 00:00:39.712  1065  1065 I PackageManager: /system/app/BasicDreams changed; collecting certs
01-01 00:00:39.714  1065  1065 I PackageManager: /system/app/AutoDialer changed; collecting certs
01-01 00:00:39.716  1065  1065 W PackageManager: Adding duplicate shared id: 1001 name=com.mediatek.autodialer
01-01 00:00:39.717  1065  1065 I PackageManager: /system/app/BluetoothMidiService changed; collecting certs
01-01 00:00:39.719  1065  1065 I PackageManager: /system/app/BatteryWarning changed; collecting certs
01-01 00:00:39.722  1065  1065 I PackageManager: /system/app/BookmarkProvider changed; collecting certs
01-01 00:00:39.722  1065  2485 D CompatibilityChangeReporter: Compat change id reported: 150232615; UID -1; state: DISABLED
01-01 00:00:39.723  1065  1065 I PackageManager: /system/app/CameraExtensionsProxy changed; collecting certs
01-01 00:00:39.726  1065  1065 I PackageManager: /system/app/CertInstaller changed; collecting certs
01-01 00:00:39.729  1065  1065 I PackageManager: /system/app/CtsShimPrebuilt changed; collecting certs
01-01 00:00:39.732  1065  1065 W PackageManager: Adding duplicate app id: 10050 name=com.android.cts.ctsshim
01-01 00:00:39.733  1065  1065 I PackageManager: /system/app/CarBTDemo changed; collecting certs
01-01 00:00:39.736  1065  1065 I PackageManager: /system/app/CompanionDeviceManager changed; collecting certs
01-01 00:00:39.738  1065  1065 I PackageManager: /system/app/CaptivePortalLogin changed; collecting certs
01-01 00:00:39.740  1065  1065 I PackageManager: /system/app/ExtShared changed; collecting certs
01-01 00:00:39.743  1065  1065 I PackageManager: /system/app/EasterEgg changed; collecting certs
01-01 00:00:39.745  1065  1065 I PackageManager: /system/app/HTMLViewer changed; collecting certs
01-01 00:00:39.747  1065  1065 I PackageManager: /system/app/DebugLoggerUI changed; collecting certs
01-01 00:00:39.749  1065  1065 I PackageManager: /system/app/KeyChain changed; collecting certs
01-01 00:00:39.751  1065  1065 W PackageManager: Adding duplicate shared id: 1000 name=com.android.keychain
01-01 00:00:39.752  1065  1065 I PackageManager: /system/app/LocationEM2 changed; collecting certs
01-01 00:00:39.753  1065  1065 I PackageManager: /system/app/MeshTestProvisioner changed; collecting certs
01-01 00:00:39.755  1065  1065 W PackageManager: Adding duplicate shared id: 1000 name=com.mesh.test.provisioner
01-01 00:00:39.756  1065  1065 I PackageManager: /system/app/PacProcessor changed; collecting certs
01-01 00:00:39.758  1065  1065 I PackageManager: /system/app/NonFrameworkLbs changed; collecting certs
01-01 00:00:39.760  1065  1065 I PackageManager: /system/app/NfcNci changed; collecting certs
01-01 00:00:39.762  1065  1065 W PackageManager: Adding duplicate shared id: 1027 name=com.android.nfc
01-01 00:00:39.762  1065  1065 I PackageManager: /system/app/PrintSpooler changed; collecting certs
01-01 00:00:39.764  1065  1065 I PackageManager: /system/app/PrintRecommendationService changed; collecting certs
01-01 00:00:39.766  1065  1065 I PackageManager: /system/app/SecureElement changed; collecting certs
01-01 00:00:39.767  1065  1065 W PackageManager: Adding duplicate shared id: 1068 name=com.android.se
01-01 00:00:39.768  1065  1065 I PackageManager: /system/app/SimAppDialog changed; collecting certs
01-01 00:00:39.770  1065  1065 I PackageManager: /system/app/WallpaperBackup changed; collecting certs
01-01 00:00:39.771  1065  1065 W PackageManager: Adding duplicate shared id: 1000 name=com.android.wallpaperbackup
01-01 00:00:39.772  1065  1065 I PackageManager: /system/app/SimRecoveryTestTool changed; collecting certs
01-01 00:00:39.773  1065  1065 W PackageManager: Adding duplicate shared id: 1001 name=com.mediatek.simrecovery
01-01 00:00:39.774  1065  1065 I PackageManager: /system/app/mediatek-res changed; collecting certs
01-01 00:00:39.775  1065  1065 W PackageManager: Adding duplicate shared id: 1000 name=com.mediatek
01-01 00:00:39.776  1065  1065 I PackageManager: /system/app/Traceur changed; collecting certs
01-01 00:00:39.783  1065  1065 I PackageManager: /vendor/app/GoogleTetheringResOverlay changed; collecting certs
01-01 00:00:39.785  1065  1065 I PackageManager: /vendor/app/GoogleNetworkStackResOverlay changed; collecting certs
01-01 00:00:39.787  1065  1065 I PackageManager: /vendor/app/InProcessTetheringResOverlay changed; collecting certs
01-01 00:00:39.789  1065  1065 I PackageManager: /vendor/app/NetworkStackResOverlay changed; collecting certs
01-01 00:00:39.791  1065  1065 I PackageManager: /vendor/app/NetworkStackInProcessResOverlay changed; collecting certs
01-01 00:00:39.793  1065  1065 I PackageManager: /vendor/app/EmCamera changed; collecting certs
01-01 00:00:39.795  1065  1065 I PackageManager: /vendor/app/TetheringResOverlay changed; collecting certs
01-01 00:00:39.802  1065  1065 I PackageManager: /product/priv-app/OneTimeInitializer changed; collecting certs
01-01 00:00:39.804  1065  1065 I PackageManager: /product/priv-app/MtkQuickSearchBox changed; collecting certs
01-01 00:00:39.809  1065  1065 I PackageManager: /product/priv-app/SettingsIntelligence changed; collecting certs
01-01 00:00:39.816  1065  1065 I PackageManager: /product/app/ModuleMetadata changed; collecting certs
01-01 00:00:39.821  1065  1065 I PackageManager: /product/app/MtkWallpaperPicker changed; collecting certs
01-01 00:00:39.824  1065  1065 I PackageManager: /product/app/Browser2 changed; collecting certs
01-01 00:00:39.828  1065  1065 I PackageManager: /product/app/Gallery2 changed; collecting certs
01-01 00:00:39.830  1065  1065 I PackageManager: /product/app/Music changed; collecting certs
01-01 00:00:39.856  1065  1065 I PackageManager: /product/app/webview changed; collecting certs
01-01 00:00:39.861  1065  1065 I PackageManager: /product/app/LatinIME changed; collecting certs
01-01 00:00:39.869  1065  1065 I PackageManager: /system/system_ext/priv-app/MtkCarrierConfig changed; collecting certs
01-01 00:00:39.871  1065  1065 I PackageManager: /system/system_ext/priv-app/DuraSpeed changed; collecting certs
01-01 00:00:39.894  1065  1065 I PackageManager: /system/system_ext/priv-app/MtkEmergencyInfo changed; collecting certs
01-01 00:00:39.896  1065  1065 W PackageManager: Adding duplicate app id: 10084 name=com.android.emergency
01-01 00:00:39.897  1065  1065 I PackageManager: /system/system_ext/priv-app/MtkLauncher3QuickStep changed; collecting certs
01-01 00:00:39.898  1065  2486 W PackageParsing: No actions in intent-filter at /system/system_ext/priv-app/MtkContacts/MtkContacts.apk Binary XML file line #595
01-01 00:00:39.900  1065  1065 I PackageManager: /system/system_ext/priv-app/MtkSimProcessor changed; collecting certs
01-01 00:00:39.902  1065  1065 W PackageManager: Adding duplicate shared id: 1000 name=com.mediatek.simprocessor
01-01 00:00:39.904  1065  1065 I PackageManager: /system/system_ext/priv-app/Omacp changed; collecting certs
01-01 00:00:39.906  1065  1065 W PackageManager: Adding duplicate shared id: 1000 name=com.mediatek.omacp
01-01 00:00:39.907  1065  1065 I PackageManager: /system/system_ext/priv-app/MtkContacts changed; collecting certs
01-01 00:00:39.911  1065  1065 I PackageManager: /system/system_ext/priv-app/Provision changed; collecting certs
01-01 00:00:39.914  1065  1065 I PackageManager: /system/system_ext/priv-app/RemoteProvisioner changed; collecting certs
01-01 00:00:39.921  1065  1065 I PackageManager: /system/system_ext/priv-app/WallpaperCropper changed; collecting certs
01-01 00:00:39.923  1065  1065 I PackageManager: /system/system_ext/priv-app/StorageManager changed; collecting certs
01-01 00:00:39.939  1065  2487 W PackageParsing: Ignoring duplicate uses-permissions/uses-permissions-sdk-m: android.permission.CONFIGURE_WIFI_DISPLAY in package: com.android.systemui at: Binary XML file line #164
01-01 00:00:39.939  1065  2487 W PackageParsing: Ignoring duplicate uses-permissions/uses-permissions-sdk-m: android.permission.GET_RUNTIME_PERMISSIONS in package: com.android.systemui at: Binary XML file line #230
01-01 00:00:39.939  1065  2487 W PackageParsing: Ignoring duplicate uses-permissions/uses-permissions-sdk-m: android.permission.READ_DEVICE_CONFIG in package: com.android.systemui at: Binary XML file line #332
01-01 00:00:39.945  1065  1065 I PackageManager: /system/system_ext/priv-app/MtkSystemUI changed; collecting certs
01-01 00:00:39.948  1065  2488 W PackageParsing: Ignoring duplicate uses-permissions/uses-permissions-sdk-m: com.mediatek.permission.omacp.install in package: com.android.settings at: Binary XML file line #151
01-01 00:00:39.948  1065  1065 W PackageManager: Adding duplicate app id: 10091 name=com.android.systemui
01-01 00:00:39.968  1065  1065 I PackageManager: /system/system_ext/priv-app/MtkSettings changed; collecting certs
01-01 00:00:39.971  1065  1065 W PackageManager: Adding duplicate shared id: 1000 name=com.android.settings
01-01 00:00:39.986  1065  1065 I PackageManager: /system/system_ext/app/AOVTestsApp changed; collecting certs
01-01 00:00:39.991  1065  1065 I PackageManager: /system/system_ext/app/Camera changed; collecting certs
01-01 00:00:39.993  1065  1065 I PackageManager: /system/system_ext/app/MtkCalendar changed; collecting certs
01-01 00:00:39.998  1065  2488 W PackageCacher: Failed to find APEX file backing /apex/com.android.wifi/priv-app/ServiceWifiResources@TP1A.220624.014
01-01 00:00:40.003  1065  1065 I PackageManager: /apex/com.android.wifi/priv-app/ServiceWifiResources@TP1A.220624.014 changed; collecting certs
01-01 00:00:40.007  1065  2485 W PackageCacher: Failed to find APEX file backing /apex/com.android.wifi/app/WifiDialog@TP1A.220624.014
01-01 00:00:40.007  1065  2486 W PackageCacher: Failed to find APEX file backing /apex/com.android.wifi/app/OsuLogin@TP1A.220624.014
01-01 00:00:40.015  1065  1065 I PackageManager: /apex/com.android.wifi/app/OsuLogin@TP1A.220624.014 changed; collecting certs
01-01 00:00:40.017  1065  1065 I PackageManager: /apex/com.android.wifi/app/WifiDialog@TP1A.220624.014 changed; collecting certs
01-01 00:00:40.021  1065  2487 W PackageCacher: Failed to find APEX file backing /apex/com.android.uwb/priv-app/ServiceUwbResources@TP1A.220624.014
01-01 00:00:40.026  1065  1065 I PackageManager: /apex/com.android.uwb/priv-app/ServiceUwbResources@TP1A.220624.014 changed; collecting certs
01-01 00:00:40.030  1065  2488 W PackageCacher: Failed to find APEX file backing /apex/com.android.tethering/priv-app/ServiceConnectivityResources@TP1A.220624.014
01-01 00:00:40.030  1065  2486 W PackageCacher: Failed to find APEX file backing /apex/com.android.tethering/priv-app/TetheringNext@TP1A.220624.014
01-01 00:00:40.034  1065  1065 I PackageManager: /apex/com.android.tethering/priv-app/ServiceConnectivityResources@TP1A.220624.014 changed; collecting certs
01-01 00:00:40.037  1065  1065 I PackageManager: /apex/com.android.tethering/priv-app/TetheringNext@TP1A.220624.014 changed; collecting certs
01-01 00:00:40.040  1065  1065 W PackageManager: Adding duplicate shared id: 1073 name=com.android.networkstack.tethering
01-01 00:00:40.043  1065  2485 W PackageCacher: Failed to find APEX file backing /apex/com.android.tethering/app/HalfSheetUX@TP1A.220624.014
01-01 00:00:40.054  1065  1065 I PackageManager: /apex/com.android.tethering/app/HalfSheetUX@TP1A.220624.014 changed; collecting certs
01-01 00:00:40.060  1065  2487 W PackageCacher: Failed to find APEX file backing /apex/com.android.permission/priv-app/PermissionController@TP1A.220624.014
01-01 00:00:40.060  1065  2488 W PackageCacher: Failed to find APEX file backing /apex/com.android.permission/priv-app/SafetyCenterResources@TP1A.220624.014
01-01 00:00:40.065  1065  1065 I PackageManager: /apex/com.android.permission/priv-app/SafetyCenterResources@TP1A.220624.014 changed; collecting certs
01-01 00:00:40.089  1065  2487 W PackageParsing: Ignoring duplicate uses-permissions/uses-permissions-sdk-m: android.permission.OBSERVE_SENSOR_PRIVACY in package: com.android.permissioncontroller at: Binary XML file line #59
01-01 00:00:40.097  1065  1065 I PackageManager: /apex/com.android.permission/priv-app/PermissionController@TP1A.220624.014 changed; collecting certs
01-01 00:00:40.102  1065  2486 W PackageCacher: Failed to find APEX file backing /apex/com.android.ondevicepersonalization/app/OnDevicePersonalization@TP1A.220624.014
01-01 00:00:40.106  1065  1065 I PackageManager: /apex/com.android.ondevicepersonalization/app/OnDevicePersonalization@TP1A.220624.014 changed; collecting certs
01-01 00:00:40.111  1065  2485 W PackageCacher: Failed to find APEX file backing /apex/com.android.mediaprovider/priv-app/MediaProvider@TP1A.220624.014
01-01 00:00:40.122  1065  2485 W PackageParsing: Unknown element under <manifest>: meta-data at /apex/com.android.mediaprovider/priv-app/MediaProvider@TP1A.220624.014/MediaProvider.apk Binary XML file line #9
01-01 00:00:40.127  1065  1065 I PackageManager: /apex/com.android.mediaprovider/priv-app/MediaProvider@TP1A.220624.014 changed; collecting certs
01-01 00:00:40.133  1065  2488 W PackageCacher: Failed to find APEX file backing /apex/com.android.extservices/priv-app/ExtServices@TP1A.220624.014
01-01 00:00:40.142  1065  1065 I PackageManager: /apex/com.android.extservices/priv-app/ExtServices@TP1A.220624.014 changed; collecting certs
01-01 00:00:40.148  1065  2487 W PackageCacher: Failed to find APEX file backing /apex/com.android.btservices/app/Bluetooth@TP1A.220624.014
01-01 00:00:40.164  1065  1065 I PackageManager: /apex/com.android.btservices/app/Bluetooth@TP1A.220624.014 changed; collecting certs
01-01 00:00:40.166  1065  1065 W PackageManager: Adding duplicate shared id: 1002 name=com.android.bluetooth
01-01 00:00:40.170  1065  2486 W PackageCacher: Failed to find APEX file backing /apex/com.android.adservices/priv-app/AdServicesApk@TP1A.220624.014
01-01 00:00:40.174  1065  1065 I PackageManager: /apex/com.android.adservices/priv-app/AdServicesApk@TP1A.220624.014 changed; collecting certs
01-01 00:00:40.178  1065  2485 W PackageCacher: Failed to find APEX file backing /apex/com.android.adservices/app/SdkSandbox@TP1A.220624.014
01-01 00:00:40.183  1065  1065 I PackageManager: /apex/com.android.adservices/app/SdkSandbox@TP1A.220624.014 changed; collecting certs
01-01 00:00:40.189  1065  1065 I PackageManager: Finished scanning system apps. Time: 762 ms, packageCount: 145 , timePerPackage: 5 , cached: 0
01-01 00:00:40.189  1065  1065 I PackageManager: Finished scanning non-system apps. Time: 1 ms, packageCount: 0 , timePerPackage: 0 , cached: 0
01-01 00:00:40.192  1065  1065 I PackageManager: Time to scan packages: 0.766 seconds
01-01 00:00:40.192  1065  1065 I PackageManager: Permission ownership changed. Updating all permissions.
01-01 00:00:40.207  1065  1065 V PackageManager: reconcileAppsData for null u0 0x1 migrateAppData=true
01-01 00:00:40.240  1065  1065 V PackageManager: reconcileAppsData finished 27 packages
01-01 00:00:40.241  1065  1065 D PackageManagerTiming: write settings
01-01 00:00:40.241  1065  2497 D SystemServerTimingAsync: InitThreadPoolExec:prepareAppData
01-01 00:00:40.241  1065  2497 D SystemServerInitThreadPool: Started executing prepareAppData
01-01 00:00:40.244  1065  2497 V SystemServerTimingAsync: AppDataFixup took to complete: 2ms
01-01 00:00:40.263  1065  1065 V PackageManagerTiming: write settings took to complete: 22ms
01-01 00:00:40.264  1065  1065 W PackageManager: Domain verification agent not found
01-01 00:00:40.266  1065  1065 D PackageManager: Ephemeral resolver NOT found; no matching intent filters
01-01 00:00:40.266  1065  1065 D PackageManager: Instant App installer not found with android.intent.action.INSTALL_INSTANT_APP_PACKAGE
01-01 00:00:40.266  1065  1065 D PackageManager: Clear ephemeral installer activity
01-01 00:00:40.267  1065  1065 D PackageManagerTiming: GC
01-01 00:00:40.267  1065  1065 V PackageManagerTiming: GC took to complete: 0ms
01-01 00:00:40.267  1065  1065 I PackageManager: Fix for b/169414761 is applied
01-01 00:00:40.269  1065  1065 V PackageManagerTiming: create package manager took to complete: 3208ms
01-01 00:00:40.269  1065  2497 W PackageManager: Skipping preparing app data for com.android.sdksandbox
01-01 00:00:40.269  1065  1065 V UserSystemPackageInstaller: Checking that all system packages are whitelisted.
01-01 00:00:40.270  1065  1065 W UserSystemPackageInstaller: checkWhitelistedSystemPackages(mode=ENFORCE|IMPLICIT_WHITELIST|IMPLICIT_WHITELIST_SYSTEM) has 51 warnings:
01-01 00:00:40.270  1065  1065 W UserSystemPackageInstaller: com.android.theme.color.amethyst is allowlisted but not present.
01-01 00:00:40.270  1065  1065 W UserSystemPackageInstaller: com.android.theme.icon.pebble is allowlisted but not present.
01-01 00:00:40.270  1065  1065 W UserSystemPackageInstaller: com.android.theme.color.sand is allowlisted but not present.
01-01 00:00:40.270  1065  1065 W UserSystemPackageInstaller: com.android.theme.icon.vessel is allowlisted but not present.
01-01 00:00:40.270  1065  1065 W UserSystemPackageInstaller: com.android.theme.color.cinnamon is allowlisted but not present.
01-01 00:00:40.270  1065  1065 W UserSystemPackageInstaller: com.android.theme.icon_pack.victor.settings is allowlisted but not present.
01-01 00:00:40.270  1065  1065 W UserSystemPackageInstaller: com.android.theme.icon_pack.rounded.systemui is allowlisted but not present.
01-01 00:00:40.270  1065  1065 W UserSystemPackageInstaller: com.android.theme.icon.taperedrect is allowlisted but not present.
01-01 00:00:40.270  1065  1065 W UserSystemPackageInstaller: com.android.theme.icon_pack.rounded.android is allowlisted but not present.
01-01 00:00:40.270  1065  1065 W UserSystemPackageInstaller: com.android.internal.systemui.onehanded.gestural is allowlisted but not present.
