10-04 09:52:37.455  1065  1065 D SystemServerTiming: OnBootPhase_550_com.android.server.autofill.AutofillManagerService
10-04 09:52:37.455  1065  1065 V SystemServerTiming: OnBootPhase_550_com.android.server.autofill.AutofillManagerService took to complete: 0ms
10-04 09:52:37.455  1065  1065 D SystemServerTiming: OnBootPhase_550_com.android.server.clipboard.ClipboardService
10-04 09:52:37.455  1065  1065 V SystemServerTiming: OnBootPhase_550_com.android.server.clipboard.ClipboardService took to complete: 0ms
10-04 09:52:37.455  1065  2760 I UsbPortManager: ClientCallback V1_1: 
10-04 09:52:37.455  1065  1065 D SystemServerTiming: OnBootPhase_550_com.android.server.appbinding.AppBindingService$Lifecycle
10-04 09:52:37.456  1065  1065 I AppBindingService: Updating constants with: null
10-04 09:52:37.456  1065  1065 V SystemServerTiming: OnBootPhase_550_com.android.server.appbinding.AppBindingService$Lifecycle took to complete: 1ms
10-04 09:52:37.456  1065  1065 D SystemServerTiming: OnBootPhase_550_com.mediatek.hdmilocalservice.HdmiLocalService
10-04 09:52:37.456  1065  1065 V SystemServerTiming: OnBootPhase_550_com.mediatek.hdmilocalservice.HdmiLocalService took to complete: 0ms
10-04 09:52:37.456  1065  1065 D SystemServerTiming: OnBootPhase_550_com.mediatek.powerhalservice.PowerHalMgrService
10-04 09:52:37.456  1065  1065 V SystemServerTiming: OnBootPhase_550_com.mediatek.powerhalservice.PowerHalMgrService took to complete: 0ms
10-04 09:52:37.456  1065  1065 D SystemServerTiming: OnBootPhase_550_com.mediatek.server.MtkConnectivitySupplementalService
10-04 09:52:37.456  1065  1065 D MtkConnectivitySupplementalService: onBootPhase: phase=550
10-04 09:52:37.456  1065  1065 V SystemServerTiming: OnBootPhase_550_com.mediatek.server.MtkConnectivitySupplementalService took to complete: 0ms
10-04 09:52:37.456  1065  1065 D SystemServerTiming: OnBootPhase_550_com.android.server.tracing.TracingServiceProxy
10-04 09:52:37.456  1065  1065 V SystemServerTiming: OnBootPhase_550_com.android.server.tracing.TracingServiceProxy took to complete: 0ms
10-04 09:52:37.456  1065  1065 D SystemServerTiming: OnBootPhase_550_com.android.server.policy.PermissionPolicyService
10-04 09:52:37.456  1065  1065 D SystemServerTiming: Permission_grant_default_permissions-0
10-04 09:52:37.456  1065  1065 D SystemServerTiming: Permission_callback_waiting-0
10-04 09:52:37.456  1065  1082 I UsbPortManager: USB port added: port=UsbPort{id=, supportedModes=ufpsupportedContaminantProtectionModes=0supportsEnableContaminantPresenceProtection=falsesupportsEnableContaminantPresenceDetection=false, status=UsbPortStatus{connected=true, currentMode=ufp, currentPowerRole=sink, currentDataRole=device, supportedRoleCombinations=[sink:device], contaminantDetectionStatus=0, contaminantProtectionStatus=0, usbDataStatus=unknown, isPowerTransferLimited=false, powerBrickConnectionStatus=unknown}, canChangeMode=false, canChangePowerRole=false, canChangeDataRole=false, connectedAtMillis=29885, lastConnectDurationMillis=0
10-04 09:52:37.461  1065  1082 D CompatibilityChangeReporter: Compat change id reported: 135634846; UID 10102; state: DISABLED
10-04 09:52:37.461  1065  1082 D CompatibilityChangeReporter: Compat change id reported: 177438394; UID 10102; state: DISABLED
10-04 09:52:37.461  1065  1082 D CompatibilityChangeReporter: Compat change id reported: 135772972; UID 10102; state: DISABLED
10-04 09:52:37.462  1065  1082 D CompatibilityChangeReporter: Compat change id reported: 135754954; UID 10102; state: ENABLED
10-04 09:52:37.465  1065  1095 I ActivityManager: Start proc 2765:com.android.systemui/u0a91 for service {com.android.systemui/com.android.systemui.ImageWallpaper}
10-04 09:52:37.465  1065  1084 I DropBoxManagerService: add tag=system_server_strictmode isTagEnabled=true flags=0x2
10-04 09:52:37.465  1065  1095 D CompatibilityChangeReporter: Compat change id reported: 143937733; UID 10102; state: ENABLED
10-04 09:52:37.465  1065  1095 W ActivityManager: com.android.permissioncontroller inode == 0 (b/152760674)
10-04 09:52:37.466  1065  1084 I DropBoxManagerService: add tag=system_server_strictmode isTagEnabled=true flags=0x2
10-04 09:52:37.473  1065  1095 I ActivityManager: Start proc 2766:com.android.permissioncontroller/u0a102 for service {com.android.permissioncontroller/com.android.permissioncontroller.permission.service.PermissionControllerServiceImpl}
10-04 09:52:37.482  1065  2720 V ActivityManager: New death recipient com.android.server.am.ActivityManagerService$AppDeathRecipient@b156c4d for thread android.os.BinderProxy@facc302
10-04 09:52:37.482  1065  2720 D CompatibilityChangeReporter: Compat change id reported: 168419799; UID 10091; state: DISABLED
10-04 09:52:37.501  1065  2720 V ActivityManager: New death recipient com.android.server.am.ActivityManagerService$AppDeathRecipient@1343a14 for thread android.os.BinderProxy@c6702bd
10-04 09:52:37.502  1065  2720 D CompatibilityChangeReporter: Compat change id reported: 168419799; UID 10102; state: DISABLED
10-04 09:52:37.512  1065  2720 W StorageManagerService: No primary storage defined yet; hacking together a stub
10-04 09:52:37.539  1065  1080 V SettingsProvider: packageValueForCallResult, name = one_handed_mode_enabled, value : Bundle[{_track_generation=android.util.MemoryIntArray@b3, value=0, _generation_index=2, _generation=3}]
10-04 09:52:37.546  2765  2765 W OneHandedController: Failed to get new DisplayLayout.
10-04 09:52:37.549  1065  2720 D PackageManager: Instant App installer not found with android.intent.action.INSTALL_INSTANT_APP_PACKAGE
10-04 09:52:37.549  1065  2720 D PackageManager: Clear ephemeral installer activity
10-04 09:52:37.552  1065  1080 D CompatibilityChangeReporter: Compat change id reported: 161145287; UID 10091; state: DISABLED
10-04 09:52:37.552  1065  1080 V SettingsProvider: packageValueForCallResult, name = transition_animation_scale, value : Bundle[{_track_generation=android.util.MemoryIntArray@b3, value=1.0, _generation_index=0, _generation=10}]
10-04 09:52:37.575  1065  1080 D CompatibilityChangeReporter: Compat change id reported: 161145287; UID 10102; state: DISABLED
10-04 09:52:37.605  1065  2720 D CompatibilityChangeReporter: Compat change id reported: 171306433; UID 1000; state: ENABLED
10-04 09:52:37.605  1065  2720 D CompatibilityChangeReporter: Compat change id reported: 218533173; UID 1000; state: ENABLED
10-04 09:52:37.620  1065  2720 D CoreBackPreview: Window{69ea12b u0 ShellDropTarget}: Setting back callback OnBackInvokedCallbackInfo{mCallback=android.window.IOnBackInvokedCallback$Stub$Proxy@d140aa3, mPriority=0}
10-04 09:52:37.637  2765  2765 D ShellBackPreview: Back animation enabled=false
10-04 09:52:37.641  1065  2764 D UsbHostManager: USB device attached: vidpid 5986:2140 mfg/product/ver/serial SunplusIT Inc/Integrated Camera/3.07/01.00.00 hasAudio/HID/Storage: false/false/false
10-04 09:52:37.679  1065  2764 D UsbHostManager: Added device UsbDevice[mName=/dev/bus/usb/005/002,mVendorId=22918,mProductId=8512,mClass=239,mSubclass=2,mProtocol=1,mManufacturerName=SunplusIT Inc,mProductName=Integrated Camera,mVersion=3.07,mSerialNumberReader=com.android.server.usb.UsbSerialReader@665b201, mHasAudioPlayback=false, mHasAudioCapture=false, mHasMidi=false, mHasVideoCapture=true, mHasVideoPlayback=true, mConfigurations=[
10-04 09:52:37.679  1065  2764 D UsbHostManager: UsbConfiguration[mId=1,mName=null,mAttributes=128,mMaxPower=250,mInterfaces=[
10-04 09:52:37.679  1065  2764 D UsbHostManager: UsbInterface[mId=0,mAlternateSetting=0,mName=Integrated Camera,mClass=14,mSubclass=1,mProtocol=0,mEndpoints=[
10-04 09:52:37.679  1065  2764 D UsbHostManager: UsbEndpoint[mAddress=135,mAttributes=3,mMaxPacketSize=16,mInterval=8]]
10-04 09:52:37.679  1065  2764 D UsbHostManager: UsbInterface[mId=1,mAlternateSetting=0,mName=null,mClass=14,mSubclass=2,mProtocol=0,mEndpoints=[]
10-04 09:52:37.679  1065  2764 D UsbHostManager: UsbInterface[mId=1,mAlternateSetting=1,mName=null,mClass=14,mSubclass=2,mProtocol=0,mEndpoints=[
10-04 09:52:37.679  1065  2764 D UsbHostManager: UsbEndpoint[mAddress=129,mAttributes=5,mMaxPacketSize=192,mInterval=1]]
10-04 09:52:37.679  1065  2764 D UsbHostManager: UsbInterface[mId=1,mAlternateSetting=2,mName=null,mClass=14,mSubclass=2,mProtocol=0,mEndpoints=[
10-04 09:52:37.679  1065  2764 D UsbHostManager: UsbEndpoint[mAddress=129,mAttributes=5,mMaxPacketSize=384,mInterval=1]]
10-04 09:52:37.679  1065  2764 D UsbHostManager: UsbInterface[mId=1,mAlternateSetting=3,mName=null,mClass=14,mSubclass=2,mProtocol=0,mEndpoints=[
10-04 09:52:37.679  1065  2764 D UsbHostManager: UsbEndpoint[mAddress=129,mAttributes=5,mMaxPacketSize=512,mInterval=1]]
10-04 09:52:37.679  1065  2764 D UsbHostManager: UsbInterface[mId=1,mAlternateSetting=4,mName=null,mClass=14,mSubclass=2,mProtocol=0,mEndpoints=[
10-04 09:52:37.679  1065  2764 D UsbHostManager: UsbEndpoint[mAddress=129,mAttributes=5,mMaxPacketSize=640,mInterval=1]]
10-04 09:52:37.679  1065  2764 D UsbHostManager: UsbInterface[mId=1,mAlternateSetting=5,mName=null,mClass=14,mSubclass=2,mProtocol=0,mEndpoints=[
10-04 09:52:37.679  1065  2764 D UsbHostManager: UsbEndpoint[mAddress=129,mAttributes=5,mMaxPacketSize=800,mInterval=1]]
10-04 09:52:37.679  1065  2764 D UsbHostManager: UsbInterface[mId=1,mAlternateSetting=6,mName=null,mClass=14,mSubclass=2,mProtocol=0,mEndpoints=[
10-04 09:52:37.679  1065  2764 D UsbHostManager: UsbEndpoint[mAddress=129,mAttributes=5,mMaxPacketSize=944,mInterval=1]]
10-04 09:52:37.679  1065  2764 D UsbHostManager: UsbInterface[mId=1,mAlternateSetting=7,mName=null,mClass=14,mSubclass=2,mProtocol=0,mEndpoints=[
10-04 09:52:37.679  1065  2764 D UsbHostManager: UsbEndpoint[mAddress=129,mAttributes=5,mMaxPacketSize=2688,mInterval=1]]
10-04 09:52:37.679  1065  2764 D UsbHostManager: UsbInterface[mId=1,mAlternateSetting=8,mName=null,mClass=14,mSubclass=2,mProtocol=0,mEndpoints=[
10-04 09:52:37.679  1065  2764 D UsbHostManager: UsbEndpoint[mAddress=129,mAttributes=5,mMaxPacketSize=2848,mInterval=1]]
10-04 09:52:37.679  1065  2764 D UsbHostManager: UsbInterface[mId=1,mAlternateSetting=9,mName=null,mClass=14,mSubclass=2,mProtocol=0,mEndpoints=[
10-04 09:52:37.679  1065  2764 D UsbHostManager: UsbEndpoint[mAddress=129,mAttributes=5,mMaxPacketSize=3040,mInterval=1]]
10-04 09:52:37.679  1065  2764 D UsbHostManager: UsbInterface[mId=1,mAlternateSetting=10,mName=null,mClass=14,mSubclass=2,mProtocol=0,mEndpoints=[
10-04 09:52:37.679  1065  2764 D UsbHostManager: UsbEndpoint[mAddress=129,mAttributes=5,mMaxPacketSize=5056,mInterval=1]]
10-04 09:52:37.679  1065  2764 D UsbHostManager: UsbInterface[mId=1,mAlternateSetting=11,mName=null,mClass=14,mSubclass=2,mProtocol=0,mEndpoints=[
10-04 09:52:37.679  1065  2764 D UsbHostManager: UsbEndpoint[mAddress=129,mAttributes=5,mMaxPacketSize=5116,mInterval=1]]]]
10-04 09:52:37.683  1065  1094 E PackageManager: Missing permissions state for android and user -1
10-04 09:52:37.687  1065  1121 D PackageManager: Instant App installer not found with android.intent.action.INSTALL_INSTANT_APP_PACKAGE
10-04 09:52:37.687  1065  1121 D PackageManager: Clear ephemeral installer activity
10-04 09:52:37.713  1065  2820 D CompatibilityChangeReporter: Compat change id reported: 157233955; UID 10091; state: ENABLED
10-04 09:52:37.732  1065  1065 V SystemServerTiming: Permission_callback_waiting-0 took to complete: 276ms
10-04 09:52:37.732  1065  1065 V SystemServerTiming: Permission_grant_default_permissions-0 took to complete: 276ms
10-04 09:52:37.732  1065  1065 D SystemServerTiming: Permission_synchronize_permissions-0
10-04 09:52:37.732  1065  1065 D SystemServerTiming: Permission_synchronize_addPackages-0
10-04 09:52:37.743  1065  1065 V SystemServerTiming: Permission_synchronize_addPackages-0 took to complete: 10ms
10-04 09:52:37.743  1065  1065 D SystemServerTiming: Permission_syncPackages-0
10-04 09:52:37.744  1065  1065 V StorageManagerService: Package null has legacy storage
10-04 09:52:37.747  1065  1065 V StorageManagerService: Package null does not have legacy storage
10-04 09:52:37.747  1065  1065 V StorageManagerService: Package null does not have legacy storage
10-04 09:52:37.748  1065  1065 V StorageManagerService: Package null does not have legacy storage
10-04 09:52:37.748  1065  1065 V StorageManagerService: Package null does not have legacy storage
10-04 09:52:37.748  1065  1065 V StorageManagerService: Package null does not have legacy storage
10-04 09:52:37.750  1065  1065 V StorageManagerService: Package null does not have legacy storage
10-04 09:52:37.750  1065  1065 V StorageManagerService: Package null does not have legacy storage
10-04 09:52:37.750  1065  1065 V StorageManagerService: Package null does not have legacy storage
10-04 09:52:37.751  1065  1065 V StorageManagerService: Package null does not have legacy storage
10-04 09:52:37.751  1065  1065 V StorageManagerService: Package null does not have legacy storage
10-04 09:52:37.753  1065  1065 V StorageManagerService: Package null does not have legacy storage
10-04 09:52:37.753  1065  1065 V StorageManagerService: Package null does not have legacy storage
10-04 09:52:37.754  1065  1065 V StorageManagerService: Package null does not have legacy storage
10-04 09:52:37.754  1065  1065 V StorageManagerService: Package null does not have legacy storage
10-04 09:52:37.754  1065  1065 V StorageManagerService: Package null does not have legacy storage
10-04 09:52:37.754  1065  1065 V StorageManagerService: Package null does not have legacy storage
10-04 09:52:37.755  1065  1065 V StorageManagerService: Package null does not have legacy storage
10-04 09:52:37.755  1065  1065 V StorageManagerService: Package null does not have legacy storage
10-04 09:52:37.755  1065  1065 V StorageManagerService: Package null does not have legacy storage
10-04 09:52:37.755  1065  1065 V SystemServerTiming: Permission_syncPackages-0 took to complete: 12ms
10-04 09:52:37.755  1065  1065 V SystemServerTiming: Permission_synchronize_permissions-0 took to complete: 23ms
10-04 09:52:37.755  1065  1065 D SystemServerTiming: Permission_onInitialized-0
10-04 09:52:37.755  1065  1065 I PackageManager: Permission ownership changed. Updating all permissions.
10-04 09:52:37.760  2765  2765 V SystemUIBootTiming: DependencyInjection took to complete: 0ms
10-04 09:52:37.761  1065  2720 W StorageManagerService: No primary storage defined yet; hacking together a stub
10-04 09:52:37.785  1065  1065 V SystemServerTiming: Permission_onInitialized-0 took to complete: 30ms
10-04 09:52:37.785  1065  1065 W SystemServiceManager: Service com.android.server.policy.PermissionPolicyService took 329 ms in onBootPhase
10-04 09:52:37.785  1065  1065 V SystemServerTiming: OnBootPhase_550_com.android.server.policy.PermissionPolicyService took to complete: 329ms
10-04 09:52:37.785  1065  1065 D SystemServerTiming: OnBootPhase_550_com.android.server.pm.StagingManager$Lifecycle
10-04 09:52:37.785  1065  1065 V SystemServerTiming: OnBootPhase_550_com.android.server.pm.StagingManager$Lifecycle took to complete: 0ms
10-04 09:52:37.785  1065  1065 D SystemServerTiming: OnBootPhase_550_com.android.server.app.GameManagerService$Lifecycle
10-04 09:52:37.785  1065  1065 V SystemServerTiming: OnBootPhase_550_com.android.server.app.GameManagerService$Lifecycle took to complete: 0ms
10-04 09:52:37.785  1065  1065 D SystemServerTiming: OnBootPhase_550_com.android.safetycenter.SafetyCenterService
10-04 09:52:37.785  1065  1065 V SystemServerTiming: OnBootPhase_550_com.android.safetycenter.SafetyCenterService took to complete: 0ms
10-04 09:52:37.785  1065  1065 D SystemServerTiming: OnBootPhase_550_com.android.server.appsearch.AppSearchModule$Lifecycle
10-04 09:52:37.785  1065  1065 V SystemServerTiming: OnBootPhase_550_com.android.server.appsearch.AppSearchModule$Lifecycle took to complete: 0ms
10-04 09:52:37.785  1065  1065 D SystemServerTiming: OnBootPhase_550_com.android.server.media.MediaCommunicationService
10-04 09:52:37.785  1065  1065 V SystemServerTiming: OnBootPhase_550_com.android.server.media.MediaCommunicationService took to complete: 0ms
10-04 09:52:37.785  1065  1065 D SystemServerTiming: OnBootPhase_550_com.android.server.compat.overrides.AppCompatOverridesService$Lifecycle
10-04 09:52:37.785  1065  1065 V SystemServerTiming: OnBootPhase_550_com.android.server.compat.overrides.AppCompatOverridesService$Lifecycle took to complete: 0ms
10-04 09:52:37.785  1065  1065 V SystemServerTiming: OnBootPhase_550 took to complete: 397ms
10-04 09:52:37.786  1065  1065 V SystemServerTiming: StartActivityManagerReadyPhase took to complete: 397ms
10-04 09:52:37.786  1065  1065 D SystemServerTiming: StartObservingNativeCrashes
10-04 09:52:37.786  1065  1065 V SystemServerTiming: StartObservingNativeCrashes took to complete: 0ms
10-04 09:52:37.786  1065  1065 D SystemServerTiming: RegisterAppOpsPolicy
10-04 09:52:37.787  1065  1065 V SystemServerTiming: RegisterAppOpsPolicy took to complete: 1ms
10-04 09:52:37.787  1065  1065 D SystemServerTiming: MakeNetworkManagementServiceReady
10-04 09:52:37.787  1065  2538 D SystemServerTimingAsync: InitThreadPoolExec:WebViewFactoryPreparation
10-04 09:52:37.787  1065  2538 D SystemServerInitThreadPool: Started executing WebViewFactoryPreparation
10-04 09:52:37.787  1065  2538 I SystemServer: WebViewFactoryPreparation
10-04 09:52:37.787  1065  2538 D SystemServerTimingAsync: WebViewFactoryPreparation
10-04 09:52:37.788  1065  2538 E AppOps  : Bad call made by uid 1000. Package "android" does not belong to uid 1037.
10-04 09:52:37.788  1065  1065 V SystemServerTiming: MakeNetworkManagementServiceReady took to complete: 1ms
10-04 09:52:37.788  2758  2758 I HidlLazyUtils: Process has 1 (of 1 available) client(s) in use after notification android.hardware.wifi@1.6::IWifi/default has clients: 1
10-04 09:52:37.790  1065  1065 D SystemServerTiming: MakeConnectivityServiceReady
10-04 09:52:37.790  1065  2538 E AppOps  : checkOperation
10-04 09:52:37.790  1065  2538 E AppOps  : java.lang.SecurityException: Specified package "android" under uid 1037 but it is not
10-04 09:52:37.790  1065  2538 E AppOps  : 	at com.android.server.appop.AppOpsService.verifyAndGetBypass(AppOpsService.java:4781)
10-04 09:52:37.790  1065  2538 E AppOps  : 	at com.android.server.appop.AppOpsService.verifyAndGetBypass(AppOpsService.java:4649)
10-04 09:52:37.790  1065  2538 E AppOps  : 	at com.android.server.appop.AppOpsService.checkOperationUnchecked(AppOpsService.java:3325)
10-04 09:52:37.790  1065  2538 E AppOps  : 	at com.android.server.appop.AppOpsService.checkOperationImpl(AppOpsService.java:3308)
10-04 09:52:37.790  1065  2538 E AppOps  : 	at com.android.server.appop.AppOpsService.-$$Nest$mcheckOperationImpl(Unknown Source:0)
10-04 09:52:37.790  1065  2538 E AppOps  : 	at com.android.server.appop.AppOpsService$CheckOpsDelegateDispatcher.lambda$checkOperation$0(AppOpsService.java:7723)
10-04 09:52:37.790  1065  2538 E AppOps  : 	at com.android.server.appop.AppOpsService$CheckOpsDelegateDispatcher$$ExternalSyntheticLambda14.apply(Unknown Source:25)
10-04 09:52:37.790  1065  2538 E AppOps  : 	at com.android.server.policy.AppOpsPolicy.checkOperation(AppOpsPolicy.java:211)
10-04 09:52:37.790  1065  2538 E AppOps  : 	at com.android.server.appop.AppOpsService$CheckOpsDelegateDispatcher.checkOperation(AppOpsService.java:7722)
10-04 09:52:37.790  1065  2538 E AppOps  : 	at com.android.server.appop.AppOpsService.checkOperation(AppOpsService.java:3295)
10-04 09:52:37.790  1065  2538 E AppOps  : 	at com.android.server.StorageManagerService$StorageManagerInternalImpl.hasExternalStorageAccess(StorageManagerService.java:4821)
10-04 09:52:37.790  1065  2538 E AppOps  : 	at com.android.server.am.ProcessList.startProcessLocked(ProcessList.java:1701)
10-04 09:52:37.790  1065  2538 E AppOps  : 	at com.android.server.am.ProcessList.startProcessLocked(ProcessList.java:2372)
10-04 09:52:37.790  1065  2538 E AppOps  : 	at com.android.server.am.ProcessList.startProcessLocked(ProcessList.java:2512)
10-04 09:52:37.790  1065  2538 E AppOps  : 	at com.android.server.am.ActivityManagerService.startIsolatedProcess(ActivityManagerService.java:2863)
10-04 09:52:37.790  1065  2538 E AppOps  : 	at com.android.server.am.ActivityManagerService$LocalService.startIsolatedProcess(ActivityManagerService.java:16568)
10-04 09:52:37.790  1065  2538 E AppOps  : 	at android.webkit.WebViewLibraryLoader.createRelroFile(WebViewLibraryLoader.java:126)
10-04 09:52:37.790  1065  2538 E AppOps  : 	at android.webkit.WebViewLibraryLoader.createRelros(WebViewLibraryLoader.java:164)
10-04 09:52:37.790  1065  2538 E AppOps  : 	at android.webkit.WebViewLibraryLoader.prepareNativeLibraries(WebViewLibraryLoader.java:152)
10-04 09:52:37.790  1065  2538 E AppOps  : 	at android.webkit.WebViewFactory.onWebViewProviderChanged(WebViewFactory.java:555)
10-04 09:52:37.790  1065  2538 E AppOps  : 	at com.android.server.webkit.SystemImpl.onWebViewProviderChanged(SystemImpl.java:174)
10-04 09:52:37.790  1065  2538 E AppOps  : 	at com.android.server.webkit.WebViewUpdateServiceImpl.onWebViewProviderChanged(WebViewUpdateServiceImpl.java:351)
10-04 09:52:37.790  1065  2538 E AppOps  : 	at com.android.server.webkit.WebViewUpdateServiceImpl.prepareWebViewInSystemServer(WebViewUpdateServiceImpl.java:182)
10-04 09:52:37.790  1065  2538 E AppOps  : 	at com.android.server.webkit.WebViewUpdateService.prepareWebViewInSystemServer(WebViewUpdateService.java:129)
10-04 09:52:37.790  1065  2538 E AppOps  : 	at com.android.server.SystemServer.lambda$startOtherServices$3$com-android-server-SystemServer(SystemServer.java:2884)
10-04 09:52:37.790  1065  2538 E AppOps  : 	at com.android.server.SystemServer$$ExternalSyntheticLambda6.run(Unknown Source:2)
10-04 09:52:37.790  1065  2538 E AppOps  : 	at com.android.server.SystemServerInitThreadPool.lambda$submitTask$0$com-android-server-SystemServerInitThreadPool(SystemServerInitThreadPool.java:106)
10-04 09:52:37.790  1065  2538 E AppOps  : 	at com.android.server.SystemServerInitThreadPool$$ExternalSyntheticLambda0.run(Unknown Source:6)
10-04 09:52:37.790  1065  2538 E AppOps  : 	at java.util.concurrent.Executors$RunnableAdapter.call(Executors.java:463)
10-04 09:52:37.790  1065  2538 E AppOps  : 	at java.util.concurrent.FutureTask.run(FutureTask.java:264)
10-04 09:52:37.790  1065  2538 E AppOps  : 	at java.util.concurrent.ThreadPoolExecutor.runWorker(ThreadPoolExecutor.java:1137)
10-04 09:52:37.790  1065  2538 E AppOps  : 	at java.util.concurrent.ThreadPoolExecutor$Worker.run(ThreadPoolExecutor.java:637)
10-04 09:52:37.790  1065  2538 E AppOps  : 	at com.android.internal.util.ConcurrentUtils$1$1.run(ConcurrentUtils.java:65)
10-04 09:52:37.790  1065  2538 D CompatibilityChangeReporter: Compat change id reported: 135634846; UID 1000; state: DISABLED
10-04 09:52:37.790  1065  2538 D CompatibilityChangeReporter: Compat change id reported: 177438394; UID 1000; state: DISABLED
10-04 09:52:37.790  1065  2538 D CompatibilityChangeReporter: Compat change id reported: 135772972; UID 1000; state: DISABLED
10-04 09:52:37.791  1065  2538 D CompatibilityChangeReporter: Compat change id reported: 178038272; UID 1000; state: DISABLED
10-04 09:52:37.791  1065  1095 W ActivityManager: com.android.dynsystem inode == 0 (b/152760674)
10-04 09:52:37.791  1065  1101 W BatteryExternalStatsWorker: error reading modem stats:ERROR_PHONE_NOT_AVAILABLE
10-04 09:52:37.791  1065  2538 E AppOps  : Bad call made by uid 1000. Package "android" does not belong to uid 1037.
10-04 09:52:37.791  1065  2538 E AppOps  : checkOperation
10-04 09:52:37.791  1065  2538 E AppOps  : java.lang.SecurityException: Specified package "android" under uid 1037 but it is not
10-04 09:52:37.791  1065  2538 E AppOps  : 	at com.android.server.appop.AppOpsService.verifyAndGetBypass(AppOpsService.java:4781)
10-04 09:52:37.791  1065  2538 E AppOps  : 	at com.android.server.appop.AppOpsService.verifyAndGetBypass(AppOpsService.java:4649)
10-04 09:52:37.791  1065  2538 E AppOps  : 	at com.android.server.appop.AppOpsService.checkOperationUnchecked(AppOpsService.java:3325)
10-04 09:52:37.791  1065  2538 E AppOps  : 	at com.android.server.appop.AppOpsService.checkOperationImpl(AppOpsService.java:3308)
10-04 09:52:37.791  1065  2538 E AppOps  : 	at com.android.server.appop.AppOpsService.-$$Nest$mcheckOperationImpl(Unknown Source:0)
10-04 09:52:37.791  1065  2538 E AppOps  : 	at com.android.server.appop.AppOpsService$CheckOpsDelegateDispatcher.lambda$checkOperation$0(AppOpsService.java:7723)
10-04 09:52:37.791  1065  2538 E AppOps  : 	at com.android.server.appop.AppOpsService$CheckOpsDelegateDispatcher$$ExternalSyntheticLambda14.apply(Unknown Source:25)
10-04 09:52:37.791  1065  2538 E AppOps  : 	at com.android.server.policy.AppOpsPolicy.checkOperation(AppOpsPolicy.java:211)
10-04 09:52:37.791  1065  2538 E AppOps  : 	at com.android.server.appop.AppOpsService$CheckOpsDelegateDispatcher.checkOperation(AppOpsService.java:7722)
10-04 09:52:37.791  1065  2538 E AppOps  : 	at com.android.server.appop.AppOpsService.checkOperation(AppOpsService.java:3295)
10-04 09:52:37.791  1065  2538 E AppOps  : 	at com.android.server.StorageManagerService$StorageManagerInternalImpl.hasExternalStorageAccess(StorageManagerService.java:4821)
10-04 09:52:37.791  1065  2538 E AppOps  : 	at com.android.server.am.ProcessList.startProcessLocked(ProcessList.java:1701)
10-04 09:52:37.791  1065  2538 E AppOps  : 	at com.android.server.am.ProcessList.startProcessLocked(ProcessList.java:2372)
10-04 09:52:37.791  1065  2538 E AppOps  : 	at com.android.server.am.ProcessList.startProcessLocked(ProcessList.java:2512)
10-04 09:52:37.791  1065  2538 E AppOps  : 	at com.android.server.am.ActivityManagerService.startIsolatedProcess(ActivityManagerService.java:2863)
10-04 09:52:37.791  1065  2538 E AppOps  : 	at com.android.server.am.ActivityManagerService$LocalService.startIsolatedProcess(ActivityManagerService.java:16568)
10-04 09:52:37.791  1065  2538 E AppOps  : 	at android.webkit.WebViewLibraryLoader.createRelroFile(WebViewLibraryLoader.java:126)
10-04 09:52:37.791  1065  2538 E AppOps  : 	at android.webkit.WebViewLibraryLoader.createRelros(WebViewLibraryLoader.java:170)
10-04 09:52:37.791  1065  2538 E AppOps  : 	at android.webkit.WebViewLibraryLoader.prepareNativeLibraries(WebViewLibraryLoader.java:152)
10-04 09:52:37.791  1065  2538 E AppOps  : 	at android.webkit.WebViewFactory.onWebViewProviderChanged(WebViewFactory.java:555)
10-04 09:52:37.791  1065  2538 E AppOps  : 	at com.android.server.webkit.SystemImpl.onWebViewProviderChanged(SystemImpl.java:174)
10-04 09:52:37.791  1065  2538 E AppOps  : 	at com.android.server.webkit.WebViewUpdateServiceImpl.onWebViewProviderChanged(WebViewUpdateServiceImpl.java:351)
10-04 09:52:37.791  1065  2538 E AppOps  : 	at com.android.server.webkit.WebViewUpdateServiceImpl.prepareWebViewInSystemServer(WebViewUpdateServiceImpl.java:182)
10-04 09:52:37.791  1065  2538 E AppOps  : 	at com.android.server.webkit.WebViewUpdateService.prepareWebViewInSystemServer(WebViewUpdateService.java:129)
10-04 09:52:37.791  1065  2538 E AppOps  : 	at com.android.server.SystemServer.lambda$startOtherServices$3$com-android-server-SystemServer(SystemServer.java:2884)
10-04 09:52:37.791  1065  2538 E AppOps  : 	at com.android.server.SystemServer$$ExternalSyntheticLambda6.run(Unknown Source:2)
10-04 09:52:37.791  1065  2538 E AppOps  : 	at com.android.server.SystemServerInitThreadPool.lambda$submitTask$0$com-android-server-SystemServerInitThreadPool(SystemServerInitThreadPool.java:106)
10-04 09:52:37.791  1065  2538 E AppOps  : 	at com.android.server.SystemServerInitThreadPool$$ExternalSyntheticLambda0.run(Unknown Source:6)
10-04 09:52:37.791  1065  2538 E AppOps  : 	at java.util.concurrent.Executors$RunnableAdapter.call(Executors.java:463)
10-04 09:52:37.791  1065  2538 E AppOps  : 	at java.util.concurrent.FutureTask.run(FutureTask.java:264)
10-04 09:52:37.791  1065  2538 E AppOps  : 	at java.util.concurrent.ThreadPoolExecutor.runWorker(ThreadPoolExecutor.java:1137)
10-04 09:52:37.791  1065  2538 E AppOps  : 	at java.util.concurrent.ThreadPoolExecutor$Worker.run(ThreadPoolExecutor.java:637)
10-04 09:52:37.791  1065  2538 E AppOps  : 	at com.android.internal.util.ConcurrentUtils$1$1.run(ConcurrentUtils.java:65)
10-04 09:52:37.792  1065  2697 W NetworkPolicy: setRestrictBackgroundUL: already false
10-04 09:52:37.792  1065  2538 V SystemServerTimingAsync: WebViewFactoryPreparation took to complete: 5ms
10-04 09:52:37.792  1065  2538 D SystemServerInitThreadPool: Finished executing WebViewFactoryPreparation
10-04 09:52:37.792  1065  2538 V SystemServerTimingAsync: InitThreadPoolExec:WebViewFactoryPreparation took to complete: 5ms
10-04 09:52:37.800  1065  1065 V SystemServerTiming: MakeConnectivityServiceReady took to complete: 10ms
10-04 09:52:37.803  1065  1065 D SystemServerTiming: MakeVpnManagerServiceReady
10-04 09:52:37.811  1065  1065 V SystemServerTiming: MakeVpnManagerServiceReady took to complete: 7ms
10-04 09:52:37.811  1065  1065 D SystemServerTiming: MakeVcnManagementServiceReady
10-04 09:52:37.815  1065  1065 V SystemServerTiming: MakeVcnManagementServiceReady took to complete: 3ms
10-04 09:52:37.815  1065  1065 D SystemServerTiming: MakeNetworkPolicyServiceReady
10-04 09:52:37.815  1065  1065 V SystemServerTiming: MakeNetworkPolicyServiceReady took to complete: 0ms
10-04 09:52:37.817  1065  1065 D SystemServerTiming: PhaseThirdPartyAppsCanStart
10-04 09:52:37.817  1065  1065 I SystemServiceManager: Starting phase 600
10-04 09:52:37.817  1065  1065 D SystemServerTiming: OnBootPhase_600
10-04 09:52:37.817  1065  1065 D SystemServerTiming: OnBootPhase_600_com.android.server.security.FileIntegrityService
10-04 09:52:37.817  1065  1065 V SystemServerTiming: OnBootPhase_600_com.android.server.security.FileIntegrityService took to complete: 0ms
10-04 09:52:37.817  1065  1065 D SystemServerTiming: OnBootPhase_600_com.android.server.pm.Installer
10-04 09:52:37.818  1065  1065 V SystemServerTiming: OnBootPhase_600_com.android.server.pm.Installer took to complete: 0ms
10-04 09:52:37.818  1065  1065 D SystemServerTiming: OnBootPhase_600_com.android.server.os.DeviceIdentifiersPolicyService
10-04 09:52:37.818  1065  1065 V SystemServerTiming: OnBootPhase_600_com.android.server.os.DeviceIdentifiersPolicyService took to complete: 0ms
10-04 09:52:37.818  1065  1065 D SystemServerTiming: OnBootPhase_600_com.android.server.uri.UriGrantsManagerService$Lifecycle
10-04 09:52:37.818  1065  1065 V SystemServerTiming: OnBootPhase_600_com.android.server.uri.UriGrantsManagerService$Lifecycle took to complete: 0ms
10-04 09:52:37.818  1065  1065 D SystemServerTiming: OnBootPhase_600_com.android.server.powerstats.PowerStatsService
10-04 09:52:37.818  1065  1065 V SystemServerTiming: OnBootPhase_600_com.android.server.powerstats.PowerStatsService took to complete: 0ms
10-04 09:52:37.818  1065  1065 D SystemServerTiming: OnBootPhase_600_com.android.server.wm.ActivityTaskManagerService$Lifecycle
10-04 09:52:37.818  1065  1065 V SystemServerTiming: OnBootPhase_600_com.android.server.wm.ActivityTaskManagerService$Lifecycle took to complete: 0ms
10-04 09:52:37.818  1065  1065 D SystemServerTiming: OnBootPhase_600_com.android.server.am.ActivityManagerService$Lifecycle
10-04 09:52:37.818  1065  1065 I ExplicitHealthCheckController: Explicit health checks enabled.
10-04 09:52:37.818  1065  1065 I PackageWatchdog: Syncing state, reason: health check state enabled
10-04 09:52:37.818  1065  1065 I PackageWatchdog: Not pruning observers, elapsed time: 0ms
10-04 09:52:37.818  1065  1065 I PackageWatchdog: Cancelling state sync, nothing to sync
10-04 09:52:37.818  1065  1093 I PackageWatchdog: Saving observer state to file
10-04 09:52:37.818  1065  1065 V SystemServerTiming: OnBootPhase_600_com.android.server.am.ActivityManagerService$Lifecycle took to complete: 0ms
10-04 09:52:37.818  1065  1065 D SystemServerTiming: OnBootPhase_600_com.android.server.pm.DataLoaderManagerService
10-04 09:52:37.818  1065  1065 V SystemServerTiming: OnBootPhase_600_com.android.server.pm.DataLoaderManagerService took to complete: 0ms
10-04 09:52:37.818  1065  1065 D SystemServerTiming: OnBootPhase_600_com.android.server.power.PowerManagerService
10-04 09:52:37.819  1065  1065 V SystemServerTiming: OnBootPhase_600_com.android.server.power.PowerManagerService took to complete: 1ms
10-04 09:52:37.819  1065  1065 D SystemServerTiming: OnBootPhase_600_com.android.server.power.ThermalManagerService
10-04 09:52:37.819  1065  1065 V SystemServerTiming: OnBootPhase_600_com.android.server.power.ThermalManagerService took to complete: 0ms
10-04 09:52:37.819  1065  1065 D SystemServerTiming: OnBootPhase_600_com.android.server.power.hint.HintManagerService
10-04 09:52:37.819  1065  1065 V SystemServerTiming: OnBootPhase_600_com.android.server.power.hint.HintManagerService took to complete: 0ms
10-04 09:52:37.819  1065  1065 D SystemServerTiming: OnBootPhase_600_com.android.server.recoverysystem.RecoverySystemService$Lifecycle
10-04 09:52:37.819  1065  1065 V SystemServerTiming: OnBootPhase_600_com.android.server.recoverysystem.RecoverySystemService$Lifecycle took to complete: 0ms
10-04 09:52:37.819  1065  1065 D SystemServerTiming: OnBootPhase_600_com.android.server.lights.LightsService
10-04 09:52:37.819  1065  1065 V SystemServerTiming: OnBootPhase_600_com.android.server.lights.LightsService took to complete: 0ms
10-04 09:52:37.819  1065  1065 D SystemServerTiming: OnBootPhase_600_com.android.server.display.DisplayManagerService
10-04 09:52:37.819  1065  1065 V SystemServerTiming: OnBootPhase_600_com.android.server.display.DisplayManagerService took to complete: 0ms
10-04 09:52:37.819  1065  1065 D SystemServerTiming: OnBootPhase_600_com.android.server.pm.verify.domain.DomainVerificationService
10-04 09:52:37.819  1065  1065 V SystemServerTiming: OnBootPhase_600_com.android.server.pm.verify.domain.DomainVerificationService took to complete: 0ms
10-04 09:52:37.819  1065  1065 D SystemServerTiming: OnBootPhase_600_com.android.server.pm.PackageInstallerService$Lifecycle
10-04 09:52:37.819  1065  1065 V SystemServerTiming: OnBootPhase_600_com.android.server.pm.PackageInstallerService$Lifecycle took to complete: 0ms
10-04 09:52:37.819  1065  1065 D SystemServerTiming: OnBootPhase_600_com.android.server.pm.UserManagerService$LifeCycle
10-04 09:52:37.819  1065  1065 V SystemServerTiming: OnBootPhase_600_com.android.server.pm.UserManagerService$LifeCycle took to complete: 0ms
10-04 09:52:37.819  1065  1065 D SystemServerTiming: OnBootPhase_600_com.android.server.om.OverlayManagerService
10-04 09:52:37.819  1065  1065 V SystemServerTiming: OnBootPhase_600_com.android.server.om.OverlayManagerService took to complete: 0ms
10-04 09:52:37.819  1065  1065 D SystemServerTiming: OnBootPhase_600_com.android.server.resources.ResourcesManagerService
10-04 09:52:37.819  1065  1065 V SystemServerTiming: OnBootPhase_600_com.android.server.resources.ResourcesManagerService took to complete: 0ms
10-04 09:52:37.819  1065  1065 D SystemServerTiming: OnBootPhase_600_com.android.server.sensorprivacy.SensorPrivacyService
10-04 09:52:37.819  1065  1065 V SystemServerTiming: OnBootPhase_600_com.android.server.sensorprivacy.SensorPrivacyService took to complete: 0ms
10-04 09:52:37.819  1065  1065 D SystemServerTiming: OnBootPhase_600_com.android.server.sensors.SensorService
10-04 09:52:37.819  1065  1065 V SystemServerTiming: OnBootPhase_600_com.android.server.sensors.SensorService took to complete: 0ms
10-04 09:52:37.819  1065  1065 D SystemServerTiming: OnBootPhase_600_com.android.server.SystemConfigService
10-04 09:52:37.819  1065  1065 V SystemServerTiming: OnBootPhase_600_com.android.server.SystemConfigService took to complete: 0ms
10-04 09:52:37.819  1065  1065 D SystemServerTiming: OnBootPhase_600_com.android.server.BatteryService
10-04 09:52:37.819  1065  1065 V SystemServerTiming: OnBootPhase_600_com.android.server.BatteryService took to complete: 0ms
10-04 09:52:37.819  1065  1065 D SystemServerTiming: OnBootPhase_600_com.android.server.usage.UsageStatsService
10-04 09:52:37.819  1065  1065 V SystemServerTiming: OnBootPhase_600_com.android.server.usage.UsageStatsService took to complete: 0ms
10-04 09:52:37.819  1065  1065 D SystemServerTiming: OnBootPhase_600_com.android.server.webkit.WebViewUpdateService
10-04 09:52:37.819  1065  1065 V SystemServerTiming: OnBootPhase_600_com.android.server.webkit.WebViewUpdateService took to complete: 0ms
10-04 09:52:37.819  1065  1065 D SystemServerTiming: OnBootPhase_600_com.android.server.CachedDeviceStateService
10-04 09:52:37.819  1065  1065 V SystemServerTiming: OnBootPhase_600_com.android.server.CachedDeviceStateService took to complete: 0ms
10-04 09:52:37.819  1065  1065 D SystemServerTiming: OnBootPhase_600_com.android.server.BinderCallsStatsService$LifeCycle
10-04 09:52:37.819  1065  1065 V SystemServerTiming: OnBootPhase_600_com.android.server.BinderCallsStatsService$LifeCycle took to complete: 0ms
10-04 09:52:37.819  1065  1065 D SystemServerTiming: OnBootPhase_600_com.android.server.LooperStatsService$Lifecycle
10-04 09:52:37.819  1065  1065 V SystemServerTiming: OnBootPhase_600_com.android.server.LooperStatsService$Lifecycle took to complete: 0ms
10-04 09:52:37.819  1065  1065 D SystemServerTiming: OnBootPhase_600_com.android.server.rollback.RollbackManagerService
10-04 09:52:37.819  1065  1065 V SystemServerTiming: OnBootPhase_600_com.android.server.rollback.RollbackManagerService took to complete: 0ms
10-04 09:52:37.819  1065  1065 D SystemServerTiming: OnBootPhase_600_com.android.server.os.NativeTombstoneManagerService
10-04 09:52:37.819  1065  1065 V SystemServerTiming: OnBootPhase_600_com.android.server.os.NativeTombstoneManagerService took to complete: 0ms
10-04 09:52:37.819  1065  1065 D SystemServerTiming: OnBootPhase_600_com.android.server.os.BugreportManagerService
10-04 09:52:37.819  1065  1065 V SystemServerTiming: OnBootPhase_600_com.android.server.os.BugreportManagerService took to complete: 0ms
10-04 09:52:37.819  1065  1065 D SystemServerTiming: OnBootPhase_600_com.android.server.gpu.GpuService
10-04 09:52:37.819  1065  1065 V SystemServerTiming: OnBootPhase_600_com.android.server.gpu.GpuService took to complete: 0ms
10-04 09:52:37.819  1065  1065 D SystemServerTiming: OnBootPhase_600_com.android.server.security.KeyChainSystemService
10-04 09:52:37.819  1065  1065 V SystemServerTiming: OnBootPhase_600_com.android.server.security.KeyChainSystemService took to complete: 0ms
10-04 09:52:37.819  1065  1065 D SystemServerTiming: OnBootPhase_600_com.android.server.BinaryTransparencyService
10-04 09:52:37.819  1065  1065 V SystemServerTiming: OnBootPhase_600_com.android.server.BinaryTransparencyService took to complete: 0ms
10-04 09:52:37.819  1065  1065 D SystemServerTiming: OnBootPhase_600_com.android.server.telecom.TelecomLoaderService
10-04 09:52:37.819  1065  1065 V SystemServerTiming: OnBootPhase_600_com.android.server.telecom.TelecomLoaderService took to complete: 0ms
10-04 09:52:37.819  1065  1065 D SystemServerTiming: OnBootPhase_600_com.android.server.accounts.AccountManagerService$Lifecycle
10-04 09:52:37.819  1065  1065 V SystemServerTiming: OnBootPhase_600_com.android.server.accounts.AccountManagerService$Lifecycle took to complete: 0ms
10-04 09:52:37.819  1065  1065 D SystemServerTiming: OnBootPhase_600_com.android.server.content.ContentService$Lifecycle
10-04 09:52:37.819  1065  1065 V SystemServerTiming: OnBootPhase_600_com.android.server.content.ContentService$Lifecycle took to complete: 1ms
10-04 09:52:37.819  1065  1065 D SystemServerTiming: OnBootPhase_600_com.android.server.DropBoxManagerService
10-04 09:52:37.819  1065  1065 V SystemServerTiming: OnBootPhase_600_com.android.server.DropBoxManagerService took to complete: 0ms
10-04 09:52:37.819  1065  1065 D SystemServerTiming: OnBootPhase_600_com.android.role.RoleService
10-04 09:52:37.819  1065  1065 V SystemServerTiming: OnBootPhase_600_com.android.role.RoleService took to complete: 0ms
10-04 09:52:37.819  1065  1065 D SystemServerTiming: OnBootPhase_600_com.android.server.vibrator.VibratorManagerService$Lifecycle
10-04 09:52:37.819  1065  1065 V SystemServerTiming: OnBootPhase_600_com.android.server.vibrator.VibratorManagerService$Lifecycle took to complete: 0ms
10-04 09:52:37.820  1065  1065 D SystemServerTiming: OnBootPhase_600_com.android.server.tare.InternalResourceService
10-04 09:52:37.820  1065  1065 V SystemServerTiming: OnBootPhase_600_com.android.server.tare.InternalResourceService took to complete: 0ms
10-04 09:52:37.820  1065  1065 D SystemServerTiming: OnBootPhase_600_com.mediatek.server.MtkAlarmManagerService
10-04 09:52:37.820  1065  1065 V SystemServerTiming: OnBootPhase_600_com.mediatek.server.MtkAlarmManagerService took to complete: 0ms
10-04 09:52:37.820  1065  1065 D SystemServerTiming: OnBootPhase_600_com.android.server.devicestate.DeviceStateManagerService
10-04 09:52:37.820  1065  1065 V SystemServerTiming: OnBootPhase_600_com.android.server.devicestate.DeviceStateManagerService took to complete: 0ms
10-04 09:52:37.820  1065  1065 D SystemServerTiming: OnBootPhase_600_com.android.server.camera.CameraServiceProxy
10-04 09:52:37.820  1065  1065 V SystemServerTiming: OnBootPhase_600_com.android.server.camera.CameraServiceProxy took to complete: 0ms
10-04 09:52:37.820  1065  1065 D SystemServerTiming: OnBootPhase_600_com.android.server.bluetooth.BluetoothService
10-04 09:52:37.820  1065  1065 V SystemServerTiming: OnBootPhase_600_com.android.server.bluetooth.BluetoothService took to complete: 0ms
10-04 09:52:37.820  1065  1065 D SystemServerTiming: OnBootPhase_600_com.android.server.connectivity.IpConnectivityMetrics
10-04 09:52:37.820  1065  1065 V SystemServerTiming: OnBootPhase_600_com.android.server.connectivity.IpConnectivityMetrics took to complete: 0ms
10-04 09:52:37.820  1065  1065 D SystemServerTiming: OnBootPhase_600_com.android.server.net.watchlist.NetworkWatchlistService$Lifecycle
10-04 09:52:37.820  1065  1065 V SystemServerTiming: OnBootPhase_600_com.android.server.net.watchlist.NetworkWatchlistService$Lifecycle took to complete: 0ms
10-04 09:52:37.820  1065  1065 D SystemServerTiming: OnBootPhase_600_com.android.server.PinnerService
10-04 09:52:37.820  1065  1065 V SystemServerTiming: OnBootPhase_600_com.android.server.PinnerService took to complete: 0ms
10-04 09:52:37.820  1065  1065 D SystemServerTiming: OnBootPhase_600_com.android.server.integrity.AppIntegrityManagerService
10-04 09:52:37.820  1065  1065 V SystemServerTiming: OnBootPhase_600_com.android.server.integrity.AppIntegrityManagerService took to complete: 0ms
10-04 09:52:37.820  1065  1065 D SystemServerTiming: OnBootPhase_600_com.android.server.logcat.LogcatManagerService
10-04 09:52:37.820  1065  1065 V SystemServerTiming: OnBootPhase_600_com.android.server.logcat.LogcatManagerService took to complete: 0ms
10-04 09:52:37.820  1065  1065 D SystemServerTiming: OnBootPhase_600_com.android.server.inputmethod.InputMethodManagerService$Lifecycle
10-04 09:52:37.820  1065  1065 V SystemServerTiming: OnBootPhase_600_com.android.server.inputmethod.InputMethodManagerService$Lifecycle took to complete: 0ms
10-04 09:52:37.820  1065  1065 D SystemServerTiming: OnBootPhase_600_com.android.server.accessibility.AccessibilityManagerService$Lifecycle
10-04 09:52:37.821  1065  1065 V SystemServerTiming: OnBootPhase_600_com.android.server.accessibility.AccessibilityManagerService$Lifecycle took to complete: 1ms
10-04 09:52:37.821  1065  1065 D SystemServerTiming: OnBootPhase_600_com.android.server.StorageManagerService$Lifecycle
10-04 09:52:37.821  1065  1065 V SystemServerTiming: OnBootPhase_600_com.android.server.StorageManagerService$Lifecycle took to complete: 0ms
10-04 09:52:37.821  1065  1065 D SystemServerTiming: OnBootPhase_600_com.android.server.usage.StorageStatsService$Lifecycle
10-04 09:52:37.821  1065  1065 V SystemServerTiming: OnBootPhase_600_com.android.server.usage.StorageStatsService$Lifecycle took to complete: 0ms
10-04 09:52:37.821  1065  1065 D SystemServerTiming: OnBootPhase_600_com.android.server.UiModeManagerService
10-04 09:52:37.821  1065  1065 V SystemServerTiming: OnBootPhase_600_com.android.server.UiModeManagerService took to complete: 0ms
10-04 09:52:37.821  1065  1065 D SystemServerTiming: OnBootPhase_600_com.android.server.locales.LocaleManagerService
10-04 09:52:37.821  1065  1065 V SystemServerTiming: OnBootPhase_600_com.android.server.locales.LocaleManagerService took to complete: 0ms
10-04 09:52:37.821  1065  1065 D SystemServerTiming: OnBootPhase_600_com.android.server.locksettings.LockSettingsService$Lifecycle
10-04 09:52:37.821  1065  1065 V SystemServerTiming: OnBootPhase_600_com.android.server.locksettings.LockSettingsService$Lifecycle took to complete: 0ms
10-04 09:52:37.821  1065  1065 D SystemServerTiming: OnBootPhase_600_com.android.server.PersistentDataBlockService
10-04 09:52:37.821  1065  1065 V SystemServerTiming: OnBootPhase_600_com.android.server.PersistentDataBlockService took to complete: 0ms
10-04 09:52:37.821  1065  1065 D SystemServerTiming: OnBootPhase_600_com.android.server.testharness.TestHarnessModeService
10-04 09:52:37.821  1065  1065 V SystemServerTiming: OnBootPhase_600_com.android.server.testharness.TestHarnessModeService took to complete: 0ms
10-04 09:52:37.821  1065  1065 D SystemServerTiming: OnBootPhase_600_com.android.server.oemlock.OemLockService
10-04 09:52:37.821  1065  1065 V SystemServerTiming: OnBootPhase_600_com.android.server.oemlock.OemLockService took to complete: 0ms
10-04 09:52:37.821  1065  1065 D SystemServerTiming: OnBootPhase_600_com.android.server.DeviceIdleController
10-04 09:52:37.821  1065  1065 V SystemServerTiming: OnBootPhase_600_com.android.server.DeviceIdleController took to complete: 0ms
10-04 09:52:37.821  1065  1065 D SystemServerTiming: OnBootPhase_600_com.android.server.devicepolicy.DevicePolicyManagerService$Lifecycle
10-04 09:52:37.821  1065  1065 V SystemServerTiming: OnBootPhase_600_com.android.server.devicepolicy.DevicePolicyManagerService$Lifecycle took to complete: 0ms
10-04 09:52:37.821  1065  1065 D SystemServerTiming: OnBootPhase_600_com.android.server.texttospeech.TextToSpeechManagerService
10-04 09:52:37.821  1065  1065 V SystemServerTiming: OnBootPhase_600_com.android.server.texttospeech.TextToSpeechManagerService took to complete: 0ms
10-04 09:52:37.821  1065  1065 D SystemServerTiming: OnBootPhase_600_com.android.server.ambientcontext.AmbientContextManagerService
10-04 09:52:37.821  1065  1065 V SystemServerTiming: OnBootPhase_600_com.android.server.ambientcontext.AmbientContextManagerService took to complete: 0ms
10-04 09:52:37.821  1065  1065 D SystemServerTiming: OnBootPhase_600_com.android.server.speech.SpeechRecognitionManagerService
10-04 09:52:37.821  1065  1065 V SystemServerTiming: OnBootPhase_600_com.android.server.speech.SpeechRecognitionManagerService took to complete: 0ms
10-04 09:52:37.821  1065  1065 D SystemServerTiming: OnBootPhase_600_com.android.server.searchui.SearchUiManagerService
10-04 09:52:37.821  1065  1065 V SystemServerTiming: OnBootPhase_600_com.android.server.searchui.SearchUiManagerService took to complete: 0ms
10-04 09:52:37.821  1065  1065 D SystemServerTiming: OnBootPhase_600_com.android.server.smartspace.SmartspaceManagerService
10-04 09:52:37.821  1065  1065 V SystemServerTiming: OnBootPhase_600_com.android.server.smartspace.SmartspaceManagerService took to complete: 0ms
10-04 09:52:37.821  1065  1065 D SystemServerTiming: OnBootPhase_600_com.android.server.cloudsearch.CloudSearchManagerService
10-04 09:52:37.821  1065  1065 V SystemServerTiming: OnBootPhase_600_com.android.server.cloudsearch.CloudSearchManagerService took to complete: 0ms
10-04 09:52:37.821  1065  1065 D SystemServerTiming: OnBootPhase_600_com.android.server.graphics.fonts.FontManagerService$Lifecycle
10-04 09:52:37.821  1065  1065 V SystemServerTiming: OnBootPhase_600_com.android.server.graphics.fonts.FontManagerService$Lifecycle took to complete: 0ms
10-04 09:52:37.821  1065  1065 D SystemServerTiming: OnBootPhase_600_com.android.server.textservices.TextServicesManagerService$Lifecycle
10-04 09:52:37.821  1065  1065 V SystemServerTiming: OnBootPhase_600_com.android.server.textservices.TextServicesManagerService$Lifecycle took to complete: 0ms
10-04 09:52:37.821  1065  1065 D SystemServerTiming: OnBootPhase_600_com.android.server.textclassifier.TextClassificationManagerService$Lifecycle
10-04 09:52:37.821  1065  1065 V SystemServerTiming: OnBootPhase_600_com.android.server.textclassifier.TextClassificationManagerService$Lifecycle took to complete: 0ms
10-04 09:52:37.821  1065  1065 D SystemServerTiming: OnBootPhase_600_com.android.server.NetworkScoreService$Lifecycle
10-04 09:52:37.821  1065  1065 V SystemServerTiming: OnBootPhase_600_com.android.server.NetworkScoreService$Lifecycle took to complete: 0ms
10-04 09:52:37.821  1065  1065 D SystemServerTiming: OnBootPhase_600_com.android.server.NetworkStatsServiceInitializer
10-04 09:52:37.821  1065  1065 V SystemServerTiming: OnBootPhase_600_com.android.server.NetworkStatsServiceInitializer took to complete: 0ms
10-04 09:52:37.822  1065  1065 D SystemServerTiming: OnBootPhase_600_com.android.server.wifi.WifiService
10-04 09:52:37.822  1065  1065 V SystemServerTiming: OnBootPhase_600_com.android.server.wifi.WifiService took to complete: 0ms
10-04 09:52:37.822  1065  1065 D SystemServerTiming: OnBootPhase_600_com.android.server.wifi.scanner.WifiScanningService
10-04 09:52:37.822  1065  1065 V SystemServerTiming: OnBootPhase_600_com.android.server.wifi.scanner.WifiScanningService took to complete: 0ms
10-04 09:52:37.822  1065  1065 D SystemServerTiming: OnBootPhase_600_com.android.server.wifi.p2p.WifiP2pService
10-04 09:52:37.822  1065  1065 V SystemServerTiming: OnBootPhase_600_com.android.server.wifi.p2p.WifiP2pService took to complete: 0ms
