--------- beginning of system
01-01 00:00:24.398   441   441 I vold    : Vold 3.0 (the awakening) firing up
01-01 00:00:24.398   441   441 D vold    : Detected support for: ext4 f2fs vfat
01-01 00:00:24.406   441   441 W vold    : [libfs_mgr]Warning: unknown flag: resize
01-01 00:00:24.409   441   441 D vold    : VoldNativeService::start() completed OK
01-01 00:00:25.554   569   569 I keystore2: keystore2_main: Keystore2 is starting.
01-01 00:00:25.555   569   569 I keystore2: keystore2_main: Setting up sqlite logging for keystore2
01-01 00:00:25.558   569   569 W keystore2: keystore2::metrics_store: In update_keystore_crash_sysprop: Failed to read the existing system property due to: In read_keystore_crash_count: Property not set..Therefore, keystore crashes will not be logged.
01-01 00:00:25.562   569   569 I keystore2: keystore2_main: Starting thread pool now.
01-01 00:00:25.570   569   569 I keystore2: keystore2::globals: KeyMint device is current version (Some(200)) for security level: SecurityLevel(1)
01-01 00:00:25.572   569   586 I keystore2: keystore2::shared_secret_negotiation: Shared secret negotiation concluded successfully.
01-01 00:00:25.577   569   586 I keystore2: keystore2::shared_secret_negotiation: No StrongBox Keymint available, so no RoT transfer
01-01 00:00:25.578   569   569 I keystore2: keystore2_main: Successfully registered Keystore 2.0 service.
01-01 00:00:25.578   569   569 I keystore2: keystore2_main: Joining thread pool now.
01-01 00:00:27.541   441   441 D vold    : fscrypt_mount_metadata_encrypted: /data encrypt: 1 format: 0 with f2fs
01-01 00:00:27.542   441   441 D vold    : metadata_key_dir/key: /metadata/vold/metadata_encryption/key
01-01 00:00:27.544   441   441 D vold    : Created directory /metadata/vold/metadata_encryption
01-01 00:00:27.544   441   441 D vold    : Metadata key does not exist but ro.crypto.metadata_init_delete_all_keys.enabled is false
01-01 00:00:27.544   441   441 I vold    : Creating new key in /metadata/vold/metadata_encryption/key
01-01 00:00:27.544   441   441 D vold    : Generating standard storage key
01-01 00:00:27.548   441   441 D vold    : Generating "key storage" key
01-01 00:00:27.551   569   569 E keystore2: keystore2::error: In generate_key.
01-01 00:00:27.551   569   569 E keystore2: 
01-01 00:00:27.551   569   569 E keystore2: Caused by:
01-01 00:00:27.551   569   569 E keystore2:     0: While generating Key without explicit attestation key.
01-01 00:00:27.551   569   569 E keystore2:     1: Error::Km(ErrorCode(-67))
01-01 00:00:27.551   441   441 E vold    : keystore2 Keystore generateKey returned service specific error: -67
01-01 00:00:27.552   441   441 W vold    : Failed to generate rollback-resistant key.  This is expected if keystore doesn't support rollback resistance.  Falling back to non-rollback-resistant key.
01-01 00:00:27.562   441   441 D vold    : Created key: /metadata/vold/metadata_encryption/key
01-01 00:00:27.583   441   441 D vold    : encrypt_inplace(/dev/block/dm-13, /dev/block/by-name/userdata, 230809536)
01-01 00:00:27.602   441   441 I vold    : Encrypting f2fs filesystem on /dev/block/by-name/userdata in-place via /dev/block/dm-13
01-01 00:00:27.602   441   441 I vold    : 122872 blocks (503 MB) of 28851192 blocks are in-use
01-01 00:00:27.741   441   441 D vold    : Encrypted 10000 of 122872 blocks
01-01 00:00:27.882   441   441 D vold    : Encrypted 20000 of 122872 blocks
01-01 00:00:28.017   441   441 D vold    : Encrypted 30000 of 122872 blocks
01-01 00:00:28.157   441   441 D vold    : Encrypted 40000 of 122872 blocks
01-01 00:00:28.294   441   441 D vold    : Encrypted 50000 of 122872 blocks
01-01 00:00:28.428   441   441 D vold    : Encrypted 60000 of 122872 blocks
01-01 00:00:29.129   441   441 D vold    : Encrypted 70000 of 122872 blocks
01-01 00:00:29.264   441   441 D vold    : Encrypted 80000 of 122872 blocks
01-01 00:00:29.402   441   441 D vold    : Encrypted 90000 of 122872 blocks
01-01 00:00:29.588   441   441 D vold    : Encrypted 100000 of 122872 blocks
01-01 00:00:30.669   441   441 D vold    : Encrypted 110000 of 122872 blocks
01-01 00:00:30.807   441   441 D vold    : Encrypted 120000 of 122872 blocks
01-01 00:00:31.094   441   441 D vold    : Encrypted 122872 of 122872 blocks
01-01 00:00:31.095   441   441 I vold    : Successfully encrypted f2fs filesystem on /dev/block/by-name/userdata
01-01 00:00:31.198   441   441 D vold    : Mounting metadata-encrypted filesystem:/data
01-01 00:00:31.200   441   441 I vold    : [libfs_mgr]Running /system/bin/fsck.f2fs -a -c 10000 --debug-cache /dev/block/dm-13
01-01 00:00:31.303   441   441 I vold    : [libfs_mgr]__mount(source=/dev/block/dm-13,target=/data,type=f2fs)=0: Success
01-01 00:00:31.306   441   441 D vold    : Mounted /data
01-01 00:00:31.350   441   441 I Checkpoint: cp_prepareCheckpoint called
01-01 00:00:31.371   441   441 I vold    : fscrypt_initialize_systemwide_keys
01-01 00:00:31.373   441   441 I vold    : Creating new key in /data/unencrypted/key
01-01 00:00:31.373   441   441 D vold    : Generating standard storage key
01-01 00:00:31.377   441   441 D vold    : Generating "key storage" key
01-01 00:00:31.377   569   569 E keystore2: keystore2::error: In generate_key.
01-01 00:00:31.377   569   569 E keystore2: 
01-01 00:00:31.377   569   569 E keystore2: Caused by:
01-01 00:00:31.377   569   569 E keystore2:     0: While generating Key without explicit attestation key.
01-01 00:00:31.377   569   569 E keystore2:     1: Error::Km(ErrorCode(-67))
01-01 00:00:31.378   441   441 E vold    : keystore2 Keystore generateKey returned service specific error: -67
01-01 00:00:31.379   441   441 W vold    : Failed to generate rollback-resistant key.  This is expected if keystore doesn't support rollback resistance.  Falling back to non-rollback-resistant key.
01-01 00:00:31.391   441   441 D vold    : Created key: /data/unencrypted/key
01-01 00:00:31.395   441   441 D vold    : Installed fscrypt key with ref 863ed778d114dc1193f8015e2f3b93d5 to /data
01-01 00:00:31.395   441   441 D vold    : Added fscrypt-provisioning key for 863ed778d114dc1193f8015e2f3b93d5 to session keyring
01-01 00:00:31.397   441   441 I vold    : Wrote system DE key reference to:/data/unencrypted/ref
01-01 00:00:31.398   441   441 D vold    : Generating standard storage key
01-01 00:00:31.401   441   441 D vold    : Installed fscrypt key with ref 21266d95b9d2ead356ab8973db949d43 to /data
01-01 00:00:31.401   441   441 D vold    : Added fscrypt-provisioning key for 21266d95b9d2ead356ab8973db949d43 to session keyring
01-01 00:00:31.403   441   441 I vold    : Wrote per boot key reference to:/data/unencrypted/per_boot_ref
01-01 00:00:31.450   441   441 I incfs   : Initial API level of the device: 33
01-01 00:00:31.450   441   441 I incfs   : ro.incremental.enable: yes
01-01 00:00:31.450   441   441 I incfs   : isFsAvailable: true
01-01 00:00:31.450   441   441 I incfs   : isFsAvailable: true
01-01 00:00:31.450   441   441 I incfs   : IncFs_Features: v2
01-01 00:00:31.451   569   588 I keystore2: keystore2::maintenance: In early_boot_ended.
01-01 00:00:31.464   569   588 I keystore2: keystore2::globals: Touching Keystore 2.0 database for this first time since boot.
01-01 00:00:31.464   569   588 I keystore2: keystore2::globals: Calling cleanup leftovers.
01-01 00:00:31.466   569   621 E keystore2: keystore2_main: [SQLITE3] 17: statement aborts at 27: [CREATE TABLE IF NOT EXISTS persistent.version (
01-01 00:00:31.466   569   621 E keystore2:                 id INTEGER PRIMARY KEY,
01-01 00:00:31.466   569   621 E keystore2:                 version INTEGER);] database schema has changed
01-01 00:00:31.472   569   588 I keystore2: keystore2::super_key: Starting boot level watcher.
01-01 00:00:31.472   569   622 I keystore2: keystore2::super_key: Read keystore.boot_level value 30
01-01 00:00:31.473   569   622 I keystore2: keystore2::super_key: Read keystore.boot_level value 30
01-01 00:00:31.473   569   588 I keystore2: keystore2::maintenance: Call to earlyBootEnded succeeded for security level TRUSTED_ENVIRONMENT.
01-01 00:00:31.475   569   588 E keystore2: keystore2::maintenance: Call to earlyBootEnded failed for security level STRONGBOX: In call_with_watchdog: getting keymint device.
01-01 00:00:31.475   569   588 E keystore2: keystore2::error: In call_with_watchdog: getting keymint device
01-01 00:00:31.475   569   588 E keystore2: 
01-01 00:00:31.475   569   588 E keystore2: Caused by:
01-01 00:00:31.475   569   588 E keystore2:     0: In get_keymint_device.
01-01 00:00:31.475   569   588 E keystore2:     1: In connect_keymint: Trying to get Legacy wrapper.
01-01 00:00:31.475   569   588 E keystore2:     2: Error::Km(ErrorCode(-68))
01-01 00:00:31.475   441   441 E vold    : keystore2 Keystore earlyBootEnded returned service specific error: -68
01-01 00:00:31.770   441   441 D vold    : fscrypt_init_user0
01-01 00:00:31.770   441   441 D vold    : Preparing: /data/misc/vold/user_keys
01-01 00:00:31.771   441   441 D vold    : Preparing: /data/misc/vold/user_keys/ce
01-01 00:00:31.771   441   441 D vold    : Preparing: /data/misc/vold/user_keys/de
01-01 00:00:31.771   441   441 D vold    : Generating standard storage key
01-01 00:00:31.771   441   441 D vold    : Generating standard storage key
01-01 00:00:31.771   441   441 D vold    : Preparing: /data/misc/vold/user_keys/ce/0
01-01 00:00:31.797   441   441 D vold    : Generating "key storage" key
01-01 00:00:31.797   569   588 E keystore2: keystore2::error: In generate_key.
01-01 00:00:31.797   569   588 E keystore2: 
01-01 00:00:31.797   569   588 E keystore2: Caused by:
01-01 00:00:31.797   569   588 E keystore2:     0: While generating Key without explicit attestation key.
01-01 00:00:31.797   569   588 E keystore2:     1: Error::Km(ErrorCode(-67))
01-01 00:00:31.798   441   441 E vold    : keystore2 Keystore generateKey returned service specific error: -67
01-01 00:00:31.799   441   441 W vold    : Failed to generate rollback-resistant key.  This is expected if keystore doesn't support rollback resistance.  Falling back to non-rollback-resistant key.
01-01 00:00:31.812   441   441 D vold    : Created key: /data/misc/vold/user_keys/ce/0/current
01-01 00:00:31.817   441   441 D vold    : Generating "key storage" key
01-01 00:00:31.818   569   588 E keystore2: keystore2::error: In generate_key.
01-01 00:00:31.818   569   588 E keystore2: 
01-01 00:00:31.818   569   588 E keystore2: Caused by:
01-01 00:00:31.818   569   588 E keystore2:     0: While generating Key without explicit attestation key.
01-01 00:00:31.818   569   588 E keystore2:     1: Error::Km(ErrorCode(-67))
01-01 00:00:31.818   441   441 E vold    : keystore2 Keystore generateKey returned service specific error: -67
01-01 00:00:31.819   441   441 W vold    : Failed to generate rollback-resistant key.  This is expected if keystore doesn't support rollback resistance.  Falling back to non-rollback-resistant key.
01-01 00:00:31.834   441   441 D vold    : Created key: /data/misc/vold/user_keys/de/0
01-01 00:00:31.834   441   441 D vold    : Installed fscrypt key with ref e7c462279df53346bd20e50e8cbcd1e9 to /data
01-01 00:00:31.834   441   441 D vold    : Added fscrypt-provisioning key for e7c462279df53346bd20e50e8cbcd1e9 to session keyring
01-01 00:00:31.834   441   441 D vold    : Installed fscrypt key with ref 5e65afb0ea212d62588923b75482969d to /data
01-01 00:00:31.834   441   441 D vold    : Added fscrypt-provisioning key for 5e65afb0ea212d62588923b75482969d to session keyring
01-01 00:00:31.834   441   441 D vold    : Created keys for user 0
01-01 00:00:31.843   441   441 D vold    : Installed fscrypt key with ref e7c462279df53346bd20e50e8cbcd1e9 to /data
01-01 00:00:31.843   441   441 D vold    : Added fscrypt-provisioning key for e7c462279df53346bd20e50e8cbcd1e9 to session keyring
01-01 00:00:31.843   441   441 D vold    : Installed de key for user 0
01-01 00:00:31.843   441   441 D vold    : fscrypt_prepare_user_storage for volume null, user 0, serial 0, flags 1
01-01 00:00:31.843   441   441 D vold    : Preparing: /data/system/users/0
01-01 00:00:31.844   441   441 D vold    : Preparing: /data/misc/profiles/cur/0
01-01 00:00:31.844   441   441 D vold    : Preparing: /data/system_de/0
01-01 00:00:31.844   441   441 D vold    : Preparing: /data/vendor_de/0
01-01 00:00:31.844   441   441 D vold    : Preparing: /data/misc_de/0
01-01 00:00:31.844   441   441 D vold    : Preparing: /data/user_de/0
01-01 00:00:31.844   441   441 I vold    : Encryption policy of /data/system_de/0 set to e7c462279df53346bd20e50e8cbcd1e9 v2 modes 1/4 flags 0x2
01-01 00:00:31.845   441   441 I vold    : Encryption policy of /data/vendor_de/0 set to e7c462279df53346bd20e50e8cbcd1e9 v2 modes 1/4 flags 0x2
01-01 00:00:31.845   441   441 I vold    : Encryption policy of /data/misc_de/0 set to e7c462279df53346bd20e50e8cbcd1e9 v2 modes 1/4 flags 0x2
01-01 00:00:31.845   441   441 I vold    : Encryption policy of /data/user_de/0 set to e7c462279df53346bd20e50e8cbcd1e9 v2 modes 1/4 flags 0x2
01-01 00:00:31.845   441   441 D vold    : /system/bin/vold_prepare_subdirs
01-01 00:00:31.845   441   441 D vold    :     prepare
01-01 00:00:31.845   441   441 D vold    :     
01-01 00:00:31.845   441   441 D vold    :     0
01-01 00:00:31.845   441   441 D vold    :     1
01-01 00:00:31.864   441   441 D vold    : Detected support for FS_IOC_ADD_ENCRYPTION_KEY
01-01 00:00:31.865   441   441 D vold    : Installing fscrypt-provisioning key for 5e65afb0ea212d62588923b75482969d back into /data fs-keyring
01-01 00:00:32.035   632   632 I odsign  : Device doesn't support updatable APEX, exiting.
01-01 00:00:32.068   569   622 I keystore2: keystore2::super_key: keystore.boot_level 1000000000 hits maximum 1000000000, finishing.
01-01 00:00:33.465   729   729 D BootLogoUpdater: [boot_logo_updater main 186]boot_logo_updater,
01-01 00:00:33.465   729   729 E BootLogoUpdater: [boot_logo_updater]fail to open: /sys/class/BOOT/BOOT/boot/boot_mode
01-01 00:00:33.465   729   729 E BootLogoUpdater: [boot_logo_updater]update boot reason = 0, ret = 0
01-01 00:00:33.623   770   770 I gsid    : no DSU: No such file or directory
01-01 00:00:34.353   904   904 I installd: installd firing up
01-01 00:00:34.353   904   904 D installd: Assuming that device has multi-user storage layout; upgrade no longer supported
01-01 00:00:34.354   904   904 D installd: Upgrading to /data/misc/user directories
01-01 00:00:34.467   919   919 I wificond: wificond is starting up...
01-01 00:00:34.474   919   919 I HidlServiceManagement: Registered android.system.wifi.keystore@1.0::IKeystore/default
01-01 00:00:34.607   890   935 D BootAnimation: BootAnimationShownTiming start time: 20499ms
01-01 00:00:34.731   648   648 V Zygote32Timing: PostZygoteInitGC took to complete: 44ms
01-01 00:00:34.731   648   648 V Zygote32Timing: ZygoteInit took to complete: 73ms
01-01 00:00:34.783   647   647 V Zygote64Timing: BeginPreload took to complete: 86ms
01-01 00:00:35.589   647   647 V Zygote64Timing: PreloadClasses took to complete: 806ms
01-01 00:00:35.603   647   647 V Zygote64Timing: CacheNonBootClasspathClassLoaders took to complete: 13ms
01-01 00:00:35.628   647   647 V Zygote64Timing: PreloadResources took to complete: 26ms
01-01 00:00:35.743   647   647 V Zygote64Timing: ZygotePreload took to complete: 1058ms
01-01 00:00:35.798   647   647 V Zygote64Timing: PostZygoteInitGC took to complete: 55ms
01-01 00:00:35.798   647   647 V Zygote64Timing: ZygoteInit took to complete: 1140ms
01-01 00:00:36.377  1065  1065 D SystemServerTiming: InitBeforeStartServices
01-01 00:00:36.379  1065  1065 W SystemServer: persist.sys.timezone is not valid (); setting to GMT.
01-01 00:00:36.384  1065  1065 I SystemServer: Entered the Android system server!
01-01 00:00:36.521  1065  1065 I SystemServerInitThreadPool: Creating instance with 8 threads
01-01 00:00:36.806  1065  1065 V SystemServerTiming: InitBeforeStartServices took to complete: 429ms
01-01 00:00:36.806  1065  1065 D SystemServerTiming: StartServices
01-01 00:00:36.806  1065  1065 D SystemServerTiming: startBootstrapServices
01-01 00:00:36.806  1065  1065 D SystemServerTiming: StartWatchdog
01-01 00:00:36.820  1065  1065 V SystemServerTiming: StartWatchdog took to complete: 15ms
01-01 00:00:36.821  1065  1065 I SystemServer: Reading configuration...
01-01 00:00:36.821  1065  1065 D SystemServerTiming: ReadingSystemConfig
01-01 00:00:36.822  1065  1065 V SystemServerTiming: ReadingSystemConfig took to complete: 0ms
01-01 00:00:36.822  1065  1065 D SystemServerTiming: PlatformCompat
01-01 00:00:36.822  1065  1090 D SystemServerTimingAsync: InitThreadPoolExec:ReadingSystemConfig
01-01 00:00:36.822  1065  1090 D SystemServerInitThreadPool: Started executing ReadingSystemConfig
01-01 00:00:36.823  1065  1090 I SystemConfig: Reading permissions from /system/etc/sysconfig/framework-sysconfig.xml
01-01 00:00:36.824  1065  1065 D CompatConfig: Found a config file: /system/etc/compatconfig/TeleService-platform-compat-config.xml
01-01 00:00:36.824  1065  1065 D CompatConfig: Adding: com.android.server.compat.config.Change@e41c093
01-01 00:00:36.824  1065  1065 D CompatConfig: Adding: com.android.server.compat.config.Change@f5df8d0
01-01 00:00:36.824  1065  1065 D CompatConfig: Adding: com.android.server.compat.config.Change@db280c9
01-01 00:00:36.824  1065  1065 D CompatConfig: Adding: com.android.server.compat.config.Change@cb443ce
01-01 00:00:36.824  1065  1065 D CompatConfig: Adding: com.android.server.compat.config.Change@4bdd2ef
01-01 00:00:36.824  1065  1065 D CompatConfig: Adding: com.android.server.compat.config.Change@ef1d1fc
01-01 00:00:36.824  1065  1090 I SystemConfig: Reading permissions from /system/etc/sysconfig/hiddenapi-package-whitelist.xml
01-01 00:00:36.825  1065  1065 D CompatConfig: Found a config file: /system/etc/compatconfig/calendar-provider-compat-config.xml
01-01 00:00:36.825  1065  1065 D CompatConfig: Adding: com.android.server.compat.config.Change@f8811e8
01-01 00:00:36.825  1065  1090 I SystemConfig: Reading permissions from /system/etc/sysconfig/preinstalled-packages-com.android.providers.media.module.xml
01-01 00:00:36.825  1065  1090 I SystemConfig: Reading permissions from /system/etc/sysconfig/preinstalled-packages-platform.xml
01-01 00:00:36.826  1065  1065 D CompatConfig: Found a config file: /system/etc/compatconfig/contacts-provider-platform-compat-config.xml
01-01 00:00:36.826  1065  1065 D CompatConfig: Found a config file: /system/etc/compatconfig/documents-ui-compat-config.xml
01-01 00:00:36.826  1065  1065 D CompatConfig: Adding: com.android.server.compat.config.Change@ac06494
01-01 00:00:36.826  1065  1090 I SystemConfig: Reading permissions from /system/etc/permissions/android.software.live_wallpaper.xml
01-01 00:00:36.827  1065  1065 D CompatConfig: Found a config file: /system/etc/compatconfig/framework-platform-compat-config.xml
01-01 00:00:36.827  1065  1090 I SystemConfig: Reading permissions from /system/etc/permissions/android.software.webview.xml
01-01 00:00:36.827  1065  1090 I SystemConfig: Reading permissions from /system/etc/permissions/android.test.base.xml
01-01 00:00:36.827  1065  1090 I SystemConfig: Reading permissions from /system/etc/permissions/android.test.mock.xml
01-01 00:00:36.828  1065  1090 I SystemConfig: Reading permissions from /system/etc/permissions/android.test.runner.xml
01-01 00:00:36.828  1065  1065 D CompatConfig: Adding: com.android.server.compat.config.Change@3af55df
01-01 00:00:36.828  1065  1065 D CompatConfig: Adding: com.android.server.compat.config.Change@58c74f5
01-01 00:00:36.828  1065  1090 I SystemConfig: Reading permissions from /system/etc/permissions/com.android.documentsui.xml
01-01 00:00:36.828  1065  1065 D CompatConfig: Adding: com.android.server.compat.config.Change@2eea28a
01-01 00:00:36.828  1065  1065 D CompatConfig: Adding: com.android.server.compat.config.Change@5dd70fb
01-01 00:00:36.828  1065  1065 D CompatConfig: Adding: com.android.server.compat.config.Change@4d7c518
01-01 00:00:36.828  1065  1065 D CompatConfig: Adding: com.android.server.compat.config.Change@67c6b71
01-01 00:00:36.828  1065  1065 D CompatConfig: Adding: com.android.server.compat.config.Change@61c5d56
01-01 00:00:36.828  1065  1065 D CompatConfig: Adding: com.android.server.compat.config.Change@50821d7
01-01 00:00:36.828  1065  1065 D CompatConfig: Adding: com.android.server.compat.config.Change@2101ac4
01-01 00:00:36.828  1065  1065 D CompatConfig: Adding: com.android.server.compat.config.Change@9b4dad
01-01 00:00:36.828  1065  1065 D CompatConfig: Adding: com.android.server.compat.config.Change@498f8e2
01-01 00:00:36.828  1065  1065 D CompatConfig: Adding: com.android.server.compat.config.Change@1c30473
01-01 00:00:36.828  1065  1065 D CompatConfig: Adding: com.android.server.compat.config.Change@f561f30
01-01 00:00:36.828  1065  1065 D CompatConfig: Adding: com.android.server.compat.config.Change@44c17a9
01-01 00:00:36.828  1065  1065 D CompatConfig: Adding: com.android.server.compat.config.Change@951c12e
01-01 00:00:36.828  1065  1065 D CompatConfig: Adding: com.android.server.compat.config.Change@83f74cf
01-01 00:00:36.828  1065  1065 D CompatConfig: Adding: com.android.server.compat.config.Change@fb5fe5c
01-01 00:00:36.828  1065  1065 D CompatConfig: Adding: com.android.server.compat.config.Change@b258565
01-01 00:00:36.828  1065  1065 D CompatConfig: Adding: com.android.server.compat.config.Change@ebcc23a
01-01 00:00:36.828  1065  1065 D CompatConfig: Adding: com.android.server.compat.config.Change@8d2a448
01-01 00:00:36.828  1065  1090 I SystemConfig: Reading permissions from /system/etc/permissions/com.android.future.usb.accessory.xml
01-01 00:00:36.828  1065  1065 D CompatConfig: Adding: com.android.server.compat.config.Change@76e12e1
01-01 00:00:36.828  1065  1065 D CompatConfig: Adding: com.android.server.compat.config.Change@ea4c806
01-01 00:00:36.828  1065  1065 D CompatConfig: Adding: com.android.server.compat.config.Change@bbf2ec7
01-01 00:00:36.828  1065  1065 D CompatConfig: Adding: com.android.server.compat.config.Change@591bcf4
01-01 00:00:36.828  1065  1065 D CompatConfig: Adding: com.android.server.compat.config.Change@f57fc1d
01-01 00:00:36.828  1065  1065 D CompatConfig: Adding: com.android.server.compat.config.Change@2b55e92
01-01 00:00:36.828  1065  1065 D CompatConfig: Adding: com.android.server.compat.config.Change@f5f063
01-01 00:00:36.828  1065  1065 D CompatConfig: Adding: com.android.server.compat.config.Change@787b460
01-01 00:00:36.828  1065  1065 D CompatConfig: Adding: com.android.server.compat.config.Change@ffd3d19
01-01 00:00:36.828  1065  1065 D CompatConfig: Adding: com.android.server.compat.config.Change@1c6d1de
01-01 00:00:36.828  1065  1065 D CompatConfig: Adding: com.android.server.compat.config.Change@54d2fbf
01-01 00:00:36.828  1065  1065 D CompatConfig: Adding: com.android.server.compat.config.Change@323b68c
01-01 00:00:36.829  1065  1065 D CompatConfig: Adding: com.android.server.compat.config.Change@5ea2dea
01-01 00:00:36.829  1065  1065 D CompatConfig: Adding: com.android.server.compat.config.Change@baf08db
01-01 00:00:36.829  1065  1090 I SystemConfig: Reading permissions from /system/etc/permissions/com.android.location.provider.xml
01-01 00:00:36.829  1065  1065 D CompatConfig: Adding: com.android.server.compat.config.Change@29baf78
01-01 00:00:36.829  1065  1065 D CompatConfig: Adding: com.android.server.compat.config.Change@a907651
01-01 00:00:36.829  1065  1065 D CompatConfig: Adding: com.android.server.compat.config.Change@7353eb6
01-01 00:00:36.829  1065  1065 D CompatConfig: Adding: com.android.server.compat.config.Change@18b57b7
01-01 00:00:36.829  1065  1065 D CompatConfig: Adding: com.android.server.compat.config.Change@b984b24
01-01 00:00:36.829  1065  1065 D CompatConfig: Adding: com.android.server.compat.config.Change@74e9042
01-01 00:00:36.829  1065  1090 I SystemConfig: Reading permissions from /system/etc/permissions/com.android.media.remotedisplay.xml
01-01 00:00:36.829  1065  1065 D CompatConfig: Adding: com.android.server.compat.config.Change@173b853
01-01 00:00:36.829  1065  1065 D CompatConfig: Adding: com.android.server.compat.config.Change@3a0f590
01-01 00:00:36.829  1065  1065 D CompatConfig: Adding: com.android.server.compat.config.Change@3ba9e89
01-01 00:00:36.829  1065  1065 D CompatConfig: Adding: com.android.server.compat.config.Change@9b96e8e
01-01 00:00:36.829  1065  1065 D CompatConfig: Adding: com.android.server.compat.config.Change@37786af
01-01 00:00:36.829  1065  1065 D CompatConfig: Adding: com.android.server.compat.config.Change@fa59a45
01-01 00:00:36.829  1065  1065 D CompatConfig: Adding: com.android.server.compat.config.Change@4e1e59a
01-01 00:00:36.829  1065  1090 I SystemConfig: Reading permissions from /system/etc/permissions/com.android.mediadrm.signer.xml
01-01 00:00:36.829  1065  1065 D CompatConfig: Adding: com.android.server.compat.config.Change@73fdecb
01-01 00:00:36.829  1065  1065 D CompatConfig: Adding: com.android.server.compat.config.Change@815e6a8
01-01 00:00:36.829  1065  1065 D CompatConfig: Adding: com.android.server.compat.config.Change@b8a95c1
01-01 00:00:36.829  1065  1065 D CompatConfig: Adding: com.android.server.compat.config.Change@7e8c166
01-01 00:00:36.829  1065  1065 D CompatConfig: Adding: com.android.server.compat.config.Change@3eb9ca7
01-01 00:00:36.829  1065  1065 D CompatConfig: Adding: com.android.server.compat.config.Change@536c554
01-01 00:00:36.829  1065  1065 D CompatConfig: Adding: com.android.server.compat.config.Change@b69ccfd
01-01 00:00:36.829  1065  1065 D CompatConfig: Adding: com.android.server.compat.config.Change@12f8df2
01-01 00:00:36.829  1065  1065 D CompatConfig: Adding: com.android.server.compat.config.Change@9ab5c43
01-01 00:00:36.829  1065  1065 D CompatConfig: Adding: com.android.server.compat.config.Change@2e4e2c0
01-01 00:00:36.829  1065  1065 D CompatConfig: Adding: com.android.server.compat.config.Change@90b3bf9
01-01 00:00:36.829  1065  1065 D CompatConfig: Adding: com.android.server.compat.config.Change@1a4973e
01-01 00:00:36.829  1065  1065 D CompatConfig: Adding: com.android.server.compat.config.Change@11d799f
01-01 00:00:36.829  1065  1065 D CompatConfig: Adding: com.android.server.compat.config.Change@4956aec
01-01 00:00:36.829  1065  1065 D CompatConfig: Adding: com.android.server.compat.config.Change@8ba9eb5
01-01 00:00:36.829  1065  1065 D CompatConfig: Adding: com.android.server.compat.config.Change@8cee94a
01-01 00:00:36.829  1065  1065 D CompatConfig: Adding: com.android.server.compat.config.Change@46a10bb
01-01 00:00:36.829  1065  1065 D CompatConfig: Adding: com.android.server.compat.config.Change@de449d8
01-01 00:00:36.829  1065  1065 D CompatConfig: Adding: com.android.server.compat.config.Change@dc37131
01-01 00:00:36.829  1065  1065 D CompatConfig: Adding: com.android.server.compat.config.Change@59a5016
01-01 00:00:36.829  1065  1065 D CompatConfig: Adding: com.android.server.compat.config.Change@e1efd97
01-01 00:00:36.829  1065  1065 D CompatConfig: Adding: com.android.server.compat.config.Change@e402b84
01-01 00:00:36.829  1065  1065 D CompatConfig: Adding: com.android.server.compat.config.Change@aacef6d
01-01 00:00:36.829  1065  1065 D CompatConfig: Adding: com.android.server.compat.config.Change@7e357a2
01-01 00:00:36.829  1065  1065 D CompatConfig: Adding: com.android.server.compat.config.Change@9cbdc33
01-01 00:00:36.829  1065  1065 D CompatConfig: Adding: com.android.server.compat.config.Change@b567bf0
01-01 00:00:36.829  1065  1065 D CompatConfig: Adding: com.android.server.compat.config.Change@9361569
01-01 00:00:36.829  1065  1065 D CompatConfig: Adding: com.android.server.compat.config.Change@ec34bee
01-01 00:00:36.829  1065  1065 D CompatConfig: Adding: com.android.server.compat.config.Change@25e088f
01-01 00:00:36.829  1065  1065 D CompatConfig: Adding: com.android.server.compat.config.Change@63f671c
01-01 00:00:36.830  1065  1065 D CompatConfig: Adding: com.android.server.compat.config.Change@6119f25
01-01 00:00:36.830  1065  1065 D CompatConfig: Adding: com.android.server.compat.config.Change@f9c38fa
01-01 00:00:36.830  1065  1065 D CompatConfig: Adding: com.android.server.compat.config.Change@a3c9eab
01-01 00:00:36.830  1065  1065 D CompatConfig: Adding: com.android.server.compat.config.Change@769d908
01-01 00:00:36.830  1065  1065 D CompatConfig: Adding: com.android.server.compat.config.Change@c6208a1
01-01 00:00:36.830  1065  1065 D CompatConfig: Adding: com.android.server.compat.config.Change@1e4eac6
01-01 00:00:36.830  1065  1090 I SystemConfig: Reading permissions from /system/etc/permissions/com.android.networkstack.xml
01-01 00:00:36.830  1065  1065 D CompatConfig: Found a config file: /system/etc/compatconfig/icu4j-platform-compat-config.xml
01-01 00:00:36.830  1065  1090 I SystemConfig: Reading permissions from /system/etc/permissions/com.android.nfc_extras.xml
01-01 00:00:36.831  1065  1065 D CompatConfig: Adding: com.android.server.compat.config.Change@bb4ed52
01-01 00:00:36.831  1065  1090 I SystemConfig: Reading permissions from /system/etc/permissions/javax.obex.xml
01-01 00:00:36.831  1065  1090 I SystemConfig: Reading permissions from /system/etc/permissions/org.apache.http.legacy.xml
01-01 00:00:36.831  1065  1065 D CompatConfig: Found a config file: /system/etc/compatconfig/services-platform-compat-config.xml
01-01 00:00:36.831  1065  1090 I SystemConfig: Non-xml file /system/etc/permissions/pms_sysapp_removable_system_list.txt in /system/etc/permissions directory, ignoring
01-01 00:00:36.831  1065  1090 I SystemConfig: Non-xml file /system/etc/permissions/pms_sysapp_removable_vendor_list.txt in /system/etc/permissions directory, ignoring
01-01 00:00:36.831  1065  1090 I SystemConfig: Reading permissions from /system/etc/permissions/privapp-permissions-mediatek.xml
01-01 00:00:36.832  1065  1065 D CompatConfig: Adding: com.android.server.compat.config.Change@118337f
01-01 00:00:36.832  1065  1065 D CompatConfig: Adding: com.android.server.compat.config.Change@a38cf4c
01-01 00:00:36.832  1065  1065 D CompatConfig: Adding: com.android.server.compat.config.Change@a219b95
01-01 00:00:36.832  1065  1065 D CompatConfig: Adding: com.android.server.compat.config.Change@7f4d4aa
01-01 00:00:36.832  1065  1065 D CompatConfig: Adding: com.android.server.compat.config.Change@186889b
01-01 00:00:36.832  1065  1065 D CompatConfig: Adding: com.android.server.compat.config.Change@6c99438
01-01 00:00:36.832  1065  1065 D CompatConfig: Adding: com.android.server.compat.config.Change@a4d5c11
01-01 00:00:36.832  1065  1065 D CompatConfig: Adding: com.android.server.compat.config.Change@b239176
01-01 00:00:36.832  1065  1065 D CompatConfig: Adding: com.android.server.compat.config.Change@bbb1377
01-01 00:00:36.832  1065  1065 D CompatConfig: Adding: com.android.server.compat.config.Change@39fbbe4
01-01 00:00:36.832  1065  1065 D CompatConfig: Adding: com.android.server.compat.config.Change@c9aa84d
01-01 00:00:36.832  1065  1065 D CompatConfig: Adding: com.android.server.compat.config.Change@5af4f02
01-01 00:00:36.832  1065  1065 D CompatConfig: Adding: com.android.server.compat.config.Change@3437013
01-01 00:00:36.832  1065  1065 D CompatConfig: Adding: com.android.server.compat.config.Change@18eb250
01-01 00:00:36.832  1065  1065 D CompatConfig: Adding: com.android.server.compat.config.Change@df67c49
01-01 00:00:36.832  1065  1065 D CompatConfig: Adding: com.android.server.compat.config.Change@547594e
01-01 00:00:36.832  1065  1065 D CompatConfig: Adding: com.android.server.compat.config.Change@ceafa6f
01-01 00:00:36.832  1065  1065 D CompatConfig: Adding: com.android.server.compat.config.Change@934a37c
01-01 00:00:36.832  1065  1065 D CompatConfig: Adding: com.android.server.compat.config.Change@3219405
01-01 00:00:36.832  1065  1065 D CompatConfig: Adding: com.android.server.compat.config.Change@143bc5a
01-01 00:00:36.832  1065  1065 D CompatConfig: Adding: com.android.server.compat.config.Change@4d6ce8b
01-01 00:00:36.832  1065  1065 D CompatConfig: Adding: com.android.server.compat.config.Change@ce67b68
01-01 00:00:36.832  1065  1065 D CompatConfig: Adding: com.android.server.compat.config.Change@22c6b81
01-01 00:00:36.832  1065  1065 D CompatConfig: Adding: com.android.server.compat.config.Change@c714426
01-01 00:00:36.832  1065  1065 D CompatConfig: Adding: com.android.server.compat.config.Change@a61c867
01-01 00:00:36.832  1065  1065 D CompatConfig: Adding: com.android.server.compat.config.Change@d5be614
01-01 00:00:36.832  1065  1065 D CompatConfig: Adding: com.android.server.compat.config.Change@7b33ebd
01-01 00:00:36.832  1065  1065 D CompatConfig: Adding: com.android.server.compat.config.Change@79d7cb2
01-01 00:00:36.832  1065  1065 D CompatConfig: Adding: com.android.server.compat.config.Change@db88403
01-01 00:00:36.833  1065  1065 D CompatConfig: Adding: com.android.server.compat.config.Change@d1b4f80
01-01 00:00:36.833  1065  1065 D CompatConfig: Adding: com.android.server.compat.config.Change@3da09b9
01-01 00:00:36.833  1065  1065 D CompatConfig: Adding: com.android.server.compat.config.Change@e2b1fe
01-01 00:00:36.833  1065  1065 D CompatConfig: Adding: com.android.server.compat.config.Change@b355d5f
01-01 00:00:36.833  1065  1065 D CompatConfig: Adding: com.android.server.compat.config.Change@ea5e3ac
01-01 00:00:36.833  1065  1065 D CompatConfig: Adding: com.android.server.compat.config.Change@b088875
01-01 00:00:36.833  1065  1065 D CompatConfig: Adding: com.android.server.compat.config.Change@bb3f00a
01-01 00:00:36.833  1065  1065 D CompatConfig: Adding: com.android.server.compat.config.Change@7c707b
01-01 00:00:36.833  1065  1065 D CompatConfig: Adding: com.android.server.compat.config.Change@9638e98
01-01 00:00:36.833  1065  1065 D CompatConfig: Adding: com.android.server.compat.config.Change@66636f1
01-01 00:00:36.833  1065  1065 D CompatConfig: Adding: com.android.server.compat.config.Change@da902d6
01-01 00:00:36.833  1065  1065 D CompatConfig: Adding: com.android.server.compat.config.Change@7579957
01-01 00:00:36.833  1065  1065 D CompatConfig: Adding: com.android.server.compat.config.Change@14efc44
01-01 00:00:36.833  1065  1065 D CompatConfig: Adding: com.android.server.compat.config.Change@16512d
01-01 00:00:36.833  1065  1065 D CompatConfig: Adding: com.android.server.compat.config.Change@c0a7662
01-01 00:00:36.833  1065  1065 D CompatConfig: Adding: com.android.server.compat.config.Change@25273f3
01-01 00:00:36.833  1065  1065 D CompatConfig: Adding: com.android.server.compat.config.Change@d6198b0
01-01 00:00:36.833  1065  1065 D CompatConfig: Adding: com.android.server.compat.config.Change@733d329
01-01 00:00:36.833  1065  1065 D CompatConfig: Adding: com.android.server.compat.config.Change@61d96ae
01-01 00:00:36.833  1065  1065 D CompatConfig: Adding: com.android.server.compat.config.Change@7165c4f
01-01 00:00:36.833  1065  1065 D CompatConfig: Adding: com.android.server.compat.config.Change@8bf8fdc
01-01 00:00:36.833  1065  1065 D CompatConfig: Adding: com.android.server.compat.config.Change@78d78e5
01-01 00:00:36.833  1065  1065 D CompatConfig: Adding: com.android.server.compat.config.Change@8306fba
01-01 00:00:36.833  1065  1065 D CompatConfig: Adding: com.android.server.compat.config.Change@2866e6b
01-01 00:00:36.833  1065  1065 D CompatConfig: Adding: com.android.server.compat.config.Change@aa3cdc8
01-01 00:00:36.833  1065  1065 D CompatConfig: Adding: com.android.server.compat.config.Change@121be61
01-01 00:00:36.833  1065  1065 D CompatConfig: Adding: com.android.server.compat.config.Change@29b8647
01-01 00:00:36.833  1065  1065 D CompatConfig: Adding: com.android.server.compat.config.Change@10bfe74
01-01 00:00:36.833  1065  1090 I SystemConfig: Reading permissions from /system/etc/permissions/privapp-permissions-platform.xml
01-01 00:00:36.833  1065  1065 D CompatConfig: Adding: com.android.server.compat.config.Change@b5adf9d
01-01 00:00:36.833  1065  1065 D CompatConfig: Adding: com.android.server.compat.config.Change@6413c12
01-01 00:00:36.833  1065  1065 D CompatConfig: Adding: com.android.server.compat.config.Change@2003fe3
01-01 00:00:36.833  1065  1065 D CompatConfig: Adding: com.android.server.compat.config.Change@a248de0
01-01 00:00:36.833  1065  1065 D CompatConfig: Adding: com.android.server.compat.config.Change@ad899
01-01 00:00:36.834  1065  1065 D CompatConfig: Found a config file: /system/system_ext/etc/compatconfig/settings-platform-compat-config.xml
01-01 00:00:36.834  1065  1065 D CompatConfig: Adding: com.android.server.compat.config.Change@16cf73f
01-01 00:00:36.835  1065  1090 I SystemConfig: Reading permissions from /system/etc/permissions/privapp_allowlist_com.android.adservices.api.xml
01-01 00:00:36.836  1065  1090 I SystemConfig: Reading permissions from /system/etc/permissions/privapp_allowlist_com.android.providers.media.module.xml
01-01 00:00:36.836  1065  1065 D CompatConfig: No directory /apex/com.android.vndk.v31/etc/compatconfig, skipping
01-01 00:00:36.836  1065  1065 D CompatConfig: No directory /apex/com.android.vndk.v30/etc/compatconfig, skipping
01-01 00:00:36.836  1065  1090 I SystemConfig: Reading permissions from /system/etc/permissions/platform.xml
01-01 00:00:36.836  1065  1065 D CompatConfig: Found a config file: /apex/com.android.wifi/etc/compatconfig/wifi-compat-config.xml
01-01 00:00:36.836  1065  1065 D CompatConfig: Adding: com.android.server.compat.config.Change@dca38f8
01-01 00:00:36.836  1065  1065 D CompatConfig: Adding: com.android.server.compat.config.Change@44601d1
01-01 00:00:36.836  1065  1065 D CompatConfig: No directory /apex/com.android.vndk.v33/etc/compatconfig, skipping
01-01 00:00:36.837  1065  1065 D CompatConfig: No directory /apex/com.android.uwb/etc/compatconfig, skipping
01-01 00:00:36.837  1065  1065 D CompatConfig: No directory /apex/com.android.tzdata/etc/compatconfig, skipping
01-01 00:00:36.837  1065  1065 D CompatConfig: Found a config file: /apex/com.android.tethering/etc/compatconfig/connectivity-platform-compat-config.xml
01-01 00:00:36.837  1065  1065 D CompatConfig: Adding: com.android.server.compat.config.Change@9ec8f37
01-01 00:00:36.837  1065  1065 D CompatConfig: No directory /apex/com.android.sdkext/etc/compatconfig, skipping
01-01 00:00:36.837  1065  1065 D CompatConfig: No directory /apex/com.android.scheduling/etc/compatconfig, skipping
01-01 00:00:36.837  1065  1065 D CompatConfig: No directory /apex/com.android.runtime/etc/compatconfig, skipping
01-01 00:00:36.838  1065  1065 D CompatConfig: No directory /apex/com.android.resolv/etc/compatconfig, skipping
01-01 00:00:36.838  1065  1065 D CompatConfig: No directory /apex/com.android.permission/etc/compatconfig, skipping
01-01 00:00:36.838  1065  1065 D CompatConfig: No directory /apex/com.android.os.statsd/etc/compatconfig, skipping
01-01 00:00:36.838  1065  1065 D CompatConfig: No directory /apex/com.android.ondevicepersonalization/etc/compatconfig, skipping
01-01 00:00:36.838  1065  1065 D CompatConfig: No directory /apex/com.android.neuralnetworks/etc/compatconfig, skipping
01-01 00:00:36.838  1065  1090 I SystemConfig: Reading permissions from /vendor/etc/permissions/android.hardware.audio.low_latency.xml
01-01 00:00:36.838  1065  1065 D CompatConfig: Found a config file: /apex/com.android.mediaprovider/etc/compatconfig/media-provider-platform-compat-config.xml
01-01 00:00:36.838  1065  1065 D CompatConfig: Adding: com.android.server.compat.config.Change@24ccdc2
01-01 00:00:36.838  1065  1065 D CompatConfig: Adding: com.android.server.compat.config.Change@1e72f10
01-01 00:00:36.838  1065  1090 I SystemConfig: Reading permissions from /vendor/etc/permissions/android.hardware.bluetooth.xml
01-01 00:00:36.838  1065  1065 D CompatConfig: Adding: com.android.server.compat.config.Change@6261a09
01-01 00:00:36.838  1065  1065 D CompatConfig: Adding: com.android.server.compat.config.Change@61e040e
01-01 00:00:36.838  1065  1065 D CompatConfig: Adding: com.android.server.compat.config.Change@d82e2f
01-01 00:00:36.838  1065  1065 D CompatConfig: Adding: com.android.server.compat.config.Change@1782c3c
01-01 00:00:36.838  1065  1065 D CompatConfig: Adding: com.android.server.compat.config.Change@d4dc5
01-01 00:00:36.839  1065  1065 D CompatConfig: No directory /apex/com.android.media.swcodec/etc/compatconfig, skipping
01-01 00:00:36.839  1065  1065 D CompatConfig: No directory /apex/com.android.media/etc/compatconfig, skipping
01-01 00:00:36.839  1065  1065 D CompatConfig: No directory /apex/com.android.ipsec/etc/compatconfig, skipping
01-01 00:00:36.839  1065  1065 D CompatConfig: No directory /apex/com.android.i18n/etc/compatconfig, skipping
01-01 00:00:36.839  1065  1065 D CompatConfig: No directory /apex/com.android.extservices/etc/compatconfig, skipping
01-01 00:00:36.839  1065  1065 D CompatConfig: No directory /apex/com.android.conscrypt/etc/compatconfig, skipping
01-01 00:00:36.839  1065  1090 I SystemConfig: Reading permissions from /vendor/etc/permissions/android.hardware.bluetooth_le.xml
01-01 00:00:36.839  1065  1065 D CompatConfig: Found a config file: /apex/com.android.btservices/etc/compatconfig/bluetooth-compat-config.xml
01-01 00:00:36.839  1065  1065 D CompatConfig: Adding: com.android.server.compat.config.Change@eb9d028
01-01 00:00:36.839  1065  1090 I SystemConfig: Reading permissions from /vendor/etc/permissions/android.hardware.camera.xml
01-01 00:00:36.839  1065  1090 I SystemConfig: Reading permissions from /vendor/etc/permissions/android.hardware.faketouch.xml
01-01 00:00:36.840  1065  1090 I SystemConfig: Reading permissions from /vendor/etc/permissions/android.hardware.hardware_keystore.keymint.xml
01-01 00:00:36.840  1065  1065 D CompatConfig: Found a config file: /apex/com.android.art/etc/compatconfig/libcore-platform-compat-config.xml
01-01 00:00:36.840  1065  1090 I SystemConfig: Reading permissions from /vendor/etc/permissions/android.hardware.hdmi.cec.xml
01-01 00:00:36.840  1065  1065 D CompatConfig: Adding: com.android.server.compat.config.Change@4f82b72
01-01 00:00:36.840  1065  1065 D CompatConfig: Adding: com.android.server.compat.config.Change@7136bc3
01-01 00:00:36.840  1065  1065 D CompatConfig: Adding: com.android.server.compat.config.Change@9ec7c40
01-01 00:00:36.840  1065  1065 D CompatConfig: Adding: com.android.server.compat.config.Change@9198cbe
01-01 00:00:36.840  1065  1090 I SystemConfig: Reading permissions from /vendor/etc/permissions/android.hardware.keystore.app_attest_key.xml
01-01 00:00:36.840  1065  1065 D CompatConfig: Adding: com.android.server.compat.config.Change@1b7011f
01-01 00:00:36.840  1065  1065 D CompatConfig: Adding: com.android.server.compat.config.Change@a3d1c6c
01-01 00:00:36.840  1065  1090 I SystemConfig: Reading permissions from /vendor/etc/permissions/android.hardware.location.xml
01-01 00:00:36.841  1065  1090 I SystemConfig: Reading permissions from /vendor/etc/permissions/android.hardware.microphone.xml
01-01 00:00:36.841  1065  1090 I SystemConfig: Reading permissions from /vendor/etc/permissions/android.hardware.nfc.hce.xml
01-01 00:00:36.841  1065  1065 D CompatConfig: No directory /apex/com.android.appsearch/etc/compatconfig, skipping
01-01 00:00:36.841  1065  1065 D CompatConfig: No directory /apex/com.android.adservices/etc/compatconfig, skipping
01-01 00:00:36.841  1065  1090 I SystemConfig: Reading permissions from /vendor/etc/permissions/android.hardware.nfc.hcef.xml
01-01 00:00:36.841  1065  1065 D CompatConfig: No directory /apex/com.android.adbd/etc/compatconfig, skipping
01-01 00:00:36.841  1065  1090 I SystemConfig: Reading permissions from /vendor/etc/permissions/android.hardware.nfc.xml
01-01 00:00:36.841  1065  1090 I SystemConfig: Reading permissions from /vendor/etc/permissions/android.hardware.opengles.aep.xml
01-01 00:00:36.842  1065  1090 I SystemConfig: Reading permissions from /vendor/etc/permissions/android.hardware.sensor.accelerometer.xml
01-01 00:00:36.842  1065  1090 I SystemConfig: Reading permissions from /vendor/etc/permissions/android.hardware.sensor.compass.xml
01-01 00:00:36.842  1065  1090 I SystemConfig: Reading permissions from /vendor/etc/permissions/android.hardware.sensor.gyroscope.xml
01-01 00:00:36.842  1065  1090 I SystemConfig: Reading permissions from /vendor/etc/permissions/android.hardware.sensor.light.xml
01-01 00:00:36.843  1065  1065 V SystemServerTiming: PlatformCompat took to complete: 21ms
01-01 00:00:36.843  1065  1065 D SystemServerTiming: StartFileIntegrityService
01-01 00:00:36.843  1065  1065 I SystemServiceManager: Starting com.android.server.security.FileIntegrityService
01-01 00:00:36.843  1065  1090 I SystemConfig: Reading permissions from /vendor/etc/permissions/android.hardware.telephony.gsm.xml
01-01 00:00:36.843  1065  1090 I SystemConfig: Reading permissions from /vendor/etc/permissions/android.hardware.touchscreen.multitouch.distinct.xml
01-01 00:00:36.844  1065  1090 I SystemConfig: Reading permissions from /vendor/etc/permissions/android.hardware.touchscreen.multitouch.jazzhand.xml
01-01 00:00:36.844  1065  1090 I SystemConfig: Reading permissions from /vendor/etc/permissions/android.hardware.touchscreen.multitouch.xml
01-01 00:00:36.844  1065  1090 I SystemConfig: Reading permissions from /vendor/etc/permissions/android.hardware.touchscreen.xml
01-01 00:00:36.844  1065  1090 I SystemConfig: Reading permissions from /vendor/etc/permissions/android.hardware.usb.accessory.xml
01-01 00:00:36.845  1065  1090 I SystemConfig: Reading permissions from /vendor/etc/permissions/android.hardware.usb.host.xml
01-01 00:00:36.845  1065  1090 I SystemConfig: Reading permissions from /vendor/etc/permissions/android.hardware.vulkan.compute.xml
01-01 00:00:36.845  1065  1090 I SystemConfig: Reading permissions from /vendor/etc/permissions/android.hardware.vulkan.level.xml
01-01 00:00:36.845  1065  1090 I SystemConfig: Reading permissions from /vendor/etc/permissions/android.hardware.vulkan.version.xml
01-01 00:00:36.845  1065  1065 V SystemServerTiming: StartFileIntegrityService took to complete: 3ms
01-01 00:00:36.845  1065  1065 D SystemServerTiming: StartInstaller
01-01 00:00:36.845  1065  1065 I SystemServiceManager: Starting com.android.server.pm.Installer
01-01 00:00:36.845  1065  1090 I SystemConfig: Reading permissions from /vendor/etc/permissions/android.hardware.wifi.direct.xml
01-01 00:00:36.846  1065  1090 I SystemConfig: Reading permissions from /vendor/etc/permissions/android.hardware.wifi.passpoint.xml
01-01 00:00:36.846  1065  1090 I SystemConfig: Reading permissions from /vendor/etc/permissions/android.hardware.wifi.xml
01-01 00:00:36.846  1065  1090 I SystemConfig: Reading permissions from /vendor/etc/permissions/android.software.device_id_attestation.prebuilt.xml
01-01 00:00:36.846  1065  1090 I SystemConfig: Reading permissions from /vendor/etc/permissions/android.software.ipsec_tunnels.xml
01-01 00:00:36.846  1065  1090 I SystemConfig: Reading permissions from /vendor/etc/permissions/android.software.midi.xml
01-01 00:00:36.847  1065  1090 I SystemConfig: Reading permissions from /vendor/etc/permissions/android.software.opengles.deqp.level.xml
01-01 00:00:36.847  1065  1090 I SystemConfig: Reading permissions from /vendor/etc/permissions/android.software.verified_boot.xml
01-01 00:00:36.847  1065  1090 I SystemConfig: Reading permissions from /vendor/etc/permissions/android.software.vulkan.deqp.level.xml
01-01 00:00:36.847  1065  1090 I SystemConfig: Reading permissions from /vendor/etc/permissions/android.sofware.nfc.beam.xml
01-01 00:00:36.847  1065  1090 I SystemConfig: Reading permissions from /vendor/etc/permissions/com.nxp.nfc.xml
01-01 00:00:36.848  1065  1090 I SystemConfig: Reading permissions from /vendor/etc/permissions/handheld_core_hardware.xml
01-01 00:00:36.848  1065  1065 V SystemServerTiming: StartInstaller took to complete: 3ms
01-01 00:00:36.849  1065  1065 D SystemServerTiming: DeviceIdentifiersPolicyService
01-01 00:00:36.849  1065  1065 I SystemServiceManager: Starting com.android.server.os.DeviceIdentifiersPolicyService
01-01 00:00:36.849  1065  1090 I SystemConfig: Reading permissions from /product/etc/sysconfig/preinstalled-packages-platform-handheld-product.xml
01-01 00:00:36.849  1065  1090 I SystemConfig: Reading permissions from /product/etc/sysconfig/preinstalled-packages-platform-overlays.xml
01-01 00:00:36.849  1065  1065 V SystemServerTiming: DeviceIdentifiersPolicyService took to complete: 0ms
01-01 00:00:36.849  1065  1065 D SystemServerTiming: UriGrantsManagerService
01-01 00:00:36.849  1065  1065 I SystemServiceManager: Starting com.android.server.uri.UriGrantsManagerService$Lifecycle
01-01 00:00:36.850  1065  1090 I SystemConfig: Reading permissions from /product/etc/permissions/com.android.contacts.xml
01-01 00:00:36.850  1065  1090 I SystemConfig: Reading permissions from /product/etc/permissions/com.android.settings.intelligence.xml
01-01 00:00:36.850  1065  1090 I SystemConfig: Reading permissions from /product/etc/permissions/product-permissions-mediatek.xml
01-01 00:00:36.851  1065  1090 W SystemConfig: No directory /system_ext/etc/sysconfig, skipping
01-01 00:00:36.851  1065  1090 I SystemConfig: Reading permissions from /system_ext/etc/permissions/androidx.window.extensions.xml
01-01 00:00:36.851  1065  1090 I SystemConfig: Reading permissions from /system_ext/etc/permissions/androidx.window.sidecar.xml
01-01 00:00:36.851  1065  1065 V SystemServerTiming: UriGrantsManagerService took to complete: 2ms
01-01 00:00:36.851  1065  1065 D SystemServerTiming: StartPowerStatsService
01-01 00:00:36.851  1065  1090 I SystemConfig: Reading permissions from /system_ext/etc/permissions/com.android.carrierconfig.xml
01-01 00:00:36.851  1065  1065 I SystemServiceManager: Starting com.android.server.powerstats.PowerStatsService
