10-04 09:52:37.224  1065  1065 V SystemServerTiming: OnBootPhase_500_com.android.server.tare.InternalResourceService took to complete: 0ms
10-04 09:52:37.224  1065  1065 D SystemServerTiming: OnBootPhase_500_com.mediatek.server.MtkAlarmManagerService
10-04 09:52:37.225  1065  1065 E LazyAlarmStore: Removed TIME_TICK alarm
10-04 09:52:37.226  1065  1065 V SystemServerTiming: OnBootPhase_500_com.mediatek.server.MtkAlarmManagerService took to complete: 2ms
10-04 09:52:37.226  1065  1065 D SystemServerTiming: OnBootPhase_500_com.android.server.devicestate.DeviceStateManagerService
10-04 09:52:37.226  1065  1065 V SystemServerTiming: OnBootPhase_500_com.android.server.devicestate.DeviceStateManagerService took to complete: 0ms
10-04 09:52:37.226  1065  1065 D SystemServerTiming: OnBootPhase_500_com.android.server.camera.CameraServiceProxy
10-04 09:52:37.226  1065  1065 V SystemServerTiming: OnBootPhase_500_com.android.server.camera.CameraServiceProxy took to complete: 0ms
10-04 09:52:37.226  1065  1065 D SystemServerTiming: OnBootPhase_500_com.android.server.bluetooth.BluetoothService
10-04 09:52:37.226  1065  1094 I DropBoxManagerService: add tag=system_server_wtf isTagEnabled=true flags=0x2
10-04 09:52:37.226  1065  1065 V SystemServerTiming: OnBootPhase_500_com.android.server.bluetooth.BluetoothService took to complete: 0ms
10-04 09:52:37.226  1065  1065 D SystemServerTiming: OnBootPhase_500_com.android.server.connectivity.IpConnectivityMetrics
10-04 09:52:37.227  1065  1065 V SystemServerTiming: OnBootPhase_500_com.android.server.connectivity.IpConnectivityMetrics took to complete: 1ms
10-04 09:52:37.227  1065  1065 D SystemServerTiming: OnBootPhase_500_com.android.server.net.watchlist.NetworkWatchlistService$Lifecycle
10-04 09:52:37.227  1065  1065 V SystemServerTiming: OnBootPhase_500_com.android.server.net.watchlist.NetworkWatchlistService$Lifecycle took to complete: 0ms
10-04 09:52:37.227  1065  1065 D SystemServerTiming: OnBootPhase_500_com.android.server.PinnerService
10-04 09:52:37.228  1065  1065 V SystemServerTiming: OnBootPhase_500_com.android.server.PinnerService took to complete: 1ms
10-04 09:52:37.228  1065  1065 D SystemServerTiming: OnBootPhase_500_com.android.server.integrity.AppIntegrityManagerService
10-04 09:52:37.228  1065  1065 V SystemServerTiming: OnBootPhase_500_com.android.server.integrity.AppIntegrityManagerService took to complete: 0ms
10-04 09:52:37.228  1065  1065 D SystemServerTiming: OnBootPhase_500_com.android.server.logcat.LogcatManagerService
10-04 09:52:37.228  1065  1065 V SystemServerTiming: OnBootPhase_500_com.android.server.logcat.LogcatManagerService took to complete: 0ms
10-04 09:52:37.228  1065  1065 D SystemServerTiming: OnBootPhase_500_com.android.server.inputmethod.InputMethodManagerService$Lifecycle
10-04 09:52:37.228  1065  1065 V SystemServerTiming: OnBootPhase_500_com.android.server.inputmethod.InputMethodManagerService$Lifecycle took to complete: 0ms
10-04 09:52:37.228  1065  1065 D SystemServerTiming: OnBootPhase_500_com.android.server.accessibility.AccessibilityManagerService$Lifecycle
10-04 09:52:37.228  1065  1065 V SystemServerTiming: OnBootPhase_500_com.android.server.accessibility.AccessibilityManagerService$Lifecycle took to complete: 0ms
10-04 09:52:37.228  1065  1065 D SystemServerTiming: OnBootPhase_500_com.android.server.StorageManagerService$Lifecycle
10-04 09:52:37.228  1065  1065 V SystemServerTiming: OnBootPhase_500_com.android.server.StorageManagerService$Lifecycle took to complete: 0ms
10-04 09:52:37.228  1065  1065 D SystemServerTiming: OnBootPhase_500_com.android.server.usage.StorageStatsService$Lifecycle
10-04 09:52:37.228  1065  1065 V SystemServerTiming: OnBootPhase_500_com.android.server.usage.StorageStatsService$Lifecycle took to complete: 0ms
10-04 09:52:37.228  1065  1065 D SystemServerTiming: OnBootPhase_500_com.android.server.UiModeManagerService
10-04 09:52:37.229  1065  1065 I ActivityTaskManager: Config changes=200 {1.0 ?mcc?mnc [en_US] ldltr sw720dp w1280dp h696dp 160dpi xlrg long land finger -keyb/h/h -nav/h winConfig={ mBounds=Rect(0, 0 - 1280, 720) mAppBounds=Rect(0, 0 - 1280, 720) mMaxBounds=Rect(0, 0 - 1280, 720) mDisplayRotation=ROTATION_0 mWindowingMode=fullscreen mDisplayWindowingMode=fullscreen mActivityType=undefined mAlwaysOnTop=undefined mRotation=ROTATION_0} s.6 ?fontWeightAdjustment}
10-04 09:52:37.230  1065  1065 I WindowManager: Override config changes=200 {1.0 ?mcc?mnc [en_US] ldltr sw720dp w1280dp h696dp 160dpi xlrg long land finger -keyb/h/h -nav/h winConfig={ mBounds=Rect(0, 0 - 1280, 720) mAppBounds=Rect(0, 0 - 1280, 720) mMaxBounds=Rect(0, 0 - 1280, 720) mDisplayRotation=ROTATION_0 mWindowingMode=fullscreen mDisplayWindowingMode=fullscreen mActivityType=undefined mAlwaysOnTop=undefined mRotation=ROTATION_0} s.6 ?fontWeightAdjustment} for displayId=0
10-04 09:52:37.230  1065  1094 E PackageManager: Missing permissions state for android and user -1
10-04 09:52:37.230  1065  1065 V SystemServerTiming: OnBootPhase_500_com.android.server.UiModeManagerService took to complete: 2ms
10-04 09:52:37.230  1065  1065 D SystemServerTiming: OnBootPhase_500_com.android.server.locales.LocaleManagerService
10-04 09:52:37.230  1065  1065 V SystemServerTiming: OnBootPhase_500_com.android.server.locales.LocaleManagerService took to complete: 0ms
10-04 09:52:37.230  1065  1065 D SystemServerTiming: OnBootPhase_500_com.android.server.locksettings.LockSettingsService$Lifecycle
10-04 09:52:37.230  1065  1065 V SystemServerTiming: OnBootPhase_500_com.android.server.locksettings.LockSettingsService$Lifecycle took to complete: 0ms
10-04 09:52:37.230  1065  1065 D SystemServerTiming: OnBootPhase_500_com.android.server.PersistentDataBlockService
10-04 09:52:37.230  1065  1065 V SystemServerTiming: OnBootPhase_500_com.android.server.PersistentDataBlockService took to complete: 0ms
10-04 09:52:37.230  1065  1065 D SystemServerTiming: OnBootPhase_500_com.android.server.testharness.TestHarnessModeService
10-04 09:52:37.230  1065  1065 D TestHarnessModeService: Setting up test harness mode
10-04 09:52:37.230  1065  1065 D TestHarnessModeService: Getting PersistentDataBlockManagerInternal from LocalServices
10-04 09:52:37.230  1065  1094 E PackageManager: Missing permissions state for android and user -1
10-04 09:52:37.236  1065  1065 V SystemServerTiming: OnBootPhase_500_com.android.server.testharness.TestHarnessModeService took to complete: 7ms
10-04 09:52:37.236  1065  1065 D SystemServerTiming: OnBootPhase_500_com.android.server.oemlock.OemLockService
10-04 09:52:37.236  1065  1065 V SystemServerTiming: OnBootPhase_500_com.android.server.oemlock.OemLockService took to complete: 0ms
10-04 09:52:37.237  1065  1065 D SystemServerTiming: OnBootPhase_500_com.android.server.DeviceIdleController
10-04 09:52:37.238  1065  1065 V HistoricalRegistry: Interaction before persistence initialized
10-04 09:52:37.239  1065  1065 V SystemServerTiming: OnBootPhase_500_com.android.server.DeviceIdleController took to complete: 2ms
10-04 09:52:37.239  1065  1065 D SystemServerTiming: OnBootPhase_500_com.android.server.devicepolicy.DevicePolicyManagerService$Lifecycle
10-04 09:52:37.239  1065  1065 V SystemServerTiming: OnBootPhase_500_com.android.server.devicepolicy.DevicePolicyManagerService$Lifecycle took to complete: 0ms
10-04 09:52:37.239  1065  1065 D SystemServerTiming: OnBootPhase_500_com.android.server.texttospeech.TextToSpeechManagerService
10-04 09:52:37.239  1065  1065 V SystemServerTiming: OnBootPhase_500_com.android.server.texttospeech.TextToSpeechManagerService took to complete: 0ms
10-04 09:52:37.239  1065  1065 D SystemServerTiming: OnBootPhase_500_com.android.server.ambientcontext.AmbientContextManagerService
10-04 09:52:37.239  1065  1065 V SystemServerTiming: OnBootPhase_500_com.android.server.ambientcontext.AmbientContextManagerService took to complete: 0ms
10-04 09:52:37.239  1065  1065 D SystemServerTiming: OnBootPhase_500_com.android.server.speech.SpeechRecognitionManagerService
10-04 09:52:37.239  1065  1065 V SystemServerTiming: OnBootPhase_500_com.android.server.speech.SpeechRecognitionManagerService took to complete: 0ms
10-04 09:52:37.239  1065  1065 D SystemServerTiming: OnBootPhase_500_com.android.server.searchui.SearchUiManagerService
10-04 09:52:37.239  1065  1065 V SystemServerTiming: OnBootPhase_500_com.android.server.searchui.SearchUiManagerService took to complete: 0ms
10-04 09:52:37.239  1065  1065 D SystemServerTiming: OnBootPhase_500_com.android.server.smartspace.SmartspaceManagerService
10-04 09:52:37.239  1065  1065 V SystemServerTiming: OnBootPhase_500_com.android.server.smartspace.SmartspaceManagerService took to complete: 0ms
10-04 09:52:37.239  1065  1065 D SystemServerTiming: OnBootPhase_500_com.android.server.cloudsearch.CloudSearchManagerService
10-04 09:52:37.239  1065  1065 V SystemServerTiming: OnBootPhase_500_com.android.server.cloudsearch.CloudSearchManagerService took to complete: 0ms
10-04 09:52:37.239  1065  1065 D SystemServerTiming: OnBootPhase_500_com.android.server.graphics.fonts.FontManagerService$Lifecycle
10-04 09:52:37.239  1065  1065 V SystemServerTiming: OnBootPhase_500_com.android.server.graphics.fonts.FontManagerService$Lifecycle took to complete: 0ms
10-04 09:52:37.239  1065  1065 D SystemServerTiming: OnBootPhase_500_com.android.server.textservices.TextServicesManagerService$Lifecycle
10-04 09:52:37.239  1065  1065 V SystemServerTiming: OnBootPhase_500_com.android.server.textservices.TextServicesManagerService$Lifecycle took to complete: 0ms
10-04 09:52:37.239  1065  1065 D SystemServerTiming: OnBootPhase_500_com.android.server.textclassifier.TextClassificationManagerService$Lifecycle
10-04 09:52:37.239  1065  1065 V SystemServerTiming: OnBootPhase_500_com.android.server.textclassifier.TextClassificationManagerService$Lifecycle took to complete: 0ms
10-04 09:52:37.239  1065  1065 D SystemServerTiming: OnBootPhase_500_com.android.server.NetworkScoreService$Lifecycle
10-04 09:52:37.239  1065  1065 V SystemServerTiming: OnBootPhase_500_com.android.server.NetworkScoreService$Lifecycle took to complete: 0ms
10-04 09:52:37.239  1065  1065 D SystemServerTiming: OnBootPhase_500_com.android.server.NetworkStatsServiceInitializer
10-04 09:52:37.239  1065  1065 V SystemServerTiming: OnBootPhase_500_com.android.server.NetworkStatsServiceInitializer took to complete: 0ms
10-04 09:52:37.239  1065  1065 D SystemServerTiming: OnBootPhase_500_com.android.server.wifi.WifiService
10-04 09:52:37.240  1065  1065 V SystemServerTiming: OnBootPhase_500_com.android.server.wifi.WifiService took to complete: 0ms
10-04 09:52:37.240  1065  1065 D SystemServerTiming: OnBootPhase_500_com.android.server.wifi.scanner.WifiScanningService
10-04 09:52:37.240  1065  1065 V SystemServerTiming: OnBootPhase_500_com.android.server.wifi.scanner.WifiScanningService took to complete: 0ms
10-04 09:52:37.240  1065  1065 D SystemServerTiming: OnBootPhase_500_com.android.server.wifi.p2p.WifiP2pService
10-04 09:52:37.241  1065  1065 V SystemServerTiming: OnBootPhase_500_com.android.server.wifi.p2p.WifiP2pService took to complete: 1ms
10-04 09:52:37.241  1065  1065 D SystemServerTiming: OnBootPhase_500_com.android.server.ConnectivityServiceInitializer
10-04 09:52:37.242  1065  1065 V SystemServerTiming: OnBootPhase_500_com.android.server.ConnectivityServiceInitializer took to complete: 1ms
10-04 09:52:37.242  1065  1065 D SystemServerTiming: OnBootPhase_500_com.android.server.notification.NotificationManagerService
10-04 09:52:37.242  1065  1065 V SettingsProvider: name : mode_ringer_streams_affected appId : 1000
10-04 09:52:37.245  1065  1065 V SystemServerTiming: OnBootPhase_500_com.android.server.notification.NotificationManagerService took to complete: 3ms
10-04 09:52:37.245  1065  1065 D SystemServerTiming: OnBootPhase_500_com.android.server.storage.DeviceStorageMonitorService
10-04 09:52:37.245  1065  1065 V SystemServerTiming: OnBootPhase_500_com.android.server.storage.DeviceStorageMonitorService took to complete: 0ms
10-04 09:52:37.245  1065  1065 D SystemServerTiming: OnBootPhase_500_com.android.server.location.LocationManagerService$Lifecycle
10-04 09:52:37.245  1065  1065 V HistoricalRegistry: Interaction before persistence initialized
10-04 09:52:37.246  1065  1065 V SystemServerTiming: OnBootPhase_500_com.android.server.location.LocationManagerService$Lifecycle took to complete: 1ms
10-04 09:52:37.246  1065  1065 D SystemServerTiming: OnBootPhase_500_com.android.server.timedetector.TimeDetectorService$Lifecycle
10-04 09:52:37.246  1065  1065 V SystemServerTiming: OnBootPhase_500_com.android.server.timedetector.TimeDetectorService$Lifecycle took to complete: 0ms
10-04 09:52:37.246  1065  1065 D SystemServerTiming: OnBootPhase_500_com.android.server.timezonedetector.TimeZoneDetectorService$Lifecycle
10-04 09:52:37.246  1065  1065 V SystemServerTiming: OnBootPhase_500_com.android.server.timezonedetector.TimeZoneDetectorService$Lifecycle took to complete: 0ms
10-04 09:52:37.246  1065  1065 D SystemServerTiming: OnBootPhase_500_com.android.server.timezonedetector.location.LocationTimeZoneManagerService$Lifecycle
10-04 09:52:37.246  1065  1065 V SystemServerTiming: OnBootPhase_500_com.android.server.timezonedetector.location.LocationTimeZoneManagerService$Lifecycle took to complete: 0ms
10-04 09:52:37.246  1065  1065 D SystemServerTiming: OnBootPhase_500_com.android.server.search.SearchManagerService$Lifecycle
10-04 09:52:37.246  1065  1065 V SystemServerTiming: OnBootPhase_500_com.android.server.search.SearchManagerService$Lifecycle took to complete: 0ms
10-04 09:52:37.246  1065  1065 D SystemServerTiming: OnBootPhase_500_com.android.server.wallpaper.WallpaperManagerService$Lifecycle
10-04 09:52:37.246  1065  1065 V SystemServerTiming: OnBootPhase_500_com.android.server.wallpaper.WallpaperManagerService$Lifecycle took to complete: 1ms
10-04 09:52:37.247  1065  1065 D SystemServerTiming: OnBootPhase_500_com.android.server.wallpapereffectsgeneration.WallpaperEffectsGenerationManagerService
10-04 09:52:37.247  1065  1065 V SystemServerTiming: OnBootPhase_500_com.android.server.wallpapereffectsgeneration.WallpaperEffectsGenerationManagerService took to complete: 0ms
10-04 09:52:37.247  1065  1065 D SystemServerTiming: OnBootPhase_500_com.android.server.audio.AudioService$Lifecycle
10-04 09:52:37.247  1065  1065 V SystemServerTiming: OnBootPhase_500_com.android.server.audio.AudioService$Lifecycle took to complete: 0ms
10-04 09:52:37.247  1065  1065 D SystemServerTiming: OnBootPhase_500_com.android.server.soundtrigger_middleware.SoundTriggerMiddlewareService$Lifecycle
10-04 09:52:37.247  1065  1065 V SystemServerTiming: OnBootPhase_500_com.android.server.soundtrigger_middleware.SoundTriggerMiddlewareService$Lifecycle took to complete: 0ms
10-04 09:52:37.247  1065  1065 D SystemServerTiming: OnBootPhase_500_com.android.server.DockObserver
10-04 09:52:37.247  1065  1065 V SystemServerTiming: OnBootPhase_500_com.android.server.DockObserver took to complete: 0ms
10-04 09:52:37.247  1065  1065 D SystemServerTiming: OnBootPhase_500_com.android.server.midi.MidiService$Lifecycle
10-04 09:52:37.247  1065  1065 V SystemServerTiming: OnBootPhase_500_com.android.server.midi.MidiService$Lifecycle took to complete: 0ms
10-04 09:52:37.247  1065  1065 D SystemServerTiming: OnBootPhase_500_com.android.server.adb.AdbService$Lifecycle
10-04 09:52:37.247  1065  1065 V SystemServerTiming: OnBootPhase_500_com.android.server.adb.AdbService$Lifecycle took to complete: 0ms
10-04 09:52:37.247  1065  1065 D SystemServerTiming: OnBootPhase_500_com.android.server.usb.UsbService$Lifecycle
10-04 09:52:37.247  1065  1065 V SystemServerTiming: OnBootPhase_500_com.android.server.usb.UsbService$Lifecycle took to complete: 0ms
10-04 09:52:37.247  1065  1065 D SystemServerTiming: OnBootPhase_500_com.android.server.twilight.TwilightService
10-04 09:52:37.247  1065  1065 V SystemServerTiming: OnBootPhase_500_com.android.server.twilight.TwilightService took to complete: 0ms
10-04 09:52:37.247  1065  1065 D SystemServerTiming: OnBootPhase_500_com.android.server.display.color.ColorDisplayService
10-04 09:52:37.247  1065  1065 V SystemServerTiming: OnBootPhase_500_com.android.server.display.color.ColorDisplayService took to complete: 0ms
10-04 09:52:37.247  1065  1065 D SystemServerTiming: OnBootPhase_500_com.android.server.job.JobSchedulerService
10-04 09:52:37.253  1065  1065 V HistoricalRegistry: Interaction before persistence initialized
10-04 09:52:37.253  1065  1065 V SystemServerTiming: OnBootPhase_500_com.android.server.job.JobSchedulerService took to complete: 6ms
10-04 09:52:37.253  1065  1065 D SystemServerTiming: OnBootPhase_500_com.android.server.soundtrigger.SoundTriggerService
10-04 09:52:37.253  1065  1065 D SoundTriggerService: onBootPhase: 500 : false
10-04 09:52:37.254  1065  1065 V SystemServerTiming: OnBootPhase_500_com.android.server.soundtrigger.SoundTriggerService took to complete: 0ms
10-04 09:52:37.254  1065  1065 D SystemServerTiming: OnBootPhase_500_com.android.server.trust.TrustManagerService
10-04 09:52:37.254  1065  1065 V SystemServerTiming: OnBootPhase_500_com.android.server.trust.TrustManagerService took to complete: 0ms
10-04 09:52:37.254  1065  1065 D SystemServerTiming: OnBootPhase_500_com.android.server.backup.BackupManagerService$Lifecycle
10-04 09:52:37.254  1065  1065 V SystemServerTiming: OnBootPhase_500_com.android.server.backup.BackupManagerService$Lifecycle took to complete: 0ms
10-04 09:52:37.254  1065  1065 D SystemServerTiming: OnBootPhase_500_com.android.server.appwidget.AppWidgetService
10-04 09:52:37.254  1065  1065 V SystemServerTiming: OnBootPhase_500_com.android.server.appwidget.AppWidgetService took to complete: 0ms
10-04 09:52:37.254  1065  1065 D SystemServerTiming: OnBootPhase_500_com.android.server.voiceinteraction.VoiceInteractionManagerService
10-04 09:52:37.254  1065  1065 V SystemServerTiming: OnBootPhase_500_com.android.server.voiceinteraction.VoiceInteractionManagerService took to complete: 0ms
10-04 09:52:37.254  1065  1065 D SystemServerTiming: OnBootPhase_500_com.android.server.apphibernation.AppHibernationService
10-04 09:52:37.255  1065  1065 V SystemServerTiming: OnBootPhase_500_com.android.server.apphibernation.AppHibernationService took to complete: 1ms
10-04 09:52:37.255  1065  1065 D SystemServerTiming: OnBootPhase_500_com.android.server.GestureLauncherService
10-04 09:52:37.255  1065  1065 V SystemServerTiming: OnBootPhase_500_com.android.server.GestureLauncherService took to complete: 0ms
10-04 09:52:37.255  1065  1065 D SystemServerTiming: OnBootPhase_500_com.android.server.SensorNotificationService
10-04 09:52:37.255  1065  1065 V SystemServerTiming: OnBootPhase_500_com.android.server.SensorNotificationService took to complete: 0ms
10-04 09:52:37.255  1065  1065 D SystemServerTiming: OnBootPhase_500_com.android.server.emergency.EmergencyAffordanceService
10-04 09:52:37.255  1065  1065 V SystemServerTiming: OnBootPhase_500_com.android.server.emergency.EmergencyAffordanceService took to complete: 0ms
10-04 09:52:37.255  1065  1065 D SystemServerTiming: OnBootPhase_500_com.android.server.blob.BlobStoreManagerService
10-04 09:52:37.255  1065  1065 V SystemServerTiming: OnBootPhase_500_com.android.server.blob.BlobStoreManagerService took to complete: 0ms
10-04 09:52:37.255  1065  1065 D SystemServerTiming: OnBootPhase_500_com.android.server.dreams.DreamManagerService
10-04 09:52:37.255  1065  1065 V SystemServerTiming: OnBootPhase_500_com.android.server.dreams.DreamManagerService took to complete: 0ms
10-04 09:52:37.255  1065  1065 D SystemServerTiming: OnBootPhase_500_com.android.server.print.PrintManagerService
10-04 09:52:37.255  1065  1065 V SystemServerTiming: OnBootPhase_500_com.android.server.print.PrintManagerService took to complete: 0ms
10-04 09:52:37.255  1065  1065 D SystemServerTiming: OnBootPhase_500_com.android.server.security.AttestationVerificationManagerService
10-04 09:52:37.255  1065  1065 V SystemServerTiming: OnBootPhase_500_com.android.server.security.AttestationVerificationManagerService took to complete: 0ms
10-04 09:52:37.255  1065  1065 D SystemServerTiming: OnBootPhase_500_com.android.server.companion.CompanionDeviceManagerService
10-04 09:52:37.256  1065  1065 V SystemServerTiming: OnBootPhase_500_com.android.server.companion.CompanionDeviceManagerService took to complete: 1ms
10-04 09:52:37.256  1065  1065 D SystemServerTiming: OnBootPhase_500_com.android.server.companion.virtual.VirtualDeviceManagerService
10-04 09:52:37.256  1065  1065 V SystemServerTiming: OnBootPhase_500_com.android.server.companion.virtual.VirtualDeviceManagerService took to complete: 0ms
10-04 09:52:37.256  1065  1065 D SystemServerTiming: OnBootPhase_500_com.android.server.restrictions.RestrictionsManagerService
10-04 09:52:37.256  1065  1065 V SystemServerTiming: OnBootPhase_500_com.android.server.restrictions.RestrictionsManagerService took to complete: 0ms
10-04 09:52:37.256  1065  1065 D SystemServerTiming: OnBootPhase_500_com.android.server.media.MediaSessionService
10-04 09:52:37.256  1065  1065 V SystemServerTiming: OnBootPhase_500_com.android.server.media.MediaSessionService took to complete: 0ms
10-04 09:52:37.256  1065  1065 D SystemServerTiming: OnBootPhase_500_com.android.server.hdmi.HdmiControlService
10-04 09:52:37.257  1065  1065 V SystemServerTiming: OnBootPhase_500_com.android.server.hdmi.HdmiControlService took to complete: 1ms
10-04 09:52:37.257  1065  1065 D SystemServerTiming: OnBootPhase_500_com.android.server.media.MediaResourceMonitorService
10-04 09:52:37.257  1065  1065 V SystemServerTiming: OnBootPhase_500_com.android.server.media.MediaResourceMonitorService took to complete: 0ms
10-04 09:52:37.257  1065  1065 D SystemServerTiming: OnBootPhase_500_com.android.server.biometrics.BiometricService
10-04 09:52:37.257  1065  1065 V SystemServerTiming: OnBootPhase_500_com.android.server.biometrics.BiometricService took to complete: 0ms
10-04 09:52:37.257  1065  1065 D SystemServerTiming: OnBootPhase_500_com.android.server.biometrics.AuthService
10-04 09:52:37.257  1065  1065 V SystemServerTiming: OnBootPhase_500_com.android.server.biometrics.AuthService took to complete: 0ms
10-04 09:52:37.257  1065  1065 D SystemServerTiming: OnBootPhase_500_com.android.server.pm.ShortcutService$Lifecycle
10-04 09:52:37.257  1065  1065 V SystemServerTiming: OnBootPhase_500_com.android.server.pm.ShortcutService$Lifecycle took to complete: 0ms
10-04 09:52:37.257  1065  1065 D SystemServerTiming: OnBootPhase_500_com.android.server.pm.LauncherAppsService
10-04 09:52:37.257  1065  1065 V SystemServerTiming: OnBootPhase_500_com.android.server.pm.LauncherAppsService took to complete: 0ms
10-04 09:52:37.257  1065  1065 D SystemServerTiming: OnBootPhase_500_com.android.server.pm.CrossProfileAppsService
10-04 09:52:37.257  1065  1065 V SystemServerTiming: OnBootPhase_500_com.android.server.pm.CrossProfileAppsService took to complete: 0ms
10-04 09:52:37.257  1065  1065 D SystemServerTiming: OnBootPhase_500_com.android.server.people.PeopleService
10-04 09:52:37.257  1065  1065 V SystemServerTiming: OnBootPhase_500_com.android.server.people.PeopleService took to complete: 1ms
10-04 09:52:37.257  1065  1065 D SystemServerTiming: OnBootPhase_500_com.android.server.media.metrics.MediaMetricsManagerService
10-04 09:52:37.258  1065  1065 V SystemServerTiming: OnBootPhase_500_com.android.server.media.metrics.MediaMetricsManagerService took to complete: 0ms
10-04 09:52:37.258  1065  1065 D SystemServerTiming: OnBootPhase_500_com.android.server.media.projection.MediaProjectionManagerService
10-04 09:52:37.258  1065  1065 V SystemServerTiming: OnBootPhase_500_com.android.server.media.projection.MediaProjectionManagerService took to complete: 0ms
10-04 09:52:37.258  1065  1065 D SystemServerTiming: OnBootPhase_500_com.android.server.slice.SliceManagerService$Lifecycle
10-04 09:52:37.258  1065  1065 V SystemServerTiming: OnBootPhase_500_com.android.server.slice.SliceManagerService$Lifecycle took to complete: 0ms
10-04 09:52:37.258  1065  1065 D SystemServerTiming: OnBootPhase_500_com.android.server.stats.StatsCompanion$Lifecycle
10-04 09:52:37.258  1065  1065 V SystemServerTiming: OnBootPhase_500_com.android.server.stats.StatsCompanion$Lifecycle took to complete: 0ms
10-04 09:52:37.258  1065  1065 D SystemServerTiming: OnBootPhase_500_com.android.server.scheduling.RebootReadinessManagerService$Lifecycle
10-04 09:52:37.258  1065  1065 V SystemServerTiming: OnBootPhase_500_com.android.server.scheduling.RebootReadinessManagerService$Lifecycle took to complete: 0ms
10-04 09:52:37.258  1065  1065 D SystemServerTiming: OnBootPhase_500_com.android.server.stats.pull.StatsPullAtomService
10-04 09:52:37.258  1065  1065 V SystemServerTiming: OnBootPhase_500_com.android.server.stats.pull.StatsPullAtomService took to complete: 0ms
10-04 09:52:37.258  1065  1065 D SystemServerTiming: OnBootPhase_500_com.android.server.stats.bootstrap.StatsBootstrapAtomService$Lifecycle
10-04 09:52:37.258  1065  1065 V SystemServerTiming: OnBootPhase_500_com.android.server.stats.bootstrap.StatsBootstrapAtomService$Lifecycle took to complete: 0ms
10-04 09:52:37.258  1065  1065 D SystemServerTiming: OnBootPhase_500_com.android.server.incident.IncidentCompanionService
10-04 09:52:37.258  1065  1065 V SystemServerTiming: OnBootPhase_500_com.android.server.incident.IncidentCompanionService took to complete: 0ms
10-04 09:52:37.258  1065  1065 D SystemServerTiming: OnBootPhase_500_com.android.server.sdksandbox.SdkSandboxManagerService$Lifecycle
10-04 09:52:37.258  1065  1065 V SystemServerTiming: OnBootPhase_500_com.android.server.sdksandbox.SdkSandboxManagerService$Lifecycle took to complete: 0ms
10-04 09:52:37.258  1065  1065 D SystemServerTiming: OnBootPhase_500_com.android.server.adservices.AdServicesManagerService$Lifecycle
10-04 09:52:37.258  1065  1065 V SystemServerTiming: OnBootPhase_500_com.android.server.adservices.AdServicesManagerService$Lifecycle took to complete: 0ms
10-04 09:52:37.258  1065  1065 D SystemServerTiming: OnBootPhase_500_com.android.server.autofill.AutofillManagerService
10-04 09:52:37.258  1065  1065 V SystemServerTiming: OnBootPhase_500_com.android.server.autofill.AutofillManagerService took to complete: 0ms
10-04 09:52:37.258  1065  1065 D SystemServerTiming: OnBootPhase_500_com.android.server.clipboard.ClipboardService
10-04 09:52:37.258  1065  1065 V SystemServerTiming: OnBootPhase_500_com.android.server.clipboard.ClipboardService took to complete: 0ms
10-04 09:52:37.258  1065  1065 D SystemServerTiming: OnBootPhase_500_com.android.server.appbinding.AppBindingService$Lifecycle
10-04 09:52:37.258  1065  1065 V SystemServerTiming: OnBootPhase_500_com.android.server.appbinding.AppBindingService$Lifecycle took to complete: 0ms
10-04 09:52:37.258  1065  1065 D SystemServerTiming: OnBootPhase_500_com.mediatek.hdmilocalservice.HdmiLocalService
10-04 09:52:37.258  1065  1065 V SystemServerTiming: OnBootPhase_500_com.mediatek.hdmilocalservice.HdmiLocalService took to complete: 0ms
10-04 09:52:37.258  1065  1065 D SystemServerTiming: OnBootPhase_500_com.mediatek.powerhalservice.PowerHalMgrService
10-04 09:52:37.258  1065  1065 D PowerHalMgrService: onBootPhase PowerHalMgrService.
10-04 09:52:37.258  1065  1065 V SystemServerTiming: OnBootPhase_500_com.mediatek.powerhalservice.PowerHalMgrService took to complete: 0ms
10-04 09:52:37.258  1065  1065 D SystemServerTiming: OnBootPhase_500_com.mediatek.server.MtkConnectivitySupplementalService
10-04 09:52:37.258  1065  1065 D MtkConnectivitySupplementalService: onBootPhase: phase=500
10-04 09:52:37.258  1065  1065 D MCSS-Tethering: initialize
10-04 09:52:37.258  1065  1065 D MtkConnectivitySupplementalService: initialize mtkconnmetrics.
10-04 09:52:37.261  1065  1065 V SystemServerTiming: OnBootPhase_500_com.mediatek.server.MtkConnectivitySupplementalService took to complete: 3ms
10-04 09:52:37.261  1065  1065 D SystemServerTiming: OnBootPhase_500_com.android.server.tracing.TracingServiceProxy
10-04 09:52:37.261  1065  1065 V SystemServerTiming: OnBootPhase_500_com.android.server.tracing.TracingServiceProxy took to complete: 0ms
10-04 09:52:37.261  1065  1065 V SystemServerTiming: OnBootPhase_500 took to complete: 190ms
10-04 09:52:37.261  1065  1065 V SystemServerTiming: StartBootPhaseSystemServicesReady took to complete: 190ms
10-04 09:52:37.261  1065  1065 D SystemServerTiming: MakeWindowManagerServiceReady
10-04 09:52:37.263  1065  1065 V SystemServerTiming: MakeWindowManagerServiceReady took to complete: 2ms
10-04 09:52:37.264  1065  1093 I HealthServiceWrapperAidl: health: HealthServiceWrapper listening to AIDL HAL
10-04 09:52:37.264  1065  1065 D SystemServerTiming: StartPermissionPolicyService
10-04 09:52:37.264  1065  1065 I SystemServiceManager: Starting com.android.server.policy.PermissionPolicyService
10-04 09:52:37.268  1065  1093 D StatsPullAtomService: Registering pullers with statsd
10-04 09:52:37.269  1065  1065 V SystemServerTiming: StartPermissionPolicyService took to complete: 4ms
10-04 09:52:37.269  1065  1065 D SystemServerTiming: MakePackageManagerServiceReady
10-04 09:52:37.272  1065  1093 I StatsPullAtomService: register thermal listener successfully
10-04 09:52:37.276  1065  1065 V UserDataPreparer: Found /data/user_de/0 with serial number -1
10-04 09:52:37.276  1065  1065 D UserDataPreparer: Serial number missing on /data/user_de/0; assuming current is valid
10-04 09:52:37.276  1065  1065 V UserDataPreparer: Found /data/user/0 with serial number -1
10-04 09:52:37.276  1065  1065 D UserDataPreparer: Serial number missing on /data/user/0; assuming current is valid
10-04 09:52:37.276  1065  1065 V UserDataPreparer: Found /data/system_de/0 with serial number -1
10-04 09:52:37.276  1065  1065 D UserDataPreparer: Serial number missing on /data/system_de/0; assuming current is valid
10-04 09:52:37.277  1065  1065 I PackageManager: Permission ownership changed. Updating all permissions.
10-04 09:52:37.292  1065  1065 W DefaultPermGrantPolicy: Permission not found: android.permission.ACCESS_LOCATION
10-04 09:52:37.292  1065  1065 W DefaultPermGrantPolicy: Permission not found: com.mediatek.permission.spint.roaming
10-04 09:52:37.292  1065  1065 W DefaultPermGrantPolicy: Permission not found: com.mediatek.carrierexpress.permission.operator_config_changed
10-04 09:52:37.293  1065  1065 W DefaultPermGrantPolicy: Permission not found: com.google.android.googleapps.permission.GOOGLE_AUTH
10-04 09:52:37.293  1065  1065 W DefaultPermGrantPolicy: Permission not found: com.android.launcher.permission.READ_SETTINGS
10-04 09:52:37.293  1065  1065 W DefaultPermGrantPolicy: Permission not found: com.android.launcher.permission.WRITE_SETTINGS
10-04 09:52:37.293  1065  1065 W DefaultPermGrantPolicy: Permission not found: com.mediatek.permission.show.entitlement
10-04 09:52:37.293  1065  1065 W DefaultPermGrantPolicy: Permission not found: com.android.smspush.WAPPUSH_MANAGER_BIND
10-04 09:52:37.293  1065  1065 W DefaultPermGrantPolicy: Permission not found: com.mediatek.ppl.permission.ACCESS_PPL_MANAGER
10-04 09:52:37.293  1065  1065 W DefaultPermGrantPolicy: Permission not found: com.mediatek.permission.ENTER_SCBM
10-04 09:52:37.293  1065  1065 W DefaultPermGrantPolicy: Permission not found: com.mediatek.settings.permission.tmo_settings
10-04 09:52:37.294  1065  1065 W DefaultPermGrantPolicy: Permission not found: android.permission.MANAGE_WIFI_WHEN_WIRELESS_CONSENT_REQUIRED
10-04 09:52:37.294  1065  1065 W DefaultPermGrantPolicy: Permission not found: com.android.providers.tv.permission.ACCESS_WATCHED_PROGRAMS
10-04 09:52:37.294  1065  1065 W DefaultPermGrantPolicy: Permission not found: com.android.providers.tv.permission.WRITE_EPG_DATA
10-04 09:52:37.294  1065  1065 W DefaultPermGrantPolicy: Permission not found: android.permission.MANAGE_VIRTUAL_MACHINE
10-04 09:52:37.294  1065  1065 W DefaultPermGrantPolicy: Permission not found: android.permission.DEBUG_VIRTUAL_MACHINE
10-04 09:52:37.296  1065  1065 W DefaultPermGrantPolicy: Permission not found: android.car.permission.CONTROL_CAR_CLIMATE
10-04 09:52:37.296  1065  1065 W DefaultPermGrantPolicy: Permission not found: android.car.permission.CAR_CONTROL_AUDIO_VOLUME
10-04 09:52:37.296  1065  1065 W DefaultPermGrantPolicy: Permission not found: com.mediatek.ims.config.provider.PERMISSION.WRITE
10-04 09:52:37.296  1065  1065 W DefaultPermGrantPolicy: Permission not found: com.mediatek.ims.config.provider.PERMISSION.READ
10-04 09:52:37.296  1065  1065 W DefaultPermGrantPolicy: Permission not found: com.mediatek.permission.USE_VOICE_COMMAND_SERVICE
10-04 09:52:37.297  1065  1065 W VoiceInteractionManager: no available voice interaction services found for user 0
10-04 09:52:37.297  1065  1065 W VoiceInteractionManager: no available voice recognition services found for user 0
10-04 09:52:37.298  1065  1065 I SyncManager: No initial accounts
10-04 09:52:37.301  1065  1065 W DefaultPermGrantPolicy: Permission not found: com.google.android.permission.INSTALL_WEARABLE_PACKAGES
10-04 09:52:37.301  1065  1065 E DefaultPermGrantPolicy: Package not found: 
10-04 09:52:37.301  1065  1065 W DefaultPermGrantPolicy: Permission not found: android.permission.ACCESS_MTK_MMHW
10-04 09:52:37.301  1065  1065 W DefaultPermGrantPolicy: Permission not found: mediatek.permission.ACCESS_MTK_MMHW
10-04 09:52:37.302  1065  1065 W DefaultPermGrantPolicy: Permission not found: com.google.android.googleapps.permission.GOOGLE_AUTH.mail
10-04 09:52:37.302  1065  1065 W DefaultPermGrantPolicy: Permission not found: com.google.android.googleapps.permission.GOOGLE_AUTH.cl
10-04 09:52:37.302  1065  1065 W DefaultPermGrantPolicy: Permission not found: com.mediatek.presence.permission.PRESENCE
10-04 09:52:37.302  1065  1065 W DefaultPermGrantPolicy: Permission not found: com.mediatek.rcse.permission.RCS_ACCESS_MESSAGE
10-04 09:52:37.303  1065  1065 W DefaultPermGrantPolicy: Permission not found: com.gsma.services.permission.RCS
10-04 09:52:37.303  1065  1065 W DefaultPermGrantPolicy: Permission not found: com.google.android.setupwizard.SETUP_COMPAT_SERVICE
10-04 09:52:37.303  1065  1065 W DefaultPermGrantPolicy: Permission not found: com.mediatek.permission.MIRA_VISION
10-04 09:52:37.306  1065  1065 W DefaultPermGrantPolicy: Permission not found: com.mediatek.mdmlsample.START
10-04 09:52:37.306  1065  1065 W DefaultPermGrantPolicy: Permission not found: com.mediatek.mdmconfig.START
10-04 09:52:37.306  1065  1065 W DefaultPermGrantPolicy: Permission not found: com.mediatek.sensorhub.ui.permission.USAGE
10-04 09:52:37.306  1065  1065 W DefaultPermGrantPolicy: Permission not found: com.mediatek.engineermodecmas.USAGE
10-04 09:52:37.306  1065  1065 W DefaultPermGrantPolicy: Permission not found: com.mediatek.carrierexpress.permission.USAGE
10-04 09:52:37.306  1065  1065 W DefaultPermGrantPolicy: Permission not found: com.mediatek.apmonitor.CONTROL_APM_SERVICE_PERMISSION
10-04 09:52:37.306  1065  1065 W DefaultPermGrantPolicy: Permission not found: com.mediatek.permission.EM_ACCESS
10-04 09:52:37.306  1065  1065 W DefaultPermGrantPolicy: Permission not found: android.Manifest.permission.ACCESS_NETWORK_STATE
10-04 09:52:37.307  1065  1065 W DefaultPermGrantPolicy: Permission not found: android.permission.BLUETOOTH_PERM
10-04 09:52:37.308  1065  1065 D PackageManager: android.permission.POST_NOTIFICATIONS is granted, packageName: com.android.dynsystem, callingUid: 1000, userId: 0
10-04 09:52:37.309  1065  1065 D PackageManager: android.permission.READ_CALL_LOG is granted, packageName: com.android.server.telecom, callingUid: 1000, userId: 0
10-04 09:52:37.309  1065  1065 D PackageManager: android.permission.ACCESS_FINE_LOCATION is granted, packageName: com.mediatek.location.lppe.main, callingUid: 1000, userId: 0
10-04 09:52:37.309  1065  1065 D PackageManager: android.permission.RECEIVE_WAP_PUSH is granted, packageName: com.mediatek.omacp, callingUid: 1000, userId: 0
10-04 09:52:37.309  1065  1065 D PackageManager: android.permission.BLUETOOTH_CONNECT is granted, packageName: com.mediatek.location.lppe.main, callingUid: 1000, userId: 0
10-04 09:52:37.309  1065  1065 D PackageManager: android.permission.READ_EXTERNAL_STORAGE is granted, packageName: com.mesh.test.provisioner, callingUid: 1000, userId: 0
10-04 09:52:37.310  1065  1065 D PackageManager: com.mediatek.permission.CTA_CONFERENCE_CALL is granted, packageName: com.android.settings, callingUid: 1000, userId: 0
10-04 09:52:37.310  1065  1065 D PackageManager: android.permission.ACCESS_COARSE_LOCATION is granted, packageName: com.mediatek.location.lppe.main, callingUid: 1000, userId: 0
10-04 09:52:37.310  1065  1065 D PackageManager: android.permission.READ_PHONE_STATE is granted, packageName: com.mediatek.simprocessor, callingUid: 1000, userId: 0
10-04 09:52:37.310  1065  1065 D PackageManager: android.permission.SEND_SMS is granted, packageName: com.android.server.telecom, callingUid: 1000, userId: 0
10-04 09:52:37.310  1065  1065 D PackageManager: android.permission.CALL_PHONE is granted, packageName: com.android.settings, callingUid: 1000, userId: 0
10-04 09:52:37.310  1065  1065 D PackageManager: android.permission.READ_MEDIA_IMAGES is granted, packageName: com.android.settings, callingUid: 1000, userId: 0
10-04 09:52:37.311  1065  1065 D PackageManager: android.permission.WRITE_CONTACTS is granted, packageName: com.mediatek.simprocessor, callingUid: 1000, userId: 0
10-04 09:52:37.311  1065  1065 D PackageManager: android.permission.CAMERA is granted, packageName: com.android.settings, callingUid: 1000, userId: 0
10-04 09:52:37.311  1065  1065 D PackageManager: android.permission.WRITE_CALL_LOG is granted, packageName: com.android.server.telecom, callingUid: 1000, userId: 0
10-04 09:52:37.311  1065  1065 D PackageManager: android.permission.READ_MEDIA_AUDIO is granted, packageName: com.android.settings, callingUid: 1000, userId: 0
10-04 09:52:37.311  1065  1065 D PackageManager: android.permission.READ_MEDIA_VIDEO is granted, packageName: com.android.settings, callingUid: 1000, userId: 0
10-04 09:52:37.311  1065  1065 D PackageManager: com.mediatek.permission.CTA_CALL_FORWARD is granted, packageName: com.android.settings, callingUid: 1000, userId: 0
10-04 09:52:37.312  1065  1065 D PackageManager: android.permission.BLUETOOTH_ADVERTISE is granted, packageName: com.android.settings, callingUid: 1000, userId: 0
10-04 09:52:37.312  1065  1065 D PackageManager: android.permission.GET_ACCOUNTS is granted, packageName: android, callingUid: 1000, userId: 0
10-04 09:52:37.312  1065  1065 D PackageManager: android.permission.WRITE_EXTERNAL_STORAGE is granted, packageName: com.mesh.test.provisioner, callingUid: 1000, userId: 0
10-04 09:52:37.312  1065  1065 D PackageManager: android.permission.READ_CONTACTS is granted, packageName: com.mediatek.simprocessor, callingUid: 1000, userId: 0
10-04 09:52:37.312  1065  1065 D PackageManager: android.permission.ACCESS_BACKGROUND_LOCATION is granted, packageName: com.android.location.fused, callingUid: 1000, userId: 0
10-04 09:52:37.312  1065  1065 D PackageManager: android.permission.BLUETOOTH_SCAN is granted, packageName: com.mediatek.location.lppe.main, callingUid: 1000, userId: 0
10-04 09:52:37.313  1065  1065 D PackageManager: android.permission.READ_SMS is granted, packageName: com.android.mms.service, callingUid: 1000, userId: 0
10-04 09:52:37.313  1065  1065 D PackageManager: android.permission.POST_NOTIFICATIONS is granted, packageName: com.android.phone, callingUid: 1000, userId: 0
10-04 09:52:37.313  1065  1065 D PackageManager: android.permission.READ_CALL_LOG is granted, packageName: com.android.phone, callingUid: 1000, userId: 0
10-04 09:52:37.313  1065  1065 D PackageManager: android.permission.ACCESS_FINE_LOCATION is granted, packageName: com.mediatek.autodialer, callingUid: 1000, userId: 0
10-04 09:52:37.313  1065  1065 D PackageManager: android.permission.RECEIVE_SMS is granted, packageName: com.android.providers.telephony, callingUid: 1000, userId: 0
10-04 09:52:37.313  1065  1065 D PackageManager: android.permission.BLUETOOTH_CONNECT is granted, packageName: com.android.phone, callingUid: 1000, userId: 0
10-04 09:52:37.314  1065  1065 D PackageManager: android.permission.READ_EXTERNAL_STORAGE is granted, packageName: com.android.providers.telephony, callingUid: 1000, userId: 0
10-04 09:52:37.314  1065  1065 D PackageManager: com.mediatek.permission.CTA_CONFERENCE_CALL is granted, packageName: com.android.phone, callingUid: 1000, userId: 0
10-04 09:52:37.314  1065  1065 D PackageManager: android.permission.ACCESS_COARSE_LOCATION is granted, packageName: com.mediatek.autodialer, callingUid: 1000, userId: 0
10-04 09:52:37.314  1065  1065 D PackageManager: android.permission.READ_PHONE_STATE is granted, packageName: com.mediatek.autodialer, callingUid: 1000, userId: 0
10-04 09:52:37.314  1065  1065 D PackageManager: android.permission.SEND_SMS is granted, packageName: com.android.phone, callingUid: 1000, userId: 0
10-04 09:52:37.315  1065  1065 D PackageManager: android.permission.CALL_PHONE is granted, packageName: com.android.phone, callingUid: 1000, userId: 0
10-04 09:52:37.315  1065  1065 D PackageManager: android.permission.WRITE_CONTACTS is granted, packageName: com.android.phone, callingUid: 1000, userId: 0
10-04 09:52:37.315  1065  1065 D PackageManager: android.permission.WRITE_CALL_LOG is granted, packageName: com.android.phone, callingUid: 1000, userId: 0
10-04 09:52:37.315  1065  1065 D PackageManager: android.permission.USE_SIP is granted, packageName: com.android.phone, callingUid: 1000, userId: 0
10-04 09:52:37.315  1065  1065 D PackageManager: com.mediatek.permission.CTA_CALL_FORWARD is granted, packageName: com.android.phone, callingUid: 1000, userId: 0
10-04 09:52:37.315  1065  1065 D PackageManager: android.permission.GET_ACCOUNTS is granted, packageName: com.android.phone, callingUid: 1000, userId: 0
10-04 09:52:37.315  1065  1065 D PackageManager: android.permission.WRITE_EXTERNAL_STORAGE is granted, packageName: com.android.providers.telephony, callingUid: 1000, userId: 0
10-04 09:52:37.316  1065  1065 D PackageManager: android.permission.RECORD_AUDIO is granted, packageName: com.android.phone, callingUid: 1000, userId: 0
10-04 09:52:37.316  1065  1065 D PackageManager: android.permission.READ_CONTACTS is granted, packageName: com.android.providers.telephony, callingUid: 1000, userId: 0
10-04 09:52:37.316  1065  1065 D PackageManager: android.permission.BLUETOOTH_SCAN is granted, packageName: com.android.phone, callingUid: 1000, userId: 0
10-04 09:52:37.316  1065  1065 D PackageManager: com.android.voicemail.permission.ADD_VOICEMAIL is granted, packageName: com.android.phone, callingUid: 1000, userId: 0
10-04 09:52:37.316  1065  1065 D PackageManager: android.permission.READ_SMS is granted, packageName: com.android.bluetooth, callingUid: 1000, userId: 0
10-04 09:52:37.316  1065  1065 D PackageManager: android.permission.POST_NOTIFICATIONS is granted, packageName: com.android.bluetooth, callingUid: 1000, userId: 0
10-04 09:52:37.316  1065  1065 D PackageManager: android.permission.READ_CALL_LOG is granted, packageName: com.android.bluetooth, callingUid: 1000, userId: 0
10-04 09:52:37.316  1065  1065 D PackageManager: android.permission.ACCESS_FINE_LOCATION is granted, packageName: com.android.bluetooth, callingUid: 1000, userId: 0
10-04 09:52:37.316  1065  1065 D PackageManager: android.permission.RECEIVE_SMS is granted, packageName: com.android.bluetooth, callingUid: 1000, userId: 0
10-04 09:52:37.317  1065  1065 D PackageManager: android.permission.BLUETOOTH_CONNECT is granted, packageName: com.android.bluetooth, callingUid: 1000, userId: 0
10-04 09:52:37.317  1065  1065 D PackageManager: android.permission.READ_EXTERNAL_STORAGE is granted, packageName: com.android.bluetooth, callingUid: 1000, userId: 0
10-04 09:52:37.317  1065  1065 D PackageManager: android.permission.ACCESS_COARSE_LOCATION is granted, packageName: com.android.bluetooth, callingUid: 1000, userId: 0
10-04 09:52:37.317  1065  1065 D PackageManager: android.permission.SEND_SMS is granted, packageName: com.android.bluetooth, callingUid: 1000, userId: 0
10-04 09:52:37.317  1065  1065 D PackageManager: android.permission.WRITE_CONTACTS is granted, packageName: com.android.bluetooth, callingUid: 1000, userId: 0
10-04 09:52:37.317  1065  1065 D PackageManager: android.permission.WRITE_CALL_LOG is granted, packageName: com.android.bluetooth, callingUid: 1000, userId: 0
10-04 09:52:37.317  1065  1065 D PackageManager: android.permission.BLUETOOTH_ADVERTISE is granted, packageName: com.android.bluetooth, callingUid: 1000, userId: 0
10-04 09:52:37.317  1065  1065 D PackageManager: android.permission.GET_ACCOUNTS is granted, packageName: com.android.bluetooth, callingUid: 1000, userId: 0
10-04 09:52:37.318  1065  1065 D PackageManager: android.permission.WRITE_EXTERNAL_STORAGE is granted, packageName: com.android.bluetooth, callingUid: 1000, userId: 0
10-04 09:52:37.318  1065  1065 D PackageManager: android.permission.READ_CONTACTS is granted, packageName: com.android.bluetooth, callingUid: 1000, userId: 0
10-04 09:52:37.318  1065  1065 D PackageManager: android.permission.BLUETOOTH_SCAN is granted, packageName: com.android.bluetooth, callingUid: 1000, userId: 0
10-04 09:52:37.318  1065  1065 D PackageManager: android.permission.POST_NOTIFICATIONS is granted, packageName: com.android.nfc, callingUid: 1000, userId: 0
10-04 09:52:37.319  1065  1065 D PackageManager: android.permission.BLUETOOTH_CONNECT is granted, packageName: com.android.nfc, callingUid: 1000, userId: 0
10-04 09:52:37.319  1065  1065 D PackageManager: android.permission.READ_EXTERNAL_STORAGE is granted, packageName: com.android.nfc, callingUid: 1000, userId: 0
10-04 09:52:37.319  1065  1065 D PackageManager: android.permission.WRITE_EXTERNAL_STORAGE is granted, packageName: com.android.nfc, callingUid: 1000, userId: 0
10-04 09:52:37.320  1065  1065 D PackageManager: android.permission.READ_CONTACTS is granted, packageName: com.android.nfc, callingUid: 1000, userId: 0
10-04 09:52:37.320  1065  1065 D PackageManager: android.permission.BLUETOOTH_SCAN is granted, packageName: com.android.nfc, callingUid: 1000, userId: 0
10-04 09:52:37.320  1065  1065 D PackageManager: android.permission.POST_NOTIFICATIONS is granted, packageName: com.android.networkstack.tethering, callingUid: 1000, userId: 0
10-04 09:52:37.320  1065  1065 D PackageManager: android.permission.ACCESS_FINE_LOCATION is granted, packageName: com.android.networkstack, callingUid: 1000, userId: 0
10-04 09:52:37.320  1065  1065 D PackageManager: android.permission.BLUETOOTH_CONNECT is granted, packageName: com.android.networkstack.tethering, callingUid: 1000, userId: 0
10-04 09:52:37.320  1065  1065 D PackageManager: android.permission.ACCESS_COARSE_LOCATION is granted, packageName: com.android.networkstack, callingUid: 1000, userId: 0
10-04 09:52:37.320  1065  1065 D PackageManager: android.permission.READ_PHONE_STATE is granted, packageName: com.android.networkstack.tethering, callingUid: 1000, userId: 0
10-04 09:52:37.321  1065  1065 D PackageManager: android.permission.READ_SMS is granted, packageName: com.android.shell, callingUid: 1000, userId: 0
10-04 09:52:37.321  1065  1065 D PackageManager: android.permission.READ_CALENDAR is granted, packageName: com.android.shell, callingUid: 1000, userId: 0
10-04 09:52:37.321  1065  1065 D PackageManager: com.mediatek.permission.CTA_SEND_MMS is granted, packageName: com.android.shell, callingUid: 1000, userId: 0
10-04 09:52:37.321  1065  1065 D PackageManager: android.permission.POST_NOTIFICATIONS is granted, packageName: com.android.shell, callingUid: 1000, userId: 0
10-04 09:52:37.321  1065  1065 D PackageManager: android.permission.READ_CALL_LOG is granted, packageName: com.android.shell, callingUid: 1000, userId: 0
10-04 09:52:37.321  1065  1065 D PackageManager: android.permission.ACCESS_FINE_LOCATION is granted, packageName: com.android.shell, callingUid: 1000, userId: 0
10-04 09:52:37.321  1065  1065 D PackageManager: android.permission.ANSWER_PHONE_CALLS is granted, packageName: com.android.shell, callingUid: 1000, userId: 0
10-04 09:52:37.321  1065  1065 D PackageManager: android.permission.RECEIVE_WAP_PUSH is granted, packageName: com.android.shell, callingUid: 1000, userId: 0
10-04 09:52:37.321  1065  1065 D PackageManager: android.permission.BODY_SENSORS is granted, packageName: com.android.shell, callingUid: 1000, userId: 0
10-04 09:52:37.322  1065  1065 D PackageManager: android.permission.READ_PHONE_NUMBERS is granted, packageName: com.android.shell, callingUid: 1000, userId: 0
10-04 09:52:37.322  1065  1065 D PackageManager: android.permission.NEARBY_WIFI_DEVICES is granted, packageName: com.android.shell, callingUid: 1000, userId: 0
10-04 09:52:37.322  1065  1065 D PackageManager: android.permission.RECEIVE_MMS is granted, packageName: com.android.shell, callingUid: 1000, userId: 0
10-04 09:52:37.322  1065  1065 D PackageManager: android.permission.RECEIVE_SMS is granted, packageName: com.android.shell, callingUid: 1000, userId: 0
10-04 09:52:37.322  1065  1065 D PackageManager: android.permission.BLUETOOTH_CONNECT is granted, packageName: com.android.shell, callingUid: 1000, userId: 0
10-04 09:52:37.322  1065  1065 D PackageManager: android.permission.READ_EXTERNAL_STORAGE is granted, packageName: com.android.shell, callingUid: 1000, userId: 0
10-04 09:52:37.322  1065  1065 D PackageManager: com.mediatek.permission.CTA_CONFERENCE_CALL is granted, packageName: com.android.shell, callingUid: 1000, userId: 0
10-04 09:52:37.323  1065  1065 D PackageManager: android.permission.ACCESS_COARSE_LOCATION is granted, packageName: com.android.shell, callingUid: 1000, userId: 0
10-04 09:52:37.323  1065  1065 D PackageManager: android.permission.READ_PHONE_STATE is granted, packageName: com.android.shell, callingUid: 1000, userId: 0
